跑 56 局（1 流派 × 2 机器人 × 7 编队 × 4 seed），并行 4（全机上限 4），源文件摘要 c21d0ad1f76b9f7f
### 最终 Boss（按类型；上面的「终局」列是四种混算）

| 机器人 | 最终 Boss | 结局 | 出场 | 击杀 | 用时 均 / 中 / P90 / 最短–最长（出现起算） | 中 / P90（可受伤起算） | 阶段护盾秒 / 过卡点数 均 | 未击杀时剩余血量 |
|---|---|---|---|---|---|---|---|---|
| expert | 最后的骑士 | knight 7 | 7 | 5 | 119s / 148s / 176s / 51–176s | 148s / 176s | 1.6 / 1.9 | 42% |
| expert | 伊祖米克 | deep 7 | 7 | 5 | 164s / 139s / 350s / 55–350s | 126s / 336s | 0.0 / 1.6 | 69% |
| expert | 偏执泡影 | standard 5 | 5 | 1 | 98s / 98s / 98s / 98–98s | 98s / 98s | 1.6 / 0.6 | 82% |
| expert | 伊莎玛拉 | resolve 1 | 1 | 0 | - | - | 0.0 / 0.0 | 84% |
| normal | 偏执泡影 | standard 2 | 2 | 1 | 290s / 290s / 290s / 290–290s | 290s / 290s | 0.0 / 1.5 | 49% |

### 难度 / 缩圈 / 同屏峰值

#### 前 3 分钟

| 机器人 | 难度 | 局数 | 3:00 前死亡 | 前 3 分钟承伤 均 / 中 | 3:00 时生命 |
|---|---|---|---|---|---|
| expert | 0 | 28 | 0% | 29 / 20 | 100% |
| normal | 0 | 28 | 0% | 31 / 18 | 99% |

#### 死因 × 缩圈阶段 × Boss 在场（失败的局）

| 机器人 | 难度 | 死因 | 缩圈（第几轮 · 阶段） | 圈外 | Boss 在场 | 局数 | 平均死亡时间 |
|---|---|---|---|---|---|---|---|
| expert | 0 | wound | 第 3 轮 · 稳定 | 否 | 是 | 5 | 9:14 |
| expert | 0 | wound | 第 1 轮 · 稳定 | 否 | 是 | 5 | 13:12 |
| expert | 0 | corrode | 第 1 轮 · 稳定 | 否 | 是 | 2 | 7:41 |
| expert | 0 | wound | 第 4 轮 · 预告 | 否 | 否 | 1 | 8:26 |
| expert | 0 | contact_tracer | 第 3 轮 · 稳定 | 否 | 是 | 1 | 11:40 |
| expert | 0 | wound | 第 4 轮 · 稳定 | 否 | 是 | 1 | 16:40 |
| expert | 0 | corrode | 第 2 轮 · 稳定 | 否 | 是 | 1 | 16:40 |
| expert | 0 | contact_founder | 第 3 轮 · 稳定 | 否 | 否 | 1 | 8:15 |
| normal | 0 | wound | 第 1 轮 · 稳定 | 否 | 是 | 4 | 8:06 |
| normal | 0 | corrode | 第 3 轮 · 收缩 | 否 | 是 | 3 | 7:49 |
| normal | 0 | contact_slider | 第 1 轮 · 稳定 | 否 | 是 | 2 | 4:49 |
| normal | 0 | contact_path | 第 1 轮 · 稳定 | 否 | 是 | 2 | 3:59 |
| normal | 0 | corrode | 第 2 轮 · 稳定 | 否 | 否 | 1 | 5:56 |
| normal | 0 | boss_path | 第 1 轮 · 稳定 | 否 | 是 | 1 | 4:29 |
| normal | 0 | dark | 第 1 轮 · 稳定 | 否 | 是 | 1 | 6:08 |
| normal | 0 | contact_slider | 第 2 轮 · 收缩 | 否 | 否 | 1 | 5:22 |
| normal | 0 | atk_tracer | 第 1 轮 · 稳定 | 否 | 否 | 1 | 5:09 |
| normal | 0 | atk_stone | 第 2 轮 · 预告 | 否 | 否 | 1 | 4:53 |
| normal | 0 | wound | 第 3 轮 · 收缩 | 否 | 否 | 1 | 6:58 |
| normal | 0 | contact_founder | 第 2 轮 · 稳定 | 否 | 否 | 1 | 6:40 |
| normal | 0 | contact_tracer | 第 1 轮 · 稳定 | 否 | 是 | 1 | 6:36 |
| normal | 0 | corrode | 第 3 轮 · 稳定 | 否 | 是 | 1 | 16:40 |
| normal | 0 | mire | 第 3 轮 · 收缩 | 否 | 是 | 1 | 8:05 |
| normal | 0 | bullet | 第 1 轮 · 稳定 | 否 | 是 | 1 | 6:11 |
| normal | 0 | wound | 第 3 轮 · 稳定 | 否 | 否 | 1 | 9:32 |
| normal | 0 | dark | 第 2 轮 · 稳定 | 否 | 否 | 1 | 5:32 |
| normal | 0 | atk_reaper | 第 3 轮 · 收缩 | 否 | 否 | 1 | 6:36 |
| normal | 0 | shock | 第 2 轮 · 收缩 | 否 | 否 | 1 | 5:04 |

#### 同屏数量峰值（每局峰值的 平均 / 最大）

| 机器人 | 难度 | 局数 | 范围 | 敌人 | 敌方弹幕（含抛射） | 我方子弹 | 特效 | 飘字 |
|---|---|---|---|---|---|---|---|---|
| expert | 0 | 28 | 全程 | 279 / 412 | 94 / 157 | 4 / 10 | 397 / 544 | 40 / 48 |
| expert | 0 | 25 | 8:00–10:00 | 266 / 357 | 63 / 99 | 3 / 8 | 364 / 544 | 32 / 48 |
| normal | 0 | 28 | 全程 | 295 / 450 | 52 / 137 | 3 / 9 | 331 / 497 | 33 / 48 |
| normal | 0 | 6 | 8:00–10:00 | 356 / 450 | 65 / 95 | 1 / 5 | 418 / 497 | 30 / 48 |

### 大群（按第几次）

| 机器人 | 第几次 | 出现 | 时间 | 数量 | 清 80% 用时 均 / 中（清完/出现） | 20 秒内掉血 均 / 最大 | 30 秒内死亡 | 编成 |
|---|---|---|---|---|---|---|---|---|
| expert | 1 | 28 | 1:15 | 26 | 12s / 11s（28/28） | 1 / 8 | 0 | bone/slider ×17；bone/slider/stone ×11 |
| expert | 2 | 28 | 2:45 | 33 | 14s / 12s（28/28） | 3 / 11 | 0 | bone/slider/stone ×17；bone/slider ×11 |
| expert | 3 | 28 | 4:42 | 43 | 17s / 12s（28/28） | 15 / 66 | 0 | bone/slider ×8；bone/offspring/slider/spitter ×7；bone/floater/runner/slider ×4 |
| expert | 4 | 27 | 6:01 | 50 | 18s / 15s（27/27） | 16 / 65 | 0 | bone/floater/runner/slider/tracer ×10；bone/offspring/slider/spitter ×9；bone/slider ×8 |
| expert | 5 | 26 | 7:49 | 59 | 12s / 9s（26/26） | 37 / 118 | 1 | slider/spitter ×12；bone/offspring/slider/stone ×7；bone/floater/founder/nest/runner/slider ×6 |
| expert | 6 | 19 | 8:49 | 64 | 11s / 8s（17/19） | 35 / 142 | 2 | slider/spitter ×8；offspring/slider/spitter/stone ×5；floater/founder/nest/reaper/runner/slider/tracer ×3 |
| expert | 7 | 2 | 9:23 | 66 | 6s / 6s（2/2） | 31 / 33 | 0 | floater/founder/nest/reaper/runner/slider/tracer ×1；slider/spitter ×1 |
| normal | 1 | 28 | 1:15 | 26 | 9s / 9s（28/28） | 3 / 31 | 0 | bone/slider/stone ×15；bone/slider ×13 |
| normal | 2 | 28 | 2:45 | 33 | 12s / 10s（28/28） | 6 / 32 | 0 | bone/slider ×15；bone/slider/stone ×13 |
| normal | 3 | 24 | 4:43 | 43 | 21s / 17s（23/24） | 34 / 165 | 2 | bone/floater/runner/slider/tracer ×6；bone/slider ×4；bone/slider/stone ×4 |
| normal | 4 | 16 | 6:05 | 50 | 28s / 18s（15/16） | 39 / 135 | 3 | bone/offspring/slider/spitter ×8；bone/floater/runner/slider/tracer ×4；bone/slider ×4 |
| normal | 5 | 8 | 7:47 | 58 | 24s / 24s（4/8） | 53 / 145 | 3 | bone/floater/founder/nest/runner/slider ×5；bone/offspring/slider/stone ×2；slider/spitter ×1 |
| normal | 6 | 3 | 8:51 | 64 | 48s / 54s（3/3） | 33 / 65 | 0 | offspring/slider/spitter/stone ×2；slider/spitter ×1 |

### 按机器人汇总

| 机器人 | 局数 | 胜率 | 平均存活 | 3:30 存活 | 平均终局等级 | 平均击杀 | 目标（胜率 / 存活） | 判定 |
|---|---|---|---|---|---|---|---|---|
| normal | 28 | 3% | 7:04 | 100% | 18.5 | 3487 | 30–55% / 7:00–13:00 | **偏难** |
| expert | 28 | 39% | 11:35 | 100% | 27.1 | 7739 | 70–95% / 9:00–13:00 | **偏难** |

### 明细

| 编队 | n | 胜率 | 存活(均/最短) | 托底(次/首次) | Lv 2:00/5:00/8:00/末 | 终Boss剩余 | 精二占比 | 灯火 | 击杀 | 主要伤害来源 | 治疗来源(总量/无人机Lv) | 主要死因 |
|---|---|---|---|---|---|---|---|---|---|---|---|---|
| [expert] wisadel | 4 | 75% | 10:37 / 8:26 | 0.0 / - | 7 / 15 / 22 / 27 | - | 100% | 50 | 6704 | 殉爆 24% 余震 20% 饱和炮击 8% 锯刃 7% | 凯尔希 23% 流明 22% 塞雷娅 22% (1035 / 0.0) | bullet |
| [expert] eyjafjalla | 4 | 0% | 9:30 / 5:56 | 0.0 / - | 6 / 15 / 22 / 24 | 49% | 91% | 43 | 5645 | 火山弹 24% Mon3tr 9% 熔岩天降 8% 火山 7% | 凯尔希 45% 拾取 24% 塞雷娅 12% (1093 / 0.0) | contact_tracer |
| [expert] skadi | 4 | 25% | 14:31 / 11:51 | 0.0 / - | 7 / 14 / 22 / 31 | 70% | 100% | 42 | 10964 | 大剑 23% Mon3tr 12% Mon3tr · 真伤 12% 火山弹 5% | 塞雷娅 35% 凯尔希 34% 水月 23% (2234 / 1.0) | bullet |
| [expert] mizuki | 4 | 100% | 12:05 / 10:59 | 0.0 / - | 7 / 14 / 21 / 28 | - | 100% | 70 | 8029 | 触手 20% 伞击 13% 锯刃 12% 技能 5% | 水月 67% 凯尔希 19% 流明 8% (1243 / 0.2) | bullet |
| [expert] saria | 4 | 0% | 13:21 / 8:45 | 0.0 / - | 6 / 14 / 22 / 28 | 68% | 100% | 33 | 9552 | Mon3tr 17% 锯刃 10% 火山弹 7% 骑士 5% | 塞雷娅 53% 凯尔希 28% 流明 10% (2116 / 0.0) | bullet |
| [expert] kaltsit | 4 | 50% | 11:34 / 8:15 | 0.0 / - | 6 / 15 / 22 / 28 | 0% | 100% | 26 | 7792 | Mon3tr · 真伤 13% Mon3tr 13% 殉爆 9% 余震 9% | 凯尔希 96% 拾取 1% 事件 1% (1553 / 0.0) | bullet |
| [expert] suzuran | 4 | 25% | 9:28 / 7:16 | 0.0 / - | 6 / 15 / 21 / 24 | 71% | 91% | 55 | 5484 | 狐火 15% 火山弹 14% 殉爆 11% 余震 9% | 流明 34% 铃兰 33% 塞雷娅 18% (1171 / 0.0) | bullet |
| [normal] wisadel | 4 | 0% | 5:28 / 4:29 | 0.0 / - | 7 / 15 / 0 / 16 | 43% | 8% | 10 | 2106 | 余震 24% 殉爆 20% 炮击 19% 锤击 4% | 拾取 52% 凯尔希 22% 商店 17% (90 / 0.0) | atk_reaper |
| [normal] eyjafjalla | 4 | 0% | 4:55 / 4:04 | 0.0 / - | 7 / 14 / 0 / 14 | 46% | 0% | 0 | 1715 | 火山弹 28% 火星 7% 地雷 7% 锯刃 6% | 拾取 50% 事件 25% 藏品 25% (6 / 0.0) | contact_slider |
| [normal] skadi | 4 | 0% | 7:02 / 6:36 | 0.0 / - | 7 / 14 / 0 / 19 | 87% | 0% | 20 | 3134 | 大剑 28% Mon3tr 16% 火山弹 8% 锚击 7% | 拾取 52% 凯尔希 46% 事件 0% (391 / 0.0) | bullet |
| [normal] mizuki | 4 | 25% | 11:00 / 3:52 | 0.0 / - | 6 / 14 / 21 / 24 | 74% | 33% | 40 | 7498 | 伞击 25% 触手 14% 火山弹 9% 大剑 9% | 水月 57% 流明 28% 塞雷娅 7% (2725 / 0.5) | wound |
| [normal] saria | 4 | 0% | 7:28 / 6:11 | 0.0 / - | 7 / 14 / 21 / 20 | 76% | 0% | 0 | 3520 | 狐火 15% 骑士 13% 拳击 10% 大剑 10% | 塞雷娅 63% 水月 13% 流明 7% (673 / 0.8) | bullet |
| [normal] kaltsit | 4 | 0% | 7:26 / 4:06 | 0.0 / - | 7 / 14 / 21 / 20 | 72% | 16% | 17 | 3935 | Mon3tr 33% 狐火 17% Mon3tr · 真伤 9% 锯刃 6% | 凯尔希 98% 铃兰 0% 拾取 0% (1500 / 0.0) | contact_tracer |
| [normal] suzuran | 4 | 0% | 6:12 / 5:04 | 0.0 / - | 7 / 15 / 0 / 17 | 68% | 8% | 13 | 2503 | 狐火 43% 火山弹 12% 大剑 10% 围炉 4% | 铃兰 50% 塞雷娅 19% 流明 13% (261 / 0.2) | atk_reaper |

### 机器人指标（docs/29）

| 机器人 · 开局 | n | 胜率 | 存活 均/最短 | 3:30 存活 | 5:00 存活 | 首次招募 | 首次精一 / 精二 | 中期 Boss 击杀数 / 平均用时 | 受击/分 | 承伤/分 | 低血(<35%)秒 | 熄灯秒 | 静止% | 开局干员 伤害占比 / 每分钟 | 主要死因 |
|---|---|---|---|---|---|---|---|---|---|---|---|---|---|---|---|
| [expert] wisadel | 4 | 75% | 10:37 / 8:26 | 100% | 100% | 1:08 | 1:00 / 4:07 | 2.2 / 46s | 173.6 | 116 | 5 | 30 | 5 | 63% / 56114 | wound |
| [expert] eyjafjalla | 4 | 0% | 9:30 / 5:56 | 100% | 100% | 1:18 | 0:58 / 3:24 | 1.0 / 126s | 147.2 | 139 | 15 | 33 | 4 | 54% / 28460 | wound |
| [expert] skadi | 4 | 25% | 14:31 / 11:51 | 100% | 100% | 1:04 | 0:56 / 3:12 | 2.0 / 138s | 280.3 | 182 | 8 | 66 | 5 | 32% / 39343 | wound |
| [expert] mizuki | 4 | 100% | 12:05 / 10:59 | 100% | 100% | 1:10 | 0:59 / 4:07 | 2.5 / 112s | 204.0 | 114 | 2 | 21 | 5 | 42% / 43075 | - |
| [expert] saria | 4 | 0% | 13:21 / 8:45 | 100% | 100% | 1:13 | 0:51 / 3:50 | 1.0 / 89s | 277.9 | 166 | 8 | 60 | 4 | 9% / 8159 | wound |
| [expert] kaltsit | 4 | 50% | 11:34 / 8:15 | 100% | 100% | 1:37 | 1:25 / 3:55 | 2.5 / 92s | 203.9 | 140 | 6 | 58 | 6 | 30% / 26577 | corrode |
| [expert] suzuran | 4 | 25% | 9:28 / 7:16 | 100% | 100% | 1:28 | 1:02 / 3:17 | 1.0 / 74s | 151.6 | 147 | 10 | 6 | 4 | 19% / 9893 | wound |
| [normal] wisadel | 4 | 0% | 5:28 / 4:29 | 100% | 75% | 0:57 | 2:36 / 3:46 | 0.5 / 40s | 26.6 | 56 | 17 | 18 | 0 | 69% / 11148 | dark |
| [normal] eyjafjalla | 4 | 0% | 4:55 / 4:04 | 100% | 50% | 0:55 | 2:01 / - | 0.5 / 63s | 22.1 | 54 | 18 | 22 | 0 | 42% / 4842 | contact_slider |
| [normal] skadi | 4 | 0% | 7:02 / 6:36 | 100% | 100% | 0:55 | 3:46 / - | 0.8 / 65s | 57.8 | 109 | 40 | 55 | 0 | 39% / 10559 | corrode |
| [normal] mizuki | 4 | 25% | 11:00 / 3:52 | 100% | 75% | 1:03 | 4:11 / 7:57 | 0.5 / 138s | 223.8 | 228 | 8 | 63 | 0 | 51% / 39335 | corrode |
| [normal] saria | 4 | 0% | 7:28 / 6:11 | 100% | 100% | 1:01 | 3:32 / - | 0.5 / 48s | 114.2 | 126 | 4 | 26 | 0 | 15% / 4450 | mire |
| [normal] kaltsit | 4 | 0% | 7:26 / 4:06 | 100% | 75% | 1:08 | 3:18 / 5:07 | 0.8 / 78s | 141.7 | 191 | 18 | 114 | 0 | 43% / 16225 | wound |
| [normal] suzuran | 4 | 0% | 6:12 / 5:04 | 100% | 100% | 0:56 | 3:00 / 5:03 | 1.0 / 41s | 43.0 | 79 | 8 | 3 | 0 | 48% / 9371 | dark |

### 藏品（docs/35）

| 机器人 | 开局 | 局数 | 平均藏品数 | 藏品直接伤害 | 各流派 出现 / 拿取 | 无效拿取 |
|---|---|---|---|---|---|---|
| expert | eyjafjalla | 4 | 9.8 | 2.2% | A 4/2 B 3/0 C 3/2 D 7/5 E 8/1 F 1/1 G 9/2 H 24/8 通用 18/18 | 0 |
| expert | kaltsit | 4 | 12.0 | 4.4% | A 2/0 B 7/3 C 12/6 D 10/4 E 17/5 F 2/1 G 20/5 H 29/7 通用 15/18 | 0 |
| expert | mizuki | 4 | 13.2 | 4.2% | A 14/4 B 6/6 C 10/7 D 14/4 E 13/3 F 2/0 G 13/3 H 28/6 通用 30/20 | 0 |
| expert | saria | 4 | 10.0 | 6.0% | A 15/7 B 5/5 C 4/2 D 3/2 E 7/0 F 1/1 G 13/1 H 20/5 通用 25/18 | 0 |
| expert | skadi | 4 | 11.0 | 3.7% | A 16/7 B 3/0 C 10/5 D 6/0 E 5/1 F 2/2 G 15/7 H 25/4 通用 14/18 | 0 |
| expert | suzuran | 4 | 11.2 | 1.4% | A 4/0 B 4/1 C 13/9 D 6/1 E 9/4 F 2/1 G 13/4 H 31/8 通用 16/17 | 0 |
| expert | wisadel | 4 | 15.5 | 0.9% | A 15/4 B 6/1 C 12/7 D 13/5 E 30/11 F 2/2 G 14/2 H 29/8 通用 22/23 | 0 |
| normal | eyjafjalla | 4 | 3.0 | 7.1% | A 2/2 B 1/0 C 2/2 D 2/0 E 3/0 H 1/1 通用 10/7 | 0 |
| normal | kaltsit | 4 | 4.2 | 2.9% | A 6/3 B 1/0 D 4/2 E 3/1 G 2/1 H 12/3 通用 6/7 | 0 |
| normal | mizuki | 4 | 8.8 | 3.8% | A 6/4 B 2/0 C 3/1 D 13/7 E 3/1 F 1/0 G 11/3 H 19/4 通用 14/15 | 0 |
| normal | saria | 4 | 4.8 | 0.0% | A 2/0 B 3/1 C 4/0 D 2/0 E 1/1 F 2/1 G 5/2 H 5/2 通用 8/13 | 0 |
| normal | skadi | 4 | 3.8 | 0.0% | A 4/2 B 2/0 C 3/0 D 4/2 G 2/0 H 10/4 通用 8/7 | 0 |
| normal | suzuran | 4 | 5.5 | 0.3% | A 6/1 C 3/1 D 2/1 E 10/2 F 2/0 G 6/3 H 8/6 通用 11/8 | 0 |
| normal | wisadel | 4 | 4.2 | 1.4% | A 1/1 C 2/1 D 3/0 E 2/1 G 6/2 H 10/3 通用 15/9 | 0 |
| 合计 | | | | | A 97/37 B 43/17 C 81/43 D 89/33 E 111/31 F 17/9 G 129/35 H 251/69 通用 212/198 | |

拿取最多（出现 / 拿取）：海潮的气息 0/27，“犹疑” 0/20，“决心” 0/16，“观望” 0/15，深蓝之心 0/14，古旧钱币 22/10，皇帝的恩宠 31/9，药枚 13/8，开裂的束缚带 20/8，“黑夜呢喃” 25/8，恐鱼干 26/8，古高卢银币 15/8
耗时 1034s
写入 build/cloud/close3-t0/close3-t0_0929_1356.{json,md}
