跑 104 局（1 流派 × 2 机器人 × 13 编队 × 4 seed），并行 4（全机上限 4），源文件摘要 4628075e701d6e5c
### 最终 Boss（按类型；上面的「终局」列是四种混算）

| 机器人 | 最终 Boss | 结局 | 出场 | 击杀 | 用时 均 / 中 / P90 / 最短–最长（出现起算） | 中 / P90（可受伤起算） | 阶段护盾秒 / 过卡点数 均 | 未击杀时剩余血量 |
|---|---|---|---|---|---|---|---|---|
| expert | 伊祖米克 | deep 27 | 27 | 25 | 76s / 71s / 114s / 44–179s | 31s / 94s | 14.4 / 2.0 | 33% |
| expert | 最后的骑士 | knight 8 | 8 | 7 | 56s / 50s / 87s / 43–87s | 50s / 87s | 14.4 / 1.9 | 33% |
| expert | 伊莎玛拉 | resolve 8 | 8 | 6 | 41s / 39s / 53s / 29–53s | 39s / 53s | 10.1 / 1.6 | 30% |
| expert | 偏执泡影 | standard 6 | 6 | 6 | 59s / 46s / 102s / 39–102s | 46s / 102s | 6.5 / 2.0 | - |
| normal | 偏执泡影 | standard 11 | 11 | 10 | 79s / 57s / 167s / 39–167s | 58s / 167s | 6.6 / 1.8 | 91% |
| normal | 伊祖米克 | deep 7 | 7 | 5 | 93s / 66s / 169s / 52–169s | 51s / 152s | 6.6 / 1.6 | 71% |
| normal | 最后的骑士 | knight 5 | 5 | 3 | 49s / 48s / 56s / 45–56s | 48s / 56s | 8.4 / 1.2 | 78% |
| normal | 伊莎玛拉 | resolve 2 | 2 | 2 | 39s / 39s / 39s / 39–39s | 39s / 39s | 18.4 / 2.0 | - |

### 难度 / 缩圈 / 同屏峰值

#### 前 3 分钟

| 机器人 | 难度 | 局数 | 3:00 前死亡 | 前 3 分钟承伤 均 / 中 | 3:00 时生命 |
|---|---|---|---|---|---|
| expert | 0 | 52 | 0% | 29 / 25 | 99% |
| normal | 0 | 52 | 0% | 34 / 25 | 99% |

#### 死因 × 缩圈阶段 × Boss 在场（失败的局）

| 机器人 | 难度 | 死因 | 缩圈（第几轮 · 阶段） | 圈外 | Boss 在场 | 局数 | 平均死亡时间 |
|---|---|---|---|---|---|---|---|
| expert | 0 | bullet | 第 3 轮 · 收缩 | 否 | 是 | 2 | 13:00 |
| expert | 0 | mire | 第 5 轮 · 收缩 | 否 | 否 | 1 | 9:40 |
| expert | 0 | mire | 第 3 轮 · 收缩 | 否 | 否 | 1 | 8:14 |
| expert | 0 | contact_knight_boss | 第 5 轮 · 稳定 | 否 | 是 | 1 | 10:25 |
| expert | 0 | mire | 第 4 轮 · 预告 | 否 | 是 | 1 | 13:00 |
| expert | 0 | mire | 第 1 轮 · 稳定 | 否 | 是 | 1 | 8:49 |
| expert | 0 | mire | 第 2 轮 · 稳定 | 否 | 是 | 1 | 13:00 |
| normal | 0 | corrode | 第 1 轮 · 稳定 | 否 | 是 | 4 | 6:34 |
| normal | 0 | mire | 第 5 轮 · 收缩 | 否 | 是 | 2 | 10:28 |
| normal | 0 | mire | 第 4 轮 · 稳定 | 否 | 是 | 2 | 10:27 |
| normal | 0 | contact_tracer | 第 1 轮 · 稳定 | 否 | 是 | 2 | 5:29 |
| normal | 0 | corrode | 第 3 轮 · 稳定 | 否 | 是 | 2 | 7:39 |
| normal | 0 | contact_slider | 第 3 轮 · 收缩 | 否 | 是 | 1 | 7:13 |
| normal | 0 | corrode | 第 2 轮 · 预告 | 否 | 否 | 1 | 5:30 |
| normal | 0 | boss_tracer | 第 3 轮 · 预告 | 否 | 否 | 1 | 6:36 |
| normal | 0 | boss_tracer | 第 2 轮 · 预告 | 否 | 是 | 1 | 13:00 |
| normal | 0 | dark | 第 1 轮 · 稳定 | 否 | 是 | 1 | 5:40 |
| normal | 0 | boss_burrower | 第 2 轮 · 稳定 | 否 | 否 | 1 | 5:12 |
| normal | 0 | boss_reaper | 第 3 轮 · 稳定 | 否 | 否 | 1 | 6:59 |
| normal | 0 | boss_tracer | 第 3 轮 · 稳定 | 否 | 否 | 1 | 8:55 |
| normal | 0 | corrode | 第 3 轮 · 收缩 | 否 | 是 | 1 | 7:58 |
| normal | 0 | mire | 第 3 轮 · 预告 | 否 | 是 | 1 | 7:29 |
| normal | 0 | bullet | 第 4 轮 · 稳定 | 否 | 否 | 1 | 9:29 |
| normal | 0 | contact_tracer | 第 2 轮 · 收缩 | 否 | 否 | 1 | 5:07 |
| normal | 0 | bullet | 第 3 轮 · 预告 | 否 | 是 | 1 | 7:25 |
| normal | 0 | corrode | 第 4 轮 · 稳定 | 否 | 否 | 1 | 9:42 |
| normal | 0 | corrode | 第 4 轮 · 收缩 | 否 | 否 | 1 | 7:59 |
| normal | 0 | mire | 第 3 轮 · 稳定 | 否 | 是 | 1 | 7:09 |
| normal | 0 | contact_burrower | 第 2 轮 · 稳定 | 否 | 否 | 1 | 5:11 |
| normal | 0 | corrode | 第 2 轮 · 稳定 | 否 | 否 | 1 | 6:02 |
| normal | 0 | boss_tracer | 第 1 轮 · 稳定 | 否 | 否 | 1 | 8:02 |
| normal | 0 | contact_slider | 第 2 轮 · 稳定 | 否 | 否 | 1 | 5:34 |

#### 同屏数量峰值（每局峰值的 平均 / 最大）

| 机器人 | 难度 | 局数 | 范围 | 敌人 | 敌方弹幕（含抛射） | 我方子弹 | 特效 | 飘字 |
|---|---|---|---|---|---|---|---|---|
| expert | 0 | 52 | 全程 | 267 / 478 | 51 / 108 | 2 / 12 | 394 / 503 | 46 / 48 |
| expert | 0 | 52 | 8:00–10:00 | 229 / 419 | 44 / 104 | 2 / 9 | 366 / 484 | 43 / 48 |
| normal | 0 | 52 | 全程 | 287 / 475 | 43 / 104 | 2 / 11 | 371 / 562 | 42 / 48 |
| normal | 0 | 30 | 8:00–10:00 | 260 / 475 | 47 / 70 | 1 / 11 | 385 / 562 | 46 / 48 |

### 大群（按第几次）

| 机器人 | 第几次 | 出现 | 时间 | 数量 | 清 80% 用时 均 / 中（清完/出现） | 20 秒内掉血 均 / 最大 | 30 秒内死亡 | 编成 |
|---|---|---|---|---|---|---|---|---|
| expert | 1 | 52 | 1:15 | 26 | 24s / 14s（52/52） | 3 / 19 | 0 | bone/slider/stone ×28；bone/slider ×24 |
| expert | 2 | 52 | 2:45 | 33 | 18s / 11s（50/52） | 3 / 18 | 0 | bone/slider ×28；bone/slider/stone ×24 |
| expert | 3 | 52 | 4:34 | 42 | 22s / 16s（52/52） | 6 / 28 | 0 | bone/floater/ripper/runner/slider ×13；bone/ripper/slider/stone ×10；bone/offspring/ripper/slider/spitter ×9 |
| expert | 4 | 52 | 5:50 | 49 | 18s / 12s（52/52） | 10 / 68 | 0 | bone/burrower/ripper/slider ×19；bone/offspring/ripper/slider/spitter ×17；bone/floater/ripper/runner/slider/tracer ×16 |
| expert | 5 | 52 | 7:33 | 57 | 15s / 11s（51/52） | 15 / 71 | 1 | burrower/ripper/slider/spitter ×21；bone/burrower/offspring/ripper/slider/stone ×18；bone/floater/founder/nest/ripper/runner/slider ×13 |
| expert | 6 | 50 | 8:43 | 63 | 12s / 9s（50/50） | 15 / 119 | 0 | burrower/offspring/ripper/slider/spitter/stone ×12；burrower/hulk/ripper/slider/spitter ×11；bone/floater/founder/nest/ripper/runner/slider ×10 |
| expert | 7 | 7 | 9:19 | 66 | 13s / 11s（7/7） | 21 / 51 | 0 | burrower/offspring/ripper/slider/spitter/stone ×4；burrower/hulk/ripper/slider/spitter ×2；burrower/floater/founder/nest/reaper/ripper/runner/slider/tracer ×1 |
| normal | 1 | 52 | 1:15 | 26 | 11s / 9s（52/52） | 7 / 33 | 0 | bone/slider/stone ×27；bone/slider ×25 |
| normal | 2 | 52 | 2:45 | 33 | 16s / 13s（52/52） | 8 / 26 | 0 | bone/slider ×27；bone/slider/stone ×25 |
| normal | 3 | 51 | 4:36 | 43 | 28s / 28s（51/51） | 17 / 131 | 1 | bone/burrower/ripper/slider ×11；bone/ripper/slider/stone ×11；bone/floater/ripper/runner/slider ×10 |
| normal | 4 | 42 | 5:55 | 49 | 26s / 21s（40/42） | 19 / 98 | 1 | bone/offspring/ripper/slider/spitter ×16；bone/floater/ripper/runner/slider/tracer ×13；bone/burrower/ripper/slider ×13 |
| normal | 5 | 33 | 7:39 | 58 | 22s / 16s（30/33） | 30 / 125 | 3 | burrower/ripper/slider/spitter ×12；bone/floater/founder/nest/ripper/runner/slider ×12；bone/burrower/offspring/ripper/slider/stone ×9 |
| normal | 6 | 25 | 8:38 | 63 | 12s / 11s（25/25） | 35 / 258 | 0 | bone/floater/founder/nest/ripper/runner/slider ×6；burrower/ripper/slider/spitter ×5；burrower/offspring/ripper/slider/spitter/stone ×5 |
| normal | 7 | 4 | 9:19 | 66 | 17s / 16s（4/4） | 31 / 74 | 0 | burrower/floater/founder/nest/reaper/ripper/runner/slider/tracer ×3；burrower/offspring/ripper/slider/spitter/stone ×1 |

### 按机器人汇总

| 机器人 | 局数 | 胜率 | 平均存活 | 3:30 存活 | 平均终局等级 | 平均击杀 | 目标（胜率 / 存活） | 判定 |
|---|---|---|---|---|---|---|---|---|
| normal | 52 | 38% | 8:57 | 100% | 27.2 | 4931 | 30–55% / 7:00–13:00 | **达标** |
| expert | 52 | 84% | 11:06 | 100% | 34.3 | 6862 | 70–95% / 9:00–13:00 | **达标** |

### 明细

| 编队 | n | 胜率 | 存活(均/最短) | 托底(次/首次) | Lv 2:00/5:00/8:00/末 | 终Boss剩余 | 精二占比 | 灯火 | 击杀 | 主要伤害来源 | 治疗来源(总量/无人机Lv) | 主要死因 |
|---|---|---|---|---|---|---|---|---|---|---|---|---|
| [expert] mizuki | 4 | 100% | 10:55 / 10:43 | 0.0 / - | 7 / 16 / 26 / 35 | - | 100% | 72 | 6748 | 触手 37% 伞击 14% 锯刃 7% 技能 7% | 水月 73% 塞雷娅 19% 铃兰 2% (396 / 1.0) | bullet |
| [expert] wisadel | 4 | 100% | 11:14 / 10:52 | 0.0 / - | 7 / 16 / 27 / 36 | - | 100% | 32 | 7087 | 殉爆 24% 余震 20% 饱和炮击 10% 言 4% | 凯尔希 48% 水月 22% 拾取 20% (382 / 0.8) | bullet |
| [expert] eyjafjalla | 4 | 75% | 10:38 / 9:40 | 0.0 / - | 6 / 16 / 26 / 33 | - | 100% | 84 | 6502 | 火山弹 19% 火山 11% 熔岩天降 8% 锚击 7% | 拾取 30% 塞雷娅 27% 凯尔希 24% (452 / 0.2) | bullet |
| [expert] kaltsit | 4 | 75% | 11:25 / 10:39 | 0.0 / - | 6 / 16 / 25 / 34 | 64% | 100% | 80 | 7152 | Mon3tr · 真伤 18% Mon3tr 10% 锯刃 8% 言 5% | 凯尔希 57% 流明 31% 塞雷娅 9% (609 / 0.0) | bullet |
| [expert] saria | 4 | 100% | 11:29 / 10:47 | 0.0 / - | 6 / 16 / 25 / 35 | - | 100% | 75 | 7124 | 大剑 8% Mon3tr 8% 殉爆 8% 余震 7% | 塞雷娅 75% 流明 12% 凯尔希 11% (720 / 0.0) | bullet |
| [expert] siege | 4 | 75% | 10:49 / 8:14 | 0.0 / - | 7 / 16 / 25 / 34 | 44% | 100% | 50 | 6638 | 锚击 9% 火山弹 7% 火山 6% 余震 5% | 拾取 39% 凯尔希 23% 塞雷娅 23% (444 / 0.5) | bullet |
| [expert] skadi | 4 | 50% | 11:29 / 10:25 | 0.0 / - | 7 / 14 / 25 / 34 | 18% | 100% | 78 | 7172 | 大剑 25% Mon3tr 13% 锯刃 7% 触手 6% | 凯尔希 39% 拾取 19% 塞雷娅 18% (445 / 0.2) | bullet |
| [expert] suzuran | 4 | 50% | 11:04 / 8:49 | 0.0 / - | 7 / 14 / 24 / 32 | 14% | 100% | 77 | 6708 | 狐火 16% Mon3tr 15% 藏品 9% Mon3tr · 真伤 9% | 凯尔希 43% 塞雷娅 39% 铃兰 14% (564 / 0.0) | bullet |
| [expert] ulpianus | 4 | 100% | 10:53 / 10:39 | 0.0 / - | 7 / 16 / 26 / 34 | - | 100% | 70 | 6700 | 锚击 11% 火山弹 10% 锯刃 9% 火山 8% | 凯尔希 72% 拾取 18% 无人机 6% (623 / 0.5) | mire |
| [expert] irene | 4 | 75% | 11:25 / 10:45 | 0.0 / - | 6 / 15 / 26 / 34 | 58% | 100% | 74 | 7103 | 手炮轰击 12% 碎潮 12% 刺剑 9% Mon3tr · 真伤 7% | 凯尔希 41% 塞雷娅 23% 拾取 16% (556 / 0.5) | bullet |
| [expert] specter_unchained | 4 | 100% | 10:59 / 10:29 | 0.0 / - | 7 / 16 / 26 / 35 | - | 100% | 36 | 6846 | 锯刃 24% 藏品 9% 触手 8% 血色潮痕 8% | 凯尔希 72% 水月 14% 塞雷娅 9% (574 / 0.0) | bullet |
| [expert] logos | 4 | 100% | 10:57 / 10:44 | 0.0 / - | 6 / 16 / 26 / 35 | - | 100% | 53 | 6786 | 言 22% 锯刃 13% 提喻 13% 墓志铭 11% | 塞雷娅 47% 凯尔希 24% 铃兰 11% (448 / 0.2) | bullet |
| [expert] lumen | 4 | 100% | 11:07 / 10:43 | 0.0 / - | 3 / 14 / 26 / 35 | - | 100% | 92 | 6637 | 言 14% 触手 9% 伞击 8% 提喻 7% | 流明 71% 水月 23% 拾取 5% (838 / 0.0) | bullet |
| [normal] mizuki | 4 | 100% | 11:24 / 10:48 | 0.0 / - | 7 / 16 / 25 / 34 | - | 66% | 81 | 7113 | 触手 27% 伞击 19% 大剑 9% 技能 7% | 水月 45% 流明 19% 凯尔希 17% (956 / 0.0) | bullet |
| [normal] wisadel | 4 | 50% | 9:53 / 7:13 | 0.0 / - | 7 / 16 / 25 / 30 | 88% | 58% | 65 | 5753 | 余震 24% 殉爆 18% 炮击 10% 火山弹 6% | 流明 48% 拾取 26% 凯尔希 21% (552 / 0.5) | bullet |
| [normal] eyjafjalla | 4 | 0% | 8:59 / 5:30 | 0.0 / - | 7 / 15 / 24 / 26 | 78% | 50% | 70 | 4878 | 火山弹 26% 余震 8% 大剑 6% 炮击 6% | 拾取 34% 塞雷娅 12% 流明 12% (435 / 0.2) | bullet |
| [normal] kaltsit | 4 | 75% | 9:56 / 5:34 | 0.0 / - | 7 / 16 / 25 / 30 | 51% | 33% | 57 | 5927 | Mon3tr 49% Mon3tr · 真伤 8% 食腐 5% 火山弹 4% | 凯尔希 68% 塞雷娅 9% 水月 9% (1292 / 0.5) | shock |
| [normal] saria | 4 | 50% | 9:13 / 5:40 | 0.0 / - | 6 / 15 / 25 / 28 | 16% | 16% | 15 | 5156 | 大剑 23% 拳击 8% 骑士 7% 伞击 7% | 塞雷娅 96% 拾取 3% (931 / 0.0) | shock |
| [normal] siege | 4 | 25% | 7:09 / 5:12 | 0.0 / - | 6 / 16 / 25 / 22 | 44% | 25% | 42 | 3437 | 锯刃 12% 锤击 9% 震地 8% 锚击 7% | 拾取 30% 凯尔希 24% 塞雷娅 23% (451 / 0.5) | bullet |
| [normal] skadi | 4 | 25% | 9:28 / 7:58 | 0.0 / - | 6 / 16 / 26 / 30 | 39% | 33% | 46 | 5356 | 大剑 36% 锚击 5% 殉爆 5% 潮涌斩 5% | 拾取 59% 无人机 18% 凯尔希 12% (211 / 0.5) | bullet |
| [normal] suzuran | 4 | 25% | 8:58 / 7:29 | 0.0 / - | 6 / 15 / 24 / 27 | 59% | 25% | 60 | 4878 | 狐火 24% Mon3tr 19% 大剑 9% 锚击 7% | 凯尔希 31% 流明 21% 铃兰 19% (626 / 0.5) | shock |
| [normal] ulpianus | 4 | 75% | 10:00 / 7:59 | 0.0 / - | 7 / 16 / 25 / 31 | 91% | 58% | 87 | 5870 | 锚击 24% Mon3tr 20% 刺剑 10% 掷锚 8% | 凯尔希 68% 流明 22% 拾取 5% (1172 / 0.5) | bullet |
| [normal] irene | 4 | 0% | 6:03 / 4:22 | 0.0 / - | 6 / 16 / 0 / 18 | 46% | 0% | 49 | 2449 | 刺剑 20% 锯刃 15% 大剑 9% 余震 8% | 拾取 32% 商店 25% 无人机 17% (45 / 0.5) | bullet |
| [normal] specter_unchained | 4 | 75% | 11:16 / 9:42 | 0.0 / - | 6 / 14 / 24 / 33 | - | 33% | 58 | 6882 | 锯刃 35% 血色潮痕 12% Mon3tr 10% 狐火 5% | 塞雷娅 33% 水月 20% 流明 18% (1772 / 1.0) | bullet |
| [normal] logos | 4 | 0% | 7:35 / 5:11 | 0.0 / - | 6 / 16 / 26 / 24 | 58% | 25% | 62 | 3779 | 言 17% 提喻 13% 墓志铭 11% 湮灭 10% | 塞雷娅 43% 无人机 30% 流明 22% (377 / 0.8) | shock |
| [normal] lumen | 4 | 0% | 6:22 / 5:34 | 0.0 / - | 6 / 15 / 25 / 20 | 57% | 8% | 70 | 2625 | 骑士 10% 火山弹 8% 锯刃 7% 刺剑 7% | 流明 77% 水月 13% 拾取 7% (483 / 0.2) | contact_ripper |

### 机器人指标（docs/29）

| 机器人 · 开局 | n | 胜率 | 存活 均/最短 | 3:30 存活 | 5:00 存活 | 首次招募 | 首次精一 / 精二 | 中期 Boss 击杀数 / 平均用时 | 受击/分 | 承伤/分 | 低血(<35%)秒 | 熄灯秒 | 静止% | 开局干员 伤害占比 / 每分钟 | 主要死因 |
|---|---|---|---|---|---|---|---|---|---|---|---|---|---|---|---|
| [expert] mizuki | 4 | 100% | 10:55 / 10:43 | 100% | 100% | 1:18 | 0:51 / 2:41 | 2.2 / 27s | 9.2 | 44 | 0 | 0 | 16 | 61% / 62471 | - |
| [expert] wisadel | 4 | 100% | 11:14 / 10:52 | 100% | 100% | 1:11 | 0:48 / 3:19 | 2.8 / 27s | 8.2 | 45 | 0 | 7 | 14 | 63% / 59922 | - |
| [expert] eyjafjalla | 4 | 75% | 10:38 / 9:40 | 100% | 100% | 1:40 | 0:51 / 2:48 | 2.2 / 34s | 32.2 | 68 | 3 | 0 | 15 | 52% / 48535 | mire |
| [expert] kaltsit | 4 | 75% | 11:25 / 10:39 | 100% | 100% | 1:39 | 1:23 / 4:04 | 2.0 / 67s | 19.4 | 60 | 0 | 6 | 14 | 32% / 29712 | bullet |
| [expert] saria | 4 | 100% | 11:29 / 10:47 | 100% | 100% | 1:45 | 0:46 / 3:24 | 1.8 / 73s | 27.0 | 69 | 0 | 12 | 13 | 8% / 8555 | - |
| [expert] siege | 4 | 75% | 10:49 / 8:14 | 100% | 100% | 1:31 | 0:49 / 2:55 | 2.5 / 66s | 25.0 | 70 | 2 | 8 | 12 | 13% / 11624 | mire |
| [expert] skadi | 4 | 50% | 11:29 / 10:25 | 100% | 100% | 1:18 | 0:51 / 3:07 | 1.8 / 94s | 14.0 | 64 | 2 | 0 | 10 | 38% / 36199 | contact_knight_boss |
| [expert] suzuran | 4 | 50% | 11:04 / 8:49 | 100% | 100% | 1:39 | 0:56 / 2:55 | 1.8 / 138s | 16.2 | 60 | 0 | 12 | 12 | 21% / 17783 | mire |
| [expert] ulpianus | 4 | 100% | 10:53 / 10:39 | 100% | 100% | 1:26 | 0:51 / 3:13 | 2.0 / 22s | 22.9 | 100 | 0 | 0 | 14 | 27% / 26574 | - |
| [expert] irene | 4 | 75% | 11:25 / 10:45 | 100% | 100% | 1:25 | 0:47 / 2:55 | 2.2 / 45s | 24.4 | 72 | 0 | 0 | 13 | 39% / 39061 | bullet |
| [expert] specter_unchained | 4 | 100% | 10:59 / 10:29 | 100% | 100% | 1:23 | 0:48 / 3:31 | 2.2 / 33s | 16.1 | 66 | 0 | 6 | 15 | 33% / 37725 | - |
| [expert] logos | 4 | 100% | 10:57 / 10:44 | 100% | 100% | 2:02 | 1:23 / 2:49 | 2.5 / 27s | 16.2 | 61 | 7 | 0 | 18 | 62% / 66349 | - |
| [expert] lumen | 4 | 100% | 11:07 / 10:43 | 100% | 100% | 3:27 | 2:23 / 3:55 | 2.8 / 84s | 9.8 | 89 | 5 | 0 | 10 | 7% / 8153 | - |
| [normal] mizuki | 4 | 100% | 11:24 / 10:48 | 100% | 100% | 1:15 | 2:56 / 5:37 | 2.8 / 89s | 34.3 | 98 | 1 | 4 | 0 | 59% / 50871 | - |
| [normal] wisadel | 4 | 50% | 9:53 / 7:13 | 100% | 100% | 1:16 | 4:26 / 7:00 | 2.0 / 43s | 35.9 | 100 | 8 | 0 | 0 | 61% / 48648 | contact_slider |
| [normal] eyjafjalla | 4 | 0% | 8:59 / 5:30 | 100% | 100% | 1:16 | 4:08 / 7:09 | 1.2 / 83s | 22.9 | 77 | 25 | 0 | 0 | 43% / 26265 | boss_tracer |
| [normal] kaltsit | 4 | 75% | 9:56 / 5:34 | 100% | 100% | 1:29 | 3:05 / 9:11 | 2.0 / 66s | 69.9 | 150 | 2 | 20 | 0 | 59% / 46633 | contact_tracer |
| [normal] saria | 4 | 50% | 9:13 / 5:40 | 100% | 100% | 1:14 | 3:32 / 7:50 | 1.5 / 30s | 51.8 | 126 | 6 | 8 | 0 | 13% / 6933 | corrode |
| [normal] siege | 4 | 25% | 7:09 / 5:12 | 100% | 100% | 1:22 | 3:08 / 6:42 | 1.0 / 26s | 49.3 | 98 | 6 | 3 | 0 | 21% / 5256 | boss_reaper |
| [normal] skadi | 4 | 25% | 9:28 / 7:58 | 100% | 100% | 1:25 | 3:58 / 6:51 | 2.2 / 33s | 21.2 | 80 | 13 | 3 | 0 | 49% / 30481 | mire |
| [normal] suzuran | 4 | 25% | 8:58 / 7:29 | 100% | 100% | 1:23 | 4:36 / 6:18 | 2.0 / 58s | 40.9 | 105 | 6 | 5 | 0 | 27% / 15409 | bullet |
| [normal] ulpianus | 4 | 75% | 10:00 / 7:59 | 100% | 100% | 1:16 | 4:21 / 7:35 | 2.2 / 33s | 53.6 | 166 | 6 | 13 | 0 | 44% / 33116 | corrode |
| [normal] irene | 4 | 0% | 6:03 / 4:22 | 100% | 75% | 1:26 | 5:26 / - | 0.8 / 47s | 48.8 | 82 | 24 | 6 | 0 | 26% / 5879 | corrode |
| [normal] specter_unchained | 4 | 75% | 11:16 / 9:42 | 100% | 100% | 1:20 | 2:33 / 8:27 | 1.8 / 97s | 55.5 | 198 | 21 | 12 | 0 | 51% / 38650 | corrode |
| [normal] logos | 4 | 0% | 7:35 / 5:11 | 100% | 100% | 1:20 | 2:12 / 5:16 | 1.8 / 25s | 21.4 | 78 | 8 | 2 | 0 | 59% / 28654 | mire |
| [normal] lumen | 4 | 0% | 6:22 / 5:34 | 100% | 100% | 1:32 | 4:00 / 7:34 | 1.0 / 107s | 38.0 | 118 | 11 | 0 | 0 | 16% / 4246 | corrode |

### 藏品（docs/35）

| 机器人 | 开局 | 局数 | 平均藏品数 | 藏品直接伤害 | 各流派 出现 / 拿取 | 无效拿取 |
|---|---|---|---|---|---|---|
| expert | eyjafjalla | 4 | 33.2 | 2.8% | A 51/16 B 20/10 C 36/19 D 27/7 E 35/8 F 7/5 G 48/16 H 68/17 通用 86/36 | 0 |
| expert | irene | 4 | 34.8 | 6.1% | A 59/17 B 22/11 C 40/15 D 39/7 E 31/12 F 10/6 G 37/14 H 88/19 通用 95/39 | 0 |
| expert | kaltsit | 4 | 33.5 | 8.5% | A 42/11 B 14/8 C 32/14 D 31/11 E 27/9 F 7/5 G 31/13 H 77/24 通用 87/39 | 0 |
| expert | logos | 4 | 30.0 | 2.7% | A 27/12 B 15/8 C 33/11 D 30/6 E 38/12 F 6/3 G 25/8 H 58/24 通用 61/38 | 0 |
| expert | lumen | 4 | 26.0 | 3.4% | A 14/3 B 6/2 C 22/12 D 26/5 E 43/13 F 9/1 G 31/13 H 91/20 通用 80/35 | 0 |
| expert | mizuki | 4 | 31.0 | 1.1% | A 48/19 B 12/6 C 33/20 D 34/8 E 26/7 F 11/6 G 26/9 H 79/16 通用 94/35 | 0 |
| expert | saria | 4 | 29.0 | 4.8% | A 46/11 B 8/3 C 31/19 D 33/6 E 21/3 F 5/1 G 23/9 H 71/21 通用 89/43 | 0 |
| expert | siege | 4 | 34.2 | 8.3% | A 43/14 B 22/13 C 29/13 D 46/10 E 28/3 F 12/9 G 25/8 H 72/26 通用 80/44 | 0 |
| expert | skadi | 4 | 32.2 | 6.4% | A 53/10 B 17/8 C 27/7 D 32/5 E 21/2 F 9/4 G 32/14 H 106/31 通用 105/49 | 0 |
| expert | specter_unchained | 4 | 32.5 | 11.3% | A 30/11 B 16/12 C 37/25 D 32/9 E 29/8 F 13/9 G 24/8 H 70/14 通用 75/38 | 0 |
| expert | suzuran | 4 | 30.8 | 14.9% | A 40/5 B 10/6 C 37/16 D 31/4 E 48/10 F 7/4 G 35/16 H 72/20 通用 87/43 | 0 |
| expert | ulpianus | 4 | 36.8 | 3.9% | A 44/12 B 18/11 C 31/14 D 41/15 E 46/12 F 11/7 G 31/11 H 89/31 通用 102/35 | 0 |
| expert | wisadel | 4 | 33.8 | 2.8% | A 27/10 B 16/8 C 20/14 D 46/15 E 43/9 F 13/6 G 29/12 H 59/21 通用 85/43 | 0 |
| normal | eyjafjalla | 4 | 14.5 | 0.6% | A 14/7 B 3/2 C 9/3 D 9/3 E 24/12 F 7/1 G 11/1 H 24/10 通用 35/19 | 0 |
| normal | irene | 4 | 8.0 | 0.0% | A 7/2 B 3/2 C 6/3 D 6/1 E 6/1 G 6/3 H 14/5 通用 23/15 | 0 |
| normal | kaltsit | 4 | 22.5 | 6.0% | A 33/8 B 11/3 C 30/10 D 29/7 E 21/9 F 6/0 G 22/4 H 52/19 通用 56/30 | 0 |
| normal | logos | 4 | 13.2 | 0.9% | A 14/5 B 3/1 C 11/3 D 8/2 E 9/2 G 13/5 H 20/7 通用 32/28 | 0 |
| normal | lumen | 4 | 6.0 | 1.5% | A 3/2 B 2/1 C 2/0 D 5/3 E 1/0 F 1/0 G 6/2 H 10/2 通用 20/14 | 0 |
| normal | mizuki | 4 | 30.8 | 1.6% | A 39/11 B 6/2 C 33/10 D 40/12 E 39/12 F 8/2 G 31/8 H 60/18 通用 76/48 | 0 |
| normal | saria | 4 | 15.2 | 0.5% | A 21/7 B 6/2 C 10/2 D 20/6 E 12/3 F 5/0 G 15/6 H 27/8 通用 44/27 | 0 |
| normal | siege | 4 | 10.8 | 6.2% | A 14/1 B 5/2 C 15/5 D 16/8 E 8/2 F 2/1 G 12/2 H 27/7 通用 35/15 | 0 |
| normal | skadi | 4 | 21.0 | 1.1% | A 22/7 B 11/2 C 16/6 D 21/9 E 20/4 F 4/1 G 19/5 H 44/20 通用 57/30 | 0 |
| normal | specter_unchained | 4 | 22.0 | 2.2% | A 26/9 B 9/2 C 33/11 D 29/11 E 18/3 F 10/3 G 26/8 H 66/14 通用 54/27 | 0 |
| normal | suzuran | 4 | 20.0 | 0.8% | A 19/5 B 12/2 C 23/5 D 18/5 E 27/13 F 7/2 G 19/8 H 41/13 通用 53/27 | 0 |
| normal | ulpianus | 4 | 25.8 | 2.6% | A 33/13 B 6/1 C 16/6 D 23/8 E 35/13 F 4/2 G 31/10 H 59/16 通用 72/34 | 0 |
| normal | wisadel | 4 | 24.8 | 1.0% | A 24/9 B 5/2 C 22/9 D 28/7 E 34/12 F 8/3 G 23/9 H 39/11 通用 57/37 | 0 |
| 合计 | | | | | A 793/237 B 278/130 C 634/272 D 700/190 E 690/194 F 182/81 G 631/222 H 1483/434 通用 1740/868 | |

拿取最多（出现 / 拿取）：“观望” 0/95，“犹疑” 0/77，“决心” 0/68，深蓝之心 0/48，老近卫军之锋 149/43，镶金骨骰 166/41，显圣吊坠 151/41，皇帝的恩宠 157/40，“黑夜呢喃” 147/39，海潮的气息 0/39，教母的信物 127/36，凯旋号角 160/36
耗时 1313s
写入 build/cloud/integ-solo/ig_solo_0926_1731.{json,md}
