=== start 2026-09-26T13:57:44Z ===
跑 56 局（1 流派 × 2 机器人 × 7 编队 × 4 seed），并行 4（全机上限 4），源文件摘要 f69d4fbb4acb51d1
### 按机器人汇总

| 机器人 | 局数 | 胜率 | 平均存活 | 3:30 存活 | 平均终局等级 | 平均击杀 | 目标（胜率 / 存活） | 判定 |
|---|---|---|---|---|---|---|---|---|
| normal | 28 | 14% | 7:01 | 100% | 21.0 | 3427 | 30–55% / 7:00–13:00 | **偏难** |
| expert | 28 | 71% | 9:44 | 100% | 29.7 | 5817 | 70–95% / 9:00–13:00 | **达标** |

### 明细

| 编队 | n | 胜率 | 存活(均/最短) | 托底(次/首次) | Lv 2:00/5:00/8:00/末 | 终Boss剩余 | 精二占比 | 灯火 | 击杀 | 主要伤害来源 | 治疗来源(总量/无人机Lv) | 主要死因 |
|---|---|---|---|---|---|---|---|---|---|---|---|---|
| [expert] wisadel | 4 | 75% | 10:31 / 10:13 | 0.0 / - | 7 / 16 / 25 / 32 | 58% | 100% | 71 | 6572 | 殉爆 22% 余震 19% 饱和炮击 11% 藏品 6% | 塞雷娅 72% 拾取 14% 铃兰 13% (182 / 0.2) | bullet |
| [expert] eyjafjalla | 4 | 50% | 8:10 / 4:10 | 0.0 / - | 6 / 17 / 25 / 24 | 33% | 90% | 46 | 4487 | 火山弹 27% 火山 10% 熔岩天降 9% 火星 7% | 凯尔希 48% 拾取 24% 藏品 2% (236 / 0.0) | bullet |
| [expert] skadi | 4 | 75% | 9:20 / 4:15 | 0.0 / - | 7 / 15 / 24 / 28 | - | 83% | 67 | 5494 | 大剑 28% 跃浪 5% 殉爆 4% 碎潮 4% | 拾取 48% 塞雷娅 24% 凯尔希 23% (358 / 0.0) | bullet |
| [expert] mizuki | 4 | 75% | 10:14 / 9:25 | 0.0 / - | 8 / 16 / 26 / 32 | - | 100% | 68 | 6311 | 触手 29% 伞击 11% 大剑 9% 狐火 5% | 水月 64% 流明 29% 铃兰 4% (366 / 0.5) | bullet |
| [expert] saria | 4 | 100% | 11:05 / 10:23 | 0.0 / - | 6 / 16 / 25 / 34 | - | 100% | 56 | 6985 | 触手 10% 殉爆 7% 伞击 7% 余震 6% | 塞雷娅 55% 水月 28% 凯尔希 11% (749 / 0.0) | bullet |
| [expert] kaltsit | 4 | 100% | 10:46 / 10:32 | 0.0 / - | 6 / 16 / 25 / 33 | - | 100% | 72 | 6740 | 殉爆 13% Mon3tr 12% 余震 10% Mon3tr · 真伤 10% | 凯尔希 72% 流明 12% 塞雷娅 8% (483 / 0.0) | bullet |
| [expert] suzuran | 4 | 25% | 8:04 / 4:21 | 0.0 / - | 6 / 16 / 24 / 24 | 58% | 76% | 44 | 4133 | 狐火 28% 大剑 9% 围炉 8% 刺剑 5% | 流明 32% 铃兰 32% 凯尔希 21% (441 / 0.0) | bullet |
| [normal] wisadel | 4 | 50% | 8:46 / 5:15 | 0.0 / - | 8 / 15 / 25 / 26 | 81% | 33% | 49 | 4913 | 余震 15% 炮击 14% 火山弹 10% 触手 9% | 拾取 53% 水月 39% 塞雷娅 5% (219 / 0.8) | bullet |
| [normal] eyjafjalla | 4 | 0% | 4:11 / 4:05 | 0.0 / - | 7 / 0 / 0 / 12 | 59% | 0% | 26 | 1216 | 火山弹 40% 锯刃 10% 大剑 7% 掷锚 6% | 拾取 54% 凯尔希 24% 流明 21% (94 / 0.0) | shock |
| [normal] skadi | 4 | 0% | 7:34 / 5:20 | 0.0 / - | 7 / 16 / 25 / 23 | 46% | 8% | 24 | 3727 | 大剑 35% Mon3tr 10% 潮涌斩 5% 殉爆 5% | 塞雷娅 25% 凯尔希 24% 流明 23% (286 / 0.0) | bullet |
| [normal] mizuki | 4 | 25% | 7:52 / 5:52 | 0.0 / - | 6 / 15 / 26 / 24 | - | 25% | 23 | 3996 | 伞击 18% 触手 13% 余震 11% 大剑 9% | 水月 35% 藏品 25% 拾取 13% (401 / 0.2) | bullet |
| [normal] saria | 4 | 0% | 8:05 / 4:21 | 0.0 / - | 7 / 16 / 24 / 24 | 43% | 25% | 0 | 4353 | 大剑 23% 锯刃 17% 拳击 13% 火山弹 6% | 塞雷娅 92% 拾取 5% 无人机 2% (582 / 0.8) | bullet |
| [normal] kaltsit | 4 | 25% | 7:01 / 5:04 | 0.0 / - | 7 / 16 / 25 / 21 | 43% | 33% | 34 | 3441 | Mon3tr 40% 大剑 8% 火山弹 7% 骑士 5% | 凯尔希 82% 流明 10% 拾取 5% (613 / 0.5) | bullet |
| [normal] suzuran | 4 | 0% | 5:42 / 3:39 | 0.0 / - | 6 / 15 / 0 / 16 | 54% | 36% | 4 | 2344 | 狐火 39% 炮击 7% 余震 6% 锤击 6% | 无人机 31% 塞雷娅 22% 铃兰 11% (139 / 0.5) | bullet |

### 机器人指标（docs/29）

| 机器人 · 开局 | n | 胜率 | 存活 均/最短 | 3:30 存活 | 5:00 存活 | 首次招募 | 首次精一 / 精二 | 中期 Boss 击杀数 / 平均用时 | 受击/分 | 承伤/分 | 低血(<35%)秒 | 熄灯秒 | 静止% | 开局干员 伤害占比 / 每分钟 | 主要死因 |
|---|---|---|---|---|---|---|---|---|---|---|---|---|---|---|---|
| [expert] wisadel | 4 | 75% | 10:31 / 10:13 | 100% | 100% | 1:22 | 0:45 / 3:10 | 2.8 / 21s | 12.3 | 29 | 0 | 0 | 16 | 61% / 58011 | bullet |
| [expert] eyjafjalla | 4 | 50% | 8:10 / 4:10 | 100% | 75% | 1:27 | 0:52 / 3:00 | 1.2 / 38s | 25.7 | 47 | 13 | 6 | 12 | 62% / 33631 | contact_path |
| [expert] skadi | 4 | 75% | 9:20 / 4:15 | 100% | 75% | 1:14 | 0:51 / 3:30 | 1.8 / 57s | 11.7 | 64 | 2 | 0 | 12 | 40% / 28884 | contact_path |
| [expert] mizuki | 4 | 75% | 10:14 / 9:25 | 100% | 100% | 1:20 | 0:52 / 3:19 | 2.8 / 29s | 11.1 | 40 | 0 | 9 | 16 | 47% / 47612 | bullet |
| [expert] saria | 4 | 100% | 11:05 / 10:23 | 100% | 100% | 2:06 | 0:47 / 3:16 | 2.2 / 72s | 16.3 | 73 | 0 | 31 | 23 | 7% / 8968 | - |
| [expert] kaltsit | 4 | 100% | 10:46 / 10:32 | 100% | 100% | 1:45 | 1:26 / 2:41 | 2.0 / 38s | 12.9 | 52 | 0 | 0 | 22 | 24% / 25789 | - |
| [expert] suzuran | 4 | 25% | 8:04 / 4:21 | 100% | 75% | 1:45 | 0:53 / 2:30 | 1.5 / 54s | 20.5 | 71 | 3 | 7 | 12 | 37% / 16763 | corrode |
| [normal] wisadel | 4 | 50% | 8:46 / 5:15 | 100% | 100% | 1:20 | 4:01 / 7:17 | 1.8 / 39s | 31.9 | 50 | 10 | 6 | 0 | 39% / 23729 | zone |
| [normal] eyjafjalla | 4 | 0% | 4:11 / 4:05 | 100% | 0% | 1:17 | 3:20 / - | 0.0 / - | 37.6 | 65 | 12 | 2 | 0 | 49% / 4867 | corrode |
| [normal] skadi | 4 | 0% | 7:34 / 5:20 | 100% | 100% | 1:17 | 3:13 / 7:43 | 1.5 / 39s | 45.7 | 80 | 10 | 6 | 0 | 47% / 21075 | zone |
| [normal] mizuki | 4 | 25% | 7:52 / 5:52 | 100% | 100% | 1:19 | 3:50 / 5:44 | 1.5 / 79s | 41.3 | 73 | 14 | 28 | 0 | 38% / 21348 | corrode |
| [normal] saria | 4 | 0% | 8:05 / 4:21 | 100% | 75% | 1:16 | 4:18 / 8:35 | 1.5 / 32s | 62.1 | 95 | 6 | 6 | 0 | 19% / 8699 | corrode |
| [normal] kaltsit | 4 | 25% | 7:01 / 5:04 | 100% | 100% | 1:19 | 3:51 / 6:31 | 1.5 / 40s | 82.4 | 112 | 4 | 29 | 0 | 46% / 18570 | mire |
| [normal] suzuran | 4 | 0% | 5:42 / 3:39 | 100% | 50% | 1:20 | 3:57 / 6:50 | 0.5 / 32s | 29.8 | 48 | 10 | 6 | 0 | 40% / 8244 | corrode |

### 藏品（docs/35）

| 机器人 | 开局 | 局数 | 平均藏品数 | 藏品直接伤害 | 各流派 出现 / 拿取 | 无效拿取 |
|---|---|---|---|---|---|---|
| expert | eyjafjalla | 4 | 22.0 | 2.7% | A 17/6 B 12/7 C 22/10 D 27/7 E 31/8 F 3/3 G 14/7 H 35/13 通用 67/28 | 0 |
| expert | kaltsit | 4 | 35.0 | 7.0% | A 26/6 B 18/8 C 45/23 D 38/10 E 44/10 F 11/5 G 35/12 H 94/24 通用 104/44 | 0 |
| expert | mizuki | 4 | 36.5 | 3.3% | A 52/18 B 16/9 C 53/27 D 42/10 E 54/9 F 12/4 G 44/15 H 82/15 通用 114/40 | 0 |
| expert | saria | 4 | 36.0 | 6.3% | A 48/11 B 24/13 C 38/17 D 33/6 E 45/11 F 12/7 G 38/10 H 82/26 通用 101/46 | 0 |
| expert | skadi | 4 | 32.2 | 5.9% | A 48/18 B 19/13 C 29/12 D 33/9 E 23/5 F 9/6 G 26/10 H 73/24 通用 88/34 | 0 |
| expert | suzuran | 4 | 20.0 | 6.5% | A 19/10 B 11/9 C 19/8 D 18/4 E 27/10 F 3/1 G 15/8 H 32/10 通用 42/21 | 0 |
| expert | wisadel | 4 | 32.8 | 8.2% | A 48/18 B 14/6 C 30/17 D 31/9 E 34/10 F 6/4 G 44/19 H 52/18 通用 86/30 | 0 |
| normal | eyjafjalla | 4 | 5.2 | 0.0% | A 2/1 B 1/0 C 5/1 D 6/3 E 2/1 G 6/1 H 12/5 通用 20/9 | 0 |
| normal | kaltsit | 4 | 14.2 | 0.5% | A 13/6 B 7/3 C 9/3 D 11/4 E 17/5 F 5/2 G 14/6 H 27/9 通用 45/20 | 0 |
| normal | mizuki | 4 | 15.2 | 1.8% | A 12/0 B 9/1 C 10/3 D 19/10 E 14/7 F 6/1 G 10/4 H 25/12 通用 39/23 | 0 |
| normal | saria | 4 | 18.0 | 1.3% | A 35/12 B 9/4 C 14/4 D 13/4 E 16/6 F 5/2 G 17/8 H 40/12 通用 40/21 | 0 |
| normal | skadi | 4 | 15.8 | 0.0% | A 30/11 B 6/0 C 11/6 D 11/4 E 13/4 G 18/8 H 32/12 通用 44/18 | 0 |
| normal | suzuran | 4 | 9.0 | 1.0% | A 8/3 B 4/2 C 5/3 D 12/4 E 4/0 F 2/1 G 5/0 H 10/8 通用 24/15 | 0 |
| normal | wisadel | 4 | 25.8 | 5.7% | A 28/10 B 9/1 C 21/10 D 30/13 E 30/8 F 3/0 G 29/10 H 50/13 通用 72/38 | 0 |
| 合计 | | | | | A 386/130 B 159/76 C 311/144 D 324/97 E 354/94 F 77/36 G 315/118 H 646/201 通用 886/387 | |

拿取最多（出现 / 拿取）：“观望” 0/42，“犹疑” 0/34，“决心” 0/29，“黑夜呢喃” 75/24，贵族刺剑 89/22，漆黑的舞鞋 37/22，深蓝之心 0/21，海潮的气息 0/21，古高卢银币 29/20，“绽放” 25/20，奇渊面具 62/19，散轶诗简 73/19
耗时 465s
写入 build/cloud/ea-base-d/ea_base_d9_0926_1405.{json,md}
跑 64 局（2 流派 × 2 机器人 × 4 编队 × 4 seed），并行 4（全机上限 4），源文件摘要 f69d4fbb4acb51d1
### 按流派汇总

| 流派 | 机器人 | 局数 | 胜率 | 平均存活 | 3:30 / 5:00 存活 | 终局等级 | 击杀 | Boss1 / Boss2 / 终局 用时 均·中（击杀/出场） | 终 Boss 剩余 | 承伤/分 全程 · 8:00 后 | 该流派藏品 5:00 / 末 | 藏品数 | 藏品直接伤害 |
|---|---|---|---|---|---|---|---|---|---|---|---|---|---|
| none 不偏好 | expert | 16 | 93% | 10:38 | 100% / 100% | 32.3 | 6508 | 55s·中36s（16/16） / 30s·中21s（26/26） / 45s·中41s（15/15） | 0% | 58 · 123 | - / - | 28.6 | 4.7% |
| A 前锋·近战 | expert | 16 | 87% | 10:29 | 100% / 100% | 31.9 | 6333 | 54s·中48s（16/16） / 30s·中14s（25/25） / 41s·中36s（14/14） | 54% | 57 · 119 | 2.4 / 5.4 | 31.3 | 3.0% |
| none 不偏好 | normal | 16 | 50% | 9:13 | 100% / 93% | 27.1 | 5119 | 47s·中33s（14/16） / 45s·中38s（16/18） / 69s·中65s（8/9） | 77% | 105 · 301 | - / - | 21.9 | 3.0% |
| A 前锋·近战 | normal | 16 | 56% | 9:24 | 100% / 100% | 27.8 | 5293 | 33s·中30s（14/16） / 21s·中16s（12/15） / 35s·中28s（9/10） | 45% | 82 · 216 | 2.0 / 4.5 | 22.9 | 1.8% |

### 按机器人汇总

| 机器人 | 局数 | 胜率 | 平均存活 | 3:30 存活 | 平均终局等级 | 平均击杀 | 目标（胜率 / 存活） | 判定 |
|---|---|---|---|---|---|---|---|---|
| normal | 32 | 53% | 9:18 | 100% | 27.4 | 5206 | 30–55% / 7:00–13:00 | **达标** |
| expert | 32 | 90% | 10:34 | 100% | 32.1 | 6420 | 70–95% / 9:00–13:00 | **达标** |

### 明细

| 编队 | n | 胜率 | 存活(均/最短) | 托底(次/首次) | Lv 2:00/5:00/8:00/末 | 终Boss剩余 | 精二占比 | 灯火 | 击杀 | 主要伤害来源 | 治疗来源(总量/无人机Lv) | 主要死因 |
|---|---|---|---|---|---|---|---|---|---|---|---|---|
| {none} [expert] wisadel | 4 | 100% | 10:30 / 10:13 | 0.0 / - | 8 / 16 / 25 / 32 | - | 100% | 86 | 6465 | 余震 16% 殉爆 15% 锯刃 10% 饱和炮击 9% | 拾取 34% 凯尔希 24% 水月 21% (159 / 1.5) | bullet |
| {none} [expert] eyjafjalla | 4 | 75% | 10:24 / 8:54 | 0.0 / - | 7 / 16 / 25 / 32 | 0% | 100% | 39 | 6312 | 火山弹 29% 火山 10% 熔岩天降 8% 火星 6% | 塞雷娅 43% 流明 24% 铃兰 16% (459 / 0.0) | bullet |
| {none} [expert] skadi | 4 | 100% | 10:45 / 10:17 | 0.0 / - | 8 / 16 / 25 / 32 | - | 100% | 70 | 6618 | 大剑 26% 言 8% 殉爆 7% 提喻 5% | 凯尔希 45% 拾取 22% 流明 20% (414 / 0.2) | bullet |
| {none} [expert] saria | 4 | 100% | 10:55 / 10:20 | 0.0 / - | 6 / 16 / 24 / 32 | - | 100% | 69 | 6636 | Mon3tr · 真伤 13% Mon3tr 11% 藏品 9% 锚击 8% | 塞雷娅 57% 凯尔希 36% 拾取 2% (667 / 0.0) | bullet |
| {none} [normal] wisadel | 4 | 75% | 10:03 / 6:52 | 0.0 / - | 7 / 16 / 24 / 30 | - | 41% | 72 | 5858 | 余震 20% 殉爆 11% 炮击 11% Mon3tr 10% | 凯尔希 27% 流明 21% 水月 16% (841 / 0.5) | shock |
| {none} [normal] eyjafjalla | 4 | 0% | 5:59 / 3:41 | 0.0 / - | 7 / 14 / 0 / 18 | 73% | 0% | 36 | 2202 | 火山弹 32% 大剑 14% 刺剑 6% 骑士 5% | 拾取 67% 藏品 7% (33 / 0.0) | bullet |
| {none} [normal] skadi | 4 | 25% | 9:36 / 8:07 | 0.0 / - | 7 / 16 / 25 / 29 | 80% | 33% | 59 | 5430 | 大剑 25% 锚击 12% 狐火 8% 殉爆 7% | 拾取 46% 流明 24% 无人机 17% (302 / 0.5) | bullet |
| {none} [normal] saria | 4 | 100% | 11:12 / 10:49 | 0.0 / - | 6 / 16 / 24 / 32 | - | 33% | 92 | 6985 | 大剑 24% Mon3tr 14% 拳击 7% 提喻 6% | 塞雷娅 52% 凯尔希 24% 水月 15% (1507 / 0.8) | shock |
| {A} [expert] wisadel | 4 | 100% | 10:29 / 10:08 | 0.0 / - | 8 / 16 / 26 / 33 | - | 85% | 68 | 6443 | 余震 13% 殉爆 12% 言 11% 锯刃 9% | 拾取 36% 凯尔希 21% 水月 19% (114 / 0.8) | bullet |
| {A} [expert] eyjafjalla | 4 | 50% | 9:58 / 9:11 | 0.0 / - | 7 / 16 / 24 / 30 | 54% | 100% | 51 | 5751 | 火山弹 22% 火山 12% 熔岩天降 8% 大剑 6% | 塞雷娅 45% 流明 22% 铃兰 15% (567 / 0.8) | bullet |
| {A} [expert] skadi | 4 | 100% | 10:26 / 10:11 | 0.0 / - | 8 / 15 / 25 / 32 | - | 100% | 78 | 6331 | 大剑 30% 潮涌斩 6% 言 6% 跃浪 5% | 凯尔希 47% 流明 23% 无人机 17% (344 / 0.5) | bullet |
| {A} [expert] saria | 4 | 100% | 11:05 / 10:16 | 0.0 / - | 6 / 16 / 24 / 32 | - | 100% | 50 | 6808 | Mon3tr 14% Mon3tr · 真伤 9% 殉爆 8% 言 6% | 塞雷娅 64% 凯尔希 31% 铃兰 1% (723 / 0.0) | bullet |
| {A} [normal] wisadel | 4 | 75% | 10:27 / 10:09 | 0.0 / - | 7 / 16 / 25 / 32 | 24% | 83% | 72 | 6356 | 余震 16% 殉爆 16% 炮击 9% Mon3tr 8% | 凯尔希 37% 拾取 20% 塞雷娅 19% (521 / 0.2) | bullet |
| {A} [normal] eyjafjalla | 4 | 50% | 8:10 / 5:11 | 0.0 / - | 7 / 14 / 24 / 23 | 50% | 8% | 66 | 4104 | 火山弹 29% 大剑 7% 锚击 5% 火星 5% | 拾取 50% 水月 11% 流明 11% (301 / 0.2) | shock |
| {A} [normal] skadi | 4 | 50% | 9:06 / 6:31 | 0.0 / - | 7 / 16 / 24 / 28 | - | 41% | 63 | 5102 | 大剑 34% 锚击 11% 狐火 8% 火山弹 7% | 拾取 83% 铃兰 11% 无人机 5% (71 / 0.2) | bullet |
| {A} [normal] saria | 4 | 50% | 9:53 / 7:58 | 0.0 / - | 7 / 16 / 24 / 28 | 50% | 41% | 27 | 5610 | 大剑 23% Mon3tr 22% 拳击 10% 伞击 7% | 塞雷娅 59% 凯尔希 26% 水月 10% (1124 / 0.0) | zone |

### 机器人指标（docs/29）

| 机器人 · 开局 | n | 胜率 | 存活 均/最短 | 3:30 存活 | 5:00 存活 | 首次招募 | 首次精一 / 精二 | 中期 Boss 击杀数 / 平均用时 | 受击/分 | 承伤/分 | 低血(<35%)秒 | 熄灯秒 | 静止% | 开局干员 伤害占比 / 每分钟 | 主要死因 |
|---|---|---|---|---|---|---|---|---|---|---|---|---|---|---|---|
| {none} [expert] wisadel | 4 | 100% | 10:30 / 10:13 | 100% | 100% | 1:11 | 0:48 / 3:29 | 2.8 / 16s | 10.4 | 23 | 0 | 0 | 15 | 49% / 43475 | - |
| {none} [expert] eyjafjalla | 4 | 75% | 10:24 / 8:54 | 100% | 100% | 1:41 | 0:51 / 2:34 | 3.0 / 37s | 24.6 | 68 | 0 | 2 | 18 | 62% / 57776 | mire |
| {none} [expert] skadi | 4 | 100% | 10:45 / 10:17 | 100% | 100% | 1:20 | 0:51 / 3:32 | 2.0 / 33s | 20.0 | 71 | 2 | 2 | 18 | 37% / 30976 | - |
| {none} [expert] saria | 4 | 100% | 10:55 / 10:20 | 100% | 100% | 1:42 | 0:46 / 3:43 | 2.8 / 70s | 29.6 | 70 | 0 | 0 | 21 | 9% / 8358 | - |
| {none} [normal] wisadel | 4 | 75% | 10:03 / 6:52 | 100% | 100% | 1:17 | 3:54 / 8:02 | 2.2 / 57s | 54.9 | 104 | 9 | 0 | 0 | 49% / 35215 | contact_slider |
| {none} [normal] eyjafjalla | 4 | 0% | 5:59 / 3:41 | 100% | 75% | 1:16 | 4:26 / - | 0.5 / 92s | 34.7 | 60 | 46 | 0 | 0 | 41% / 7534 | corrode |
| {none} [normal] skadi | 4 | 25% | 9:36 / 8:07 | 100% | 100% | 1:24 | 3:18 / 6:54 | 2.5 / 33s | 62.5 | 109 | 20 | 0 | 0 | 35% / 21952 | zone |
| {none} [normal] saria | 4 | 100% | 11:12 / 10:49 | 100% | 100% | 1:14 | 4:50 / 8:31 | 2.2 / 38s | 70.1 | 148 | 0 | 19 | 0 | 10% / 8595 | - |
| {A} [expert] wisadel | 4 | 100% | 10:29 / 10:08 | 100% | 100% | 1:11 | 0:48 / 3:26 | 2.8 / 18s | 8.1 | 22 | 2 | 0 | 12 | 40% / 40058 | - |
| {A} [expert] eyjafjalla | 4 | 50% | 9:58 / 9:11 | 100% | 100% | 1:41 | 0:51 / 2:59 | 2.5 / 59s | 28.1 | 83 | 1 | 0 | 15 | 56% / 39786 | mire |
| {A} [expert] skadi | 4 | 100% | 10:26 / 10:11 | 100% | 100% | 1:20 | 0:51 / 3:10 | 2.5 / 27s | 14.3 | 50 | 0 | 0 | 16 | 45% / 38458 | - |
| {A} [expert] saria | 4 | 100% | 11:05 / 10:16 | 100% | 100% | 1:42 | 0:46 / 3:29 | 2.5 / 57s | 21.7 | 72 | 0 | 3 | 20 | 9% / 8288 | - |
| {A} [normal] wisadel | 4 | 75% | 10:27 / 10:09 | 100% | 100% | 1:18 | 3:45 / 7:31 | 2.2 / 24s | 22.0 | 68 | 1 | 0 | 0 | 48% / 41530 | mire |
| {A} [normal] eyjafjalla | 4 | 50% | 8:10 / 5:11 | 100% | 100% | 1:16 | 4:28 / 8:36 | 1.0 / 28s | 30.2 | 72 | 35 | 0 | 0 | 42% / 16321 | contact_burrower |
| {A} [normal] skadi | 4 | 50% | 9:06 / 6:31 | 100% | 100% | 1:24 | 2:48 / 5:58 | 1.8 / 20s | 21.4 | 60 | 3 | 1 | 0 | 46% / 29900 | dark |
| {A} [normal] saria | 4 | 50% | 9:53 / 7:58 | 100% | 100% | 1:14 | 3:32 / 7:08 | 1.5 / 41s | 81.1 | 126 | 1 | 17 | 0 | 16% / 9710 | zone |

### 藏品（docs/35）

| 机器人 | 开局 | 局数 | 平均藏品数 | 藏品直接伤害 | 各流派 出现 / 拿取 | 无效拿取 |
|---|---|---|---|---|---|---|
| expert | eyjafjalla | 8 | 29.4 | 1.1% | A 78/50 B 26/12 C 54/16 D 63/11 E 66/13 F 17/7 G 58/20 H 105/32 通用 127/76 | 0 |
| expert | saria | 8 | 27.9 | 8.5% | A 71/41 B 22/13 C 69/30 D 54/14 E 52/9 F 11/4 G 50/19 H 114/31 通用 162/64 | 0 |
| expert | skadi | 8 | 32.2 | 2.3% | A 70/44 B 28/16 C 66/33 D 53/15 E 68/15 F 9/4 G 59/21 H 128/32 通用 133/79 | 0 |
| expert | wisadel | 8 | 30.4 | 3.4% | A 56/34 B 12/3 C 59/33 D 57/12 E 87/24 F 18/9 G 67/26 H 132/39 通用 149/65 | 0 |
| normal | eyjafjalla | 8 | 13.2 | 2.0% | A 19/13 B 12/6 C 16/7 D 22/7 E 39/13 F 3/3 G 24/5 H 45/11 通用 63/44 | 0 |
| normal | saria | 8 | 23.6 | 2.5% | A 79/44 B 16/2 C 49/10 D 44/13 E 64/22 F 11/2 G 39/10 H 109/27 通用 128/59 | 0 |
| normal | skadi | 8 | 25.0 | 3.6% | A 67/35 B 34/10 C 58/20 D 41/8 E 45/12 F 12/3 G 53/14 H 99/31 通用 127/68 | 0 |
| normal | wisadel | 8 | 27.8 | 1.3% | A 56/38 B 26/8 C 71/17 D 44/17 E 56/19 F 13/5 G 44/16 H 108/30 通用 134/72 | 0 |
| 合计 | | | | | A 496/299 B 176/70 C 442/166 D 378/97 E 477/127 F 94/37 G 394/131 H 840/233 通用 1023/527 | |

拿取最多（出现 / 拿取）：贵族刺剑 96/58，“观望” 0/57，“决心” 0/57，老近卫军之锋 88/54，“犹疑” 0/46，皇帝的恩宠 94/44，漆黑的舞鞋 43/34，深蓝之心 0/32，凯旋号角 115/27，折戟-锋刃 60/27，羽兽肝酱 119/27，散轶诗简 81/25
耗时 650s
写入 build/cloud/ea-base-d/ea_base_lanes_a_0926_1416.{json,md}
=== end 2026-09-26T14:16:19Z ===
