跑 104 局（1 流派 × 2 机器人 × 13 编队 × 4 seed），并行 4（全机上限 4），源文件摘要 d14460e03f8a56aa
### 最终 Boss（按类型；上面的「终局」列是四种混算）

| 机器人 | 最终 Boss | 结局 | 出场 | 击杀 | 用时 均 / 中 / P90 / 最短–最长（出现起算） | 中 / P90（可受伤起算） | 阶段护盾秒 / 过卡点数 均 | 未击杀时剩余血量 |
|---|---|---|---|---|---|---|---|---|
| expert | 伊祖米克 | deep 22 | 22 | 20 | 65s / 66s / 84s / 48–92s | 31s / 45s | 14.0 / 1.8 | 76% |
| expert | 偏执泡影 | standard 11 | 11 | 11 | 55s / 40s / 61s / 39–168s | 40s / 61s | 14.5 / 2.0 | - |
| expert | 最后的骑士 | knight 10 | 10 | 9 | 57s / 55s / 79s / 47–79s | 55s / 79s | 11.9 / 2.0 | - |
| expert | 伊莎玛拉 | resolve 4 | 4 | 4 | 47s / 47s / 58s / 38–58s | 47s / 58s | 14.5 / 2.0 | - |
| normal | 伊祖米克 | deep 6 | 6 | 5 | 70s / 64s / 117s / 51–117s | 31s / 97s | 13.5 / 1.8 | 66% |
| normal | 最后的骑士 | knight 6 | 6 | 4 | 49s / 50s / 51s / 47–51s | 50s / 51s | 13.1 / 1.5 | 66% |
| normal | 偏执泡影 | standard 5 | 5 | 5 | 74s / 70s / 124s / 43–124s | 70s / 124s | 4.2 / 2.0 | - |
| normal | 伊莎玛拉 | resolve 2 | 2 | 2 | 38s / 38s / 39s / 38–39s | 38s / 39s | 23.7 / 2.0 | - |

### 难度 / 缩圈 / 同屏峰值

#### 前 3 分钟

| 机器人 | 难度 | 局数 | 3:00 前死亡 | 前 3 分钟承伤 均 / 中 | 3:00 时生命 |
|---|---|---|---|---|---|
| expert | 0 | 52 | 0% | 28 / 26 | 100% |
| normal | 0 | 52 | 0% | 32 / 22 | 99% |

#### 死因 × 缩圈阶段 × Boss 在场（失败的局）

| 机器人 | 难度 | 死因 | 缩圈（第几轮 · 阶段） | 圈外 | Boss 在场 | 局数 | 平均死亡时间 |
|---|---|---|---|---|---|---|---|
| expert | 0 | bullet | 第 5 轮 · 稳定 | 否 | 是 | 1 | 11:01 |
| expert | 0 | bullet | 第 3 轮 · 预告 | 否 | 否 | 1 | 6:06 |
| expert | 0 | mire | 第 5 轮 · 预告 | 否 | 否 | 1 | 10:44 |
| expert | 0 | mire | 第 3 轮 · 稳定 | 否 | 是 | 1 | 7:20 |
| expert | 0 | zone | 第 4 轮 · 稳定 | 是 | 否 | 1 | 8:32 |
| expert | 0 | corrode | 第 3 轮 · 稳定 | 否 | 是 | 1 | 7:11 |
| expert | 0 | bullet | 第 1 轮 · 稳定 | 否 | 是 | 1 | 13:00 |
| expert | 0 | mire | 第 3 轮 · 稳定 | 否 | 否 | 1 | 9:35 |
| normal | 0 | corrode | 第 1 轮 · 稳定 | 否 | 是 | 4 | 6:29 |
| normal | 0 | mire | 第 3 轮 · 收缩 | 否 | 是 | 2 | 8:42 |
| normal | 0 | mire | 第 3 轮 · 稳定 | 否 | 是 | 2 | 7:15 |
| normal | 0 | bullet | 第 4 轮 · 稳定 | 否 | 否 | 2 | 9:25 |
| normal | 0 | boss_tracer | 第 3 轮 · 稳定 | 否 | 否 | 2 | 7:31 |
| normal | 0 | corrode | 第 3 轮 · 收缩 | 否 | 是 | 2 | 7:25 |
| normal | 0 | corrode | 第 4 轮 · 稳定 | 否 | 否 | 1 | 9:44 |
| normal | 0 | contact_mimic | 第 1 轮 · 稳定 | 否 | 是 | 1 | 4:30 |
| normal | 0 | boss_tracer | 第 2 轮 · 预告 | 否 | 否 | 1 | 5:34 |
| normal | 0 | contact_slider | 第 3 轮 · 预告 | 否 | 否 | 1 | 6:47 |
| normal | 0 | shock | 第 3 轮 · 收缩 | 否 | 否 | 1 | 6:51 |
| normal | 0 | boss_burrower | 第 3 轮 · 稳定 | 否 | 是 | 1 | 7:54 |
| normal | 0 | corrode | 第 3 轮 · 预告 | 否 | 是 | 1 | 7:33 |
| normal | 0 | boss_nest | 第 3 轮 · 稳定 | 否 | 否 | 1 | 7:18 |
| normal | 0 | shock | 第 2 轮 · 收缩 | 否 | 是 | 1 | 13:00 |
| normal | 0 | bullet | 第 3 轮 · 收缩 | 否 | 否 | 1 | 6:52 |
| normal | 0 | corrode | 第 3 轮 · 稳定 | 否 | 是 | 1 | 7:11 |
| normal | 0 | contact_slider | 第 3 轮 · 稳定 | 否 | 是 | 1 | 7:21 |
| normal | 0 | mire | 第 4 轮 · 预告 | 否 | 否 | 1 | 7:42 |
| normal | 0 | corrode | 第 3 轮 · 稳定 | 否 | 否 | 1 | 7:21 |
| normal | 0 | shock | 第 3 轮 · 预告 | 否 | 是 | 1 | 8:21 |
| normal | 0 | bullet | 第 1 轮 · 稳定 | 否 | 否 | 1 | 6:47 |
| normal | 0 | contact_slider | 第 1 轮 · 稳定 | 否 | 是 | 1 | 6:09 |
| normal | 0 | contact_knight_boss | 第 5 轮 · 收缩 | 否 | 是 | 1 | 10:19 |
| normal | 0 | mire | 第 3 轮 · 预告 | 否 | 否 | 1 | 6:12 |
| normal | 0 | shock | 第 3 轮 · 稳定 | 否 | 是 | 1 | 8:50 |
| normal | 0 | corrode | 第 2 轮 · 稳定 | 否 | 是 | 1 | 7:34 |
| normal | 0 | boss_reaper | 第 1 轮 · 稳定 | 否 | 是 | 1 | 5:58 |

#### 同屏数量峰值（每局峰值的 平均 / 最大）

| 机器人 | 难度 | 局数 | 范围 | 敌人 | 敌方弹幕（含抛射） | 我方子弹 | 特效 | 飘字 |
|---|---|---|---|---|---|---|---|---|
| expert | 0 | 52 | 全程 | 241 / 451 | 47 / 99 | 3 / 12 | 395 / 451 | 47 / 48 |
| expert | 0 | 49 | 8:00–10:00 | 224 / 344 | 42 / 94 | 2 / 6 | 386 / 451 | 47 / 48 |
| normal | 0 | 52 | 全程 | 260 / 510 | 46 / 126 | 3 / 10 | 365 / 432 | 42 / 48 |
| normal | 0 | 25 | 8:00–10:00 | 240 / 510 | 48 / 91 | 2 / 9 | 353 / 425 | 42 / 48 |

### 大群（按第几次）

| 机器人 | 第几次 | 出现 | 时间 | 数量 | 清 80% 用时 均 / 中（清完/出现） | 20 秒内掉血 均 / 最大 | 30 秒内死亡 | 编成 |
|---|---|---|---|---|---|---|---|---|
| expert | 1 | 52 | 1:15 | 26 | 21s / 12s（52/52） | 3 / 26 | 0 | bone/slider/stone ×27；bone/slider ×25 |
| expert | 2 | 52 | 2:45 | 33 | 14s / 10s（49/52） | 3 / 20 | 0 | bone/slider ×27；bone/slider/stone ×25 |
| expert | 3 | 52 | 4:29 | 42 | 17s / 12s（52/52） | 7 / 57 | 0 | bone/ripper/slider/stone ×19；bone/floater/ripper/runner/slider ×10；bone/offspring/ripper/slider/spitter ×8 |
| expert | 4 | 52 | 5:49 | 49 | 14s / 13s（52/52） | 12 / 106 | 1 | bone/floater/ripper/runner/slider/tracer ×19；bone/burrower/ripper/slider ×19；bone/offspring/ripper/slider/spitter ×14 |
| expert | 5 | 49 | 7:32 | 57 | 12s / 10s（49/49） | 17 / 124 | 0 | bone/burrower/offspring/ripper/slider/stone ×18；bone/floater/founder/nest/ripper/runner/slider ×17；burrower/ripper/slider/spitter ×14 |
| expert | 6 | 48 | 8:39 | 63 | 11s / 9s（48/48） | 20 / 175 | 0 | burrower/hulk/ripper/slider/spitter ×13；burrower/floater/founder/nest/reaper/ripper/runner/slider/tracer ×9；burrower/offspring/ripper/slider/spitter/stone ×8 |
| expert | 7 | 7 | 9:19 | 66 | 9s / 9s（7/7） | 18 / 40 | 0 | burrower/hulk/ripper/slider/spitter ×4；burrower/offspring/ripper/slider/spitter/stone ×2；burrower/floater/founder/nest/reaper/ripper/runner/slider/tracer ×1 |
| normal | 1 | 52 | 1:15 | 26 | 13s / 9s（52/52） | 7 / 25 | 0 | bone/slider ×27；bone/slider/stone ×25 |
| normal | 2 | 52 | 2:45 | 33 | 17s / 12s（51/52） | 5 / 25 | 0 | bone/slider/stone ×27；bone/slider ×25 |
| normal | 3 | 50 | 4:34 | 42 | 22s / 14s（49/50） | 16 / 98 | 0 | bone/burrower/ripper/slider ×13；bone/offspring/ripper/slider/stone ×11；bone/floater/ripper/runner/slider ×9 |
| normal | 4 | 47 | 5:52 | 49 | 20s / 14s（46/47） | 23 / 124 | 0 | bone/floater/ripper/runner/slider/tracer ×20；bone/burrower/ripper/slider ×15；bone/offspring/ripper/slider/spitter ×12 |
| normal | 5 | 30 | 7:38 | 58 | 16s / 11s（26/30） | 45 / 151 | 5 | bone/floater/founder/nest/ripper/runner/slider ×14；bone/burrower/offspring/ripper/slider/stone ×10；burrower/ripper/slider/spitter ×6 |
| normal | 6 | 22 | 8:44 | 63 | 13s / 9s（20/22） | 25 / 83 | 3 | burrower/ripper/slider/spitter ×6；burrower/hulk/ripper/slider/spitter ×5；bone/burrower/offspring/ripper/slider/stone ×4 |
| normal | 7 | 2 | 9:20 | 66 | 13s / 13s（2/2） | 5 / 5 | 0 | burrower/hulk/ripper/slider/spitter ×1；burrower/floater/founder/nest/reaper/ripper/runner/slider/tracer ×1 |

### 按机器人汇总

| 机器人 | 局数 | 胜率 | 平均存活 | 3:30 存活 | 平均终局等级 | 平均击杀 | 目标（胜率 / 存活） | 判定 |
|---|---|---|---|---|---|---|---|---|
| normal | 52 | 30% | 8:38 | 100% | 26.4 | 4625 | 30–55% / 7:00–13:00 | **达标** |
| expert | 52 | 84% | 10:43 | 100% | 33.3 | 6544 | 70–95% / 9:00–13:00 | **达标** |

### 明细

| 编队 | n | 胜率 | 存活(均/最短) | 托底(次/首次) | Lv 2:00/5:00/8:00/末 | 终Boss剩余 | 精二占比 | 灯火 | 击杀 | 主要伤害来源 | 治疗来源(总量/无人机Lv) | 主要死因 |
|---|---|---|---|---|---|---|---|---|---|---|---|---|
| [expert] mizuki | 4 | 100% | 10:49 / 10:39 | 0.0 / - | 7 / 15 / 25 / 34 | - | 100% | 88 | 6629 | 触手 23% 伞击 12% 大剑 7% Mon3tr 6% | 水月 69% 流明 17% 凯尔希 10% (301 / 1.0) | bullet |
| [expert] wisadel | 4 | 75% | 11:03 / 10:53 | 0.0 / - | 7 / 16 / 26 / 34 | 66% | 100% | 48 | 6860 | 殉爆 24% 余震 22% 饱和炮击 12% 锯刃 7% | 塞雷娅 62% 铃兰 14% 凯尔希 10% (288 / 0.2) | bullet |
| [expert] eyjafjalla | 4 | 100% | 11:04 / 10:47 | 0.0 / - | 6 / 16 / 26 / 34 | - | 100% | 70 | 6956 | 火山弹 23% Mon3tr 13% 火山 11% 熔岩天降 8% | 凯尔希 38% 塞雷娅 34% 流明 13% (647 / 0.0) | bullet |
| [expert] kaltsit | 4 | 100% | 11:02 / 10:50 | 0.0 / - | 6 / 16 / 26 / 34 | - | 100% | 74 | 6834 | Mon3tr 19% Mon3tr · 真伤 13% 锯刃 9% 锚击 6% | 凯尔希 64% 水月 13% 流明 11% (522 / 0.0) | bullet |
| [expert] saria | 4 | 100% | 11:32 / 11:00 | 0.0 / - | 5 / 15 / 25 / 35 | - | 100% | 72 | 7343 | 火山弹 10% 锯刃 8% 殉爆 7% 余震 6% | 塞雷娅 80% 流明 12% 拾取 3% (1001 / 0.0) | bullet |
| [expert] siege | 4 | 75% | 9:47 / 6:06 | 0.0 / - | 7 / 16 / 26 / 31 | - | 83% | 62 | 5737 | 锯刃 15% 言 9% 殉爆 8% 余震 7% | 拾取 43% 无人机 31% 凯尔希 24% (210 / 1.0) | bullet |
| [expert] skadi | 4 | 75% | 10:50 / 10:42 | 0.0 / - | 7 / 16 / 26 / 34 | - | 100% | 67 | 6618 | 大剑 22% Mon3tr 8% Mon3tr · 真伤 6% 言 5% | 塞雷娅 34% 凯尔希 25% 水月 15% (377 / 0.2) | bullet |
| [expert] suzuran | 4 | 75% | 9:57 / 7:20 | 0.0 / - | 6 / 16 / 25 / 31 | 81% | 92% | 62 | 5839 | Mon3tr 15% 触手 15% 狐火 9% 伞击 7% | 铃兰 33% 水月 32% 凯尔希 21% (293 / 0.5) | bullet |
| [expert] ulpianus | 4 | 75% | 10:15 / 8:32 | 0.0 / - | 8 / 16 / 26 / 33 | - | 100% | 66 | 6166 | 大剑 12% 锚击 10% 锯刃 9% 触手 9% | 凯尔希 24% 水月 22% 塞雷娅 21% (539 / 0.8) | bullet |
| [expert] irene | 4 | 100% | 11:00 / 10:55 | 0.0 / - | 6 / 16 / 26 / 34 | - | 100% | 82 | 6786 | 触手 11% 锯刃 11% 碎潮 10% 手炮轰击 8% | 凯尔希 49% 水月 24% 流明 12% (585 / 0.0) | bullet |
| [expert] specter_unchained | 4 | 100% | 10:51 / 10:39 | 0.0 / - | 6 / 16 / 26 / 34 | - | 92% | 74 | 6659 | 锯刃 24% 殉爆 8% Mon3tr 7% 锚击 6% | 凯尔希 31% 塞雷娅 25% 拾取 17% (373 / 0.0) | bullet |
| [expert] logos | 4 | 75% | 10:02 / 7:11 | 0.0 / - | 4 / 16 / 26 / 32 | 3% | 100% | 64 | 5941 | 言 18% 提喻 13% 湮灭 8% 墓志铭 8% | 流明 39% 凯尔希 34% 藏品 20% (352 / 0.0) | bullet |
| [expert] lumen | 4 | 50% | 11:06 / 9:35 | 0.0 / - | 3 / 16 / 26 / 34 | 86% | 100% | 90 | 6708 | 刺剑 10% 火山 7% 火山弹 6% 手炮轰击 5% | 流明 82% 塞雷娅 10% 拾取 4% (805 / 0.0) | bullet |
| [normal] mizuki | 4 | 50% | 10:30 / 9:44 | 0.0 / - | 7 / 16 / 25 / 32 | 75% | 41% | 74 | 6298 | 触手 17% 伞击 17% Mon3tr 6% 技能·法术 6% | 水月 54% 流明 24% 凯尔希 13% (868 / 0.2) | bullet |
| [normal] wisadel | 4 | 50% | 8:23 / 4:30 | 0.0 / - | 7 / 16 / 26 / 26 | 76% | 41% | 56 | 4559 | 余震 22% 殉爆 20% 炮击 11% 饱和炮击 8% | 塞雷娅 33% 凯尔希 22% 流明 13% (628 / 1.2) | bullet |
| [normal] eyjafjalla | 4 | 25% | 7:35 / 5:34 | 0.0 / - | 7 / 16 / 25 / 24 | 13% | 25% | 60 | 3721 | 火山弹 22% 大剑 10% 伞击 7% 触手 6% | 拾取 50% 凯尔希 18% 水月 4% (307 / 0.8) | boss_tracer |
| [normal] kaltsit | 4 | 25% | 8:37 / 6:51 | 0.0 / - | 6 / 15 / 26 / 27 | 69% | 25% | 37 | 4787 | Mon3tr 38% 火山弹 11% 殉爆 5% 余震 4% | 凯尔希 84% 塞雷娅 6% 水月 6% (1005 / 0.5) | bullet |
| [normal] saria | 4 | 50% | 9:35 / 7:33 | 0.0 / - | 6 / 15 / 25 / 28 | 63% | 25% | 39 | 5411 | 锯刃 37% 狐火 11% 拳击 8% 骑士 6% | 塞雷娅 79% 水月 11% 铃兰 4% (1053 / 0.5) | bullet |
| [normal] siege | 4 | 50% | 10:36 / 7:18 | 0.0 / - | 7 / 16 / 25 / 32 | 66% | 75% | 65 | 6170 | 食腐 16% 锯刃 12% 狐火 8% 殉爆 6% | 塞雷娅 34% 凯尔希 23% 流明 12% (1048 / 0.8) | bullet |
| [normal] skadi | 4 | 25% | 7:28 / 3:55 | 0.0 / - | 7 / 15 / 24 / 22 | 16% | 8% | 57 | 3790 | 大剑 31% 锚击 8% 火山弹 6% 锤击 6% | 拾取 25% 铃兰 25% 塞雷娅 24% (1105 / 0.2) | shock |
| [normal] suzuran | 4 | 0% | 7:18 / 6:55 | 0.0 / - | 7 / 15 / 0 / 23 | 53% | 16% | 51 | 3316 | 狐火 28% 骑士 13% 锯刃 8% 锤击 8% | 铃兰 43% 凯尔希 17% 塞雷娅 17% (290 / 0.5) | bullet |
| [normal] ulpianus | 4 | 25% | 8:43 / 7:21 | 0.0 / - | 7 / 15 / 26 / 28 | 0% | 33% | 50 | 4712 | 大剑 23% 锚击 17% 狐火 6% 火山弹 6% | 拾取 48% 塞雷娅 22% 水月 18% (321 / 0.2) | bullet |
| [normal] irene | 4 | 25% | 8:27 / 6:47 | 0.0 / - | 6 / 16 / 25 / 26 | 34% | 50% | 57 | 4343 | 刺剑 20% Mon3tr 9% 锯刃 9% 火山弹 9% | 流明 43% 塞雷娅 24% 凯尔希 21% (652 / 0.8) | shock |
| [normal] specter_unchained | 4 | 0% | 7:29 / 6:09 | 0.0 / - | 7 / 15 / 27 / 23 | 38% | 25% | 50 | 3623 | 锯刃 12% 大剑 9% 锚击 7% 狐火 7% | 拾取 51% 无人机 14% 遥乡 9% (56 / 0.2) | bullet |
| [normal] logos | 4 | 50% | 9:25 / 7:03 | 0.0 / - | 7 / 16 / 25 / 29 | 46% | 50% | 32 | 5325 | 言 14% 墓志铭 13% 提喻 12% 大剑 9% | 塞雷娅 67% 拾取 27% 铃兰 4% (728 / 0.0) | bullet |
| [normal] lumen | 4 | 25% | 8:04 / 5:58 | 0.0 / - | 6 / 15 / 26 / 25 | 78% | 16% | 90 | 4072 | 大剑 22% 锯刃 10% 刺剑 9% 狐火 8% | 流明 73% 凯尔希 11% 塞雷娅 7% (667 / 0.2) | bullet |

### 机器人指标（docs/29）

| 机器人 · 开局 | n | 胜率 | 存活 均/最短 | 3:30 存活 | 5:00 存活 | 首次招募 | 首次精一 / 精二 | 中期 Boss 击杀数 / 平均用时 | 受击/分 | 承伤/分 | 低血(<35%)秒 | 熄灯秒 | 静止% | 开局干员 伤害占比 / 每分钟 | 主要死因 |
|---|---|---|---|---|---|---|---|---|---|---|---|---|---|---|---|
| [expert] mizuki | 4 | 100% | 10:49 / 10:39 | 100% | 100% | 1:24 | 0:52 / 3:25 | 2.0 / 42s | 10.8 | 32 | 0 | 0 | 14 | 43% / 46429 | - |
| [expert] wisadel | 4 | 75% | 11:03 / 10:53 | 100% | 100% | 1:12 | 0:56 / 3:24 | 2.5 / 26s | 10.6 | 39 | 2 | 1 | 18 | 68% / 64684 | bullet |
| [expert] eyjafjalla | 4 | 100% | 11:04 / 10:47 | 100% | 100% | 2:01 | 0:55 / 3:02 | 3.0 / 35s | 17.3 | 68 | 0 | 2 | 16 | 58% / 65508 | - |
| [expert] kaltsit | 4 | 100% | 11:02 / 10:50 | 100% | 100% | 1:35 | 1:15 / 2:53 | 2.0 / 55s | 20.2 | 55 | 0 | 0 | 16 | 34% / 29056 | - |
| [expert] saria | 4 | 100% | 11:32 / 11:00 | 100% | 100% | 2:22 | 0:49 / 3:34 | 2.2 / 111s | 33.9 | 98 | 1 | 13 | 13 | 8% / 8631 | - |
| [expert] siege | 4 | 75% | 9:47 / 6:06 | 100% | 100% | 1:24 | 0:52 / 2:42 | 2.2 / 23s | 22.2 | 52 | 4 | 0 | 13 | 8% / 4623 | bullet |
| [expert] skadi | 4 | 75% | 10:50 / 10:42 | 100% | 100% | 1:14 | 0:48 / 3:24 | 2.5 / 46s | 13.3 | 57 | 13 | 0 | 14 | 30% / 28724 | mire |
| [expert] suzuran | 4 | 75% | 9:57 / 7:20 | 100% | 100% | 1:58 | 1:03 / 3:29 | 2.0 / 47s | 13.4 | 40 | 2 | 2 | 16 | 13% / 10883 | mire |
| [expert] ulpianus | 4 | 75% | 10:15 / 8:32 | 100% | 100% | 1:13 | 0:49 / 3:11 | 2.5 / 31s | 35.9 | 81 | 1 | 1 | 10 | 23% / 23859 | zone |
| [expert] irene | 4 | 100% | 11:00 / 10:55 | 100% | 100% | 1:19 | 0:49 / 3:04 | 2.5 / 55s | 18.0 | 70 | 0 | 0 | 16 | 29% / 29858 | - |
| [expert] specter_unchained | 4 | 100% | 10:51 / 10:39 | 100% | 100% | 1:19 | 0:51 / 2:31 | 3.0 / 36s | 23.1 | 55 | 4 | 0 | 15 | 30% / 27803 | - |
| [expert] logos | 4 | 75% | 10:02 / 7:11 | 100% | 100% | 2:27 | 2:02 / 3:12 | 2.0 / 25s | 13.2 | 46 | 0 | 0 | 16 | 53% / 52214 | corrode |
| [expert] lumen | 4 | 50% | 11:06 / 9:35 | 100% | 100% | 3:08 | 2:38 / 4:11 | 2.0 / 109s | 13.6 | 86 | 4 | 0 | 8 | 11% / 10630 | bullet |
| [normal] mizuki | 4 | 50% | 10:30 / 9:44 | 100% | 100% | 1:25 | 4:20 / 6:47 | 2.0 / 54s | 33.2 | 113 | 1 | 0 | 0 | 46% / 38399 | mire |
| [normal] wisadel | 4 | 50% | 8:23 / 4:30 | 100% | 75% | 1:21 | 2:21 / 5:08 | 1.5 / 42s | 37.6 | 92 | 4 | 2 | 0 | 65% / 41615 | mire |
| [normal] eyjafjalla | 4 | 25% | 7:35 / 5:34 | 100% | 100% | 1:24 | 3:14 / 6:16 | 1.2 / 53s | 33.7 | 73 | 3 | 0 | 0 | 33% / 13928 | mire |
| [normal] kaltsit | 4 | 25% | 8:37 / 6:51 | 100% | 100% | 1:33 | 3:08 / 7:30 | 1.5 / 37s | 72.5 | 134 | 4 | 49 | 0 | 39% / 18938 | bullet |
| [normal] saria | 4 | 50% | 9:35 / 7:33 | 100% | 100% | 1:25 | 4:17 / 9:02 | 1.5 / 71s | 48.5 | 134 | 5 | 9 | 0 | 12% / 8312 | boss_burrower |
| [normal] siege | 4 | 50% | 10:36 / 7:18 | 100% | 100% | 1:19 | 3:30 / 7:06 | 2.0 / 50s | 49.9 | 128 | 1 | 11 | 1 | 13% / 9270 | shock |
| [normal] skadi | 4 | 25% | 7:28 / 3:55 | 100% | 75% | 1:24 | 3:45 / 11:13 | 1.0 / 48s | 41.4 | 138 | 2 | 16 | 0 | 46% / 20303 | corrode |
| [normal] suzuran | 4 | 0% | 7:18 / 6:55 | 100% | 100% | 1:20 | 2:48 / 5:42 | 0.5 / 34s | 24.5 | 84 | 5 | 1 | 0 | 32% / 10844 | corrode |
| [normal] ulpianus | 4 | 25% | 8:43 / 7:21 | 100% | 100% | 1:18 | 3:29 / 5:30 | 2.5 / 18s | 27.6 | 86 | 7 | 0 | 0 | 29% / 16846 | bullet |
| [normal] irene | 4 | 25% | 8:27 / 6:47 | 100% | 100% | 1:11 | 3:46 / 6:27 | 1.2 / 73s | 44.1 | 122 | 11 | 13 | 0 | 36% / 15266 | shock |
| [normal] specter_unchained | 4 | 0% | 7:29 / 6:09 | 100% | 100% | 1:20 | 4:04 / 5:47 | 1.2 / 25s | 25.0 | 68 | 3 | 0 | 0 | 18% / 6431 | mire |
| [normal] logos | 4 | 50% | 9:25 / 7:03 | 100% | 100% | 1:20 | 3:31 / 5:31 | 1.5 / 41s | 53.4 | 118 | 14 | 0 | 0 | 53% / 38504 | shock |
| [normal] lumen | 4 | 25% | 8:04 / 5:58 | 100% | 100% | 1:54 | 3:40 / 8:18 | 1.2 / 45s | 33.7 | 119 | 3 | 0 | 0 | 11% / 4521 | boss_reaper |

### 藏品（docs/35）

| 机器人 | 开局 | 局数 | 平均藏品数 | 藏品直接伤害 | 各流派 出现 / 拿取 | 无效拿取 |
|---|---|---|---|---|---|---|
| expert | eyjafjalla | 4 | 37.2 | 4.2% | A 30/10 B 22/12 C 49/18 D 44/8 E 37/18 F 9/6 G 37/13 H 80/22 通用 111/45 | 0 |
| expert | irene | 4 | 28.0 | 12.1% | A 41/12 B 11/3 C 31/12 D 35/9 E 28/7 F 9/3 G 20/8 H 60/20 通用 74/38 | 0 |
| expert | kaltsit | 4 | 32.2 | 3.3% | A 47/11 B 8/3 C 34/16 D 32/14 E 30/12 F 8/5 G 16/3 H 74/22 通用 82/45 | 0 |
| expert | logos | 4 | 28.0 | 4.9% | A 27/7 B 9/7 C 21/12 D 27/6 E 31/10 F 4/3 G 27/10 H 58/20 通用 78/38 | 0 |
| expert | lumen | 4 | 24.2 | 6.1% | A 17/2 B 11/4 C 38/19 D 19/3 E 34/11 F 6/3 G 20/5 H 62/20 通用 75/31 | 0 |
| expert | mizuki | 4 | 32.2 | 6.3% | A 40/12 B 15/7 C 28/13 D 21/6 E 31/9 F 8/5 G 28/10 H 76/26 通用 90/44 | 0 |
| expert | saria | 4 | 28.2 | 2.3% | A 46/11 B 13/4 C 27/13 D 29/8 E 33/12 F 12/6 G 18/10 H 44/21 通用 74/30 | 0 |
| expert | siege | 4 | 27.0 | 4.1% | A 29/13 B 10/5 C 23/11 D 31/8 E 36/8 F 5/1 G 32/11 H 53/19 通用 66/32 | 0 |
| expert | skadi | 4 | 30.8 | 6.1% | A 42/10 B 14/9 C 29/17 D 30/7 E 29/5 F 6/5 G 35/16 H 58/13 通用 83/41 | 0 |
| expert | specter_unchained | 4 | 30.5 | 8.5% | A 34/3 B 23/12 C 32/13 D 32/11 E 23/9 F 6/4 G 26/15 H 65/17 通用 87/39 | 0 |
| expert | suzuran | 4 | 26.0 | 7.8% | A 24/7 B 14/8 C 26/14 D 17/5 E 39/10 F 8/4 G 25/5 H 52/17 通用 67/36 | 0 |
| expert | ulpianus | 4 | 43.2 | 6.0% | A 70/29 B 22/15 C 40/19 D 46/12 E 43/12 F 12/5 G 32/16 H 86/22 通用 88/43 | 0 |
| expert | wisadel | 4 | 28.5 | 2.1% | A 26/12 B 13/4 C 23/16 D 25/10 E 33/8 F 3/1 G 25/11 H 44/12 通用 64/41 | 0 |
| normal | eyjafjalla | 4 | 17.8 | 0.0% | A 12/3 B 5/1 C 12/6 D 21/8 E 25/11 F 4/0 G 14/7 H 44/12 通用 45/23 | 0 |
| normal | irene | 4 | 13.8 | 2.4% | A 24/10 B 5/1 C 10/1 D 14/6 E 13/4 F 1/1 G 13/2 H 20/8 通用 25/22 | 0 |
| normal | kaltsit | 4 | 13.5 | 2.2% | A 13/3 B 7/3 C 10/3 D 13/6 E 16/5 F 6/2 G 12/2 H 24/9 通用 36/22 | 0 |
| normal | logos | 4 | 18.8 | 0.4% | A 17/6 B 5/2 C 20/10 D 11/3 E 18/7 F 4/0 G 17/2 H 30/16 通用 46/29 | 0 |
| normal | lumen | 4 | 16.8 | 0.0% | A 27/13 B 1/0 C 14/3 D 15/6 E 13/6 F 3/2 G 15/4 H 25/8 通用 47/25 | 0 |
| normal | mizuki | 4 | 24.8 | 0.5% | A 30/11 B 10/3 C 16/4 D 26/7 E 25/12 F 4/2 G 24/3 H 49/18 通用 80/39 | 0 |
| normal | saria | 4 | 15.5 | 0.0% | A 18/3 B 6/2 C 17/5 D 16/4 E 16/7 F 2/0 G 18/4 H 35/17 通用 35/20 | 0 |
| normal | siege | 4 | 26.2 | 16.5% | A 27/8 B 7/3 C 16/6 D 35/14 E 32/14 F 7/3 G 21/4 H 60/23 通用 65/31 | 0 |
| normal | skadi | 4 | 13.2 | 0.8% | A 18/7 B 8/2 C 17/6 D 9/3 E 10/3 F 2/0 G 10/3 H 34/12 通用 39/17 | 0 |
| normal | specter_unchained | 4 | 18.2 | 3.3% | A 18/9 B 8/6 C 16/5 D 19/8 E 20/7 F 5/2 G 15/5 H 28/6 通用 47/27 | 0 |
| normal | suzuran | 4 | 12.0 | 0.0% | A 9/3 B 5/0 C 10/5 D 10/5 E 10/5 F 4/3 G 9/3 H 16/4 通用 30/20 | 0 |
| normal | ulpianus | 4 | 22.2 | 1.1% | A 34/14 B 6/1 C 22/8 D 27/8 E 22/4 F 3/1 G 16/7 H 43/15 通用 50/31 | 0 |
| normal | wisadel | 4 | 18.2 | 0.0% | A 17/4 B 6/1 C 22/10 D 25/7 E 16/4 F 4/1 G 15/7 H 41/12 通用 47/27 | 0 |
| 合计 | | | | | A 737/233 B 264/118 C 603/265 D 629/192 E 663/220 F 145/68 G 540/186 H 1261/411 通用 1631/836 | |

拿取最多（出现 / 拿取）：“观望” 0/83，“犹疑” 0/81，“决心” 0/61，海潮的气息 0/49，损坏的左轮弹巢 133/44，深蓝之心 0/42，阿卡胡拉饭碗 87/38，洁白的舞鞋 64/38，开裂的束缚带 124/37，镶金骨骰 148/36，羽兽肝酱 144/35，显圣吊坠 131/35
耗时 1026s
写入 build/cloud/rm-new-solob/rm_solo_new_0926_1735.{json,md}
