跑 112 局（1 流派 × 2 机器人 × 7 编队 × 8 seed），并行 4（全机上限 4），源文件摘要 9cef49858f6923c4
### 最终 Boss（按类型；上面的「终局」列是四种混算）

| 机器人 | 最终 Boss | 结局 | 出场 | 击杀 | 用时 均 / 中 / P90 / 最短–最长（出现起算） | 中 / P90（可受伤起算） | 阶段护盾秒 / 过卡点数 均 | 未击杀时剩余血量 |
|---|---|---|---|---|---|---|---|---|
| expert | 伊祖米克 | deep 16 | 16 | 13 | 69s / 62s / 109s / 46–122s | 27s / 95s | 4.2 / 1.9 | 48% |
| expert | 最后的骑士 | knight 14 | 14 | 12 | 73s / 66s / 103s / 30–160s | 66s / 103s | 2.8 / 1.9 | 6% |
| expert | 偏执泡影 | standard 13 | 13 | 9 | 53s / 53s / 80s / 29–80s | 53s / 80s | 2.1 / 1.4 | 69% |
| expert | 伊莎玛拉 | resolve 10 | 10 | 8 | 42s / 42s / 67s / 28–67s | 42s / 67s | 4.2 / 1.8 | 57% |
| normal | 最后的骑士 | knight 9 | 9 | 4 | 55s / 43s / 98s / 36–98s | 44s / 98s | 4.4 / 1.0 | 73% |
| normal | 偏执泡影 | standard 8 | 8 | 6 | 86s / 75s / 148s / 30–148s | 76s / 148s | 3.0 / 1.5 | 87% |
| normal | 伊莎玛拉 | resolve 5 | 5 | 4 | 57s / 34s / 131s / 30–131s | 34s / 131s | 7.8 / 1.8 | 52% |
| normal | 伊祖米克 | deep 4 | 4 | 4 | 54s / 52s / 77s / 37–77s | 26s / 57s | 9.4 / 2.0 | - |

### 难度 / 缩圈 / 同屏峰值

#### 前 3 分钟

| 机器人 | 难度 | 局数 | 3:00 前死亡 | 前 3 分钟承伤 均 / 中 | 3:00 时生命 |
|---|---|---|---|---|---|
| expert | 0 | 56 | 0% | 22 / 20 | 100% |
| normal | 0 | 56 | 0% | 25 / 20 | 99% |

#### 死因 × 缩圈阶段 × Boss 在场（失败的局）

| 机器人 | 难度 | 死因 | 缩圈（第几轮 · 阶段） | 圈外 | Boss 在场 | 局数 | 平均死亡时间 |
|---|---|---|---|---|---|---|---|
| expert | 0 | bullet | 第 1 轮 · 稳定 | 否 | 是 | 3 | 13:00 |
| expert | 0 | bullet | 第 3 轮 · 稳定 | 否 | 是 | 2 | 13:00 |
| expert | 0 | corrode | 第 1 轮 · 稳定 | 否 | 是 | 2 | 11:55 |
| expert | 0 | bullet | 第 2 轮 · 预告 | 否 | 否 | 1 | 5:13 |
| expert | 0 | shock | 第 4 轮 · 预告 | 否 | 否 | 1 | 8:51 |
| expert | 0 | bullet | 第 4 轮 · 稳定 | 否 | 是 | 1 | 13:00 |
| expert | 0 | dark | 第 1 轮 · 稳定 | 否 | 是 | 1 | 10:17 |
| expert | 0 | contact_founder | 第 1 轮 · 稳定 | 否 | 是 | 1 | 12:16 |
| expert | 0 | corrode | 第 3 轮 · 稳定 | 否 | 是 | 1 | 13:00 |
| expert | 0 | mire | 第 1 轮 · 稳定 | 否 | 是 | 1 | 6:58 |
| normal | 0 | corrode | 第 3 轮 · 稳定 | 否 | 是 | 5 | 7:44 |
| normal | 0 | corrode | 第 2 轮 · 稳定 | 否 | 否 | 3 | 5:58 |
| normal | 0 | mire | 第 1 轮 · 稳定 | 否 | 是 | 3 | 8:20 |
| normal | 0 | corrode | 第 1 轮 · 稳定 | 否 | 是 | 2 | 9:15 |
| normal | 0 | bullet | 第 3 轮 · 稳定 | 否 | 是 | 2 | 10:07 |
| normal | 0 | contact_slider | 第 3 轮 · 稳定 | 否 | 否 | 1 | 6:39 |
| normal | 0 | boss_burrower | 第 1 轮 · 稳定 | 否 | 是 | 1 | 6:33 |
| normal | 0 | contact_slider | 第 2 轮 · 收缩 | 否 | 否 | 1 | 5:06 |
| normal | 0 | mire | 第 3 轮 · 收缩 | 否 | 否 | 1 | 6:57 |
| normal | 0 | mire | 第 2 轮 · 预告 | 否 | 是 | 1 | 7:27 |
| normal | 0 | bullet | 第 2 轮 · 预告 | 否 | 否 | 1 | 5:11 |
| normal | 0 | dark | 第 2 轮 · 稳定 | 否 | 否 | 1 | 5:52 |
| normal | 0 | shock | 第 1 轮 · 稳定 | 否 | 是 | 1 | 3:36 |
| normal | 0 | corrode | 第 1 轮 · 稳定 | 否 | 否 | 1 | 4:56 |
| normal | 0 | corrode | 第 3 轮 · 收缩 | 否 | 是 | 1 | 8:25 |
| normal | 0 | boss_tracer | 第 4 轮 · 收缩 | 否 | 否 | 1 | 9:27 |
| normal | 0 | shock | 第 3 轮 · 稳定 | 否 | 否 | 1 | 7:55 |
| normal | 0 | mire | 第 3 轮 · 稳定 | 否 | 是 | 1 | 12:25 |
| normal | 0 | corrode | 第 4 轮 · 收缩 | 否 | 否 | 1 | 8:44 |
| normal | 0 | bullet | 第 1 轮 · 稳定 | 否 | 是 | 1 | 10:54 |
| normal | 0 | boss_tracer | 第 3 轮 · 稳定 | 否 | 是 | 1 | 7:38 |
| normal | 0 | contact_ripper | 第 3 轮 · 收缩 | 否 | 是 | 1 | 7:29 |
| normal | 0 | shock | 第 3 轮 · 稳定 | 否 | 是 | 1 | 8:09 |
| normal | 0 | corrode | 第 4 轮 · 稳定 | 否 | 是 | 1 | 10:36 |
| normal | 0 | contact_ripper | 第 3 轮 · 稳定 | 否 | 是 | 1 | 13:00 |
| normal | 0 | corrode | 第 3 轮 · 预告 | 否 | 否 | 1 | 7:33 |
| normal | 0 | corrode | 第 3 轮 · 收缩 | 否 | 否 | 1 | 6:38 |
| normal | 0 | mire | 第 5 轮 · 稳定 | 否 | 是 | 1 | 10:09 |

#### 同屏数量峰值（每局峰值的 平均 / 最大）

| 机器人 | 难度 | 局数 | 范围 | 敌人 | 敌方弹幕（含抛射） | 我方子弹 | 特效 | 飘字 |
|---|---|---|---|---|---|---|---|---|
| expert | 0 | 56 | 全程 | 243 / 343 | 48 / 109 | 3 / 12 | 384 / 499 | 45 / 48 |
| expert | 0 | 54 | 8:00–10:00 | 226 / 332 | 39 / 81 | 2 / 8 | 360 / 499 | 43 / 48 |
| normal | 0 | 56 | 全程 | 269 / 450 | 45 / 119 | 2 / 10 | 353 / 468 | 43 / 48 |
| normal | 0 | 33 | 8:00–10:00 | 242 / 450 | 45 / 86 | 2 / 6 | 342 / 439 | 33 / 48 |

### 大群（按第几次）

| 机器人 | 第几次 | 出现 | 时间 | 数量 | 清 80% 用时 均 / 中（清完/出现） | 20 秒内掉血 均 / 最大 | 30 秒内死亡 | 编成 |
|---|---|---|---|---|---|---|---|---|
| expert | 1 | 56 | 1:15 | 26 | 16s / 12s（56/56） | 3 / 16 | 0 | bone/slider/stone ×29；bone/slider ×27 |
| expert | 2 | 56 | 2:45 | 33 | 15s / 12s（56/56） | 3 / 9 | 0 | bone/slider ×29；bone/slider/stone ×27 |
| expert | 3 | 49 | 4:52 | 44 | 15s / 12s（49/49） | 8 / 40 | 1 | bone/ripper/slider/stone ×11；bone/offspring/ripper/slider/stone ×10；bone/floater/ripper/runner/slider/tracer ×8 |
| expert | 4 | 46 | 6:10 | 50 | 13s / 11s（46/46） | 11 / 28 | 0 | bone/burrower/ripper/slider ×15；bone/floater/ripper/runner/slider/tracer ×15；bone/offspring/ripper/slider/spitter ×12 |
| expert | 5 | 40 | 7:49 | 59 | 11s / 10s（40/40） | 10 / 55 | 0 | bone/burrower/offspring/ripper/slider/stone ×20；bone/floater/founder/nest/ripper/runner/slider ×10；burrower/ripper/slider/spitter ×7 |
| expert | 6 | 35 | 8:52 | 64 | 9s / 8s（35/35） | 23 / 100 | 0 | burrower/hulk/ripper/slider/spitter ×11；burrower/offspring/ripper/slider/spitter/stone ×10；burrower/floater/founder/nest/reaper/ripper/runner/slider/tracer ×7 |
| normal | 1 | 56 | 1:15 | 26 | 10s / 9s（56/56） | 7 / 30 | 0 | bone/slider/stone ×28；bone/slider ×28 |
| normal | 2 | 56 | 2:45 | 33 | 16s / 14s（56/56） | 6 / 26 | 0 | bone/slider ×28；bone/slider/stone ×28 |
| normal | 3 | 47 | 4:43 | 43 | 26s / 23s（45/47） | 10 / 54 | 0 | bone/floater/ripper/runner/slider ×14；bone/burrower/ripper/slider ×9；bone/ripper/slider/stone ×9 |
| normal | 4 | 40 | 6:02 | 50 | 23s / 17s（39/40） | 21 / 102 | 1 | bone/floater/ripper/runner/slider/tracer ×15；bone/offspring/ripper/slider/spitter ×12；bone/burrower/ripper/slider ×10 |
| normal | 5 | 18 | 7:55 | 59 | 13s / 10s（18/18） | 39 / 129 | 1 | burrower/ripper/slider/spitter ×7；bone/burrower/offspring/ripper/slider/stone ×5；bone/floater/founder/nest/ripper/runner/slider ×3 |
| normal | 6 | 11 | 8:43 | 63 | 10s / 9s（11/11） | 27 / 90 | 0 | burrower/hulk/ripper/slider/spitter ×3；burrower/offspring/ripper/slider/spitter/stone ×3；burrower/ripper/slider/spitter ×3 |

### 按机器人汇总

| 机器人 | 局数 | 胜率 | 平均存活 | 3:30 存活 | 平均终局等级 | 平均击杀 | 目标（胜率 / 存活） | 判定 |
|---|---|---|---|---|---|---|---|---|
| normal | 56 | 32% | 8:57 | 100% | 26.1 | 4584 | 30–55% / 7:00–13:00 | **达标** |
| expert | 56 | 75% | 11:06 | 100% | 32.9 | 6492 | 70–95% / 9:00–13:00 | **达标** |

### 明细

| 编队 | n | 胜率 | 存活(均/最短) | 托底(次/首次) | Lv 2:00/5:00/8:00/末 | 终Boss剩余 | 精二占比 | 灯火 | 击杀 | 主要伤害来源 | 治疗来源(总量/无人机Lv) | 主要死因 |
|---|---|---|---|---|---|---|---|---|---|---|---|---|
| [expert] wisadel | 8 | 100% | 10:51 / 10:29 | 0.0 / - | 7 / 16 / 26 / 34 | - | 100% | 70 | 6564 | 殉爆 25% 余震 21% 饱和炮击 11% 锯刃 5% | 凯尔希 46% 水月 19% 塞雷娅 17% (315 / 0.4) | bullet |
| [expert] eyjafjalla | 8 | 87% | 10:11 / 5:13 | 0.0 / - | 7 / 16 / 26 / 32 | - | 95% | 62 | 5963 | 火山弹 22% 火山 10% 熔岩天降 8% 火星 5% | 塞雷娅 36% 流明 25% 凯尔希 11% (469 / 0.6) | bullet |
| [expert] skadi | 8 | 50% | 11:37 / 8:51 | 0.0 / - | 7 / 14 / 24 / 33 | 54% | 100% | 58 | 6725 | 大剑 24% Mon3tr 12% Mon3tr · 真伤 7% 跃浪 4% | 塞雷娅 33% 凯尔希 32% 拾取 21% (604 / 0.4) | bullet |
| [expert] mizuki | 8 | 100% | 10:55 / 10:41 | 0.0 / - | 7 / 16 / 25 / 33 | - | 100% | 80 | 6546 | 触手 27% 伞击 13% 技能 6% 火山弹 4% | 水月 76% 塞雷娅 8% 流明 4% (410 / 0.4) | bullet |
| [expert] saria | 8 | 50% | 11:37 / 10:17 | 0.0 / - | 5 / 14 / 24 / 33 | 47% | 100% | 64 | 6571 | 殉爆 11% 余震 10% 火山弹 5% 大剑 5% | 塞雷娅 76% 流明 10% 凯尔希 6% (1069 / 0.0) | bullet |
| [expert] kaltsit | 8 | 87% | 11:13 / 10:46 | 0.0 / - | 6 / 16 / 25 / 34 | 55% | 100% | 85 | 6685 | Mon3tr · 真伤 15% 锯刃 10% Mon3tr 9% 殉爆 4% | 凯尔希 67% 流明 20% 水月 6% (554 / 0.0) | bullet |
| [expert] suzuran | 8 | 50% | 11:17 / 6:58 | 0.0 / - | 7 / 14 / 23 / 32 | 37% | 92% | 60 | 6394 | 狐火 12% 藏品 8% Mon3tr 8% 大剑 6% | 铃兰 28% 凯尔希 25% 塞雷娅 14% (891 / 0.1) | bullet |
| [normal] wisadel | 8 | 37% | 8:17 / 6:14 | 0.0 / - | 7 / 15 / 26 / 25 | 44% | 20% | 55 | 4213 | 余震 22% 炮击 15% 殉爆 12% Mon3tr 7% | 拾取 28% 流明 23% 凯尔希 23% (416 / 0.1) | bullet |
| [normal] eyjafjalla | 8 | 0% | 6:32 / 3:36 | 0.0 / - | 6 / 14 / 19 / 18 | 91% | 0% | 55 | 2584 | 火山弹 36% 火星 6% 拳击 6% 余震 4% | 拾取 37% 塞雷娅 25% 流明 20% (421 / 0.2) | shock |
| [normal] skadi | 8 | 37% | 8:31 / 3:44 | 0.0 / - | 7 / 15 / 24 / 26 | 35% | 43% | 71 | 4419 | 大剑 36% 刺剑 6% 潮涌斩 5% 火山弹 5% | 塞雷娅 23% 拾取 17% 无人机 13% (395 / 0.2) | bullet |
| [normal] mizuki | 8 | 62% | 10:58 / 7:55 | 0.0 / - | 7 / 15 / 23 / 31 | 84% | 37% | 73 | 5995 | 伞击 19% 触手 16% 技能·法术 9% 大剑 7% | 水月 53% 流明 24% 塞雷娅 9% (1376 / 0.4) | bullet |
| [normal] saria | 8 | 37% | 9:55 / 7:44 | 0.0 / - | 6 / 15 / 24 / 29 | 46% | 41% | 30 | 5301 | 锯刃 14% 大剑 13% 狐火 7% 拳击 7% | 塞雷娅 90% 拾取 3% 无人机 3% (1370 / 0.4) | bullet |
| [normal] kaltsit | 8 | 37% | 8:51 / 5:30 | 0.0 / - | 7 / 15 / 24 / 26 | 72% | 16% | 45 | 4550 | Mon3tr 48% 锯刃 7% 食腐 4% 刺剑 4% | 凯尔希 78% 流明 12% 塞雷娅 5% (1126 / 0.5) | bullet |
| [normal] suzuran | 8 | 12% | 9:35 / 6:38 | 0.0 / - | 7 / 15 / 24 / 28 | 40% | 33% | 72 | 5023 | 狐火 26% 骑士 7% 大剑 5% 锤击 5% | 铃兰 29% 流明 25% 拾取 14% (1023 / 0.8) | shock |

### 机器人指标（docs/29）

| 机器人 · 开局 | n | 胜率 | 存活 均/最短 | 3:30 存活 | 5:00 存活 | 首次招募 | 首次精一 / 精二 | 中期 Boss 击杀数 / 平均用时 | 受击/分 | 承伤/分 | 低血(<35%)秒 | 熄灯秒 | 静止% | 开局干员 伤害占比 / 每分钟 | 主要死因 |
|---|---|---|---|---|---|---|---|---|---|---|---|---|---|---|---|
| [expert] wisadel | 8 | 100% | 10:51 / 10:29 | 100% | 100% | 1:17 | 0:51 / 3:00 | 2.6 / 34s | 18.8 | 38 | 0 | 0 | 15 | 67% / 62103 | - |
| [expert] eyjafjalla | 8 | 87% | 10:11 / 5:13 | 100% | 100% | 1:32 | 0:52 / 2:58 | 2.2 / 40s | 15.7 | 66 | 4 | 1 | 12 | 54% / 46302 | bullet |
| [expert] skadi | 8 | 50% | 11:37 / 8:51 | 100% | 100% | 1:16 | 0:50 / 3:21 | 2.5 / 117s | 24.4 | 74 | 0 | 3 | 11 | 35% / 33107 | bullet |
| [expert] mizuki | 8 | 100% | 10:55 / 10:41 | 100% | 100% | 1:21 | 0:51 / 2:57 | 2.4 / 37s | 13.8 | 43 | 1 | 2 | 13 | 49% / 52254 | - |
| [expert] saria | 8 | 50% | 11:37 / 10:17 | 100% | 100% | 2:03 | 0:48 / 3:30 | 2.2 / 157s | 21.2 | 104 | 3 | 9 | 12 | 9% / 7760 | bullet |
| [expert] kaltsit | 8 | 87% | 11:13 / 10:46 | 100% | 100% | 1:44 | 1:28 / 3:49 | 2.6 / 63s | 18.1 | 56 | 0 | 0 | 15 | 27% / 26001 | bullet |
| [expert] suzuran | 8 | 50% | 11:17 / 6:58 | 100% | 100% | 1:41 | 1:01 / 3:16 | 1.6 / 110s | 33.5 | 92 | 2 | 27 | 12 | 16% / 12945 | corrode |
| [normal] wisadel | 8 | 37% | 8:17 / 6:14 | 100% | 100% | 1:19 | 3:59 / 7:46 | 1.5 / 36s | 34.2 | 84 | 6 | 11 | 0 | 55% / 29657 | corrode |
| [normal] eyjafjalla | 8 | 0% | 6:32 / 3:36 | 100% | 87% | 1:20 | 4:20 / - | 0.9 / 127s | 29.2 | 81 | 11 | 8 | 0 | 49% / 10741 | mire |
| [normal] skadi | 8 | 37% | 8:31 / 3:44 | 100% | 75% | 1:24 | 3:48 / 6:22 | 1.6 / 79s | 26.2 | 81 | 8 | 3 | 0 | 51% / 29993 | corrode |
| [normal] mizuki | 8 | 62% | 10:58 / 7:55 | 100% | 100% | 1:20 | 3:48 / 8:53 | 1.9 / 99s | 28.5 | 144 | 1 | 3 | 0 | 48% / 33791 | corrode |
| [normal] saria | 8 | 37% | 9:55 / 7:44 | 100% | 100% | 1:19 | 4:13 / 8:34 | 1.8 / 75s | 41.1 | 160 | 13 | 23 | 0 | 12% / 7593 | corrode |
| [normal] kaltsit | 8 | 37% | 8:51 / 5:30 | 100% | 100% | 1:28 | 3:39 / 8:11 | 1.5 / 91s | 75.9 | 147 | 6 | 30 | 0 | 49% / 24967 | mire |
| [normal] suzuran | 8 | 12% | 9:35 / 6:38 | 100% | 100% | 1:21 | 3:57 / 6:45 | 1.8 / 48s | 28.9 | 133 | 10 | 0 | 0 | 28% / 16788 | corrode |

### 藏品（docs/35）

| 机器人 | 开局 | 局数 | 平均藏品数 | 藏品直接伤害 | 各流派 出现 / 拿取 | 无效拿取 |
|---|---|---|---|---|---|---|
| expert | eyjafjalla | 8 | 30.1 | 4.8% | A 73/24 B 20/10 C 47/28 D 49/16 E 78/21 F 20/11 G 57/21 H 93/41 通用 140/69 | 0 |
| expert | kaltsit | 8 | 26.4 | 7.6% | A 79/25 B 15/6 C 53/22 D 53/14 E 59/15 F 13/8 G 40/13 H 114/34 通用 163/76 | 0 |
| expert | mizuki | 8 | 29.4 | 4.3% | A 72/20 B 25/12 C 62/25 D 51/11 E 53/14 F 25/14 G 51/18 H 133/52 通用 153/72 | 0 |
| expert | saria | 8 | 18.5 | 2.8% | A 34/11 B 14/8 C 28/14 D 35/13 E 31/10 F 10/2 G 31/13 H 68/21 通用 87/58 | 0 |
| expert | skadi | 8 | 20.0 | 5.2% | A 56/10 B 22/10 C 33/17 D 39/6 E 41/10 F 14/8 G 30/13 H 84/27 通用 108/59 | 0 |
| expert | suzuran | 8 | 17.4 | 12.7% | A 34/14 B 15/9 C 30/18 D 29/3 E 40/8 F 12/6 G 29/9 H 56/18 通用 78/55 | 0 |
| expert | wisadel | 8 | 30.6 | 2.2% | A 66/22 B 27/12 C 54/30 D 73/23 E 71/19 F 15/6 G 51/18 H 118/41 通用 140/74 | 0 |
| normal | eyjafjalla | 8 | 6.0 | 0.5% | A 8/3 B 6/3 C 10/7 D 9/6 E 11/4 F 4/2 G 7/2 H 16/2 通用 33/19 | 0 |
| normal | kaltsit | 8 | 13.0 | 4.4% | A 16/6 B 10/5 C 13/4 D 26/12 E 28/11 F 10/1 G 19/4 H 52/23 通用 70/38 | 0 |
| normal | mizuki | 8 | 17.5 | 0.8% | A 31/12 B 7/4 C 46/12 D 32/12 E 14/5 F 4/2 G 27/13 H 65/22 通用 93/59 | 0 |
| normal | saria | 8 | 15.9 | 0.4% | A 30/10 B 10/2 C 32/12 D 28/15 E 28/10 F 7/2 G 31/11 H 47/20 通用 80/45 | 0 |
| normal | skadi | 8 | 15.2 | 1.0% | A 35/13 B 18/6 C 27/8 D 33/10 E 24/3 F 11/4 G 21/7 H 53/20 通用 73/51 | 0 |
| normal | suzuran | 8 | 16.8 | 1.8% | A 25/6 B 18/3 C 21/9 D 20/5 E 36/20 F 7/2 G 22/8 H 63/24 通用 91/57 | 0 |
| normal | wisadel | 8 | 15.8 | 2.7% | A 34/12 B 15/5 C 27/11 D 28/10 E 32/11 F 11/3 G 22/5 H 47/18 通用 74/51 | 0 |
| 合计 | | | | | A 593/188 B 222/95 C 483/217 D 505/156 E 546/161 F 163/71 G 438/155 H 1009/363 通用 1383/783 | |

拿取最多（出现 / 拿取）：“观望” 0/90，“犹疑” 0/80，“决心” 0/75，海潮的气息 0/43，深蓝之心 0/36，老近卫军之锋 108/34，凯旋号角 131/34，镶金骨骰 114/33，残破合影 109/33，羽兽肝酱 117/33，贵族刺剑 132/32，阿卡胡拉饭碗 75/30
耗时 1679s
写入 build/cloud/arena-new/ar_new_0926_1706.{json,md}
跑 16 局（1 流派 × 2 机器人 × 1 编队 × 8 seed），并行 4（全机上限 4），源文件摘要 9cef49858f6923c4
### 最终 Boss（按类型；上面的「终局」列是四种混算）

| 机器人 | 最终 Boss | 结局 | 出场 | 击杀 | 用时 均 / 中 / P90 / 最短–最长（出现起算） | 中 / P90（可受伤起算） | 阶段护盾秒 / 过卡点数 均 | 未击杀时剩余血量 |
|---|---|---|---|---|---|---|---|---|
| expert | 偏执泡影 | standard 2 | 2 | 2 | 147s / 147s / 156s / 138–156s | 147s / 156s | 0.0 / 2.0 | - |
| expert | 伊祖米克 | deep 1 | 1 | 1 | 44s / 44s / 44s / 44–44s | 24s / 24s | 9.7 / 2.0 | - |
| expert | 伊莎玛拉 | resolve 1 | 1 | 0 | - | - | 0.0 / 0.0 | 94% |
| expert | 最后的骑士 | knight 1 | 1 | 0 | - | - | 0.0 / 1.0 | 60% |

### 难度 / 缩圈 / 同屏峰值

#### 前 3 分钟

| 机器人 | 难度 | 局数 | 3:00 前死亡 | 前 3 分钟承伤 均 / 中 | 3:00 时生命 |
|---|---|---|---|---|---|
| expert | 0 | 8 | 0% | 37 / 40 | 99% |
| normal | 0 | 8 | 0% | 87 / 80 | 99% |

#### 死因 × 缩圈阶段 × Boss 在场（失败的局）

| 机器人 | 难度 | 死因 | 缩圈（第几轮 · 阶段） | 圈外 | Boss 在场 | 局数 | 平均死亡时间 |
|---|---|---|---|---|---|---|---|
| expert | 0 | mire | 第 3 轮 · 稳定 | 否 | 否 | 1 | 9:04 |
| expert | 0 | bullet | 第 4 轮 · 收缩 | 否 | 否 | 1 | 9:28 |
| expert | 0 | contact_path | 第 1 轮 · 稳定 | 否 | 是 | 1 | 4:01 |
| expert | 0 | shock | 第 4 轮 · 稳定 | 否 | 是 | 1 | 10:02 |
| expert | 0 | shock | 第 1 轮 · 稳定 | 否 | 是 | 1 | 11:07 |
| normal | 0 | bullet | 第 3 轮 · 预告 | 否 | 否 | 1 | 6:33 |
| normal | 0 | contact_burrower | 第 1 轮 · 稳定 | 否 | 是 | 1 | 4:58 |
| normal | 0 | contact_tracer | 第 1 轮 · 稳定 | 否 | 是 | 1 | 6:46 |
| normal | 0 | contact_slider | 第 3 轮 · 稳定 | 否 | 是 | 1 | 7:02 |
| normal | 0 | bullet | 第 3 轮 · 稳定 | 否 | 否 | 1 | 8:26 |
| normal | 0 | mire | 第 1 轮 · 稳定 | 否 | 是 | 1 | 5:30 |
| normal | 0 | contact_tracer | 第 2 轮 · 稳定 | 否 | 否 | 1 | 6:24 |
| normal | 0 | contact_ripper | 第 2 轮 · 稳定 | 否 | 否 | 1 | 5:43 |

#### 同屏数量峰值（每局峰值的 平均 / 最大）

| 机器人 | 难度 | 局数 | 范围 | 敌人 | 敌方弹幕（含抛射） | 我方子弹 | 特效 | 飘字 |
|---|---|---|---|---|---|---|---|---|
| expert | 0 | 8 | 全程 | 432 / 459 | 48 / 75 | 1 / 5 | 419 / 477 | 46 / 48 |
| expert | 0 | 7 | 8:00–10:00 | 242 / 297 | 45 / 75 | 1 / 5 | 390 / 452 | 44 / 48 |
| normal | 0 | 8 | 全程 | 268 / 451 | 26 / 40 | 1 / 6 | 344 / 420 | 36 / 48 |
| normal | 0 | 1 | 8:00–10:00 | 158 / 158 | 37 / 37 | 0 / 0 | 167 / 167 | 42 / 42 |

### 大群（按第几次）

| 机器人 | 第几次 | 出现 | 时间 | 数量 | 清 80% 用时 均 / 中（清完/出现） | 20 秒内掉血 均 / 最大 | 30 秒内死亡 | 编成 |
|---|---|---|---|---|---|---|---|---|
| expert | 1 | 8 | 1:15 | 26 | 114s / 125s（8/8） | 2 / 6 | 0 | bone/slider ×5；bone/slider/stone ×3 |
| expert | 2 | 8 | 2:45 | 33 | 76s / 78s（4/8） | 5 / 20 | 0 | bone/slider/stone ×5；bone/slider ×3 |
| expert | 3 | 6 | 5:13 | 46 | 24s / 20s（6/6） | 12 / 34 | 0 | bone/offspring/ripper/slider/spitter ×3；bone/offspring/ripper/slider/stone ×1；bone/burrower/ripper/slider ×1 |
| expert | 4 | 6 | 6:41 | 53 | 16s / 17s（6/6） | 15 / 35 | 0 | bone/floater/ripper/runner/slider/tracer ×2；bone/burrower/ripper/slider ×1；bone/offspring/ripper/slider/spitter ×1 |
| expert | 5 | 6 | 8:16 | 61 | 16s / 10s（6/6） | 44 / 155 | 0 | burrower/ripper/slider/spitter ×2；bone/floater/founder/nest/ripper/runner/slider ×1；burrower/hulk/ripper/slider/spitter ×1 |
| expert | 6 | 3 | 8:58 | 64 | 15s / 16s（3/3） | 57 / 148 | 0 | burrower/hulk/ripper/slider/spitter ×2；bone/burrower/offspring/ripper/slider/stone ×1 |
| normal | 1 | 8 | 1:15 | 26 | 39s / 27s（8/8） | 10 / 20 | 0 | bone/slider ×5；bone/slider/stone ×3 |
| normal | 2 | 8 | 2:45 | 33 | 14s / 13s（7/8） | 8 / 24 | 0 | bone/slider/stone ×5；bone/slider ×3 |
| normal | 3 | 5 | 4:29 | 42 | 38s / 38s（4/5） | 14 / 43 | 0 | bone/offspring/ripper/slider/spitter ×2；bone/floater/ripper/runner/slider ×1；bone/ripper/slider/stone ×1 |
| normal | 4 | 5 | 5:52 | 49 | 19s / 16s（3/5） | 37 / 105 | 2 | bone/burrower/ripper/slider ×4；bone/offspring/ripper/slider/spitter ×1 |
| normal | 5 | 1 | 8:26 | 62 | -（0/1） | 21 / 21 | 1 | burrower/ripper/slider/spitter ×1 |

### 按机器人汇总

| 机器人 | 局数 | 胜率 | 平均存活 | 3:30 存活 | 平均终局等级 | 平均击杀 | 目标（胜率 / 存活） | 判定 |
|---|---|---|---|---|---|---|---|---|
| normal | 8 | 0% | 6:25 | 100% | 19.2 | 2466 | 30–55% / 7:00–13:00 | **偏难** |
| expert | 8 | 37% | 9:55 | 100% | 29.6 | 5301 | 70–95% / 9:00–13:00 | **偏难** |

### 明细

| 编队 | n | 胜率 | 存活(均/最短) | 托底(次/首次) | Lv 2:00/5:00/8:00/末 | 终Boss剩余 | 精二占比 | 灯火 | 击杀 | 主要伤害来源 | 治疗来源(总量/无人机Lv) | 主要死因 |
|---|---|---|---|---|---|---|---|---|---|---|---|---|
| [expert] lumen | 8 | 37% | 9:55 / 4:01 | 0.0 / - | 3 / 15 / 25 / 30 | 53% | 87% | 80 | 5301 | 大剑 6% 火山弹 5% 锚击 5% 墓志铭 5% | 流明 82% 水月 5% 塞雷娅 5% (729 / 0.0) | bullet |
| [normal] lumen | 8 | 0% | 6:25 / 4:58 | 0.0 / - | 6 / 15 / 24 / 19 | 60% | 4% | 65 | 2466 | 锯刃 8% 光弹 8% 刺剑 7% 伞击 7% | 流明 76% 水月 12% 拾取 6% (442 / 0.2) | boss_tracer |

### 机器人指标（docs/29）

| 机器人 · 开局 | n | 胜率 | 存活 均/最短 | 3:30 存活 | 5:00 存活 | 首次招募 | 首次精一 / 精二 | 中期 Boss 击杀数 / 平均用时 | 受击/分 | 承伤/分 | 低血(<35%)秒 | 熄灯秒 | 静止% | 开局干员 伤害占比 / 每分钟 | 主要死因 |
|---|---|---|---|---|---|---|---|---|---|---|---|---|---|---|---|
| [expert] lumen | 8 | 37% | 9:55 / 4:01 | 100% | 87% | 3:25 | 2:42 / 4:04 | 2.2 / 88s | 15.8 | 92 | 6 | 0 | 10 | 13% / 8628 | shock |
| [normal] lumen | 8 | 0% | 6:25 / 4:58 | 100% | 87% | 1:46 | 3:31 / 5:01 | 0.8 / 50s | 29.0 | 106 | 5 | 0 | 0 | 16% / 3927 | bullet |

### 藏品（docs/35）

| 机器人 | 开局 | 局数 | 平均藏品数 | 藏品直接伤害 | 各流派 出现 / 拿取 | 无效拿取 |
|---|---|---|---|---|---|---|
| expert | lumen | 8 | 15.6 | 2.5% | A 30/8 B 11/4 C 31/16 D 22/4 E 23/8 F 7/4 G 27/9 H 75/17 通用 96/56 | 0 |
| normal | lumen | 8 | 7.0 | 1.2% | A 14/8 B 7/5 C 9/1 D 15/6 E 8/0 F 3/2 G 8/3 H 22/4 通用 41/28 | 0 |
| 合计 | | | | | A 44/16 B 18/9 C 40/17 D 37/10 E 31/8 F 10/6 G 35/12 H 97/21 通用 137/84 | |

拿取最多（出现 / 拿取）：“决心” 0/9，“犹疑” 0/8，“观望” 0/7，深蓝之心 0/6，“璀璨悲泣” 13/5，皇帝的恩宠 13/5，海潮的气息 0/5，支援地雷组 9/5，散轶诗简 12/5，贵族刺剑 9/4，异铁小圆盾 13/4，高闪相机 8/4
耗时 272s
写入 build/cloud/arena-new/ar_lumen_new_0926_1710.{json,md}
