跑 56 局（1 流派 × 1 机器人 × 7 编队 × 8 seed），并行 4（全机上限 4），源文件摘要 7b82b5fdbf25927d
### 最终 Boss（按类型；上面的「终局」列是四种混算）

| 机器人 | 最终 Boss | 结局 | 出场 | 击杀 | 用时 均 / 中 / 最短–最长 | 未击杀时剩余血量 |
|---|---|---|---|---|---|---|
| normal | 伊祖米克 | deep 8 | 8 | 6 | 52s / 43s / 36–96s | 41% |
| normal | 偏执泡影 | standard 7 | 7 | 6 | 25s / 28s / 13–33s | 99% |
| normal | 最后的骑士 | knight 5 | 5 | 4 | 46s / 45s / 16–79s | 11% |
| normal | 伊莎玛拉 | resolve 1 | 1 | 1 | 48s / 48s / 48–48s | - |

### 难度 / 缩圈 / 同屏峰值

#### 前 3 分钟

| 机器人 | 难度 | 局数 | 3:00 前死亡 | 前 3 分钟承伤 均 / 中 | 3:00 时生命 |
|---|---|---|---|---|---|
| normal | 0 | 56 | 0% | 28 / 20 | 99% |

#### 死因 × 缩圈阶段 × Boss 在场（失败的局）

| 机器人 | 难度 | 死因 | 缩圈（第几轮 · 阶段） | 圈外 | Boss 在场 | 局数 | 平均死亡时间 |
|---|---|---|---|---|---|---|---|
| normal | 0 | corrode | 第 1 轮 · 稳定 | 否 | 是 | 5 | 5:55 |
| normal | 0 | mire | 第 1 轮 · 稳定 | 否 | 是 | 4 | 8:50 |
| normal | 0 | boss_tracer | 第 2 轮 · 稳定 | 否 | 否 | 3 | 5:44 |
| normal | 0 | contact_tracer | 第 1 轮 · 稳定 | 否 | 是 | 2 | 6:03 |
| normal | 0 | mire | 第 3 轮 · 收缩 | 否 | 是 | 2 | 8:11 |
| normal | 0 | mire | 第 3 轮 · 稳定 | 否 | 是 | 2 | 8:10 |
| normal | 0 | contact_tracer | 第 3 轮 · 稳定 | 否 | 否 | 1 | 7:25 |
| normal | 0 | shock | 第 2 轮 · 稳定 | 否 | 是 | 1 | 7:02 |
| normal | 0 | bullet | 第 1 轮 · 稳定 | 否 | 是 | 1 | 3:44 |
| normal | 0 | corrode | 第 2 轮 · 稳定 | 否 | 否 | 1 | 5:45 |
| normal | 0 | boss_reaper | 第 1 轮 · 稳定 | 否 | 否 | 1 | 4:45 |
| normal | 0 | contact_slider | 第 2 轮 · 稳定 | 否 | 否 | 1 | 5:44 |
| normal | 0 | mire | 第 5 轮 · 稳定 | 否 | 是 | 1 | 10:08 |
| normal | 0 | bullet | 第 3 轮 · 稳定 | 否 | 是 | 1 | 7:42 |
| normal | 0 | corrode | 第 3 轮 · 预告 | 否 | 是 | 1 | 7:30 |
| normal | 0 | mire | 第 4 轮 · 收缩 | 否 | 否 | 1 | 8:38 |
| normal | 0 | corrode | 第 3 轮 · 收缩 | 否 | 是 | 1 | 8:05 |
| normal | 0 | mire | 第 5 轮 · 预告 | 否 | 否 | 1 | 9:44 |
| normal | 0 | mire | 第 5 轮 · 收缩 | 否 | 是 | 1 | 10:32 |
| normal | 0 | contact_iberia | 第 1 轮 · 稳定 | 否 | 是 | 1 | 4:50 |
| normal | 0 | contact_slider | 第 2 轮 · 收缩 | 否 | 否 | 1 | 5:30 |
| normal | 0 | blast_runner | 第 2 轮 · 收缩 | 否 | 否 | 1 | 4:57 |
| normal | 0 | boss_tracer | 第 3 轮 · 稳定 | 否 | 否 | 1 | 7:54 |
| normal | 0 | mire | 第 3 轮 · 收缩 | 否 | 否 | 1 | 6:16 |
| normal | 0 | mire | 第 3 轮 · 预告 | 否 | 是 | 1 | 8:56 |
| normal | 0 | shock | 第 3 轮 · 预告 | 否 | 是 | 1 | 9:41 |
| normal | 0 | bullet | 第 3 轮 · 收缩 | 否 | 否 | 1 | 6:33 |

#### 同屏数量峰值（每局峰值的 平均 / 最大）

| 机器人 | 难度 | 局数 | 范围 | 敌人 | 敌方弹幕（含抛射） | 我方子弹 | 特效 | 飘字 |
|---|---|---|---|---|---|---|---|---|
| normal | 0 | 56 | 全程 | 272 / 454 | 39 / 80 | 3 / 10 | 352 / 454 | 44 / 48 |
| normal | 0 | 30 | 8:00–10:00 | 255 / 450 | 45 / 71 | 2 / 8 | 336 / 431 | 47 / 48 |

### 大群（按第几次）

| 机器人 | 第几次 | 出现 | 时间 | 数量 | 清 80% 用时 均 / 中（清完/出现） | 20 秒内掉血 均 / 最大 | 30 秒内死亡 | 编成 |
|---|---|---|---|---|---|---|---|---|
| normal | 1 | 56 | 1:15 | 26 | 10s / 9s（56/56） | 6 / 39 | 0 | bone/slider ×30；bone/slider/stone ×26 |
| normal | 2 | 56 | 2:45 | 33 | 17s / 12s（56/56） | 7 / 33 | 0 | bone/slider/stone ×30；bone/slider ×26 |
| normal | 3 | 43 | 4:32 | 42 | 28s / 22s（42/43） | 10 / 77 | 1 | bone/offspring/ripper/slider/stone ×13；bone/floater/ripper/runner/slider ×11；bone/ripper/slider/stone ×10 |
| normal | 4 | 38 | 5:43 | 48 | 28s / 19s（35/38） | 23 / 108 | 2 | bone/offspring/ripper/slider/spitter ×17；bone/floater/ripper/runner/slider/tracer ×11；bone/burrower/ripper/slider ×9 |
| normal | 5 | 26 | 7:16 | 56 | 22s / 12s（24/26） | 22 / 97 | 3 | bone/burrower/offspring/ripper/slider/stone ×12；bone/floater/founder/nest/ripper/runner/slider ×8；burrower/ripper/slider/spitter ×6 |
| normal | 6 | 20 | 8:09 | 60 | 14s / 12s（20/20） | 27 / 197 | 1 | bone/floater/founder/nest/ripper/runner/slider ×10；burrower/ripper/slider/spitter ×7；bone/burrower/offspring/ripper/slider/stone ×3 |
| normal | 7 | 19 | 9:17 | 66 | 9s / 7s（19/19） | 17 / 82 | 1 | burrower/floater/founder/nest/reaper/ripper/runner/slider/tracer ×7；burrower/offspring/ripper/slider/spitter/stone ×7；burrower/hulk/ripper/slider/spitter ×5 |

| 编队 | n | 胜率 | 存活(均/最短) | 托底(次/首次) | Lv 2:00/5:00/8:00/末 | 终Boss剩余 | 精二占比 | 灯火 | 击杀 | 主要伤害来源 | 治疗来源(总量/无人机Lv) | 主要死因 |
|---|---|---|---|---|---|---|---|---|---|---|---|---|
| wisadel | 8 | 50% | 8:12 / 3:44 | 0.0 / - | 7 / 15 / 26 / 25 | 54% | 37% | 58 | 4268 | 余震 17% 炮击 14% 殉爆 10% 锯刃 7% | 拾取 27% 水月 24% 无人机 13% (233 / 0.5) | bullet |
| eyjafjalla | 8 | 0% | 5:29 / 4:08 | 0.0 / - | 6 / 14 / 23 / 16 | 61% | 0% | 55 | 1952 | 火山弹 33% Mon3tr 11% 骑士 7% 锚击 6% | 拾取 37% 凯尔希 23% 流明 12% (205 / 0.1) | shock |
| skadi | 8 | 37% | 9:06 / 5:44 | 0.0 / - | 7 / 15 / 25 / 28 | 81% | 45% | 59 | 4808 | 大剑 34% 刺剑 7% 锚击 5% 狐火 5% | 无人机 42% 拾取 17% 塞雷娅 16% (436 / 0.8) | bullet |
| mizuki | 8 | 62% | 9:37 / 7:30 | 0.0 / - | 6 / 15 / 25 / 30 | 48% | 50% | 61 | 5294 | 触手 17% 伞击 14% 大剑 13% 技能·法术 6% | 水月 63% 凯尔希 15% 拾取 13% (583 / 0.4) | bullet |
| saria | 8 | 25% | 9:43 / 5:57 | 0.0 / - | 6 / 14 / 24 / 27 | 74% | 20% | 57 | 4934 | 拳击 13% 狐火 12% 大剑 11% 锚击 8% | 塞雷娅 84% 流明 10% 拾取 2% (1005 / 0.1) | shock |
| kaltsit | 8 | 25% | 7:50 / 4:50 | 0.0 / - | 6 / 16 / 25 / 24 | 50% | 25% | 36 | 3846 | Mon3tr 36% 刺剑 8% 火山弹 5% 大剑 5% | 凯尔希 86% 流明 3% 塞雷娅 3% (814 / 0.5) | bullet |
| suzuran | 8 | 12% | 7:30 / 3:40 | 0.0 / - | 7 / 15 / 24 / 22 | 78% | 17% | 55 | 3441 | 狐火 33% 锯刃 12% 骑士 10% Mon3tr 6% | 铃兰 29% 流明 25% 无人机 19% (348 / 0.9) | bullet |

### 机器人指标（docs/29）

| 机器人 · 开局 | n | 胜率 | 存活 均/最短 | 3:30 存活 | 5:00 存活 | 首次招募 | 首次精一 / 精二 | 中期 Boss 击杀数 / 平均用时 | 受击/分 | 承伤/分 | 低血(<35%)秒 | 熄灯秒 | 静止% | 开局干员 伤害占比 / 每分钟 | 主要死因 |
|---|---|---|---|---|---|---|---|---|---|---|---|---|---|---|---|
| wisadel | 8 | 50% | 8:12 / 3:44 | 100% | 87% | 1:18 | 3:22 / 5:49 | 1.8 / 19s | 27.1 | 56 | 11 | 0 | 0 | 46% / 25048 | mire |
| eyjafjalla | 8 | 0% | 5:29 / 4:08 | 100% | 62% | 1:21 | 3:27 / - | 0.6 / 46s | 38.1 | 68 | 10 | 15 | 0 | 45% / 9183 | boss_tracer |
| skadi | 8 | 37% | 9:06 / 5:44 | 100% | 100% | 1:20 | 3:30 / 7:07 | 1.5 / 46s | 28.6 | 98 | 12 | 1 | 0 | 47% / 30054 | mire |
| mizuki | 8 | 62% | 9:37 / 7:30 | 100% | 100% | 1:22 | 3:59 / 6:20 | 2.2 / 56s | 26.6 | 86 | 3 | 0 | 0 | 40% / 29446 | mire |
| saria | 8 | 25% | 9:43 / 5:57 | 100% | 100% | 1:18 | 4:04 / 7:39 | 1.4 / 84s | 24.8 | 124 | 3 | 4 | 0 | 18% / 9980 | mire |
| kaltsit | 8 | 25% | 7:50 / 4:50 | 100% | 75% | 1:25 | 4:10 / 6:44 | 1.6 / 53s | 69.8 | 131 | 5 | 10 | 0 | 39% / 20007 | contact_iberia |
| suzuran | 8 | 12% | 7:30 / 3:40 | 100% | 87% | 1:22 | 3:43 / 7:28 | 1.0 / 43s | 25.2 | 78 | 6 | 0 | 0 | 35% / 11958 | mire |

### 藏品（docs/35）

| 机器人 | 开局 | 局数 | 平均藏品数 | 藏品直接伤害 | 各流派 出现 / 拿取 | 无效拿取 |
|---|---|---|---|---|---|---|
| normal | eyjafjalla | 8 | 6.2 | 0.7% | A 5/4 B 8/4 C 11/5 D 12/6 E 10/2 F 2/0 G 4/2 H 12/3 通用 32/24 | 0 |
| normal | kaltsit | 8 | 11.8 | 2.7% | A 28/11 B 4/0 C 20/6 D 28/8 E 17/3 F 4/1 G 23/8 H 52/19 通用 59/38 | 0 |
| normal | mizuki | 8 | 21.8 | 1.8% | A 43/13 B 22/8 C 46/16 D 52/16 E 41/18 F 12/3 G 32/15 H 71/24 通用 112/61 | 0 |
| normal | saria | 8 | 18.8 | 3.1% | A 66/17 B 20/5 C 34/8 D 38/7 E 31/10 F 7/3 G 37/9 H 67/31 通用 90/61 | 0 |
| normal | skadi | 8 | 20.1 | 0.6% | A 62/24 B 17/4 C 41/13 D 42/15 E 34/11 F 11/3 G 41/15 H 75/23 通用 106/53 | 0 |
| normal | suzuran | 8 | 11.9 | 2.7% | A 10/1 B 6/2 C 21/8 D 27/7 E 23/9 F 3/1 G 15/2 H 38/18 通用 61/47 | 0 |
| normal | wisadel | 8 | 18.5 | 1.6% | A 38/12 B 21/10 C 28/8 D 43/15 E 35/13 F 7/1 G 31/15 H 61/23 通用 105/52 | 0 |
| 合计 | | | | | A 252/82 B 98/33 C 201/64 D 242/74 E 191/66 F 46/12 G 183/66 H 376/141 通用 565/336 | |

拿取最多（出现 / 拿取）：海潮的气息 0/28，“观望” 0/28，“犹疑” 0/26，“黑夜呢喃” 52/25，“决心” 0/23，羽兽肝酱 49/19，散轶诗简 43/18，《大静谧》 52/17，深蓝之心 0/17，显圣吊坠 39/16，凯旋号角 50/16，制式防暴用具 50/16
耗时 606s
写入 build/cloud/early2-v1/e2_v1_0926_1548.{json,md}
