跑 56 局（1 流派 × 2 机器人 × 7 编队 × 4 seed），并行 4（全机上限 4），源文件摘要 b1c290d5869fff86
### 最终 Boss（按类型；上面的「终局」列是四种混算）

| 机器人 | 最终 Boss | 结局 | 出场 | 击杀 | 用时 均 / 中 / 最短–最长 | 未击杀时剩余血量 |
|---|---|---|---|---|---|---|
| expert | 伊祖米克 | deep 9 | 9 | 9 | 52s / 54s / 29–69s | - |
| expert | 偏执泡影 | standard 4 | 4 | 4 | 92s / 85s / 17–180s | - |
| expert | 伊莎玛拉 | resolve 2 | 2 | 2 | 41s / 41s / 37–45s | - |
| expert | 最后的骑士 | knight 2 | 2 | 2 | 40s / 40s / 23–57s | - |
| normal | 伊莎玛拉 | resolve 3 | 3 | 3 | 37s / 14s / 12–85s | - |
| normal | 最后的骑士 | knight 2 | 2 | 2 | 42s / 42s / 19–65s | - |
| normal | 偏执泡影 | standard 1 | 1 | 0 | - | 38% |
| normal | 伊祖米克 | deep 1 | 1 | 1 | 93s / 93s / 93–93s | - |

### 难度 / 缩圈 / 同屏峰值

#### 前 3 分钟

| 机器人 | 难度 | 局数 | 3:00 前死亡 | 前 3 分钟承伤 均 / 中 | 3:00 时生命 |
|---|---|---|---|---|---|
| expert | 8 | 28 | 0% | 26 / 24 | 99% |
| normal | 8 | 28 | 0% | 31 / 28 | 98% |

#### 死因 × 缩圈阶段 × Boss 在场（失败的局）

| 机器人 | 难度 | 死因 | 缩圈（第几轮 · 阶段） | 圈外 | Boss 在场 | 局数 | 平均死亡时间 |
|---|---|---|---|---|---|---|---|
| expert | 8 | bullet | 第 4 轮 · 预告 | 否 | 是 | 2 | 7:07 |
| expert | 8 | bullet | 第 3 轮 · 预告 | 否 | 否 | 1 | 5:36 |
| expert | 8 | mire | 第 4 轮 · 预告 | 否 | 否 | 1 | 7:16 |
| expert | 8 | corrode | 第 4 轮 · 收缩 | 否 | 是 | 1 | 7:38 |
| expert | 8 | bullet | 第 3 轮 · 稳定 | 否 | 否 | 1 | 6:42 |
| expert | 8 | dark | 第 4 轮 · 预告 | 否 | 否 | 1 | 7:18 |
| expert | 8 | mire | 第 5 轮 · 收缩 | 否 | 否 | 1 | 9:08 |
| expert | 8 | boss_tracer | 第 4 轮 · 收缩 | 否 | 是 | 1 | 7:27 |
| expert | 8 | corrode | 第 4 轮 · 预告 | 否 | 是 | 1 | 7:08 |
| expert | 8 | boss_tracer | 第 2 轮 · 稳定 | 否 | 否 | 1 | 5:29 |
| normal | 8 | zone | 第 2 轮 · 稳定 | 是 | 否 | 2 | 5:12 |
| normal | 8 | zone | 第 3 轮 · 收缩 | 是 | 是 | 2 | 6:07 |
| normal | 8 | contact_tracer | 第 3 轮 · 预告 | 否 | 否 | 2 | 5:40 |
| normal | 8 | zone | 第 4 轮 · 稳定 | 是 | 是 | 2 | 7:53 |
| normal | 8 | boss_iberia | 第 2 轮 · 稳定 | 否 | 是 | 1 | 5:01 |
| normal | 8 | shock | 第 5 轮 · 稳定 | 否 | 是 | 1 | 10:18 |
| normal | 8 | zone | 第 3 轮 · 稳定 | 是 | 是 | 1 | 6:50 |
| normal | 8 | zone | 第 2 轮 · 收缩 | 否 | 是 | 1 | 4:38 |
| normal | 8 | zone | 第 2 轮 · 预告 | 是 | 否 | 1 | 4:04 |
| normal | 8 | corrode | 第 1 轮 · 稳定 | 否 | 是 | 1 | 3:52 |
| normal | 8 | corrode | 第 2 轮 · 稳定 | 否 | 是 | 1 | 5:08 |
| normal | 8 | zone | 第 3 轮 · 稳定 | 是 | 否 | 1 | 6:57 |
| normal | 8 | zone | 第 4 轮 · 收缩 | 是 | 否 | 1 | 7:41 |
| normal | 8 | contact_tracer | 第 3 轮 · 收缩 | 否 | 是 | 1 | 6:06 |
| normal | 8 | zone | 第 3 轮 · 预告 | 是 | 否 | 1 | 5:36 |
| normal | 8 | contact_tracer | 第 2 轮 · 稳定 | 否 | 否 | 1 | 5:30 |
| normal | 8 | zone | 第 4 轮 · 收缩 | 是 | 是 | 1 | 7:41 |
| normal | 8 | contact_reaper | 第 2 轮 · 稳定 | 否 | 否 | 1 | 4:58 |

#### 同屏数量峰值（每局峰值的 平均 / 最大）

| 机器人 | 难度 | 局数 | 范围 | 敌人 | 敌方弹幕（含抛射） | 我方子弹 | 特效 | 飘字 |
|---|---|---|---|---|---|---|---|---|
| expert | 8 | 28 | 全程 | 234 / 355 | 44 / 119 | 4 / 11 | 369 / 448 | 48 / 48 |
| expert | 8 | 18 | 8:00–10:00 | 234 / 355 | 44 / 119 | 3 / 10 | 367 / 448 | 48 / 48 |
| normal | 8 | 28 | 全程 | 280 / 446 | 31 / 71 | 2 / 8 | 354 / 470 | 45 / 48 |
| normal | 8 | 8 | 8:00–10:00 | 290 / 403 | 41 / 71 | 2 / 6 | 375 / 470 | 46 / 48 |

### 按机器人汇总

| 机器人 | 局数 | 胜率 | 平均存活 | 3:30 存活 | 平均终局等级 | 平均击杀 | 目标（胜率 / 存活） | 判定 |
|---|---|---|---|---|---|---|---|---|
| normal | 28 | 21% | 7:06 | 100% | 21.5 | 3344 | 30–55% / 7:00–13:00 | **偏难** |
| expert | 28 | 60% | 9:26 | 100% | 30.0 | 5507 | 70–95% / 9:00–13:00 | **偏难** |

### 明细

| 编队 | n | 胜率 | 存活(均/最短) | 托底(次/首次) | Lv 2:00/5:00/8:00/末 | 终Boss剩余 | 精二占比 | 灯火 | 击杀 | 主要伤害来源 | 治疗来源(总量/无人机Lv) | 主要死因 |
|---|---|---|---|---|---|---|---|---|---|---|---|---|
| [expert] wisadel | 4 | 50% | 8:38 / 5:36 | 0.0 / - | 8 / 16 / 27 / 28 | 62% | 83% | 27 | 4891 | 余震 19% 殉爆 18% 触手 10% 饱和炮击 7% | 水月 46% 拾取 27% 塞雷娅 23% (407 / 0.5) | bullet |
| [expert] eyjafjalla | 4 | 50% | 9:05 / 7:16 | 0.0 / - | 7 / 16 / 26 / 29 | 66% | 100% | 34 | 5106 | 火山弹 18% 大剑 10% 火山 9% 熔岩天降 6% | 塞雷娅 43% 拾取 23% 铃兰 17% (434 / 0.2) | bullet |
| [expert] skadi | 4 | 50% | 8:45 / 6:42 | 0.0 / - | 7 / 15 / 26 / 28 | - | 91% | 29 | 4700 | 大剑 24% 跃浪 6% 锯刃 5% 狐火 5% | 拾取 37% 凯尔希 24% 藏品 18% (218 / 0.2) | bullet |
| [expert] mizuki | 4 | 75% | 10:15 / 9:08 | 0.0 / - | 8 / 16 / 26 / 33 | - | 92% | 66 | 6302 | 触手 26% 伞击 11% 余震 11% 殉爆 10% | 水月 81% 流明 9% 铃兰 4% (295 / 1.0) | bullet |
| [expert] saria | 4 | 75% | 10:28 / 7:27 | 0.0 / - | 5 / 15 / 25 / 33 | 36% | 100% | 61 | 6396 | 藏品 10% 大剑 9% Mon3tr · 真伤 7% Mon3tr 6% | 塞雷娅 60% 凯尔希 19% 水月 12% (1001 / 0.0) | bullet |
| [expert] kaltsit | 4 | 75% | 9:57 / 7:02 | 0.0 / - | 6 / 16 / 26 / 32 | 86% | 100% | 47 | 6084 | Mon3tr 13% 火山弹 9% 余震 8% 殉爆 8% | 凯尔希 92% 铃兰 5% 拾取 2% (507 / 0.0) | bullet |
| [expert] suzuran | 4 | 50% | 8:57 / 5:29 | 0.0 / - | 6 / 16 / 26 / 28 | 19% | 83% | 27 | 5072 | 狐火 15% Mon3tr · 真伤 8% 藏品 7% 围炉 6% | 铃兰 45% 凯尔希 21% 塞雷娅 18% (547 / 0.5) | bullet |
| [normal] wisadel | 4 | 25% | 7:40 / 5:01 | 0.0 / - | 7 / 16 / 26 / 24 | 59% | 33% | 51 | 4033 | 余震 24% 殉爆 18% 炮击 15% 骑士 6% | 拾取 45% 塞雷娅 36% 铃兰 10% (376 / 0.0) | bullet |
| [normal] eyjafjalla | 4 | 0% | 5:50 / 4:38 | 0.0 / - | 7 / 14 / 0 / 16 | 98% | 0% | 6 | 1980 | 火山弹 41% 大剑 9% 刺剑 8% 拳击 7% | 塞雷娅 38% 拾取 28% 商店 25% (199 / 0.0) | zone |
| [normal] skadi | 4 | 50% | 7:48 / 4:04 | 0.0 / - | 7 / 16 / 26 / 24 | - | 41% | 40 | 4322 | 大剑 25% 锯刃 12% Mon3tr 8% 火山弹 5% | 拾取 50% 流明 25% 凯尔希 24% (346 / 0.0) | bullet |
| [normal] mizuki | 4 | 25% | 6:48 / 3:52 | 0.0 / - | 6 / 15 / 26 / 21 | 44% | 18% | 15 | 3221 | 伞击 19% 触手 13% 骑士 10% 刺剑 10% | 水月 31% 塞雷娅 25% 凯尔希 15% (366 / 0.2) | zone |
| [normal] saria | 4 | 25% | 7:55 / 5:35 | 0.0 / - | 7 / 15 / 24 / 24 | 95% | 16% | 18 | 3778 | 拳击 17% Mon3tr 14% 刺剑 11% 锚击 9% | 塞雷娅 70% 凯尔希 8% 水月 8% (1534 / 0.2) | zone |
| [normal] kaltsit | 4 | 0% | 6:22 / 5:36 | 0.0 / - | 6 / 15 / 0 / 19 | 52% | 8% | 0 | 2586 | Mon3tr 43% 刺剑 10% 掷锚 6% 锚击 6% | 凯尔希 92% 塞雷娅 6% 拾取 1% (470 / 0.0) | zone |
| [normal] suzuran | 4 | 25% | 7:18 / 4:58 | 0.0 / - | 7 / 15 / 25 / 22 | 5% | 16% | 4 | 3489 | 狐火 31% 大剑 21% Mon3tr 10% 潮涌斩 5% | 铃兰 27% 塞雷娅 22% 拾取 21% (929 / 0.2) | zone |

### 机器人指标（docs/29）

| 机器人 · 开局 | n | 胜率 | 存活 均/最短 | 3:30 存活 | 5:00 存活 | 首次招募 | 首次精一 / 精二 | 中期 Boss 击杀数 / 平均用时 | 受击/分 | 承伤/分 | 低血(<35%)秒 | 熄灯秒 | 静止% | 开局干员 伤害占比 / 每分钟 | 主要死因 |
|---|---|---|---|---|---|---|---|---|---|---|---|---|---|---|---|
| [expert] wisadel | 4 | 50% | 8:38 / 5:36 | 100% | 100% | 1:18 | 0:45 / 2:39 | 2.0 / 28s | 15.6 | 62 | 3 | 9 | 17 | 54% / 50588 | bullet |
| [expert] eyjafjalla | 4 | 50% | 9:05 / 7:16 | 100% | 100% | 1:21 | 0:52 / 3:26 | 2.2 / 43s | 21.0 | 81 | 7 | 10 | 12 | 46% / 39402 | corrode |
| [expert] skadi | 4 | 50% | 8:45 / 6:42 | 100% | 100% | 1:14 | 0:51 / 3:28 | 2.0 / 71s | 22.1 | 70 | 12 | 6 | 14 | 37% / 26374 | bullet |
| [expert] mizuki | 4 | 75% | 10:15 / 9:08 | 100% | 100% | 1:22 | 0:52 / 3:03 | 2.2 / 28s | 10.4 | 37 | 0 | 2 | 12 | 45% / 48493 | mire |
| [expert] saria | 4 | 75% | 10:28 / 7:27 | 100% | 100% | 2:01 | 0:47 / 2:58 | 2.2 / 103s | 44.8 | 96 | 3 | 41 | 16 | 8% / 8864 | boss_tracer |
| [expert] kaltsit | 4 | 75% | 9:57 / 7:02 | 100% | 100% | 2:01 | 1:36 / 2:26 | 2.0 / 24s | 18.9 | 62 | 2 | 16 | 22 | 20% / 18155 | bullet |
| [expert] suzuran | 4 | 50% | 8:57 / 5:29 | 100% | 100% | 1:37 | 0:53 / 3:02 | 1.5 / 63s | 34.5 | 83 | 6 | 12 | 16 | 22% / 12382 | corrode |
| [normal] wisadel | 4 | 25% | 7:40 / 5:01 | 100% | 100% | 1:18 | 2:22 / 6:23 | 1.5 / 25s | 25.9 | 87 | 10 | 6 | 0 | 66% / 43786 | boss_iberia |
| [normal] eyjafjalla | 4 | 0% | 5:50 / 4:38 | 100% | 75% | 1:18 | 4:19 / - | 0.2 / 79s | 51.8 | 77 | 16 | 11 | 0 | 53% / 9825 | zone |
| [normal] skadi | 4 | 50% | 7:48 / 4:04 | 100% | 75% | 1:18 | 2:41 / 7:02 | 1.8 / 22s | 53.9 | 82 | 2 | 8 | 0 | 36% / 18080 | zone |
| [normal] mizuki | 4 | 25% | 6:48 / 3:52 | 100% | 75% | 1:29 | 3:57 / 5:52 | 1.0 / 29s | 46.8 | 72 | 2 | 17 | 0 | 41% / 12360 | corrode |
| [normal] saria | 4 | 25% | 7:55 / 5:35 | 100% | 100% | 1:16 | 4:45 / 7:30 | 1.2 / 122s | 103.3 | 185 | 7 | 41 | 0 | 20% / 9126 | zone |
| [normal] kaltsit | 4 | 0% | 6:22 / 5:36 | 100% | 100% | 1:25 | 3:53 / 6:10 | 0.8 / 22s | 74.9 | 108 | 4 | 16 | 0 | 46% / 14009 | zone |
| [normal] suzuran | 4 | 25% | 7:18 / 4:58 | 100% | 75% | 1:19 | 3:54 / 7:56 | 1.5 / 86s | 68.2 | 124 | 4 | 11 | 0 | 32% / 10966 | zone |

### 藏品（docs/35）

| 机器人 | 开局 | 局数 | 平均藏品数 | 藏品直接伤害 | 各流派 出现 / 拿取 | 无效拿取 |
|---|---|---|---|---|---|---|
| expert | eyjafjalla | 4 | 26.5 | 5.3% | A 36/10 B 12/5 C 23/14 D 20/3 E 41/8 F 5/3 G 26/10 H 52/21 通用 72/34 | 0 |
| expert | kaltsit | 4 | 25.8 | 2.5% | A 23/9 B 8/2 C 30/14 D 16/2 E 29/7 F 6/4 G 19/11 H 50/17 通用 87/37 | 0 |
| expert | mizuki | 4 | 35.0 | 5.8% | A 31/8 B 18/8 C 41/17 D 37/10 E 43/12 F 5/3 G 42/15 H 70/23 通用 82/45 | 0 |
| expert | saria | 4 | 24.8 | 13.0% | A 46/10 B 8/5 C 22/11 D 21/3 E 30/9 F 4/2 G 14/4 H 56/18 通用 62/37 | 0 |
| expert | skadi | 4 | 22.0 | 4.4% | A 30/10 B 9/6 C 34/14 D 24/8 E 19/5 F 8/5 G 10/1 H 42/16 通用 56/25 | 0 |
| expert | suzuran | 4 | 23.0 | 8.4% | A 20/7 B 11/6 C 17/8 D 36/7 E 35/11 F 11/7 G 26/8 H 37/6 通用 65/34 | 0 |
| expert | wisadel | 4 | 21.2 | 6.7% | A 16/7 B 10/5 C 24/13 D 20/5 E 31/7 F 5/4 G 17/9 H 29/9 通用 66/28 | 0 |
| normal | eyjafjalla | 4 | 4.5 | 4.1% | A 6/3 B 5/2 C 4/2 D 6/1 E 4/1 F 1/1 G 2/0 H 7/2 通用 12/6 | 0 |
| normal | kaltsit | 4 | 6.8 | 0.7% | A 5/3 B 3/1 C 6/1 D 4/2 E 6/1 F 1/0 G 9/4 H 9/5 通用 22/10 | 0 |
| normal | mizuki | 4 | 13.0 | 0.0% | A 9/5 B 2/0 C 16/5 D 6/1 E 8/2 F 2/1 G 10/3 H 25/9 通用 45/26 | 0 |
| normal | saria | 4 | 15.2 | 0.0% | A 22/9 B 4/1 C 14/11 D 16/3 E 19/5 F 3/2 G 15/4 H 19/5 通用 38/21 | 0 |
| normal | skadi | 4 | 21.2 | 1.8% | A 27/5 B 10/2 C 25/9 D 24/7 E 12/3 F 4/2 G 23/7 H 50/22 通用 50/29 | 0 |
| normal | suzuran | 4 | 13.8 | 5.1% | A 16/4 B 7/1 C 9/5 D 8/3 E 14/4 F 2/0 G 9/3 H 36/14 通用 37/21 | 0 |
| normal | wisadel | 4 | 19.2 | 0.0% | A 17/8 B 2/1 C 23/10 D 14/3 E 22/9 F 7/2 G 19/7 H 37/13 通用 51/25 | 0 |
| 合计 | | | | | A 304/98 B 109/45 C 288/134 D 252/58 E 313/84 F 64/36 G 241/86 H 519/180 通用 745/378 | |

拿取最多（出现 / 拿取）：“观望” 0/36，“犹疑” 0/28，凯旋号角 73/26，深蓝之心 0/26，海潮的气息 0/23，“决心” 0/22，羽兽肝酱 66/21，贵族刺剑 60/20，阿卡胡拉饭碗 40/18，夜阳花 51/18，支援地雷组 26/18，舞者手链 47/17
耗时 614s
写入 build/cloud/diff-cal-d8/dc_d8_0926_1442.{json,md}
RUN_STATUS=0
ELAPSED_SECONDS=613
