跑 104 局（1 流派 × 2 机器人 × 13 编队 × 4 seed），并行 4（全机上限 4），源文件摘要 b6c7f1c80808e5c4
### 最终 Boss（按类型；上面的「终局」列是四种混算）

| 机器人 | 最终 Boss | 结局 | 出场 | 击杀 | 用时 均 / 中 / P90 / 最短–最长（出现起算） | 中 / P90（可受伤起算） | 阶段护盾秒 / 过卡点数 均 | 未击杀时剩余血量 |
|---|---|---|---|---|---|---|---|---|
| expert | 伊祖米克 | deep 15 | 15 | 15 | 70s / 66s / 88s / 44–148s | 31s / 63s | 12.6 / 1.9 | - |
| expert | 偏执泡影 | standard 14 | 14 | 13 | 56s / 45s / 99s / 38–122s | 45s / 99s | 12.2 / 1.9 | 58% |
| expert | 最后的骑士 | knight 12 | 12 | 10 | 54s / 44s / 122s / 43–122s | 44s / 122s | 17.9 / 2.0 | 2% |
| expert | 伊莎玛拉 | resolve 11 | 11 | 11 | 41s / 39s / 47s / 38–49s | 39s / 47s | 18.3 / 2.0 | - |
| normal | 伊祖米克 | deep 16 | 16 | 16 | 66s / 67s / 84s / 48–95s | 30s / 36s | 15.3 / 2.0 | - |
| normal | 偏执泡影 | standard 8 | 8 | 8 | 79s / 81s / 134s / 39–134s | 82s / 134s | 5.8 / 2.0 | - |
| normal | 伊莎玛拉 | resolve 5 | 5 | 5 | 47s / 41s / 67s / 39–67s | 41s / 67s | 12.6 / 2.0 | - |
| normal | 最后的骑士 | knight 4 | 4 | 3 | 87s / 87s / 102s / 73–102s | 87s / 102s | 0.0 / 1.0 | 85% |

### 难度 / 缩圈 / 同屏峰值

#### 前 3 分钟

| 机器人 | 难度 | 局数 | 3:00 前死亡 | 前 3 分钟承伤 均 / 中 | 3:00 时生命 |
|---|---|---|---|---|---|
| expert | 0 | 52 | 0% | 24 / 20 | 100% |
| normal | 0 | 52 | 0% | 26 / 17 | 99% |

#### 死因 × 缩圈阶段 × Boss 在场（失败的局）

| 机器人 | 难度 | 死因 | 缩圈（第几轮 · 阶段） | 圈外 | Boss 在场 | 局数 | 平均死亡时间 |
|---|---|---|---|---|---|---|---|
| expert | 0 | boss_knight_boss | 第 5 轮 · 稳定 | 否 | 是 | 1 | 10:33 |
| expert | 0 | mire | 第 1 轮 · 稳定 | 否 | 是 | 1 | 13:00 |
| expert | 0 | bullet | 第 1 轮 · 稳定 | 否 | 是 | 1 | 13:00 |
| normal | 0 | corrode | 第 1 轮 · 稳定 | 否 | 是 | 3 | 6:50 |
| normal | 0 | corrode | 第 3 轮 · 收缩 | 否 | 是 | 2 | 7:41 |
| normal | 0 | mire | 第 1 轮 · 稳定 | 否 | 是 | 2 | 7:06 |
| normal | 0 | contact_slider | 第 4 轮 · 收缩 | 否 | 否 | 1 | 8:51 |
| normal | 0 | corrode | 第 4 轮 · 稳定 | 否 | 否 | 1 | 8:54 |
| normal | 0 | corrode | 第 3 轮 · 稳定 | 是 | 是 | 1 | 7:36 |
| normal | 0 | contact_slider | 第 1 轮 · 稳定 | 否 | 是 | 1 | 5:21 |
| normal | 0 | corrode | 第 2 轮 · 稳定 | 否 | 否 | 1 | 6:18 |
| normal | 0 | bullet | 第 3 轮 · 稳定 | 否 | 是 | 1 | 7:41 |
| normal | 0 | corrode | 第 3 轮 · 稳定 | 否 | 是 | 1 | 7:21 |
| normal | 0 | boss_tracer | 第 3 轮 · 稳定 | 否 | 否 | 1 | 8:09 |
| normal | 0 | contact_immortal | 第 1 轮 · 稳定 | 否 | 是 | 1 | 8:18 |
| normal | 0 | shock | 第 1 轮 · 稳定 | 否 | 否 | 1 | 6:58 |
| normal | 0 | mire | 第 2 轮 · 稳定 | 否 | 否 | 1 | 6:14 |
| normal | 0 | mire | 第 4 轮 · 稳定 | 否 | 否 | 1 | 8:14 |
| normal | 0 | contact_knight_boss | 第 5 轮 · 稳定 | 否 | 是 | 1 | 10:07 |

#### 同屏数量峰值（每局峰值的 平均 / 最大）

| 机器人 | 难度 | 局数 | 范围 | 敌人 | 敌方弹幕（含抛射） | 我方子弹 | 特效 | 飘字 |
|---|---|---|---|---|---|---|---|---|
| expert | 0 | 52 | 全程 | 253 / 502 | 53 / 123 | 3 / 14 | 395 / 557 | 47 / 48 |
| expert | 0 | 52 | 8:00–10:00 | 221 / 450 | 43 / 110 | 2 / 11 | 378 / 557 | 47 / 48 |
| normal | 0 | 52 | 全程 | 283 / 507 | 47 / 94 | 2 / 9 | 387 / 536 | 43 / 48 |
| normal | 0 | 38 | 8:00–10:00 | 250 / 467 | 47 / 94 | 2 / 9 | 377 / 513 | 45 / 48 |

### 大群（按第几次）

| 机器人 | 第几次 | 出现 | 时间 | 数量 | 清 80% 用时 均 / 中（清完/出现） | 20 秒内掉血 均 / 最大 | 30 秒内死亡 | 编成 |
|---|---|---|---|---|---|---|---|---|
| expert | 1 | 52 | 1:15 | 26 | 23s / 13s（52/52） | 3 / 26 | 0 | bone/slider/stone ×27；bone/slider ×25 |
| expert | 2 | 52 | 2:45 | 33 | 21s / 10s（51/52） | 3 / 18 | 0 | bone/slider ×27；bone/slider/stone ×25 |
| expert | 3 | 52 | 4:33 | 42 | 24s / 12s（52/52） | 7 / 60 | 0 | bone/floater/ripper/runner/slider ×13；bone/ripper/slider/stone ×10；bone/offspring/ripper/slider/stone ×10 |
| expert | 4 | 52 | 5:54 | 49 | 20s / 10s（52/52） | 12 / 66 | 0 | bone/floater/ripper/runner/slider/tracer ×18；bone/burrower/ripper/slider ×18；bone/offspring/ripper/slider/spitter ×16 |
| expert | 5 | 52 | 7:33 | 57 | 12s / 10s（51/52） | 10 / 78 | 0 | burrower/ripper/slider/spitter ×18；bone/burrower/offspring/ripper/slider/stone ×17；bone/floater/founder/nest/ripper/runner/slider ×17 |
| expert | 6 | 52 | 8:39 | 63 | 12s / 8s（52/52） | 12 / 102 | 0 | burrower/floater/founder/nest/reaper/ripper/runner/slider/tracer ×12；bone/burrower/offspring/ripper/slider/stone ×10；burrower/ripper/slider/spitter ×9 |
| expert | 7 | 7 | 9:18 | 66 | 10s / 11s（7/7） | 5 / 11 | 0 | burrower/hulk/ripper/slider/spitter ×4；burrower/offspring/ripper/slider/spitter/stone ×2；burrower/floater/founder/nest/reaper/ripper/runner/slider/tracer ×1 |
| normal | 1 | 52 | 1:15 | 26 | 10s / 9s（52/52） | 4 / 35 | 0 | bone/slider ×31；bone/slider/stone ×21 |
| normal | 2 | 52 | 2:45 | 33 | 15s / 12s（52/52） | 4 / 37 | 0 | bone/slider/stone ×31；bone/slider ×21 |
| normal | 3 | 52 | 4:35 | 43 | 27s / 25s（50/52） | 12 / 118 | 2 | bone/ripper/slider/stone ×12；bone/floater/ripper/runner/slider/tracer ×10；bone/floater/ripper/runner/slider ×9 |
| normal | 4 | 50 | 5:55 | 49 | 23s / 16s（47/50） | 25 / 166 | 3 | bone/floater/ripper/runner/slider/tracer ×20；bone/offspring/ripper/slider/spitter ×17；bone/burrower/ripper/slider ×13 |
| normal | 5 | 43 | 7:38 | 58 | 20s / 12s（38/43） | 32 / 221 | 6 | burrower/ripper/slider/spitter ×19；bone/floater/founder/nest/ripper/runner/slider ×12；bone/burrower/offspring/ripper/slider/stone ×12 |
| normal | 6 | 35 | 8:42 | 63 | 14s / 10s（35/35） | 28 / 133 | 2 | bone/burrower/offspring/ripper/slider/stone ×10；burrower/hulk/ripper/slider/spitter ×9；burrower/offspring/ripper/slider/spitter/stone ×6 |
| normal | 7 | 5 | 9:17 | 66 | 12s / 13s（5/5） | 15 / 37 | 0 | burrower/offspring/ripper/slider/spitter/stone ×3；burrower/floater/founder/nest/reaper/ripper/runner/slider/tracer ×2 |

### 按机器人汇总

| 机器人 | 局数 | 胜率 | 平均存活 | 3:30 存活 | 平均终局等级 | 平均击杀 | 目标（胜率 / 存活） | 判定 |
|---|---|---|---|---|---|---|---|---|
| normal | 52 | 61% | 9:44 | 100% | 29.8 | 5600 | 30–55% / 7:00–13:00 | **偏易** |
| expert | 52 | 94% | 11:01 | 100% | 34.1 | 6752 | 70–95% / 9:00–13:00 | **达标** |

### 明细

| 编队 | n | 胜率 | 存活(均/最短) | 托底(次/首次) | Lv 2:00/5:00/8:00/末 | 终Boss剩余 | 精二占比 | 灯火 | 击杀 | 主要伤害来源 | 治疗来源(总量/无人机Lv) | 主要死因 |
|---|---|---|---|---|---|---|---|---|---|---|---|---|
| [expert] mizuki | 4 | 100% | 10:47 / 10:39 | 0.0 / - | 7 / 16 / 26 / 34 | - | 100% | 88 | 6595 | 触手 34% 伞击 14% 技能 5% 锯刃 4% | 水月 75% 流明 10% 塞雷娅 8% (268 / 0.8) | bullet |
| [expert] wisadel | 4 | 100% | 10:56 / 10:43 | 0.0 / - | 7 / 17 / 26 / 35 | - | 100% | 82 | 6745 | 殉爆 21% 余震 19% 饱和炮击 10% 言 5% | 塞雷娅 45% 无人机 16% 水月 14% (171 / 0.5) | bullet |
| [expert] eyjafjalla | 4 | 100% | 10:50 / 10:39 | 0.0 / - | 7 / 17 / 26 / 34 | - | 100% | 70 | 6686 | 火山弹 22% 火山 12% 熔岩天降 9% 锯刃 8% | 流明 24% 拾取 22% 铃兰 19% (221 / 1.2) | bullet |
| [expert] kaltsit | 4 | 100% | 11:08 / 10:38 | 0.0 / - | 6 / 16 / 26 / 35 | - | 100% | 74 | 6928 | 锯刃 17% Mon3tr · 真伤 11% 大剑 8% Mon3tr 6% | 凯尔希 80% 流明 15% 拾取 3% (306 / 0.0) | bullet |
| [expert] saria | 4 | 100% | 11:19 / 10:52 | 0.0 / - | 5 / 14 / 24 / 34 | - | 100% | 90 | 6867 | 殉爆 11% 余震 9% 火山弹 6% 锚击 4% | 塞雷娅 72% 流明 13% 凯尔希 9% (475 / 0.0) | bullet |
| [expert] siege | 4 | 100% | 10:47 / 10:43 | 0.0 / - | 7 / 16 / 26 / 34 | - | 100% | 83 | 6597 | 触手 21% 伞击 11% 殉爆 7% 言 6% | 流明 23% 水月 21% 拾取 21% (328 / 0.5) | bullet |
| [expert] skadi | 4 | 100% | 11:12 / 10:47 | 0.0 / - | 7 / 15 / 26 / 34 | - | 100% | 79 | 6959 | 大剑 22% 锯刃 11% 殉爆 7% 余震 6% | 凯尔希 48% 无人机 23% 水月 15% (251 / 1.0) | bullet |
| [expert] suzuran | 4 | 100% | 11:20 / 10:43 | 0.0 / - | 6 / 15 / 25 / 34 | - | 100% | 73 | 7056 | 狐火 8% 言 7% 火山弹 6% 刺剑 5% | 铃兰 56% 凯尔希 20% 拾取 14% (292 / 1.0) | bullet |
| [expert] ulpianus | 4 | 75% | 10:46 / 10:33 | 0.0 / - | 7 / 16 / 26 / 34 | 3% | 100% | 70 | 6602 | 言 12% 锚击 11% 提喻 8% 触手 6% | 拾取 25% 塞雷娅 24% 无人机 23% (301 / 1.8) | bullet |
| [expert] irene | 4 | 75% | 11:21 / 10:39 | 0.0 / - | 7 / 16 / 26 / 35 | 2% | 100% | 74 | 7076 | 言 9% 殉爆 8% 碎潮 7% 手炮轰击 7% | 塞雷娅 46% 拾取 19% 无人机 19% (433 / 1.0) | bullet |
| [expert] specter_unchained | 4 | 100% | 10:44 / 10:38 | 0.0 / - | 7 / 16 / 26 / 33 | - | 100% | 95 | 6576 | 锯刃 21% 触手 10% 藏品 8% 殉爆 6% | 凯尔希 61% 塞雷娅 19% 水月 12% (175 / 0.0) | bullet |
| [expert] logos | 4 | 100% | 10:46 / 10:39 | 0.0 / - | 5 / 17 / 26 / 34 | - | 100% | 75 | 6649 | 言 21% 提喻 12% 墓志铭 10% 湮灭 10% | 塞雷娅 46% 无人机 39% 拾取 10% (288 / 0.8) | bullet |
| [expert] lumen | 4 | 75% | 11:17 / 10:39 | 0.0 / - | 3 / 14 / 25 / 33 | 58% | 100% | 92 | 6443 | 锯刃 13% 言 8% 伞击 8% 提喻 6% | 流明 69% 凯尔希 8% 水月 7% (522 / 0.0) | bullet |
| [normal] mizuki | 4 | 75% | 10:34 / 8:51 | 0.0 / - | 7 / 16 / 25 / 32 | - | 66% | 66 | 6297 | 触手 20% 伞击 17% 大剑 9% 锯刃 7% | 水月 67% 塞雷娅 18% 流明 11% (459 / 0.2) | boss_tracer |
| [normal] wisadel | 4 | 75% | 10:21 / 8:54 | 0.0 / - | 7 / 16 / 26 / 32 | 17% | 41% | 49 | 6224 | 殉爆 24% 余震 20% Mon3tr 12% 炮击 10% | 凯尔希 38% 塞雷娅 20% 拾取 18% (700 / 0.5) | boss_tracer |
| [normal] eyjafjalla | 4 | 75% | 9:41 / 4:59 | 0.0 / - | 7 / 16 / 26 / 30 | 68% | 75% | 61 | 5706 | 火山弹 22% 触手 9% 火山 9% Mon3tr 6% | 水月 31% 拾取 25% 凯尔希 17% (208 / 0.8) | bullet |
| [normal] kaltsit | 4 | 100% | 11:13 / 10:40 | 0.0 / - | 6 / 16 / 26 / 34 | - | 75% | 85 | 7025 | Mon3tr 25% Mon3tr · 真伤 13% 余震 8% 锯刃 7% | 凯尔希 84% 塞雷娅 13% 拾取 1% (898 / 0.5) | bullet |
| [normal] saria | 4 | 75% | 10:32 / 7:48 | 0.0 / - | 6 / 15 / 25 / 31 | 35% | 50% | 74 | 6268 | 伞击 17% 触手 11% 大剑 10% 技能·法术 8% | 塞雷娅 50% 水月 35% 凯尔希 10% (746 / 1.2) | bullet |
| [normal] siege | 4 | 50% | 8:55 / 5:21 | 0.0 / - | 7 / 15 / 25 / 27 | 38% | 50% | 62 | 4916 | 锯刃 12% 锚击 9% 掷锚 6% 锤击 6% | 拾取 51% 藏品 25% 塞雷娅 23% (443 / 0.0) | boss_tracer |
| [normal] skadi | 4 | 100% | 11:24 / 11:10 | 0.0 / - | 6 / 15 / 25 / 34 | - | 25% | 73 | 7117 | 大剑 30% 余震 10% 殉爆 8% 潮涌斩 6% | 凯尔希 44% 拾取 24% 塞雷娅 21% (455 / 0.5) | bullet |
| [normal] suzuran | 4 | 25% | 8:12 / 6:18 | 0.0 / - | 7 / 16 / 26 / 26 | 76% | 25% | 39 | 4190 | 狐火 21% 锤击 12% 火山弹 7% 锯刃 7% | 铃兰 46% 塞雷娅 20% 水月 20% (289 / 0.0) | boss_tracer |
| [normal] ulpianus | 4 | 50% | 9:19 / 7:21 | 0.0 / - | 7 / 15 / 25 / 29 | 34% | 33% | 54 | 5189 | 锚击 18% 大剑 9% 狐火 8% 掷锚 8% | 水月 45% 无人机 19% 流明 17% (598 / 1.2) | boss_tracer |
| [normal] irene | 4 | 50% | 9:39 / 7:50 | 0.0 / - | 6 / 16 / 25 / 29 | 93% | 41% | 44 | 5278 | 刺剑 14% 殉爆 13% 余震 11% 碎潮 7% | 流明 38% 无人机 28% 凯尔希 21% (498 / 1.0) | bullet |
| [normal] specter_unchained | 4 | 50% | 9:02 / 6:58 | 0.0 / - | 6 / 15 / 26 / 28 | 24% | 41% | 52 | 4986 | 锯刃 41% 血色潮痕 10% Mon3tr 8% 狐火 7% | 塞雷娅 32% 拾取 23% 凯尔希 17% (395 / 0.2) | bullet |
| [normal] logos | 4 | 25% | 8:15 / 6:14 | 0.0 / - | 6 / 15 / 26 / 26 | 67% | 25% | 77 | 4161 | 提喻 14% 言 12% 墓志铭 9% 大剑 8% | 拾取 51% 水月 25% 塞雷娅 19% (296 / 0.0) | boss_tracer |
| [normal] lumen | 4 | 50% | 9:31 / 6:23 | 0.0 / - | 6 / 15 / 26 / 29 | 65% | 50% | 90 | 5443 | 锯刃 14% 伞击 9% 大剑 9% 火山弹 6% | 流明 85% 水月 10% 拾取 2% (1144 / 0.5) | contact_ripper |

### 机器人指标（docs/29）

| 机器人 · 开局 | n | 胜率 | 存活 均/最短 | 3:30 存活 | 5:00 存活 | 首次招募 | 首次精一 / 精二 | 中期 Boss 击杀数 / 平均用时 | 受击/分 | 承伤/分 | 低血(<35%)秒 | 熄灯秒 | 静止% | 开局干员 伤害占比 / 每分钟 | 主要死因 |
|---|---|---|---|---|---|---|---|---|---|---|---|---|---|---|---|
| [expert] mizuki | 4 | 100% | 10:47 / 10:39 | 100% | 100% | 1:18 | 0:51 / 2:52 | 2.2 / 41s | 9.7 | 28 | 0 | 0 | 11 | 58% / 59245 | - |
| [expert] wisadel | 4 | 100% | 10:56 / 10:43 | 100% | 100% | 1:23 | 0:55 / 2:30 | 2.8 / 21s | 5.3 | 23 | 0 | 0 | 13 | 57% / 64895 | - |
| [expert] eyjafjalla | 4 | 100% | 10:50 / 10:39 | 100% | 100% | 1:19 | 0:51 / 3:12 | 2.8 / 31s | 8.2 | 38 | 0 | 0 | 10 | 59% / 56067 | - |
| [expert] kaltsit | 4 | 100% | 11:08 / 10:38 | 100% | 100% | 1:43 | 1:23 / 3:43 | 2.5 / 42s | 9.9 | 32 | 0 | 0 | 16 | 20% / 20966 | - |
| [expert] saria | 4 | 100% | 11:19 / 10:52 | 100% | 100% | 1:39 | 0:46 / 3:34 | 2.2 / 132s | 26.8 | 49 | 0 | 2 | 12 | 7% / 6775 | - |
| [expert] siege | 4 | 100% | 10:47 / 10:43 | 100% | 100% | 1:31 | 0:49 / 2:19 | 3.0 / 47s | 15.7 | 45 | 0 | 0 | 13 | 7% / 7435 | - |
| [expert] skadi | 4 | 100% | 11:12 / 10:47 | 100% | 100% | 1:18 | 0:51 / 3:14 | 2.5 / 78s | 14.0 | 38 | 0 | 0 | 9 | 30% / 31795 | - |
| [expert] suzuran | 4 | 100% | 11:20 / 10:43 | 100% | 100% | 1:42 | 0:57 / 2:46 | 2.0 / 95s | 18.4 | 40 | 0 | 0 | 12 | 12% / 12736 | - |
| [expert] ulpianus | 4 | 75% | 10:46 / 10:33 | 100% | 100% | 1:26 | 0:51 / 2:56 | 2.5 / 17s | 14.4 | 60 | 1 | 0 | 11 | 25% / 26937 | boss_knight_boss |
| [expert] irene | 4 | 75% | 11:21 / 10:39 | 100% | 100% | 1:27 | 0:47 / 2:27 | 2.0 / 35s | 22.7 | 56 | 0 | 0 | 12 | 24% / 26968 | mire |
| [expert] specter_unchained | 4 | 100% | 10:44 / 10:38 | 100% | 100% | 1:23 | 0:48 / 2:47 | 2.8 / 27s | 12.4 | 23 | 0 | 0 | 10 | 27% / 23833 | - |
| [expert] logos | 4 | 100% | 10:46 / 10:39 | 100% | 100% | 2:04 | 1:24 / 2:54 | 2.5 / 27s | 18.5 | 45 | 1 | 0 | 12 | 59% / 67929 | - |
| [expert] lumen | 4 | 75% | 11:17 / 10:39 | 100% | 100% | 3:31 | 2:18 / 4:26 | 2.0 / 111s | 7.7 | 51 | 0 | 0 | 9 | 11% / 10588 | bullet |
| [normal] mizuki | 4 | 75% | 10:34 / 8:51 | 100% | 100% | 1:15 | 2:15 / 6:36 | 1.8 / 38s | 23.1 | 52 | 0 | 1 | 0 | 49% / 43372 | contact_slider |
| [normal] wisadel | 4 | 75% | 10:21 / 8:54 | 100% | 100% | 1:22 | 2:28 / 7:24 | 2.8 / 41s | 19.1 | 82 | 2 | 2 | 0 | 64% / 59612 | corrode |
| [normal] eyjafjalla | 4 | 75% | 9:41 / 4:59 | 100% | 75% | 1:19 | 2:04 / 4:40 | 1.8 / 27s | 23.7 | 45 | 3 | 0 | 0 | 49% / 34993 | corrode |
| [normal] kaltsit | 4 | 100% | 11:13 / 10:40 | 100% | 100% | 1:31 | 2:56 / 6:21 | 3.0 / 42s | 68.2 | 93 | 0 | 6 | 0 | 42% / 39172 | - |
| [normal] saria | 4 | 75% | 10:32 / 7:48 | 100% | 100% | 1:14 | 3:09 / 7:42 | 1.5 / 91s | 43.3 | 80 | 1 | 15 | 0 | 9% / 6772 | corrode |
| [normal] siege | 4 | 50% | 8:55 / 5:21 | 100% | 100% | 1:18 | 3:49 / 5:25 | 1.5 / 62s | 43.6 | 102 | 18 | 0 | 0 | 13% / 9514 | corrode |
| [normal] skadi | 4 | 100% | 11:24 / 11:10 | 100% | 100% | 1:25 | 4:42 / 7:10 | 2.0 / 137s | 74.3 | 85 | 2 | 5 | 0 | 47% / 40159 | - |
| [normal] suzuran | 4 | 25% | 8:12 / 6:18 | 100% | 100% | 1:21 | 1:39 / 6:39 | 1.5 / 43s | 23.4 | 64 | 9 | 1 | 0 | 26% / 10891 | corrode |
| [normal] ulpianus | 4 | 50% | 9:19 / 7:21 | 100% | 100% | 1:20 | 4:30 / 8:05 | 2.0 / 48s | 43.1 | 106 | 2 | 6 | 0 | 32% / 19368 | corrode |
| [normal] irene | 4 | 50% | 9:39 / 7:50 | 100% | 100% | 1:24 | 3:41 / 5:52 | 1.0 / 28s | 27.9 | 93 | 18 | 8 | 0 | 34% / 19175 | mire |
| [normal] specter_unchained | 4 | 50% | 9:02 / 6:58 | 100% | 100% | 1:20 | 2:07 / 5:22 | 1.8 / 95s | 40.5 | 88 | 9 | 0 | 0 | 54% / 35737 | shock |
| [normal] logos | 4 | 25% | 8:15 / 6:14 | 100% | 100% | 1:15 | 3:52 / 7:39 | 1.8 / 62s | 34.1 | 70 | 25 | 0 | 0 | 47% / 24063 | mire |
| [normal] lumen | 4 | 50% | 9:31 / 6:23 | 100% | 100% | 1:35 | 1:48 / 4:49 | 1.8 / 65s | 19.7 | 140 | 3 | 0 | 0 | 15% / 10123 | mire |

### 藏品（docs/35）

| 机器人 | 开局 | 局数 | 平均藏品数 | 藏品直接伤害 | 各流派 出现 / 拿取 | 无效拿取 |
|---|---|---|---|---|---|---|
| expert | eyjafjalla | 4 | 38.8 | 1.1% | A 36/11 B 14/6 C 35/21 D 51/17 E 65/15 F 8/5 G 31/11 H 80/31 通用 99/39 | 0 |
| expert | irene | 4 | 32.8 | 2.7% | A 53/12 B 10/6 C 35/11 D 32/5 E 49/12 F 5/4 G 22/10 H 67/25 通用 100/46 | 0 |
| expert | kaltsit | 4 | 35.2 | 5.2% | A 44/11 B 24/13 C 40/17 D 32/7 E 37/11 F 12/8 G 30/10 H 80/25 通用 120/41 | 0 |
| expert | logos | 4 | 32.5 | 11.4% | A 46/12 B 14/6 C 39/18 D 23/3 E 44/15 F 7/4 G 30/14 H 64/24 通用 85/34 | 0 |
| expert | lumen | 4 | 24.0 | 1.8% | A 19/5 B 14/9 C 20/10 D 22/3 E 37/13 F 8/4 G 26/12 H 52/11 通用 69/31 | 0 |
| expert | mizuki | 4 | 36.8 | 8.5% | A 36/10 B 27/16 C 53/20 D 43/9 E 35/3 F 10/8 G 42/10 H 78/24 通用 130/50 | 0 |
| expert | saria | 4 | 25.0 | 5.5% | A 38/10 B 11/4 C 22/11 D 27/7 E 33/7 F 5/5 G 30/12 H 65/17 通用 65/30 | 0 |
| expert | siege | 4 | 36.8 | 2.4% | A 56/15 B 18/9 C 40/20 D 57/12 E 37/7 F 11/5 G 39/15 H 79/25 通用 97/41 | 0 |
| expert | skadi | 4 | 34.0 | 3.2% | A 54/15 B 17/10 C 43/19 D 35/7 E 32/6 F 7/4 G 39/11 H 78/24 通用 98/41 | 0 |
| expert | specter_unchained | 4 | 33.0 | 11.1% | A 34/8 B 20/10 C 38/24 D 34/11 E 29/6 F 9/7 G 38/16 H 61/16 通用 92/36 | 0 |
| expert | suzuran | 4 | 27.0 | 5.6% | A 29/6 B 12/6 C 29/15 D 28/5 E 41/14 F 9/3 G 18/8 H 44/16 通用 83/36 | 0 |
| expert | ulpianus | 4 | 36.8 | 3.0% | A 56/17 B 23/12 C 42/21 D 41/11 E 43/8 F 8/5 G 26/10 H 81/20 通用 85/45 | 0 |
| expert | wisadel | 4 | 36.8 | 6.5% | A 36/12 B 19/11 C 28/17 D 47/12 E 57/19 F 5/2 G 27/14 H 65/17 通用 92/46 | 0 |
| normal | eyjafjalla | 4 | 24.2 | 1.4% | A 29/6 B 7/1 C 25/8 D 25/15 E 21/6 F 7/1 G 19/9 H 33/13 通用 44/38 | 0 |
| normal | irene | 4 | 20.2 | 0.6% | A 23/6 B 11/5 C 12/1 D 27/16 E 17/5 F 3/0 G 20/6 H 45/10 通用 59/32 | 0 |
| normal | kaltsit | 4 | 25.5 | 3.9% | A 21/9 B 16/3 C 22/8 D 35/11 E 32/10 F 8/2 G 23/8 H 62/21 通用 60/30 | 0 |
| normal | logos | 4 | 14.2 | 0.4% | A 12/5 B 5/0 C 11/3 D 10/3 E 24/9 F 3/1 G 18/6 H 23/9 通用 34/21 | 0 |
| normal | lumen | 4 | 18.2 | 4.4% | A 23/5 B 9/4 C 28/8 D 17/7 E 14/4 F 5/2 G 12/5 H 40/12 通用 61/26 | 0 |
| normal | mizuki | 4 | 26.5 | 1.7% | A 25/9 B 16/4 C 20/4 D 32/8 E 33/10 F 4/1 G 28/10 H 55/24 通用 71/37 | 0 |
| normal | saria | 4 | 23.2 | 2.1% | A 32/8 B 6/5 C 19/6 D 23/9 E 16/3 F 4/2 G 21/9 H 48/20 通用 73/32 | 0 |
| normal | siege | 4 | 17.8 | 2.8% | A 25/14 B 10/3 C 16/6 D 19/7 E 8/1 F 5/2 G 15/7 H 28/6 通用 52/26 | 0 |
| normal | skadi | 4 | 26.0 | 0.3% | A 47/13 B 21/5 C 35/7 D 37/10 E 19/3 F 7/3 G 26/3 H 67/21 通用 77/40 | 0 |
| normal | specter_unchained | 4 | 17.8 | 0.2% | A 28/10 B 9/2 C 10/3 D 17/5 E 10/5 F 7/3 G 10/5 H 41/14 通用 37/25 | 0 |
| normal | suzuran | 4 | 18.5 | 2.3% | A 13/6 B 6/3 C 15/3 D 16/8 E 18/2 F 4/1 G 23/8 H 28/8 通用 57/35 | 0 |
| normal | ulpianus | 4 | 23.8 | 2.6% | A 35/10 B 8/2 C 26/11 D 19/7 E 22/10 F 6/2 G 21/7 H 34/13 通用 52/33 | 0 |
| normal | wisadel | 4 | 31.8 | 4.2% | A 31/11 B 10/4 C 33/9 D 30/10 E 45/16 F 3/2 G 27/7 H 48/17 通用 80/51 | 0 |
| 合计 | | | | | A 881/256 B 357/159 C 736/301 D 779/225 E 818/220 F 170/86 G 661/243 H 1446/463 通用 1972/942 | |

拿取最多（出现 / 拿取）：“观望” 0/86，“决心” 0/85，“犹疑” 0/71，残破合影 169/49，深蓝之心 0/48，镶金骨骰 171/45，海潮的气息 0/43，老近卫军之锋 176/41，漆黑的舞鞋 93/41，游戏室管理员权限卡 78/41，洁白的舞鞋 77/40，“黑夜呢喃” 171/39
耗时 1410s
写入 build/cloud/rm2-AB-soloa/rm2_solo_AB_0926_1831.{json,md}
