跑 56 局（1 流派 × 2 机器人 × 7 编队 × 4 seed），并行 4（全机上限 4），源文件摘要 bb2f2f0d94ab7885
### 最终 Boss（按类型；上面的「终局」列是四种混算）

| 机器人 | 最终 Boss | 结局 | 出场 | 击杀 | 用时 均 / 中 / P90 / 最短–最长（出现起算） | 中 / P90（可受伤起算） | 阶段护盾秒 / 过卡点数 均 | 未击杀时剩余血量 |
|---|---|---|---|---|---|---|---|---|
| expert | 伊祖米克 | deep 11 | 11 | 5 | 101s / 98s / 174s / 45–174s | 84s / 156s | 1.6 / 1.0 | 64% |
| expert | 最后的骑士 | knight 6 | 6 | 3 | 107s / 100s / 136s / 86–136s | 100s / 136s | 1.0 / 1.7 | 44% |
| expert | 偏执泡影 | standard 5 | 5 | 1 | 73s / 73s / 73s / 73–73s | 73s / 73s | 1.1 / 0.8 | 76% |
| expert | 伊莎玛拉 | resolve 1 | 1 | 0 | - | - | 0.0 / 1.0 | 53% |
| normal | 偏执泡影 | standard 2 | 2 | 0 | - | - | 0.0 / 0.5 | 63% |
| normal | 最后的骑士 | knight 1 | 1 | 0 | - | - | 2.5 / 2.0 | 9% |
| normal | 伊祖米克 | deep 1 | 1 | 0 | - | - | 0.0 / 0.0 | 77% |

### 难度 / 缩圈 / 同屏峰值

#### 前 3 分钟

| 机器人 | 难度 | 局数 | 3:00 前死亡 | 前 3 分钟承伤 均 / 中 | 3:00 时生命 |
|---|---|---|---|---|---|
| expert | 0 | 28 | 0% | 42 / 38 | 99% |
| normal | 0 | 28 | 0% | 41 / 24 | 97% |

#### 死因 × 缩圈阶段 × Boss 在场（失败的局）

| 机器人 | 难度 | 死因 | 缩圈（第几轮 · 阶段） | 圈外 | Boss 在场 | 局数 | 平均死亡时间 |
|---|---|---|---|---|---|---|---|
| expert | 0 | corrode | 第 3 轮 · 稳定 | 否 | 是 | 3 | 12:01 |
| expert | 0 | corrode | 第 2 轮 · 稳定 | 否 | 是 | 2 | 13:00 |
| expert | 0 | bullet | 第 3 轮 · 稳定 | 否 | 是 | 2 | 13:00 |
| expert | 0 | corrode | 第 4 轮 · 稳定 | 否 | 是 | 2 | 11:35 |
| expert | 0 | corrode | 第 3 轮 · 预告 | 否 | 否 | 1 | 6:08 |
| expert | 0 | bullet | 第 1 轮 · 稳定 | 否 | 否 | 1 | 5:03 |
| expert | 0 | bullet | 第 3 轮 · 收缩 | 否 | 是 | 1 | 8:55 |
| expert | 0 | corrode | 第 1 轮 · 稳定 | 否 | 是 | 1 | 13:00 |
| expert | 0 | atk_tracer | 第 1 轮 · 稳定 | 否 | 是 | 1 | 11:26 |
| expert | 0 | corrode | 第 3 轮 · 收缩 | 否 | 否 | 1 | 7:53 |
| expert | 0 | contact_knight_boss | 第 3 轮 · 稳定 | 否 | 是 | 1 | 13:00 |
| expert | 0 | contact_reaper | 第 2 轮 · 稳定 | 否 | 是 | 1 | 10:07 |
| expert | 0 | dark | 第 3 轮 · 收缩 | 否 | 否 | 1 | 6:46 |
| expert | 0 | contact_tracer | 第 1 轮 · 稳定 | 否 | 是 | 1 | 13:00 |
| normal | 0 | dark | 第 1 轮 · 稳定 | 否 | 是 | 3 | 4:25 |
| normal | 0 | dark | 第 2 轮 · 稳定 | 否 | 否 | 2 | 5:41 |
| normal | 0 | mire | 第 1 轮 · 稳定 | 否 | 是 | 2 | 5:31 |
| normal | 0 | corrode | 第 1 轮 · 稳定 | 否 | 是 | 2 | 9:20 |
| normal | 0 | corrode | 第 3 轮 · 预告 | 否 | 否 | 2 | 6:35 |
| normal | 0 | corrode | 第 3 轮 · 稳定 | 否 | 是 | 2 | 7:38 |
| normal | 0 | contact_slider | 第 1 轮 · 稳定 | 否 | 是 | 2 | 6:33 |
| normal | 0 | contact_path | 第 1 轮 · 稳定 | 否 | 是 | 1 | 4:01 |
| normal | 0 | contact_tracer | 第 1 轮 · 稳定 | 否 | 是 | 1 | 6:41 |
| normal | 0 | dark | 第 1 轮 · 稳定 | 否 | 否 | 1 | 5:00 |
| normal | 0 | mire | 第 3 轮 · 收缩 | 否 | 是 | 1 | 7:23 |
| normal | 0 | corrode | 第 2 轮 · 稳定 | 否 | 否 | 1 | 5:41 |
| normal | 0 | contact_tracer | 第 3 轮 · 收缩 | 否 | 否 | 1 | 6:46 |
| normal | 0 | atk_tracer | 第 2 轮 · 稳定 | 否 | 否 | 1 | 5:55 |
| normal | 0 | contact_knight_boss | 第 3 轮 · 稳定 | 否 | 是 | 1 | 13:00 |
| normal | 0 | contact_tracer | 第 3 轮 · 稳定 | 否 | 是 | 1 | 13:00 |
| normal | 0 | contact_slider | 第 4 轮 · 稳定 | 否 | 是 | 1 | 13:00 |
| normal | 0 | contact_reaper | 第 2 轮 · 收缩 | 否 | 否 | 1 | 6:08 |
| normal | 0 | contact_tracer | 第 2 轮 · 收缩 | 否 | 否 | 1 | 5:19 |
| normal | 0 | contact_tracer | 第 2 轮 · 稳定 | 否 | 否 | 1 | 5:17 |

#### 同屏数量峰值（每局峰值的 平均 / 最大）

| 机器人 | 难度 | 局数 | 范围 | 敌人 | 敌方弹幕（含抛射） | 我方子弹 | 特效 | 飘字 |
|---|---|---|---|---|---|---|---|---|
| expert | 0 | 28 | 全程 | 328 / 509 | 114 / 213 | 3 / 9 | 401 / 541 | 45 / 48 |
| expert | 0 | 24 | 8:00–10:00 | 324 / 509 | 71 / 145 | 2 / 5 | 392 / 541 | 31 / 48 |
| normal | 0 | 28 | 全程 | 319 / 501 | 51 / 155 | 3 / 8 | 351 / 557 | 37 / 48 |
| normal | 0 | 4 | 8:00–10:00 | 365 / 459 | 94 / 141 | 1 / 3 | 452 / 546 | 38 / 48 |

### 大群（按第几次）

| 机器人 | 第几次 | 出现 | 时间 | 数量 | 清 80% 用时 均 / 中（清完/出现） | 20 秒内掉血 均 / 最大 | 30 秒内死亡 | 编成 |
|---|---|---|---|---|---|---|---|---|
| expert | 1 | 28 | 1:15 | 37 | 16s / 15s（28/28） | 2 / 15 | 0 | bone/slider/stone ×15；bone/slider ×13 |
| expert | 2 | 28 | 2:45 | 47 | 16s / 12s（28/28） | 4 / 12 | 0 | bone/slider ×15；bone/slider/stone ×13 |
| expert | 3 | 28 | 4:45 | 62 | 21s / 14s（28/28） | 19 / 108 | 1 | bone/slider ×9；bone/offspring/slider/spitter ×7；bone/floater/runner/slider ×4 |
| expert | 4 | 27 | 5:57 | 71 | 20s / 20s（26/27） | 29 / 108 | 1 | bone/offspring/slider/spitter ×14；bone/floater/runner/slider/tracer ×7；bone/slider ×6 |
| expert | 5 | 25 | 7:38 | 83 | 14s / 12s（24/25） | 28 / 94 | 1 | bone/floater/founder/nest/runner/slider ×11；slider/spitter ×8；bone/offspring/slider/stone ×6 |
| expert | 6 | 21 | 8:51 | 92 | 17s / 11s（21/21） | 24 / 82 | 0 | slider/spitter ×9；offspring/slider/spitter/stone ×8；floater/founder/nest/reaper/runner/slider/tracer ×4 |
| expert | 7 | 3 | 9:19 | 95 | 6s / 6s（3/3） | 61 / 137 | 0 | floater/founder/nest/reaper/runner/slider/tracer ×3 |
| normal | 1 | 28 | 1:15 | 37 | 10s / 9s（28/28） | 4 / 19 | 0 | bone/slider/stone ×14；bone/slider ×14 |
| normal | 2 | 28 | 2:45 | 47 | 14s / 12s（28/28） | 9 / 71 | 0 | bone/slider ×14；bone/slider/stone ×14 |
| normal | 3 | 25 | 4:41 | 62 | 32s / 20s（21/25） | 31 / 102 | 3 | bone/offspring/slider/spitter ×7；bone/offspring/slider/stone ×6；bone/floater/runner/slider/tracer ×5 |
| normal | 4 | 12 | 6:00 | 72 | 35s / 29s（10/12） | 25 / 138 | 1 | bone/floater/runner/slider/tracer ×7；bone/slider ×4；bone/offspring/slider/spitter ×1 |
| normal | 5 | 5 | 7:50 | 85 | 17s / 16s（5/5） | 60 / 131 | 1 | bone/offspring/slider/stone ×4；bone/floater/founder/nest/runner/slider ×1 |
| normal | 6 | 4 | 8:54 | 92 | 19s / 18s（4/4） | 58 / 115 | 0 | slider/spitter ×3；floater/founder/nest/reaper/runner/slider/tracer ×1 |
| normal | 7 | 1 | 9:29 | 97 | 6s / 6s（1/1） | 52 / 52 | 0 | offspring/slider/spitter/stone ×1 |

### 按机器人汇总

| 机器人 | 局数 | 胜率 | 平均存活 | 3:30 存活 | 平均终局等级 | 平均击杀 | 目标（胜率 / 存活） | 判定 |
|---|---|---|---|---|---|---|---|---|
| normal | 28 | 0% | 6:53 | 100% | 18.0 | 3361 | 30–55% / 7:00–13:00 | **偏难** |
| expert | 28 | 32% | 11:07 | 100% | 26.6 | 7282 | 70–95% / 9:00–13:00 | **偏难** |

### 明细

| 编队 | n | 胜率 | 存活(均/最短) | 托底(次/首次) | Lv 2:00/5:00/8:00/末 | 终Boss剩余 | 精二占比 | 灯火 | 击杀 | 主要伤害来源 | 治疗来源(总量/无人机Lv) | 主要死因 |
|---|---|---|---|---|---|---|---|---|---|---|---|---|
| [expert] wisadel | 4 | 25% | 10:43 / 6:08 | 0.0 / - | 6 / 14 / 21 / 25 | 21% | 91% | 59 | 6772 | 殉爆 24% 余震 20% 延展敏锐 9% 炮击 6% | 塞雷娅 35% 拾取 28% 流明 21% (1021 / 0.0) | bullet |
| [expert] eyjafjalla | 4 | 0% | 9:15 / 5:03 | 0.0 / - | 6 / 15 / 22 / 24 | 77% | 91% | 36 | 5770 | 火山弹 20% 火山 12% 熔岩天降 8% 熔岩 7% | 拾取 28% 塞雷娅 24% 凯尔希 23% (1583 / 0.0) | contact_slider |
| [expert] skadi | 4 | 100% | 11:43 / 10:57 | 0.0 / - | 8 / 15 / 22 / 28 | - | 100% | 69 | 7862 | 大剑 19% 殉爆 16% 余震 14% 锯刃 7% | 流明 24% 拾取 24% 凯尔希 22% (978 / 0.0) | bullet |
| [expert] mizuki | 4 | 25% | 12:16 / 11:26 | 0.0 / - | 7 / 15 / 21 / 28 | 71% | 100% | 42 | 8295 | 触手 29% 伞击 22% 技能 10% 延展敏锐 5% | 水月 60% 塞雷娅 21% 流明 14% (1735 / 0.0) | bullet |
| [expert] saria | 4 | 25% | 11:31 / 7:53 | 0.0 / - | 6 / 15 / 21 / 27 | 56% | 100% | 20 | 7826 | 延展敏锐 16% 火山弹 7% Mon3tr 6% 殉爆 6% | 塞雷娅 79% 凯尔希 14% 拾取 4% (2130 / 0.0) | bullet |
| [expert] kaltsit | 4 | 50% | 11:39 / 10:07 | 0.0 / - | 5 / 15 / 22 / 28 | 64% | 100% | 43 | 7937 | Mon3tr 18% Mon3tr · 真伤 17% 锯刃 10% 延展敏锐 7% | 凯尔希 86% 塞雷娅 9% 铃兰 3% (1899 / 0.0) | bullet |
| [expert] suzuran | 4 | 0% | 10:44 / 6:46 | 0.0 / - | 7 / 14 / 21 / 26 | 80% | 91% | 64 | 6513 | 殉爆 15% 余震 13% 狐火 11% 震地 7% | 铃兰 36% 流明 21% 塞雷娅 19% (1078 / 0.0) | bullet |
| [normal] wisadel | 4 | 0% | 4:42 / 3:30 | 0.0 / - | 6 / 14 / 0 / 13 | 71% | 8% | 0 | 1693 | 炮击 20% 余震 17% 锯刃 15% 殉爆 12% | 拾取 35% 凯尔希 24% 事件 17% (137 / 0.2) | contact_slider |
| [normal] eyjafjalla | 4 | 0% | 5:14 / 3:56 | 0.0 / - | 6 / 14 / 0 / 14 | 80% | 0% | 16 | 1776 | 火山弹 36% 伞击 12% 锤击 9% 火星 6% | 流明 36% 拾取 29% 事件 17% (208 / 0.2) | contact_slider |
| [normal] skadi | 4 | 0% | 6:22 / 5:40 | 0.0 / - | 7 / 14 / 0 / 18 | 75% | 0% | 2 | 2684 | 大剑 24% 锚击 18% 骑士 10% 掷锚 9% | 拾取 48% 无人机 25% 商店 1% (49 / 0.2) | atk_reaper |
| [normal] mizuki | 4 | 0% | 11:13 / 5:55 | 0.0 / - | 6 / 15 / 22 / 26 | 40% | 41% | 22 | 7689 | 伞击 21% 触手 11% 锯刃 8% 余震 7% | 水月 73% 凯尔希 9% 塞雷娅 5% (4045 / 0.8) | contact_tracer |
| [normal] saria | 4 | 0% | 8:16 / 5:53 | 0.0 / - | 7 / 14 / 21 / 21 | 76% | 16% | 2 | 4400 | 大剑 22% 狐火 14% 拳击 12% 刺剑 9% | 塞雷娅 96% 无人机 2% 拾取 1% (935 / 0.2) | atk_reaper |
| [normal] kaltsit | 4 | 0% | 7:02 / 6:08 | 0.0 / - | 7 / 15 / 0 / 19 | 52% | 25% | 22 | 3291 | Mon3tr 53% Mon3tr · 真伤 8% 余震 6% 炮击 5% | 凯尔希 75% 流明 10% 塞雷娅 8% (1075 / 0.2) | contact_slider |
| [normal] suzuran | 4 | 0% | 5:24 / 5:17 | 0.0 / - | 6 / 14 / 0 / 15 | 66% | 8% | 0 | 1996 | 狐火 40% 锚击 11% 火山弹 11% 锯刃 6% | 铃兰 44% 拾取 34% 流明 16% (116 / 0.5) | atk_reaper |

### 机器人指标（docs/29）

| 机器人 · 开局 | n | 胜率 | 存活 均/最短 | 3:30 存活 | 5:00 存活 | 首次招募 | 首次精一 / 精二 | 中期 Boss 击杀数 / 平均用时 | 受击/分 | 承伤/分 | 低血(<35%)秒 | 熄灯秒 | 静止% | 开局干员 伤害占比 / 每分钟 | 主要死因 |
|---|---|---|---|---|---|---|---|---|---|---|---|---|---|---|---|
| [expert] wisadel | 4 | 25% | 10:43 / 6:08 | 100% | 100% | 1:23 | 1:00 / 4:01 | 1.2 / 67s | 59.4 | 118 | 2 | 9 | 6 | 58% / 59708 | corrode |
| [expert] eyjafjalla | 4 | 0% | 9:15 / 5:03 | 100% | 100% | 1:37 | 1:08 / 4:16 | 1.0 / 70s | 87.2 | 161 | 23 | 118 | 5 | 58% / 49474 | corrode |
| [expert] skadi | 4 | 100% | 11:43 / 10:57 | 100% | 100% | 1:12 | 0:51 / 2:47 | 2.5 / 103s | 73.7 | 112 | 1 | 37 | 5 | 26% / 36859 | - |
| [expert] mizuki | 4 | 25% | 12:16 / 11:26 | 100% | 100% | 1:03 | 1:14 / 3:10 | 1.2 / 99s | 102.5 | 150 | 1 | 52 | 4 | 66% / 75173 | corrode |
| [expert] saria | 4 | 25% | 11:31 / 7:53 | 100% | 100% | 1:16 | 0:49 / 4:29 | 1.0 / 75s | 117.0 | 168 | 7 | 159 | 4 | 10% / 10986 | corrode |
| [expert] kaltsit | 4 | 50% | 11:39 / 10:07 | 100% | 100% | 1:51 | 1:23 / 3:26 | 1.8 / 81s | 110.9 | 167 | 0 | 103 | 4 | 39% / 47958 | corrode |
| [expert] suzuran | 4 | 0% | 10:44 / 6:46 | 100% | 100% | 1:10 | 0:59 / 3:50 | 1.8 / 66s | 64.4 | 122 | 5 | 2 | 6 | 15% / 12705 | corrode |
| [normal] wisadel | 4 | 0% | 4:42 / 3:30 | 100% | 50% | 0:59 | 2:44 / 5:19 | 0.2 / 40s | 34.2 | 69 | 17 | 42 | 0 | 52% / 9562 | dark |
| [normal] eyjafjalla | 4 | 0% | 5:14 / 3:56 | 100% | 75% | 0:57 | 2:49 / - | 0.2 / 77s | 30.2 | 86 | 17 | 21 | 0 | 51% / 10176 | dark |
| [normal] skadi | 4 | 0% | 6:22 / 5:40 | 100% | 100% | 0:57 | 3:28 / - | 0.8 / 47s | 36.0 | 76 | 6 | 12 | 0 | 35% / 12112 | corrode |
| [normal] mizuki | 4 | 0% | 11:13 / 5:55 | 100% | 100% | 1:05 | 3:42 / 7:24 | 1.2 / 57s | 124.3 | 313 | 10 | 210 | 0 | 43% / 44107 | contact_slider |
| [normal] saria | 4 | 0% | 8:16 / 5:53 | 100% | 100% | 1:00 | 3:48 / 8:09 | 0.8 / 51s | 72.5 | 124 | 12 | 78 | 0 | 16% / 5899 | corrode |
| [normal] kaltsit | 4 | 0% | 7:02 / 6:08 | 100% | 100% | 0:59 | 2:50 / 5:58 | 0.8 / 55s | 63.5 | 186 | 8 | 63 | 0 | 64% / 29293 | corrode |
| [normal] suzuran | 4 | 0% | 5:24 / 5:17 | 100% | 100% | 1:05 | 3:01 / 5:07 | 0.5 / 40s | 19.7 | 68 | 5 | 1 | 0 | 42% / 8834 | contact_tracer |

### 藏品（docs/35）

| 机器人 | 开局 | 局数 | 平均藏品数 | 藏品直接伤害 | 各流派 出现 / 拿取 | 无效拿取 |
|---|---|---|---|---|---|---|
| expert | eyjafjalla | 4 | 5.8 | 0.0% | A 4/1 B 1/1 C 6/4 D 2/1 E 4/1 G 8/2 H 4/1 通用 11/12 | 0 |
| expert | kaltsit | 4 | 11.0 | 4.6% | A 4/1 B 6/1 C 9/7 D 12/3 E 11/5 F 1/1 G 19/5 H 26/4 通用 21/17 | 0 |
| expert | mizuki | 4 | 11.2 | 4.8% | A 8/2 B 3/3 C 4/3 D 7/3 E 10/4 F 3/1 G 18/4 H 21/7 通用 25/19 | 0 |
| expert | saria | 4 | 9.0 | 2.9% | A 6/3 B 2/2 C 8/2 D 11/1 E 6/3 F 1/0 G 10/3 H 15/6 通用 20/16 | 0 |
| expert | skadi | 4 | 16.8 | 2.8% | A 11/3 B 13/5 C 10/6 D 16/3 E 32/14 F 3/1 G 23/5 H 36/6 通用 33/26 | 0 |
| expert | suzuran | 4 | 10.2 | 9.7% | A 9/2 B 2/2 C 9/6 D 10/6 E 6/2 F 2/2 G 18/8 H 28/7 通用 20/7 | 0 |
| expert | wisadel | 4 | 10.2 | 4.1% | A 6/3 B 3/2 C 8/3 D 12/4 E 11/4 F 1/0 G 13/2 H 28/11 通用 21/13 | 0 |
| normal | eyjafjalla | 4 | 3.5 | 4.7% | A 1/0 C 1/0 D 2/1 E 1/0 G 3/1 H 11/4 通用 8/8 | 0 |
| normal | kaltsit | 4 | 4.5 | 2.8% | A 5/3 B 2/1 C 4/0 D 1/0 E 2/1 F 1/0 G 6/1 H 9/5 通用 5/7 | 0 |
| normal | mizuki | 4 | 8.0 | 0.0% | A 7/3 B 1/0 C 5/0 D 8/4 E 7/4 G 11/2 H 21/6 通用 15/13 | 0 |
| normal | saria | 4 | 4.5 | 0.0% | A 2/0 B 2/0 C 3/0 D 5/4 E 2/0 G 5/1 H 11/5 通用 6/8 | 0 |
| normal | skadi | 4 | 3.5 | 0.0% | A 2/2 B 1/0 C 1/0 D 3/1 E 1/0 F 2/1 G 6/1 H 6/2 通用 9/7 | 0 |
| normal | suzuran | 4 | 2.8 | 0.0% | A 1/0 B 1/0 C 1/1 D 1/0 E 4/2 F 3/1 G 2/1 H 1/1 通用 9/5 | 0 |
| normal | wisadel | 4 | 2.5 | 0.0% | A 1/0 B 2/0 C 1/0 D 5/2 E 1/0 G 1/0 H 5/3 通用 9/5 | 0 |
| 合计 | | | | | A 67/23 B 39/17 C 70/32 D 95/33 E 98/40 F 17/7 G 143/36 H 222/68 通用 212/163 | |

拿取最多（出现 / 拿取）：海潮的气息 0/24，“观望” 0/17，深蓝之心 0/14，“决心” 0/14，异铁小圆盾 27/9，损坏的左轮弹巢 12/9，“犹疑” 0/9，退行的罗辛南特 0/8，“黑夜呢喃” 26/7，洁白的舞鞋 17/7，显圣吊坠 25/7，老蒲扇 11/6
耗时 1002s
写入 build/cloud/close2-t0b-1/close2-t0b_0929_1314.{json,md}
ELAPSED_SECONDS=1002
