跑 32 局（1 流派 × 2 机器人 × 1 编队 × 16 seed），并行 4（全机上限 4），源文件摘要 93a77a253398caf4
### 最终 Boss（按类型；上面的「终局」列是四种混算）

| 机器人 | 最终 Boss | 结局 | 出场 | 击杀 | 用时 均 / 中 / P90 / 最短–最长（出现起算） | 中 / P90（可受伤起算） | 阶段护盾秒 / 过卡点数 均 | 未击杀时剩余血量 |
|---|---|---|---|---|---|---|---|---|
| expert | 伊祖米克 | deep 5 | 5 | 5 | 60s / 58s / 78s / 51–78s | 32s / 36s | 16.9 / 2.0 | - |
| expert | 偏执泡影 | standard 4 | 4 | 4 | 39s / 39s / 42s / 39–42s | 39s / 42s | 12.3 / 2.0 | - |
| expert | 伊莎玛拉 | resolve 4 | 4 | 4 | 41s / 40s / 45s / 39–45s | 40s / 45s | 15.0 / 2.0 | - |
| expert | 最后的骑士 | knight 2 | 2 | 2 | 46s / 46s / 49s / 43–49s | 46s / 49s | 23.4 / 2.0 | - |
| normal | 最后的骑士 | knight 1 | 1 | 1 | 52s / 52s / 52s / 52–52s | 52s / 52s | 13.9 / 2.0 | - |
| normal | 伊祖米克 | deep 1 | 1 | 1 | 44s / 44s / 44s / 44–44s | 30s / 30s | 18.7 / 2.0 | - |

### 难度 / 缩圈 / 同屏峰值

#### 前 3 分钟

| 机器人 | 难度 | 局数 | 3:00 前死亡 | 前 3 分钟承伤 均 / 中 | 3:00 时生命 |
|---|---|---|---|---|---|
| expert | 0 | 16 | 0% | 38 / 34 | 99% |
| normal | 0 | 16 | 0% | 87 / 72 | 94% |

#### 死因 × 缩圈阶段 × Boss 在场（失败的局）

| 机器人 | 难度 | 死因 | 缩圈（第几轮 · 阶段） | 圈外 | Boss 在场 | 局数 | 平均死亡时间 |
|---|---|---|---|---|---|---|---|
| expert | 0 | shock | 第 4 轮 · 稳定 | 否 | 否 | 1 | 9:02 |
| normal | 0 | corrode | 第 1 轮 · 稳定 | 否 | 否 | 2 | 3:21 |
| normal | 0 | mire | 第 3 轮 · 稳定 | 否 | 是 | 2 | 7:28 |
| normal | 0 | contact_slider | 第 3 轮 · 稳定 | 否 | 否 | 1 | 8:07 |
| normal | 0 | bullet | 第 3 轮 · 稳定 | 否 | 否 | 1 | 6:50 |
| normal | 0 | boss_reaper | 第 3 轮 · 预告 | 否 | 否 | 1 | 5:56 |
| normal | 0 | contact_slider | 第 3 轮 · 收缩 | 否 | 是 | 1 | 8:13 |
| normal | 0 | corrode | 第 1 轮 · 稳定 | 否 | 是 | 1 | 6:05 |
| normal | 0 | boss_reaper | 第 3 轮 · 收缩 | 否 | 否 | 1 | 6:40 |
| normal | 0 | boss_tracer | 第 4 轮 · 稳定 | 否 | 否 | 1 | 8:56 |
| normal | 0 | corrode | 第 2 轮 · 稳定 | 否 | 否 | 1 | 6:15 |
| normal | 0 | contact_burrower | 第 2 轮 · 预告 | 否 | 否 | 1 | 4:51 |
| normal | 0 | corrode | 第 3 轮 · 稳定 | 否 | 是 | 1 | 7:56 |

#### 同屏数量峰值（每局峰值的 平均 / 最大）

| 机器人 | 难度 | 局数 | 范围 | 敌人 | 敌方弹幕（含抛射） | 我方子弹 | 特效 | 飘字 |
|---|---|---|---|---|---|---|---|---|
| expert | 0 | 16 | 全程 | 280 / 384 | 55 / 76 | 2 / 8 | 406 / 541 | 48 / 48 |
| expert | 0 | 16 | 8:00–10:00 | 197 / 238 | 41 / 59 | 2 / 7 | 361 / 425 | 48 / 48 |
| normal | 0 | 16 | 全程 | 270 / 450 | 35 / 73 | 1 / 3 | 355 / 447 | 42 / 48 |
| normal | 0 | 5 | 8:00–10:00 | 211 / 282 | 56 / 63 | 0 / 0 | 287 / 367 | 40 / 48 |

### 大群（按第几次）

| 机器人 | 第几次 | 出现 | 时间 | 数量 | 清 80% 用时 均 / 中（清完/出现） | 20 秒内掉血 均 / 最大 | 30 秒内死亡 | 编成 |
|---|---|---|---|---|---|---|---|---|
| expert | 1 | 16 | 1:15 | 26 | 64s / 63s（16/16） | 3 / 7 | 0 | bone/slider/stone ×10；bone/slider ×6 |
| expert | 2 | 16 | 2:45 | 33 | 18s / 18s（16/16） | 7 / 22 | 0 | bone/slider ×10；bone/slider/stone ×6 |
| expert | 3 | 16 | 4:15 | 41 | 10s / 9s（16/16） | 3 / 8 | 0 | bone/floater/ripper/runner/slider ×7；bone/offspring/ripper/slider/stone ×5；bone/ripper/slider/stone ×4 |
| expert | 4 | 16 | 5:40 | 48 | 11s / 10s（16/16） | 9 / 22 | 0 | bone/offspring/ripper/slider/spitter ×6；bone/floater/ripper/runner/slider/tracer ×6；bone/burrower/ripper/slider ×4 |
| expert | 5 | 16 | 7:32 | 57 | 9s / 8s（16/16） | 11 / 36 | 0 | bone/floater/founder/nest/ripper/runner/slider ×7；burrower/ripper/slider/spitter ×5；bone/burrower/offspring/ripper/slider/stone ×4 |
| expert | 6 | 16 | 8:42 | 63 | 7s / 7s（16/16） | 24 / 79 | 1 | burrower/floater/founder/nest/reaper/ripper/runner/slider/tracer ×4；burrower/hulk/ripper/slider/spitter ×4；bone/burrower/offspring/ripper/slider/stone ×3 |
| normal | 1 | 16 | 1:15 | 26 | 14s / 10s（16/16） | 12 / 29 | 0 | bone/slider/stone ×11；bone/slider ×5 |
| normal | 2 | 16 | 2:45 | 33 | 23s / 16s（16/16） | 14 / 72 | 0 | bone/slider ×11；bone/slider/stone ×5 |
| normal | 3 | 14 | 4:24 | 42 | 21s / 18s（14/14） | 2 / 12 | 1 | bone/floater/ripper/runner/slider ×6；bone/offspring/ripper/slider/stone ×4；bone/ripper/slider/stone ×2 |
| normal | 4 | 12 | 5:46 | 49 | 16s / 12s（12/12） | 37 / 140 | 2 | bone/floater/ripper/runner/slider/tracer ×6；bone/burrower/ripper/slider ×5；bone/offspring/ripper/slider/spitter ×1 |
| normal | 5 | 6 | 7:39 | 58 | 10s / 10s（5/6） | 31 / 81 | 3 | bone/floater/founder/nest/ripper/runner/slider ×3；burrower/ripper/slider/spitter ×2；bone/burrower/offspring/ripper/slider/stone ×1 |
| normal | 6 | 3 | 8:41 | 63 | 8s / 8s（3/3） | 74 / 136 | 1 | burrower/hulk/ripper/slider/spitter ×2；bone/burrower/offspring/ripper/slider/stone ×1 |

### 按机器人汇总

| 机器人 | 局数 | 胜率 | 平均存活 | 3:30 存活 | 平均终局等级 | 平均击杀 | 目标（胜率 / 存活） | 判定 |
|---|---|---|---|---|---|---|---|---|
| normal | 16 | 12% | 7:04 | 87% | 21.9 | 3369 | 30–55% / 7:00–13:00 | **偏难** |
| expert | 16 | 93% | 10:41 | 100% | 33.9 | 6527 | 70–95% / 9:00–13:00 | **达标** |

### 明细

| 编队 | n | 胜率 | 存活(均/最短) | 托底(次/首次) | Lv 2:00/5:00/8:00/末 | 终Boss剩余 | 精二占比 | 灯火 | 击杀 | 主要伤害来源 | 治疗来源(总量/无人机Lv) | 主要死因 |
|---|---|---|---|---|---|---|---|---|---|---|---|---|
| [expert] logos | 16 | 93% | 10:41 / 9:02 | 0.0 / - | 3 / 17 / 26 / 34 | - | 96% | 59 | 6527 | 延展敏锐 36% 提喻 12% 言 4% Mon3tr 3% | 凯尔希 46% 塞雷娅 13% 无人机 13% (404 / 0.4) | bullet |
| [normal] logos | 16 | 12% | 7:04 / 3:17 | 0.0 / - | 6 / 16 / 26 / 22 | 69% | 25% | 49 | 3369 | 提喻 11% 言 10% 延展敏锐 10% 大剑 5% | 拾取 33% 流明 14% 无人机 13% (340 / 0.3) | boss_tracer |

### 机器人指标（docs/29）

| 机器人 · 开局 | n | 胜率 | 存活 均/最短 | 3:30 存活 | 5:00 存活 | 首次招募 | 首次精一 / 精二 | 中期 Boss 击杀数 / 平均用时 | 受击/分 | 承伤/分 | 低血(<35%)秒 | 熄灯秒 | 静止% | 开局干员 伤害占比 / 每分钟 | 主要死因 |
|---|---|---|---|---|---|---|---|---|---|---|---|---|---|---|---|
| [expert] logos | 16 | 93% | 10:41 / 9:02 | 100% | 100% | 2:38 | 2:15 / 3:15 | 2.4 / 20s | 20.2 | 54 | 2 | 0 | 16 | 59% / 62691 | shock |
| [normal] logos | 16 | 12% | 7:04 / 3:17 | 87% | 81% | 1:28 | 3:12 / 5:52 | 1.1 / 35s | 49.7 | 94 | 14 | 5 | 0 | 41% / 17637 | corrode |

### 藏品（docs/35）

| 机器人 | 开局 | 局数 | 平均藏品数 | 藏品直接伤害 | 各流派 出现 / 拿取 | 无效拿取 |
|---|---|---|---|---|---|---|
| expert | logos | 16 | 29.9 | 3.3% | A 113/29 B 57/30 C 110/62 D 130/33 E 162/48 F 29/12 G 111/51 H 230/67 通用 319/152 | 0 |
| normal | logos | 16 | 11.6 | 1.1% | A 41/17 B 18/5 C 43/9 D 41/15 E 59/21 F 16/3 G 42/6 H 86/37 通用 124/74 | 0 |
| 合计 | | | | | A 154/46 B 75/35 C 153/71 D 171/48 E 221/69 F 45/15 G 153/57 H 316/104 通用 443/226 | |

拿取最多（出现 / 拿取）：“观望” 0/21，“犹疑” 0/20，“决心” 0/20，洁白的舞鞋 28/17，深蓝之心 0/13，海潮的气息 0/13，凯旋号角 38/11，涡旋座 39/11，羽兽肝酱 43/10，异铁小圆盾 29/10，古旧钱币 28/10，损坏的左轮弹巢 33/10
耗时 370s
写入 build/cloud/logos-rework-new/lr_solo_new_0926_1730.{json,md}
跑 16 局（1 流派 × 2 机器人 × 1 编队 × 8 seed），并行 4（全机上限 4），源文件摘要 93a77a253398caf4
### 最终 Boss（按类型；上面的「终局」列是四种混算）

| 机器人 | 最终 Boss | 结局 | 出场 | 击杀 | 用时 均 / 中 / P90 / 最短–最长（出现起算） | 中 / P90（可受伤起算） | 阶段护盾秒 / 过卡点数 均 | 未击杀时剩余血量 |
|---|---|---|---|---|---|---|---|---|
| expert | 伊祖米克 | deep 4 | 4 | 4 | 67s / 67s / 76s / 57–76s | 30s / 31s | 21.5 / 2.0 | - |
| expert | 偏执泡影 | standard 2 | 2 | 2 | 39s / 39s / 39s / 39–39s | 39s / 39s | 23.6 / 2.0 | - |
| expert | 伊莎玛拉 | resolve 2 | 2 | 2 | 39s / 39s / 39s / 39–39s | 39s / 39s | 24.9 / 2.0 | - |
| normal | 最后的骑士 | knight 4 | 4 | 4 | 46s / 46s / 47s / 45–47s | 46s / 47s | 22.9 / 2.0 | - |
| normal | 偏执泡影 | standard 3 | 3 | 3 | 51s / 44s / 71s / 39–71s | 44s / 71s | 9.7 / 2.0 | - |
| normal | 伊莎玛拉 | resolve 1 | 1 | 1 | 39s / 39s / 39s / 39–39s | 39s / 39s | 11.2 / 2.0 | - |

### 难度 / 缩圈 / 同屏峰值

#### 前 3 分钟

| 机器人 | 难度 | 局数 | 3:00 前死亡 | 前 3 分钟承伤 均 / 中 | 3:00 时生命 |
|---|---|---|---|---|---|
| expert | 0 | 8 | 0% | 12 / 13 | 100% |
| normal | 0 | 8 | 0% | 8 / 8 | 100% |

#### 死因 × 缩圈阶段 × Boss 在场（失败的局）

| 机器人 | 难度 | 死因 | 缩圈（第几轮 · 阶段） | 圈外 | Boss 在场 | 局数 | 平均死亡时间 |
|---|---|---|---|---|---|---|---|
| expert | 0 | （全部胜利） | | | | 0 | |
| normal | 0 | （全部胜利） | | | | 0 | |

#### 同屏数量峰值（每局峰值的 平均 / 最大）

| 机器人 | 难度 | 局数 | 范围 | 敌人 | 敌方弹幕（含抛射） | 我方子弹 | 特效 | 飘字 |
|---|---|---|---|---|---|---|---|---|
| expert | 0 | 8 | 全程 | 180 / 204 | 34 / 49 | 0 / 0 | 374 / 386 | 48 / 48 |
| expert | 0 | 8 | 8:00–10:00 | 172 / 182 | 25 / 36 | 0 / 0 | 365 / 383 | 48 / 48 |
| normal | 0 | 8 | 全程 | 218 / 333 | 51 / 74 | 0 / 0 | 393 / 429 | 48 / 48 |
| normal | 0 | 8 | 8:00–10:00 | 203 / 316 | 48 / 74 | 0 / 0 | 369 / 420 | 48 / 48 |

### 大群（按第几次）

| 机器人 | 第几次 | 出现 | 时间 | 数量 | 清 80% 用时 均 / 中（清完/出现） | 20 秒内掉血 均 / 最大 | 30 秒内死亡 | 编成 |
|---|---|---|---|---|---|---|---|---|
| expert | 1 | 8 | 1:15 | 26 | 10s / 10s（8/8） | 4 / 6 | 0 | bone/slider/stone ×5；bone/slider ×3 |
| expert | 2 | 8 | 2:45 | 33 | 11s / 12s（8/8） | 3 / 14 | 0 | bone/slider ×5；bone/slider/stone ×3 |
| expert | 3 | 8 | 4:15 | 41 | 9s / 6s（8/8） | 1 / 3 | 0 | bone/ripper/slider/stone ×4；bone/offspring/ripper/slider/stone ×4 |
| expert | 4 | 8 | 5:40 | 48 | 6s / 6s（8/8） | 8 / 42 | 0 | bone/burrower/ripper/slider ×3；bone/offspring/ripper/slider/spitter ×3；bone/floater/ripper/runner/slider/tracer ×2 |
| expert | 5 | 8 | 7:24 | 57 | 9s / 9s（8/8） | 5 / 13 | 0 | bone/floater/founder/nest/ripper/runner/slider ×5；burrower/ripper/slider/spitter ×2；bone/burrower/offspring/ripper/slider/stone ×1 |
| expert | 6 | 8 | 8:34 | 62 | 7s / 6s（8/8） | 13 / 32 | 0 | burrower/ripper/slider/spitter ×4；bone/floater/founder/nest/ripper/runner/slider ×2；bone/burrower/offspring/ripper/slider/stone ×2 |
| normal | 1 | 8 | 1:15 | 26 | 8s / 8s（8/8） | 3 / 6 | 0 | bone/slider/stone ×6；bone/slider ×2 |
| normal | 2 | 8 | 2:45 | 33 | 14s / 14s（8/8） | 1 / 5 | 0 | bone/slider ×6；bone/slider/stone ×2 |
| normal | 3 | 8 | 4:20 | 41 | 20s / 20s（8/8） | 6 / 32 | 0 | bone/ripper/slider/stone ×3；bone/offspring/ripper/slider/stone ×2；bone/floater/ripper/runner/slider ×2 |
| normal | 4 | 8 | 5:39 | 48 | 18s / 7s（8/8） | 13 / 48 | 0 | bone/floater/ripper/runner/slider/tracer ×4；bone/offspring/ripper/slider/spitter ×2；bone/burrower/ripper/slider ×2 |
| normal | 5 | 8 | 7:23 | 56 | 11s / 6s（8/8） | 18 / 58 | 0 | burrower/ripper/slider/spitter ×4；bone/floater/founder/nest/ripper/runner/slider ×3；bone/burrower/offspring/ripper/slider/stone ×1 |
| normal | 6 | 8 | 8:33 | 62 | 11s / 7s（8/8） | 40 / 155 | 0 | bone/floater/founder/nest/ripper/runner/slider ×3；bone/burrower/offspring/ripper/slider/stone ×2；burrower/ripper/slider/spitter ×2 |
| normal | 7 | 1 | 9:15 | 66 | 10s / 10s（1/1） | 75 / 75 | 0 | burrower/offspring/ripper/slider/spitter/stone ×1 |

### 按机器人汇总

| 机器人 | 局数 | 胜率 | 平均存活 | 3:30 存活 | 平均终局等级 | 平均击杀 | 目标（胜率 / 存活） | 判定 |
|---|---|---|---|---|---|---|---|---|
| normal | 8 | 100% | 10:47 | 100% | 33.6 | 6641 | 30–55% / 7:00–13:00 | **偏易** |
| expert | 8 | 100% | 10:53 | 100% | 34.6 | 6748 | 70–95% / 9:00–13:00 | **偏易** |

### 明细

| 编队 | n | 胜率 | 存活(均/最短) | 托底(次/首次) | Lv 2:00/5:00/8:00/末 | 终Boss剩余 | 精二占比 | 灯火 | 击杀 | 主要伤害来源 | 治疗来源(总量/无人机Lv) | 主要死因 |
|---|---|---|---|---|---|---|---|---|---|---|---|---|
| [expert] logos+siege+mizuki | 8 | 100% | 10:53 / 10:39 | 0.0 / - | 7 / 17 / 26 / 35 | - | 100% | 67 | 6748 | 延展敏锐 34% 触手 28% 伞击 11% 提喻 11% | 水月 91% 无人机 5% 拾取 2% (294 / 2.2) | bullet |
| [normal] logos+siege+mizuki | 8 | 100% | 10:47 / 10:39 | 0.0 / - | 6 / 16 / 26 / 34 | - | 62% | 94 | 6641 | 延展敏锐 34% 触手 15% 提喻 14% 伞击 9% | 水月 85% 拾取 7% 无人机 6% (509 / 0.5) | bullet |

### 机器人指标（docs/29）

| 机器人 · 开局 | n | 胜率 | 存活 均/最短 | 3:30 存活 | 5:00 存活 | 首次招募 | 首次精一 / 精二 | 中期 Boss 击杀数 / 平均用时 | 受击/分 | 承伤/分 | 低血(<35%)秒 | 熄灯秒 | 静止% | 开局干员 伤害占比 / 每分钟 | 主要死因 |
|---|---|---|---|---|---|---|---|---|---|---|---|---|---|---|---|
| [expert] logos+siege+mizuki | 8 | 100% | 10:53 / 10:39 | 100% | 100% | - | 0:52 / 3:36 | 2.5 / 15s | 8.2 | 33 | 0 | 0 | 15 | 50% / 54653 | - |
| [normal] logos+siege+mizuki | 8 | 100% | 10:47 / 10:39 | 100% | 100% | - | 2:35 / 6:14 | 2.4 / 22s | 32.8 | 84 | 0 | 7 | 0 | 58% / 57069 | - |

### 藏品（docs/35）

| 机器人 | 开局 | 局数 | 平均藏品数 | 藏品直接伤害 | 各流派 出现 / 拿取 | 无效拿取 |
|---|---|---|---|---|---|---|
| expert | logos | 8 | 28.1 | 1.3% | A 44/16 B 16/7 C 52/27 D 62/21 E 69/18 F 7/3 G 47/22 H 102/35 通用 133/76 | 0 |
| normal | logos | 8 | 23.9 | 1.9% | A 44/19 B 26/8 C 46/13 D 52/22 E 49/16 F 10/2 G 45/20 H 80/27 通用 120/64 | 0 |
| 合计 | | | | | A 88/35 B 42/15 C 98/40 D 114/43 E 118/34 F 17/5 G 92/42 H 182/62 通用 253/140 | |

拿取最多（出现 / 拿取）：“决心” 0/17，“犹疑” 0/15，“观望” 0/15，贵族刺剑 23/10，老近卫军之锋 26/10，“黑夜呢喃” 23/10，镶金骨骰 25/10，显圣吊坠 22/9，海潮的气息 0/8，游戏室管理员权限卡 10/8，制式防暴用具 24/7，破坏协议-压制 17/7
耗时 191s
写入 build/cloud/logos-rework-new/lr_share_new_0926_1733.{json,md}
跑 56 局（1 流派 × 2 机器人 × 7 编队 × 4 seed），并行 4（全机上限 4），源文件摘要 93a77a253398caf4
### 最终 Boss（按类型；上面的「终局」列是四种混算）

| 机器人 | 最终 Boss | 结局 | 出场 | 击杀 | 用时 均 / 中 / P90 / 最短–最长（出现起算） | 中 / P90（可受伤起算） | 阶段护盾秒 / 过卡点数 均 | 未击杀时剩余血量 |
|---|---|---|---|---|---|---|---|---|
| expert | 伊祖米克 | deep 11 | 11 | 9 | 85s / 81s / 179s / 52–179s | 31s / 158s | 9.5 / 1.7 | 81% |
| expert | 偏执泡影 | standard 7 | 7 | 6 | 50s / 45s / 70s / 39–70s | 45s / 70s | 5.4 / 2.0 | 27% |
| expert | 伊莎玛拉 | resolve 5 | 5 | 4 | 72s / 47s / 158s / 39–158s | 47s / 158s | 4.3 / 1.4 | 50% |
| expert | 最后的骑士 | knight 5 | 5 | 4 | 60s / 60s / 74s / 47–74s | 60s / 74s | 10.0 / 2.0 | 4% |
| normal | 伊祖米克 | deep 6 | 6 | 5 | 78s / 66s / 143s / 52–143s | 47s / 126s | 6.9 / 1.8 | 66% |
| normal | 偏执泡影 | standard 5 | 5 | 4 | 74s / 55s / 145s / 41–145s | 55s / 145s | 5.0 / 1.6 | 92% |
| normal | 最后的骑士 | knight 3 | 3 | 2 | 58s / 58s / 69s / 48–69s | 58s / 69s | 7.7 / 1.3 | 66% |
| normal | 伊莎玛拉 | resolve 1 | 1 | 1 | 49s / 49s / 49s / 49–49s | 49s / 49s | 17.2 / 2.0 | - |

### 难度 / 缩圈 / 同屏峰值

#### 前 3 分钟

| 机器人 | 难度 | 局数 | 3:00 前死亡 | 前 3 分钟承伤 均 / 中 | 3:00 时生命 |
|---|---|---|---|---|---|
| expert | 0 | 28 | 0% | 22 / 18 | 100% |
| normal | 0 | 28 | 0% | 26 / 20 | 99% |

#### 死因 × 缩圈阶段 × Boss 在场（失败的局）

| 机器人 | 难度 | 死因 | 缩圈（第几轮 · 阶段） | 圈外 | Boss 在场 | 局数 | 平均死亡时间 |
|---|---|---|---|---|---|---|---|
| expert | 0 | bullet | 第 1 轮 · 稳定 | 否 | 是 | 2 | 13:00 |
| expert | 0 | contact_slider | 第 2 轮 · 收缩 | 否 | 是 | 1 | 13:00 |
| expert | 0 | bullet | 第 3 轮 · 收缩 | 否 | 是 | 1 | 13:00 |
| expert | 0 | bullet | 第 2 轮 · 稳定 | 否 | 是 | 1 | 13:00 |
| normal | 0 | corrode | 第 1 轮 · 稳定 | 否 | 是 | 2 | 8:01 |
| normal | 0 | bullet | 第 3 轮 · 稳定 | 否 | 是 | 1 | 7:13 |
| normal | 0 | contact_slider | 第 3 轮 · 收缩 | 否 | 是 | 1 | 7:13 |
| normal | 0 | corrode | 第 3 轮 · 稳定 | 否 | 是 | 1 | 7:15 |
| normal | 0 | contact_slider | 第 1 轮 · 稳定 | 否 | 是 | 1 | 6:16 |
| normal | 0 | boss_reaper | 第 1 轮 · 稳定 | 否 | 否 | 1 | 4:54 |
| normal | 0 | mire | 第 4 轮 · 稳定 | 否 | 是 | 1 | 10:51 |
| normal | 0 | boss_tracer | 第 2 轮 · 预告 | 否 | 是 | 1 | 13:00 |
| normal | 0 | mire | 第 3 轮 · 收缩 | 否 | 是 | 1 | 7:45 |
| normal | 0 | mire | 第 5 轮 · 收缩 | 否 | 是 | 1 | 10:08 |
| normal | 0 | bullet | 第 1 轮 · 稳定 | 否 | 是 | 1 | 8:24 |
| normal | 0 | contact_burrower | 第 1 轮 · 稳定 | 否 | 是 | 1 | 7:40 |
| normal | 0 | contact_tracer | 第 1 轮 · 稳定 | 否 | 是 | 1 | 5:34 |
| normal | 0 | mire | 第 3 轮 · 预告 | 否 | 是 | 1 | 7:29 |
| normal | 0 | bullet | 第 4 轮 · 稳定 | 否 | 否 | 1 | 9:29 |

#### 同屏数量峰值（每局峰值的 平均 / 最大）

| 机器人 | 难度 | 局数 | 范围 | 敌人 | 敌方弹幕（含抛射） | 我方子弹 | 特效 | 飘字 |
|---|---|---|---|---|---|---|---|---|
| expert | 0 | 28 | 全程 | 268 / 502 | 48 / 105 | 3 / 12 | 393 / 485 | 46 / 48 |
| expert | 0 | 28 | 8:00–10:00 | 242 / 450 | 40 / 61 | 2 / 9 | 365 / 485 | 43 / 48 |
| normal | 0 | 28 | 全程 | 303 / 475 | 47 / 99 | 2 / 11 | 375 / 475 | 41 / 48 |
| normal | 0 | 18 | 8:00–10:00 | 265 / 475 | 47 / 61 | 2 / 11 | 396 / 475 | 44 / 48 |

### 大群（按第几次）

| 机器人 | 第几次 | 出现 | 时间 | 数量 | 清 80% 用时 均 / 中（清完/出现） | 20 秒内掉血 均 / 最大 | 30 秒内死亡 | 编成 |
|---|---|---|---|---|---|---|---|---|
| expert | 1 | 28 | 1:15 | 26 | 15s / 12s（28/28） | 3 / 16 | 0 | bone/slider/stone ×16；bone/slider ×12 |
| expert | 2 | 28 | 2:45 | 33 | 21s / 12s（28/28） | 3 / 8 | 0 | bone/slider ×16；bone/slider/stone ×12 |
| expert | 3 | 28 | 4:36 | 43 | 26s / 18s（28/28） | 7 / 28 | 0 | bone/floater/ripper/runner/slider ×6；bone/offspring/ripper/slider/spitter ×6；bone/burrower/ripper/slider ×5 |
| expert | 4 | 28 | 5:51 | 49 | 17s / 13s（27/28） | 10 / 49 | 0 | bone/offspring/ripper/slider/spitter ×10；bone/floater/ripper/runner/slider/tracer ×10；bone/burrower/ripper/slider ×8 |
| expert | 5 | 28 | 7:31 | 57 | 17s / 10s（28/28） | 10 / 50 | 0 | bone/floater/founder/nest/ripper/runner/slider ×12；burrower/ripper/slider/spitter ×9；bone/burrower/offspring/ripper/slider/stone ×7 |
| expert | 6 | 28 | 8:43 | 63 | 14s / 8s（28/28） | 13 / 48 | 0 | burrower/offspring/ripper/slider/spitter/stone ×7；burrower/floater/founder/nest/reaper/ripper/runner/slider/tracer ×6；bone/burrower/offspring/ripper/slider/stone ×4 |
| expert | 7 | 5 | 9:17 | 66 | 11s / 10s（5/5） | 13 / 28 | 0 | burrower/floater/founder/nest/reaper/ripper/runner/slider/tracer ×2；burrower/hulk/ripper/slider/spitter ×2；burrower/offspring/ripper/slider/spitter/stone ×1 |
| normal | 1 | 28 | 1:15 | 26 | 9s / 9s（28/28） | 6 / 30 | 0 | bone/slider/stone ×16；bone/slider ×12 |
| normal | 2 | 28 | 2:45 | 33 | 16s / 14s（28/28） | 7 / 26 | 0 | bone/slider ×16；bone/slider/stone ×12 |
| normal | 3 | 27 | 4:40 | 43 | 29s / 18s（27/27） | 8 / 31 | 0 | bone/floater/ripper/runner/slider/tracer ×9；bone/ripper/slider/stone ×5；bone/offspring/ripper/slider/stone ×4 |
| normal | 4 | 26 | 5:58 | 49 | 30s / 22s（24/26） | 22 / 98 | 1 | bone/burrower/ripper/slider ×11；bone/offspring/ripper/slider/spitter ×9；bone/floater/ripper/runner/slider/tracer ×6 |
| normal | 5 | 19 | 7:36 | 57 | 25s / 13s（17/19） | 27 / 118 | 1 | bone/floater/founder/nest/ripper/runner/slider ×9；burrower/ripper/slider/spitter ×7；bone/burrower/offspring/ripper/slider/stone ×3 |
| normal | 6 | 15 | 8:36 | 62 | 12s / 11s（15/15） | 26 / 114 | 0 | bone/burrower/offspring/ripper/slider/stone ×4；burrower/floater/founder/nest/reaper/ripper/runner/slider/tracer ×4；burrower/ripper/slider/spitter ×3 |
| normal | 7 | 3 | 9:15 | 66 | 8s / 9s（3/3） | 42 / 46 | 0 | burrower/offspring/ripper/slider/spitter/stone ×2；burrower/floater/founder/nest/reaper/ripper/runner/slider/tracer ×1 |

### 按机器人汇总

| 机器人 | 局数 | 胜率 | 平均存活 | 3:30 存活 | 平均终局等级 | 平均击杀 | 目标（胜率 / 存活） | 判定 |
|---|---|---|---|---|---|---|---|---|
| normal | 28 | 42% | 9:24 | 100% | 28.4 | 5295 | 30–55% / 7:00–13:00 | **达标** |
| expert | 28 | 82% | 11:29 | 100% | 34.7 | 7170 | 70–95% / 9:00–13:00 | **达标** |

### 明细

| 编队 | n | 胜率 | 存活(均/最短) | 托底(次/首次) | Lv 2:00/5:00/8:00/末 | 终Boss剩余 | 精二占比 | 灯火 | 击杀 | 主要伤害来源 | 治疗来源(总量/无人机Lv) | 主要死因 |
|---|---|---|---|---|---|---|---|---|---|---|---|---|
| [expert] wisadel | 4 | 100% | 11:05 / 10:41 | 0.0 / - | 7 / 16 / 26 / 35 | - | 100% | 50 | 6929 | 殉爆 24% 余震 20% 饱和炮击 9% 炮击 5% | 凯尔希 48% 水月 21% 拾取 18% (381 / 1.0) | bullet |
| [expert] eyjafjalla | 4 | 100% | 10:53 / 10:44 | 0.0 / - | 6 / 16 / 26 / 34 | - | 100% | 75 | 6722 | 火山弹 21% 火山 11% 熔岩天降 8% 锚击 7% | 拾取 24% 凯尔希 24% 塞雷娅 23% (446 / 0.8) | bullet |
| [expert] skadi | 4 | 100% | 11:21 / 10:40 | 0.0 / - | 7 / 14 / 25 / 34 | - | 100% | 82 | 7065 | 大剑 27% Mon3tr 11% 锯刃 7% Mon3tr · 真伤 7% | 凯尔希 38% 塞雷娅 19% 水月 16% (374 / 0.5) | bullet |
| [expert] mizuki | 4 | 100% | 10:47 / 10:39 | 0.0 / - | 7 / 16 / 26 / 34 | - | 100% | 82 | 6637 | 触手 35% 伞击 15% 技能 7% 锯刃 7% | 水月 76% 塞雷娅 19% 铃兰 2% (281 / 0.5) | bullet |
| [expert] saria | 4 | 75% | 12:08 / 11:00 | 0.0 / - | 6 / 16 / 25 / 36 | 27% | 100% | 82 | 7572 | 延展敏锐 11% 大剑 8% Mon3tr 8% 殉爆 7% | 塞雷娅 74% 流明 12% 凯尔希 11% (992 / 0.0) | bullet |
| [expert] kaltsit | 4 | 75% | 11:39 / 11:10 | 0.0 / - | 6 / 16 / 25 / 35 | 64% | 100% | 74 | 7338 | Mon3tr · 真伤 16% Mon3tr 10% 锯刃 8% 延展敏锐 5% | 凯尔希 73% 流明 14% 塞雷娅 9% (656 / 0.0) | bullet |
| [expert] suzuran | 4 | 25% | 12:30 / 11:00 | 0.0 / - | 7 / 14 / 24 / 35 | 51% | 100% | 56 | 7926 | Mon3tr 14% 狐火 13% 藏品 10% Mon3tr · 真伤 9% | 塞雷娅 43% 凯尔希 41% 铃兰 14% (685 / 0.0) | bullet |
| [normal] wisadel | 4 | 25% | 8:10 / 7:13 | 0.0 / - | 7 / 15 / 26 / 25 | 40% | 16% | 61 | 4125 | 余震 24% 殉爆 17% 炮击 16% 火山弹 6% | 流明 48% 藏品 25% 凯尔希 22% (447 / 0.0) | bullet |
| [normal] eyjafjalla | 4 | 0% | 8:45 / 4:54 | 0.0 / - | 7 / 14 / 24 / 25 | 59% | 50% | 51 | 4676 | 火山弹 27% 大剑 8% 余震 7% 火星 6% | 拾取 46% 无人机 22% 塞雷娅 12% (459 / 0.5) | bullet |
| [normal] skadi | 4 | 50% | 9:51 / 7:45 | 0.0 / - | 6 / 16 / 26 / 30 | 74% | 41% | 53 | 5690 | 大剑 38% 潮涌斩 6% 锤击 6% 锚击 5% | 拾取 36% 无人机 15% 凯尔希 12% (225 / 0.5) | bullet |
| [normal] mizuki | 4 | 100% | 11:26 / 11:04 | 0.0 / - | 7 / 16 / 25 / 34 | - | 83% | 71 | 7149 | 触手 24% 伞击 18% 大剑 10% 技能 6% | 水月 52% 塞雷娅 16% 流明 15% (860 / 0.8) | bullet |
| [normal] saria | 4 | 25% | 8:51 / 7:40 | 0.0 / - | 6 / 14 / 25 / 27 | 32% | 25% | 22 | 4703 | 大剑 29% 火山弹 11% 拳击 8% 伞击 7% | 塞雷娅 95% 拾取 4% 藏品 0% (657 / 0.0) | bullet |
| [normal] kaltsit | 4 | 75% | 9:58 / 5:34 | 0.0 / - | 7 / 16 / 25 / 30 | 61% | 50% | 37 | 5976 | Mon3tr 43% Mon3tr · 真伤 8% 延展敏锐 5% 食腐 5% | 凯尔希 65% 塞雷娅 10% 水月 9% (1467 / 0.8) | shock |
| [normal] suzuran | 4 | 25% | 8:49 / 7:29 | 0.0 / - | 6 / 15 / 24 / 27 | 59% | 25% | 58 | 4748 | 狐火 25% Mon3tr 13% 大剑 9% 锚击 7% | 凯尔希 30% 流明 21% 铃兰 18% (534 / 0.2) | bullet |

### 机器人指标（docs/29）

| 机器人 · 开局 | n | 胜率 | 存活 均/最短 | 3:30 存活 | 5:00 存活 | 首次招募 | 首次精一 / 精二 | 中期 Boss 击杀数 / 平均用时 | 受击/分 | 承伤/分 | 低血(<35%)秒 | 熄灯秒 | 静止% | 开局干员 伤害占比 / 每分钟 | 主要死因 |
|---|---|---|---|---|---|---|---|---|---|---|---|---|---|---|---|
| [expert] wisadel | 4 | 100% | 11:05 / 10:41 | 100% | 100% | 1:11 | 0:48 / 3:45 | 2.5 / 28s | 12.6 | 46 | 0 | 7 | 12 | 63% / 56616 | - |
| [expert] eyjafjalla | 4 | 100% | 10:53 / 10:44 | 100% | 100% | 1:40 | 0:51 / 2:52 | 2.0 / 37s | 23.7 | 60 | 0 | 0 | 12 | 55% / 51915 | - |
| [expert] skadi | 4 | 100% | 11:21 / 10:40 | 100% | 100% | 1:18 | 0:51 / 3:07 | 2.2 / 113s | 14.2 | 55 | 4 | 0 | 10 | 41% / 40997 | - |
| [expert] mizuki | 4 | 100% | 10:47 / 10:39 | 100% | 100% | 1:18 | 0:51 / 2:41 | 2.0 / 32s | 6.9 | 30 | 0 | 0 | 14 | 61% / 65833 | - |
| [expert] saria | 4 | 75% | 12:08 / 11:00 | 100% | 100% | 1:45 | 0:46 / 3:24 | 2.0 / 86s | 28.5 | 89 | 0 | 14 | 14 | 8% / 8955 | contact_slider |
| [expert] kaltsit | 4 | 75% | 11:39 / 11:10 | 100% | 100% | 1:39 | 1:23 / 4:04 | 2.2 / 58s | 19.8 | 64 | 0 | 6 | 14 | 30% / 28670 | bullet |
| [expert] suzuran | 4 | 25% | 12:30 / 11:00 | 100% | 100% | 1:39 | 0:56 / 2:55 | 1.2 / 75s | 23.2 | 68 | 1 | 4 | 12 | 19% / 19277 | bullet |
| [normal] wisadel | 4 | 25% | 8:10 / 7:13 | 100% | 100% | 1:16 | 4:41 / 8:04 | 1.2 / 50s | 39.9 | 97 | 12 | 0 | 0 | 62% / 32526 | contact_slider |
| [normal] eyjafjalla | 4 | 0% | 8:45 / 4:54 | 100% | 75% | 1:16 | 4:25 / 7:09 | 1.0 / 91s | 30.8 | 81 | 34 | 0 | 0 | 45% / 25743 | boss_reaper |
| [normal] skadi | 4 | 50% | 9:51 / 7:45 | 100% | 100% | 1:25 | 4:08 / 6:18 | 2.5 / 36s | 26.3 | 77 | 8 | 0 | 0 | 52% / 33741 | mire |
| [normal] mizuki | 4 | 100% | 11:26 / 11:04 | 100% | 100% | 1:15 | 2:56 / 6:03 | 2.5 / 64s | 22.0 | 87 | 0 | 4 | 0 | 53% / 45901 | - |
| [normal] saria | 4 | 25% | 8:51 / 7:40 | 100% | 100% | 1:14 | 3:30 / 6:14 | 0.5 / 14s | 31.8 | 106 | 3 | 18 | 0 | 13% / 6048 | contact_burrower |
| [normal] kaltsit | 4 | 75% | 9:58 / 5:34 | 100% | 100% | 1:29 | 3:05 / 7:53 | 2.2 / 70s | 89.1 | 163 | 3 | 22 | 0 | 53% / 40976 | contact_tracer |
| [normal] suzuran | 4 | 25% | 8:49 / 7:29 | 100% | 100% | 1:23 | 4:36 / 7:44 | 1.8 / 68s | 31.2 | 98 | 6 | 5 | 0 | 27% / 15416 | mire |

### 藏品（docs/35）

| 机器人 | 开局 | 局数 | 平均藏品数 | 藏品直接伤害 | 各流派 出现 / 拿取 | 无效拿取 |
|---|---|---|---|---|---|---|
| expert | eyjafjalla | 4 | 33.8 | 0.5% | A 41/16 B 9/5 C 30/21 D 32/10 E 51/13 F 5/4 G 32/9 H 72/21 通用 87/36 | 0 |
| expert | kaltsit | 4 | 32.2 | 8.3% | A 42/7 B 14/9 C 34/14 D 32/12 E 28/12 F 9/5 G 26/10 H 77/27 通用 89/34 | 0 |
| expert | mizuki | 4 | 33.2 | 4.1% | A 54/24 B 12/10 C 39/21 D 36/9 E 31/8 F 11/7 G 19/6 H 72/16 通用 92/35 | 0 |
| expert | saria | 4 | 29.8 | 2.8% | A 41/8 B 11/8 C 27/16 D 39/6 E 28/3 F 7/3 G 33/15 H 76/21 通用 85/40 | 0 |
| expert | skadi | 4 | 31.5 | 3.7% | A 62/16 B 18/8 C 33/16 D 29/3 E 30/6 F 8/6 G 31/13 H 79/23 通用 101/37 | 0 |
| expert | suzuran | 4 | 30.2 | 17.7% | A 39/4 B 13/6 C 43/22 D 31/2 E 48/11 F 6/4 G 29/13 H 66/19 通用 80/41 | 0 |
| expert | wisadel | 4 | 33.0 | 3.8% | A 30/8 B 18/10 C 22/13 D 50/17 E 46/14 F 12/5 G 24/7 H 59/23 通用 84/39 | 0 |
| normal | eyjafjalla | 4 | 15.5 | 1.7% | A 14/7 B 3/2 C 12/5 D 8/4 E 29/13 F 7/1 G 12/2 H 27/10 通用 37/18 | 0 |
| normal | kaltsit | 4 | 20.5 | 6.3% | A 17/8 B 8/4 C 19/4 D 26/8 E 22/10 F 3/1 G 18/3 H 50/16 通用 58/29 | 0 |
| normal | mizuki | 4 | 29.8 | 1.8% | A 32/10 B 6/0 C 27/2 D 38/11 E 28/11 F 8/4 G 34/10 H 62/20 通用 66/51 | 0 |
| normal | saria | 4 | 16.8 | 0.5% | A 21/8 B 9/1 C 14/6 D 18/8 E 6/0 F 6/1 G 23/9 H 29/12 通用 30/22 | 0 |
| normal | skadi | 4 | 24.0 | 0.7% | A 27/10 B 12/1 C 21/9 D 28/11 E 23/5 F 5/1 G 21/5 H 52/22 通用 69/32 | 0 |
| normal | suzuran | 4 | 19.8 | 1.9% | A 19/7 B 10/2 C 18/3 D 16/7 E 23/11 F 8/3 G 22/7 H 32/13 通用 53/26 | 0 |
| normal | wisadel | 4 | 15.2 | 4.4% | A 9/2 B 3/2 C 17/5 D 14/2 E 20/11 F 3/3 G 8/5 H 30/13 通用 35/19 | 0 |
| 合计 | | | | | A 448/135 B 146/68 C 356/157 D 397/110 E 413/128 F 98/48 G 332/114 H 783/256 通用 966/459 | |

拿取最多（出现 / 拿取）：“观望” 0/48，“犹疑” 0/46，“决心” 0/31，老近卫军之锋 86/26，显圣吊坠 100/26，深蓝之心 0/26，“黑夜呢喃” 96/25，镶金骨骰 84/24，损坏的左轮弹巢 83/24，设计师量尺 60/22，残破合影 92/22，难闻的止血剂 73/21
耗时 791s
写入 build/cloud/logos-rework-new/lr_starts_new_0926_1746.{json,md}
