START 2026-09-26T15:59:31Z
导入资源（/tmp/g/game 没有完整的导入缓存）：第 1 遍
导入资源（/tmp/g/game 没有完整的导入缓存）：第 2 遍
导入完成：缓存 616 个文件
跑 84 局（1 流派 × 2 机器人 × 7 编队 × 6 seed），并行 4（全机上限 4），源文件摘要 8b1e7474027b260f
### 最终 Boss（按类型；上面的「终局」列是四种混算）

| 机器人 | 最终 Boss | 结局 | 出场 | 击杀 | 用时 均 / 中 / 最短–最长 | 未击杀时剩余血量 |
|---|---|---|---|---|---|---|
| expert | 伊祖米克 | deep 14 | 14 | 10 | 53s / 53s / 30–64s | 66% |
| expert | 偏执泡影 | standard 11 | 11 | 9 | 57s / 51s / 16–126s | 75% |
| expert | 伊莎玛拉 | resolve 8 | 8 | 7 | 36s / 33s / 5–88s | 99% |
| expert | 最后的骑士 | knight 7 | 7 | 4 | 48s / 40s / 35–76s | 43% |
| normal | 偏执泡影 | standard 7 | 7 | 6 | 79s / 62s / 40–153s | 94% |
| normal | 伊祖米克 | deep 5 | 5 | 3 | 49s / 58s / 32–59s | 100% |
| normal | 最后的骑士 | knight 4 | 4 | 2 | 27s / 27s / 11–43s | 40% |
| normal | 伊莎玛拉 | resolve 2 | 2 | 1 | 114s / 114s / 114–114s | 99% |

### 难度 / 缩圈 / 同屏峰值

#### 前 3 分钟

| 机器人 | 难度 | 局数 | 3:00 前死亡 | 前 3 分钟承伤 均 / 中 | 3:00 时生命 |
|---|---|---|---|---|---|
| expert | 0 | 42 | 0% | 21 / 20 | 100% |
| normal | 0 | 42 | 0% | 25 / 18 | 99% |

#### 死因 × 缩圈阶段 × Boss 在场（失败的局）

| 机器人 | 难度 | 死因 | 缩圈（第几轮 · 阶段） | 圈外 | Boss 在场 | 局数 | 平均死亡时间 |
|---|---|---|---|---|---|---|---|
| expert | 0 | bullet | 第 1 轮 · 稳定 | 否 | 是 | 3 | 13:00 |
| expert | 0 | bullet | 第 3 轮 · 预告 | 否 | 是 | 1 | 13:00 |
| expert | 0 | bullet | 第 2 轮 · 收缩 | 否 | 是 | 1 | 13:00 |
| expert | 0 | mire | 第 4 轮 · 稳定 | 否 | 否 | 1 | 8:50 |
| expert | 0 | bullet | 第 3 轮 · 稳定 | 否 | 是 | 1 | 13:00 |
| expert | 0 | boss_paranoia | 第 1 轮 · 稳定 | 否 | 是 | 1 | 13:00 |
| expert | 0 | contact_tracer | 第 2 轮 · 收缩 | 否 | 是 | 1 | 8:49 |
| expert | 0 | shock | 第 3 轮 · 预告 | 否 | 是 | 1 | 13:00 |
| expert | 0 | mire | 第 1 轮 · 稳定 | 否 | 是 | 1 | 13:00 |
| expert | 0 | contact_tracer | 第 1 轮 · 稳定 | 否 | 是 | 1 | 10:28 |
| normal | 0 | mire | 第 3 轮 · 稳定 | 否 | 是 | 3 | 7:35 |
| normal | 0 | corrode | 第 3 轮 · 收缩 | 否 | 是 | 3 | 8:01 |
| normal | 0 | mire | 第 4 轮 · 稳定 | 否 | 否 | 2 | 9:09 |
| normal | 0 | contact_tracer | 第 3 轮 · 收缩 | 否 | 是 | 1 | 7:41 |
| normal | 0 | contact_tracer | 第 3 轮 · 预告 | 否 | 否 | 1 | 6:09 |
| normal | 0 | corrode | 第 4 轮 · 预告 | 否 | 否 | 1 | 9:04 |
| normal | 0 | boss_burrower | 第 1 轮 · 稳定 | 否 | 是 | 1 | 6:33 |
| normal | 0 | contact_slider | 第 2 轮 · 稳定 | 否 | 否 | 1 | 5:36 |
| normal | 0 | corrode | 第 2 轮 · 稳定 | 否 | 否 | 1 | 5:37 |
| normal | 0 | shock | 第 3 轮 · 收缩 | 否 | 是 | 1 | 7:54 |
| normal | 0 | bullet | 第 1 轮 · 稳定 | 否 | 是 | 1 | 13:00 |
| normal | 0 | mire | 第 2 轮 · 稳定 | 否 | 是 | 1 | 11:42 |
| normal | 0 | mire | 第 1 轮 · 稳定 | 否 | 是 | 1 | 5:32 |
| normal | 0 | mire | 第 3 轮 · 收缩 | 否 | 是 | 1 | 7:19 |
| normal | 0 | bullet | 第 4 轮 · 稳定 | 否 | 是 | 1 | 10:23 |
| normal | 0 | bullet | 第 3 轮 · 稳定 | 否 | 是 | 1 | 7:21 |
| normal | 0 | contact_slider | 第 4 轮 · 收缩 | 否 | 否 | 1 | 8:55 |
| normal | 0 | mire | 第 3 轮 · 稳定 | 否 | 否 | 1 | 9:15 |
| normal | 0 | corrode | 第 1 轮 · 稳定 | 否 | 是 | 1 | 10:22 |
| normal | 0 | contact_founder | 第 3 轮 · 稳定 | 否 | 否 | 1 | 8:09 |
| normal | 0 | shock | 第 2 轮 · 稳定 | 否 | 否 | 1 | 8:48 |
| normal | 0 | corrode | 第 3 轮 · 稳定 | 否 | 是 | 1 | 7:13 |
| normal | 0 | corrode | 第 2 轮 · 稳定 | 否 | 是 | 1 | 12:27 |
| normal | 0 | contact_tracer | 第 2 轮 · 稳定 | 否 | 是 | 1 | 11:37 |
| normal | 0 | boss_burrower | 第 4 轮 · 稳定 | 否 | 否 | 1 | 8:49 |

#### 同屏数量峰值（每局峰值的 平均 / 最大）

| 机器人 | 难度 | 局数 | 范围 | 敌人 | 敌方弹幕（含抛射） | 我方子弹 | 特效 | 飘字 |
|---|---|---|---|---|---|---|---|---|
| expert | 0 | 42 | 全程 | 243 / 358 | 46 / 114 | 3 / 12 | 385 / 481 | 48 / 48 |
| expert | 0 | 42 | 8:00–10:00 | 219 / 314 | 38 / 80 | 3 / 10 | 355 / 447 | 47 / 48 |
| normal | 0 | 42 | 全程 | 287 / 454 | 46 / 72 | 2 / 10 | 373 / 494 | 47 / 48 |
| normal | 0 | 29 | 8:00–10:00 | 264 / 450 | 45 / 72 | 2 / 8 | 352 / 459 | 47 / 48 |

### 大群（按第几次）

| 机器人 | 第几次 | 出现 | 时间 | 数量 | 清 80% 用时 均 / 中（清完/出现） | 20 秒内掉血 均 / 最大 | 30 秒内死亡 | 编成 |
|---|---|---|---|---|---|---|---|---|
| expert | 1 | 42 | 1:15 | 26 | 16s / 12s（42/42） | 3 / 16 | 0 | bone/slider/stone ×22；bone/slider ×20 |
| expert | 2 | 42 | 2:45 | 33 | 16s / 12s（42/42） | 3 / 8 | 0 | bone/slider ×22；bone/slider/stone ×20 |
| expert | 3 | 37 | 4:49 | 44 | 13s / 12s（37/37） | 9 / 40 | 0 | bone/floater/ripper/runner/slider ×9；bone/burrower/ripper/slider ×9；bone/ripper/slider/stone ×7 |
| expert | 4 | 34 | 6:01 | 50 | 14s / 12s（34/34） | 11 / 48 | 0 | bone/floater/ripper/runner/slider/tracer ×15；bone/offspring/ripper/slider/spitter ×12；bone/burrower/ripper/slider ×6 |
| expert | 5 | 31 | 7:50 | 59 | 12s / 12s（31/31） | 9 / 60 | 0 | bone/floater/founder/nest/ripper/runner/slider ×13；bone/burrower/offspring/ripper/slider/stone ×8；burrower/ripper/slider/spitter ×7 |
| expert | 6 | 28 | 8:51 | 64 | 9s / 8s（28/28） | 14 / 91 | 1 | burrower/floater/founder/nest/reaper/ripper/runner/slider/tracer ×12；burrower/hulk/ripper/slider/spitter ×5；burrower/offspring/ripper/slider/spitter/stone ×4 |
| normal | 1 | 42 | 1:15 | 26 | 10s / 9s（42/42） | 7 / 30 | 0 | bone/slider ×22；bone/slider/stone ×20 |
| normal | 2 | 42 | 2:45 | 33 | 16s / 14s（42/42） | 7 / 26 | 0 | bone/slider/stone ×22；bone/slider ×20 |
| normal | 3 | 38 | 4:47 | 44 | 33s / 24s（37/38） | 11 / 49 | 0 | bone/offspring/ripper/slider/stone ×9；bone/floater/ripper/runner/slider ×9；bone/offspring/ripper/slider/spitter ×7 |
| normal | 4 | 34 | 6:12 | 51 | 23s / 17s（32/34） | 25 / 88 | 1 | bone/burrower/ripper/slider ×13；bone/floater/ripper/runner/slider/tracer ×9；bone/offspring/ripper/slider/spitter ×7 |
| normal | 5 | 17 | 7:52 | 59 | 14s / 11s（17/17） | 35 / 130 | 0 | bone/floater/founder/nest/ripper/runner/slider ×6；burrower/ripper/slider/spitter ×6；bone/burrower/offspring/ripper/slider/stone ×4 |
| normal | 6 | 12 | 8:46 | 63 | 12s / 11s（10/12） | 59 / 211 | 3 | burrower/ripper/slider/spitter ×3；burrower/hulk/ripper/slider/spitter ×3；burrower/floater/founder/nest/reaper/ripper/runner/slider/tracer ×2 |

### 按机器人汇总

| 机器人 | 局数 | 胜率 | 平均存活 | 3:30 存活 | 平均终局等级 | 平均击杀 | 目标（胜率 / 存活） | 判定 |
|---|---|---|---|---|---|---|---|---|
| normal | 42 | 28% | 9:14 | 100% | 27.0 | 4786 | 30–55% / 7:00–13:00 | **偏难** |
| expert | 42 | 71% | 11:11 | 100% | 33.1 | 6554 | 70–95% / 9:00–13:00 | **达标** |

### 明细

| 编队 | n | 胜率 | 存活(均/最短) | 托底(次/首次) | Lv 2:00/5:00/8:00/末 | 终Boss剩余 | 精二占比 | 灯火 | 击杀 | 主要伤害来源 | 治疗来源(总量/无人机Lv) | 主要死因 |
|---|---|---|---|---|---|---|---|---|---|---|---|---|
| [expert] wisadel | 6 | 100% | 10:37 / 10:05 | 0.0 / - | 7 / 16 / 26 / 33 | - | 100% | 69 | 6394 | 殉爆 24% 余震 21% 饱和炮击 11% 炮击 5% | 凯尔希 41% 塞雷娅 21% 无人机 16% (310 / 0.3) | bullet |
| [expert] eyjafjalla | 6 | 100% | 10:59 / 10:16 | 0.0 / - | 6 / 16 / 26 / 34 | - | 100% | 64 | 6613 | 火山弹 20% 火山 11% 熔岩天降 7% 锚击 6% | 塞雷娅 48% 拾取 19% 凯尔希 16% (484 / 0.8) | bullet |
| [expert] skadi | 6 | 16% | 11:57 / 8:50 | 0.0 / - | 7 / 15 / 24 / 34 | 54% | 100% | 57 | 6923 | 大剑 22% Mon3tr 12% Mon3tr · 真伤 7% 跃浪 5% | 凯尔希 33% 拾取 30% 塞雷娅 22% (526 / 0.2) | bullet |
| [expert] mizuki | 6 | 100% | 10:44 / 10:16 | 0.0 / - | 7 / 16 / 25 / 33 | - | 100% | 78 | 6396 | 触手 31% 伞击 14% 火山弹 6% 技能 6% | 水月 73% 塞雷娅 9% 流明 7% (419 / 0.0) | bullet |
| [expert] saria | 6 | 50% | 11:11 / 8:49 | 0.0 / - | 5 / 15 / 24 / 32 | 65% | 100% | 60 | 6300 | 殉爆 12% 余震 10% 火山弹 7% 大剑 6% | 塞雷娅 75% 凯尔希 9% 水月 7% (886 / 0.0) | bullet |
| [expert] kaltsit | 6 | 83% | 11:14 / 10:35 | 0.0 / - | 6 / 16 / 25 / 33 | 35% | 100% | 83 | 6668 | Mon3tr · 真伤 16% Mon3tr 10% 锯刃 6% 碎潮 4% | 凯尔希 65% 流明 16% 水月 10% (692 / 0.0) | bullet |
| [expert] suzuran | 6 | 50% | 11:37 / 10:28 | 0.0 / - | 7 / 14 / 23 / 32 | 66% | 100% | 44 | 6582 | 狐火 12% Mon3tr 9% 火山弹 8% Mon3tr · 真伤 8% | 凯尔希 34% 铃兰 23% 塞雷娅 18% (753 / 0.3) | bullet |
| [normal] wisadel | 6 | 16% | 7:57 / 6:09 | 0.0 / - | 7 / 15 / 24 / 24 | 30% | 11% | 45 | 3749 | 余震 26% 炮击 15% 殉爆 12% Mon3tr 9% | 凯尔希 47% 流明 29% 无人机 14% (471 / 0.5) | bullet |
| [normal] eyjafjalla | 6 | 0% | 8:39 / 5:36 | 0.0 / - | 6 / 14 / 22 / 24 | 72% | 11% | 46 | 3972 | 火山弹 30% 拳击 8% 余震 6% 火星 5% | 塞雷娅 33% 流明 27% 拾取 21% (776 / 0.5) | shock |
| [normal] skadi | 6 | 16% | 8:18 / 5:32 | 0.0 / - | 7 / 15 / 25 / 26 | 42% | 22% | 50 | 4216 | 大剑 34% 刺剑 10% 潮涌斩 6% 跃浪 5% | 拾取 50% 塞雷娅 16% 凯尔希 9% (181 / 0.5) | bullet |
| [normal] mizuki | 6 | 33% | 9:55 / 8:09 | 0.0 / - | 7 / 15 / 24 / 29 | 49% | 38% | 57 | 5227 | 触手 19% 伞击 18% 大剑 7% 技能·法术 7% | 水月 57% 流明 13% 塞雷娅 11% (993 / 1.0) | shock |
| [normal] saria | 6 | 50% | 9:36 / 7:17 | 0.0 / - | 6 / 15 / 24 / 29 | 34% | 33% | 36 | 5165 | 大剑 16% 火山弹 8% 锯刃 8% 拳击 8% | 塞雷娅 89% 无人机 5% 拾取 2% (950 / 0.8) | shock |
| [normal] kaltsit | 6 | 83% | 10:40 / 7:13 | 0.0 / - | 7 / 15 / 25 / 31 | 84% | 55% | 55 | 6275 | Mon3tr 30% Mon3tr · 真伤 13% 食腐 7% 伞击 4% | 凯尔希 68% 水月 11% 塞雷娅 8% (1189 / 0.7) | shock |
| [normal] suzuran | 6 | 0% | 9:29 / 7:17 | 0.0 / - | 7 / 14 / 24 / 27 | 68% | 27% | 49 | 4899 | 狐火 28% 伞击 7% Mon3tr 7% 骑士 6% | 流明 28% 铃兰 20% 凯尔希 20% (805 / 0.7) | bullet |

### 机器人指标（docs/29）

| 机器人 · 开局 | n | 胜率 | 存活 均/最短 | 3:30 存活 | 5:00 存活 | 首次招募 | 首次精一 / 精二 | 中期 Boss 击杀数 / 平均用时 | 受击/分 | 承伤/分 | 低血(<35%)秒 | 熄灯秒 | 静止% | 开局干员 伤害占比 / 每分钟 | 主要死因 |
|---|---|---|---|---|---|---|---|---|---|---|---|---|---|---|---|
| [expert] wisadel | 6 | 100% | 10:37 / 10:05 | 100% | 100% | 1:18 | 0:50 / 2:58 | 2.7 / 26s | 17.8 | 39 | 0 | 0 | 14 | 66% / 64101 | - |
| [expert] eyjafjalla | 6 | 100% | 10:59 / 10:16 | 100% | 100% | 1:32 | 0:53 / 2:56 | 2.3 / 45s | 17.9 | 62 | 1 | 0 | 15 | 52% / 54671 | - |
| [expert] skadi | 6 | 16% | 11:57 / 8:50 | 100% | 100% | 1:17 | 0:51 / 3:35 | 2.2 / 115s | 24.8 | 72 | 2 | 2 | 10 | 34% / 29844 | bullet |
| [expert] mizuki | 6 | 100% | 10:44 / 10:16 | 100% | 100% | 1:19 | 0:51 / 2:32 | 2.5 / 48s | 11.7 | 44 | 0 | 3 | 14 | 55% / 54252 | - |
| [expert] saria | 6 | 50% | 11:11 / 8:49 | 100% | 100% | 2:03 | 0:47 / 3:38 | 1.8 / 90s | 32.1 | 83 | 0 | 35 | 10 | 8% / 6838 | boss_paranoia |
| [expert] kaltsit | 6 | 83% | 11:14 / 10:35 | 100% | 100% | 1:34 | 1:17 / 4:00 | 2.5 / 67s | 15.4 | 70 | 0 | 0 | 16 | 29% / 29307 | shock |
| [expert] suzuran | 6 | 50% | 11:37 / 10:28 | 100% | 100% | 1:36 | 0:59 / 3:14 | 1.7 / 93s | 28.7 | 83 | 1 | 5 | 13 | 16% / 14355 | bullet |
| [normal] wisadel | 6 | 16% | 7:57 / 6:09 | 100% | 100% | 1:19 | 4:41 / 7:48 | 1.2 / 50s | 27.8 | 100 | 11 | 5 | 0 | 59% / 27901 | contact_tracer |
| [normal] eyjafjalla | 6 | 0% | 8:39 / 5:36 | 100% | 100% | 1:19 | 4:47 / 9:16 | 1.0 / 132s | 35.3 | 110 | 4 | 6 | 0 | 42% / 15831 | corrode |
| [normal] skadi | 6 | 16% | 8:18 / 5:32 | 100% | 100% | 1:25 | 3:47 / 6:17 | 1.7 / 36s | 21.6 | 71 | 22 | 1 | 0 | 49% / 27431 | mire |
| [normal] mizuki | 6 | 33% | 9:55 / 8:09 | 100% | 100% | 1:19 | 3:18 / 6:48 | 2.3 / 65s | 25.2 | 117 | 6 | 12 | 0 | 48% / 28322 | corrode |
| [normal] saria | 6 | 50% | 9:36 / 7:17 | 100% | 100% | 1:18 | 3:51 / 6:22 | 2.2 / 65s | 34.7 | 121 | 3 | 15 | 0 | 13% / 7572 | mire |
| [normal] kaltsit | 6 | 83% | 10:40 / 7:13 | 100% | 100% | 1:30 | 3:53 / 7:48 | 2.5 / 47s | 79.2 | 125 | 1 | 8 | 0 | 45% / 40920 | corrode |
| [normal] suzuran | 6 | 0% | 9:29 / 7:17 | 100% | 100% | 1:23 | 3:57 / 6:56 | 1.5 / 80s | 36.8 | 117 | 18 | 15 | 0 | 32% / 16107 | corrode |

### 藏品（docs/35）

| 机器人 | 开局 | 局数 | 平均藏品数 | 藏品直接伤害 | 各流派 出现 / 拿取 | 无效拿取 |
|---|---|---|---|---|---|---|
| expert | eyjafjalla | 6 | 34.2 | 2.1% | A 64/15 B 24/11 C 43/17 D 50/16 E 72/24 F 15/4 G 51/25 H 86/33 通用 106/61 | 0 |
| expert | kaltsit | 6 | 24.5 | 2.2% | A 34/9 B 17/10 C 38/17 D 35/12 E 33/9 F 8/6 G 21/8 H 84/20 通用 122/58 | 0 |
| expert | mizuki | 6 | 28.7 | 7.3% | A 56/19 B 19/9 C 41/19 D 39/9 E 30/8 F 19/13 G 38/15 H 89/25 通用 92/57 | 0 |
| expert | saria | 6 | 20.2 | 2.7% | A 36/11 B 15/4 C 27/12 D 39/11 E 19/5 F 7/3 G 27/12 H 50/14 通用 79/51 | 0 |
| expert | skadi | 6 | 22.0 | 4.7% | A 38/9 B 16/7 C 33/16 D 22/7 E 29/7 F 11/5 G 23/10 H 76/32 通用 93/40 | 0 |
| expert | suzuran | 6 | 19.7 | 8.3% | A 19/7 B 11/4 C 26/17 D 17/1 E 29/11 F 7/3 G 27/11 H 54/13 通用 78/52 | 0 |
| expert | wisadel | 6 | 28.8 | 4.5% | A 34/9 B 20/9 C 34/19 D 52/15 E 52/10 F 11/5 G 34/13 H 90/34 通用 113/60 | 0 |
| normal | eyjafjalla | 6 | 9.0 | 0.6% | A 6/3 B 3/1 C 6/3 D 8/8 E 13/4 F 4/1 G 9/2 H 19/5 通用 33/27 | 0 |
| normal | kaltsit | 6 | 21.0 | 7.1% | A 32/8 B 11/5 C 29/9 D 29/9 E 32/10 F 9/1 G 39/13 H 64/26 通用 85/45 | 0 |
| normal | mizuki | 6 | 14.5 | 0.0% | A 17/4 B 9/1 C 17/7 D 21/11 E 15/7 F 5/2 G 21/9 H 32/5 通用 56/41 | 0 |
| normal | saria | 6 | 15.5 | 0.1% | A 23/9 B 5/2 C 21/7 D 22/11 E 16/3 F 3/1 G 19/8 H 38/16 通用 47/36 | 0 |
| normal | skadi | 6 | 15.8 | 0.7% | A 23/6 B 13/6 C 25/10 D 29/7 E 18/3 F 6/2 G 26/4 H 47/12 通用 70/45 | 0 |
| normal | suzuran | 6 | 14.7 | 1.6% | A 13/1 B 10/2 C 16/10 D 13/3 E 30/12 F 4/0 G 17/5 H 44/16 通用 47/39 | 0 |
| normal | wisadel | 6 | 12.7 | 2.4% | A 14/6 B 6/3 C 10/4 D 17/5 E 21/7 F 4/2 G 16/8 H 32/6 通用 49/35 | 0 |
| 合计 | | | | | A 409/116 B 179/74 C 366/167 D 393/125 E 409/120 F 113/48 G 368/143 H 805/257 通用 1070/647 | |

拿取最多（出现 / 拿取）：“观望” 0/65，“决心” 0/64，“犹疑” 0/62，深蓝之心 0/38，海潮的气息 0/34，镶金骨骰 78/28，凯旋号角 102/27，皇帝的收藏 77/27，羽兽肝酱 87/26，教母的信物 71/25，奇渊面具 79/24，“黑夜呢喃” 83/24
耗时 961s
写入 build/cloud/b0-ab-new/b0_new_0926_1615.{json,md}
跑 1 局（1 流派 × 1 机器人 × 1 编队 × 1 seed），并行 4（全机上限 4），不用缓存
### 最终 Boss（按类型；上面的「终局」列是四种混算）

| 机器人 | 最终 Boss | 结局 | 出场 | 击杀 | 用时 均 / 中 / 最短–最长 | 未击杀时剩余血量 |
|---|---|---|---|---|---|---|
| expert | 偏执泡影 | standard 1 | 1 | 1 | 68s / 68s / 68–68s | - |

### 难度 / 缩圈 / 同屏峰值

#### 前 3 分钟

| 机器人 | 难度 | 局数 | 3:00 前死亡 | 前 3 分钟承伤 均 / 中 | 3:00 时生命 |
|---|---|---|---|---|---|
| expert | 0 | 1 | 0% | 35 / 35 | 97% |

#### 死因 × 缩圈阶段 × Boss 在场（失败的局）

| 机器人 | 难度 | 死因 | 缩圈（第几轮 · 阶段） | 圈外 | Boss 在场 | 局数 | 平均死亡时间 |
|---|---|---|---|---|---|---|---|
| expert | 0 | （全部胜利） | | | | 0 | |

#### 同屏数量峰值（每局峰值的 平均 / 最大）

| 机器人 | 难度 | 局数 | 范围 | 敌人 | 敌方弹幕（含抛射） | 我方子弹 | 特效 | 飘字 |
|---|---|---|---|---|---|---|---|---|
| expert | 0 | 1 | 全程 | 195 / 195 | 46 / 46 | 0 / 0 | 382 / 382 | 48 / 48 |
| expert | 0 | 1 | 8:00–10:00 | 195 / 195 | 27 / 27 | 0 / 0 | 319 / 319 | 48 / 48 |

### 大群（按第几次）

| 机器人 | 第几次 | 出现 | 时间 | 数量 | 清 80% 用时 均 / 中（清完/出现） | 20 秒内掉血 均 / 最大 | 30 秒内死亡 | 编成 |
|---|---|---|---|---|---|---|---|---|
| expert | 1 | 1 | 1:15 | 26 | 11s / 11s（1/1） | 0 / 0 | 0 | bone/slider/stone ×1 |
| expert | 2 | 1 | 2:45 | 33 | 7s / 7s（1/1） | 6 / 6 | 0 | bone/slider ×1 |
| expert | 3 | 1 | 4:22 | 41 | 10s / 10s（1/1） | 0 / 0 | 0 | bone/floater/ripper/runner/slider ×1 |
| expert | 4 | 1 | 5:47 | 48 | 8s / 8s（1/1） | 9 / 9 | 0 | bone/offspring/ripper/slider/spitter ×1 |
| expert | 5 | 1 | 7:29 | 57 | 8s / 8s（1/1） | 0 / 0 | 0 | bone/burrower/offspring/ripper/slider/stone ×1 |
| expert | 6 | 1 | 8:39 | 63 | 11s / 11s（1/1） | 16 / 16 | 0 | bone/floater/founder/nest/ripper/runner/slider ×1 |

| 编队 | n | 胜率 | 存活(均/最短) | 托底(次/首次) | Lv 2:00/5:00/8:00/末 | 终Boss剩余 | 精二占比 | 灯火 | 击杀 | 主要伤害来源 | 治疗来源(总量/无人机Lv) | 主要死因 |
|---|---|---|---|---|---|---|---|---|---|---|---|---|
| [expert] wisadel | 1 | 100% | 11:08 / 11:08 | 0.0 / - | 7 / 16 / 25 / 34 | - | 100% | 10 | 6796 | 殉爆 26% 余震 23% 饱和炮击 8% 碎潮 8% | 凯尔希 98% 遥乡 1% 拾取 0% (563 / 0.0) | bullet |

### 机器人指标（docs/29）

| 机器人 · 开局 | n | 胜率 | 存活 均/最短 | 3:30 存活 | 5:00 存活 | 首次招募 | 首次精一 / 精二 | 中期 Boss 击杀数 / 平均用时 | 受击/分 | 承伤/分 | 低血(<35%)秒 | 熄灯秒 | 静止% | 开局干员 伤害占比 / 每分钟 | 主要死因 |
|---|---|---|---|---|---|---|---|---|---|---|---|---|---|---|---|
| [expert] wisadel | 1 | 100% | 11:08 / 11:08 | 100% | 100% | 1:23 | 0:51 / 4:10 | 3.0 / 24s | 34.0 | 67 | 0 | 2 | 18 | 67% / 68248 | - |

### 藏品（docs/35）

| 机器人 | 开局 | 局数 | 平均藏品数 | 藏品直接伤害 | 各流派 出现 / 拿取 | 无效拿取 |
|---|---|---|---|---|---|---|
| expert | wisadel | 1 | 26.0 | 2.8% | A 7/1 B 4/2 C 7/3 D 10/3 E 8/2 F 2/1 G 6/1 H 18/5 通用 18/8 | 0 |
| 合计 | | | | | A 7/1 B 4/2 C 7/3 D 10/3 E 8/2 F 2/1 G 6/1 H 18/5 通用 18/8 | |

拿取最多（出现 / 拿取）：锈蚀的铁锤 1/1，主教的研究 1/1，遥乡之引 1/1，羽兽肝酱 3/1，贵族刺剑 2/1，指路鳞 1/1，《大静谧》 2/1，医者-固化序列 2/1，古旧的蒸汽甲胄 4/1，极速之手 1/1，四叶草化石 1/1，恐鱼干 1/1
耗时 42s
写入 build/cloud/b0-ab-new/b0_rep1_0926_1616.{json,md}
跑 1 局（1 流派 × 1 机器人 × 1 编队 × 1 seed），并行 4（全机上限 4），不用缓存
### 最终 Boss（按类型；上面的「终局」列是四种混算）

| 机器人 | 最终 Boss | 结局 | 出场 | 击杀 | 用时 均 / 中 / 最短–最长 | 未击杀时剩余血量 |
|---|---|---|---|---|---|---|
| expert | 偏执泡影 | standard 1 | 1 | 1 | 68s / 68s / 68–68s | - |

### 难度 / 缩圈 / 同屏峰值

#### 前 3 分钟

| 机器人 | 难度 | 局数 | 3:00 前死亡 | 前 3 分钟承伤 均 / 中 | 3:00 时生命 |
|---|---|---|---|---|---|
| expert | 0 | 1 | 0% | 35 / 35 | 97% |

#### 死因 × 缩圈阶段 × Boss 在场（失败的局）

| 机器人 | 难度 | 死因 | 缩圈（第几轮 · 阶段） | 圈外 | Boss 在场 | 局数 | 平均死亡时间 |
|---|---|---|---|---|---|---|---|
| expert | 0 | （全部胜利） | | | | 0 | |

#### 同屏数量峰值（每局峰值的 平均 / 最大）

| 机器人 | 难度 | 局数 | 范围 | 敌人 | 敌方弹幕（含抛射） | 我方子弹 | 特效 | 飘字 |
|---|---|---|---|---|---|---|---|---|
| expert | 0 | 1 | 全程 | 195 / 195 | 46 / 46 | 0 / 0 | 382 / 382 | 48 / 48 |
| expert | 0 | 1 | 8:00–10:00 | 195 / 195 | 27 / 27 | 0 / 0 | 319 / 319 | 48 / 48 |

### 大群（按第几次）

| 机器人 | 第几次 | 出现 | 时间 | 数量 | 清 80% 用时 均 / 中（清完/出现） | 20 秒内掉血 均 / 最大 | 30 秒内死亡 | 编成 |
|---|---|---|---|---|---|---|---|---|
| expert | 1 | 1 | 1:15 | 26 | 11s / 11s（1/1） | 0 / 0 | 0 | bone/slider/stone ×1 |
| expert | 2 | 1 | 2:45 | 33 | 7s / 7s（1/1） | 6 / 6 | 0 | bone/slider ×1 |
| expert | 3 | 1 | 4:22 | 41 | 10s / 10s（1/1） | 0 / 0 | 0 | bone/floater/ripper/runner/slider ×1 |
| expert | 4 | 1 | 5:47 | 48 | 8s / 8s（1/1） | 9 / 9 | 0 | bone/offspring/ripper/slider/spitter ×1 |
| expert | 5 | 1 | 7:29 | 57 | 8s / 8s（1/1） | 0 / 0 | 0 | bone/burrower/offspring/ripper/slider/stone ×1 |
| expert | 6 | 1 | 8:39 | 63 | 11s / 11s（1/1） | 16 / 16 | 0 | bone/floater/founder/nest/ripper/runner/slider ×1 |

| 编队 | n | 胜率 | 存活(均/最短) | 托底(次/首次) | Lv 2:00/5:00/8:00/末 | 终Boss剩余 | 精二占比 | 灯火 | 击杀 | 主要伤害来源 | 治疗来源(总量/无人机Lv) | 主要死因 |
|---|---|---|---|---|---|---|---|---|---|---|---|---|
| [expert] wisadel | 1 | 100% | 11:08 / 11:08 | 0.0 / - | 7 / 16 / 25 / 34 | - | 100% | 10 | 6796 | 殉爆 26% 余震 23% 饱和炮击 8% 碎潮 8% | 凯尔希 98% 遥乡 1% 拾取 0% (563 / 0.0) | bullet |

### 机器人指标（docs/29）

| 机器人 · 开局 | n | 胜率 | 存活 均/最短 | 3:30 存活 | 5:00 存活 | 首次招募 | 首次精一 / 精二 | 中期 Boss 击杀数 / 平均用时 | 受击/分 | 承伤/分 | 低血(<35%)秒 | 熄灯秒 | 静止% | 开局干员 伤害占比 / 每分钟 | 主要死因 |
|---|---|---|---|---|---|---|---|---|---|---|---|---|---|---|---|
| [expert] wisadel | 1 | 100% | 11:08 / 11:08 | 100% | 100% | 1:23 | 0:51 / 4:10 | 3.0 / 24s | 34.0 | 67 | 0 | 2 | 18 | 67% / 68248 | - |

### 藏品（docs/35）

| 机器人 | 开局 | 局数 | 平均藏品数 | 藏品直接伤害 | 各流派 出现 / 拿取 | 无效拿取 |
|---|---|---|---|---|---|---|
| expert | wisadel | 1 | 26.0 | 2.8% | A 7/1 B 4/2 C 7/3 D 10/3 E 8/2 F 2/1 G 6/1 H 18/5 通用 18/8 | 0 |
| 合计 | | | | | A 7/1 B 4/2 C 7/3 D 10/3 E 8/2 F 2/1 G 6/1 H 18/5 通用 18/8 | |

拿取最多（出现 / 拿取）：锈蚀的铁锤 1/1，主教的研究 1/1，遥乡之引 1/1，羽兽肝酱 3/1，贵族刺剑 2/1，指路鳞 1/1，《大静谧》 2/1，医者-固化序列 2/1，古旧的蒸汽甲胄 4/1，极速之手 1/1，四叶草化石 1/1，恐鱼干 1/1
耗时 42s
写入 build/cloud/b0-ab-new/b0_rep2_0926_1617.{json,md}
跑 1 局（1 流派 × 1 机器人 × 1 编队 × 1 seed），并行 4（全机上限 4），不用缓存
### 最终 Boss（按类型；上面的「终局」列是四种混算）

| 机器人 | 最终 Boss | 结局 | 出场 | 击杀 | 用时 均 / 中 / 最短–最长 | 未击杀时剩余血量 |
|---|---|---|---|---|---|---|
| expert | 偏执泡影 | standard 1 | 1 | 1 | 68s / 68s / 68–68s | - |

### 难度 / 缩圈 / 同屏峰值

#### 前 3 分钟

| 机器人 | 难度 | 局数 | 3:00 前死亡 | 前 3 分钟承伤 均 / 中 | 3:00 时生命 |
|---|---|---|---|---|---|
| expert | 0 | 1 | 0% | 35 / 35 | 97% |

#### 死因 × 缩圈阶段 × Boss 在场（失败的局）

| 机器人 | 难度 | 死因 | 缩圈（第几轮 · 阶段） | 圈外 | Boss 在场 | 局数 | 平均死亡时间 |
|---|---|---|---|---|---|---|---|
| expert | 0 | （全部胜利） | | | | 0 | |

#### 同屏数量峰值（每局峰值的 平均 / 最大）

| 机器人 | 难度 | 局数 | 范围 | 敌人 | 敌方弹幕（含抛射） | 我方子弹 | 特效 | 飘字 |
|---|---|---|---|---|---|---|---|---|
| expert | 0 | 1 | 全程 | 195 / 195 | 46 / 46 | 0 / 0 | 382 / 382 | 48 / 48 |
| expert | 0 | 1 | 8:00–10:00 | 195 / 195 | 27 / 27 | 0 / 0 | 319 / 319 | 48 / 48 |

### 大群（按第几次）

| 机器人 | 第几次 | 出现 | 时间 | 数量 | 清 80% 用时 均 / 中（清完/出现） | 20 秒内掉血 均 / 最大 | 30 秒内死亡 | 编成 |
|---|---|---|---|---|---|---|---|---|
| expert | 1 | 1 | 1:15 | 26 | 11s / 11s（1/1） | 0 / 0 | 0 | bone/slider/stone ×1 |
| expert | 2 | 1 | 2:45 | 33 | 7s / 7s（1/1） | 6 / 6 | 0 | bone/slider ×1 |
| expert | 3 | 1 | 4:22 | 41 | 10s / 10s（1/1） | 0 / 0 | 0 | bone/floater/ripper/runner/slider ×1 |
| expert | 4 | 1 | 5:47 | 48 | 8s / 8s（1/1） | 9 / 9 | 0 | bone/offspring/ripper/slider/spitter ×1 |
| expert | 5 | 1 | 7:29 | 57 | 8s / 8s（1/1） | 0 / 0 | 0 | bone/burrower/offspring/ripper/slider/stone ×1 |
| expert | 6 | 1 | 8:39 | 63 | 11s / 11s（1/1） | 16 / 16 | 0 | bone/floater/founder/nest/ripper/runner/slider ×1 |

| 编队 | n | 胜率 | 存活(均/最短) | 托底(次/首次) | Lv 2:00/5:00/8:00/末 | 终Boss剩余 | 精二占比 | 灯火 | 击杀 | 主要伤害来源 | 治疗来源(总量/无人机Lv) | 主要死因 |
|---|---|---|---|---|---|---|---|---|---|---|---|---|
| [expert] wisadel | 1 | 100% | 11:08 / 11:08 | 0.0 / - | 7 / 16 / 25 / 34 | - | 100% | 10 | 6796 | 殉爆 26% 余震 23% 饱和炮击 8% 碎潮 8% | 凯尔希 98% 遥乡 1% 拾取 0% (563 / 0.0) | bullet |

### 机器人指标（docs/29）

| 机器人 · 开局 | n | 胜率 | 存活 均/最短 | 3:30 存活 | 5:00 存活 | 首次招募 | 首次精一 / 精二 | 中期 Boss 击杀数 / 平均用时 | 受击/分 | 承伤/分 | 低血(<35%)秒 | 熄灯秒 | 静止% | 开局干员 伤害占比 / 每分钟 | 主要死因 |
|---|---|---|---|---|---|---|---|---|---|---|---|---|---|---|---|
| [expert] wisadel | 1 | 100% | 11:08 / 11:08 | 100% | 100% | 1:23 | 0:51 / 4:10 | 3.0 / 24s | 34.0 | 67 | 0 | 2 | 18 | 67% / 68248 | - |

### 藏品（docs/35）

| 机器人 | 开局 | 局数 | 平均藏品数 | 藏品直接伤害 | 各流派 出现 / 拿取 | 无效拿取 |
|---|---|---|---|---|---|---|
| expert | wisadel | 1 | 26.0 | 2.8% | A 7/1 B 4/2 C 7/3 D 10/3 E 8/2 F 2/1 G 6/1 H 18/5 通用 18/8 | 0 |
| 合计 | | | | | A 7/1 B 4/2 C 7/3 D 10/3 E 8/2 F 2/1 G 6/1 H 18/5 通用 18/8 | |

拿取最多（出现 / 拿取）：锈蚀的铁锤 1/1，主教的研究 1/1，遥乡之引 1/1，羽兽肝酱 3/1，贵族刺剑 2/1，指路鳞 1/1，《大静谧》 2/1，医者-固化序列 2/1，古旧的蒸汽甲胄 4/1，极速之手 1/1，四叶草化石 1/1，恐鱼干 1/1
耗时 43s
写入 build/cloud/b0-ab-new/b0_rep3_0926_1617.{json,md}
跑 1 局（1 流派 × 1 机器人 × 1 编队 × 1 seed），并行 4（全机上限 4），不用缓存
### 最终 Boss（按类型；上面的「终局」列是四种混算）

| 机器人 | 最终 Boss | 结局 | 出场 | 击杀 | 用时 均 / 中 / 最短–最长 | 未击杀时剩余血量 |
|---|---|---|---|---|---|---|
| expert | 偏执泡影 | standard 1 | 1 | 1 | 68s / 68s / 68–68s | - |

### 难度 / 缩圈 / 同屏峰值

#### 前 3 分钟

| 机器人 | 难度 | 局数 | 3:00 前死亡 | 前 3 分钟承伤 均 / 中 | 3:00 时生命 |
|---|---|---|---|---|---|
| expert | 0 | 1 | 0% | 35 / 35 | 97% |

#### 死因 × 缩圈阶段 × Boss 在场（失败的局）

| 机器人 | 难度 | 死因 | 缩圈（第几轮 · 阶段） | 圈外 | Boss 在场 | 局数 | 平均死亡时间 |
|---|---|---|---|---|---|---|---|
| expert | 0 | （全部胜利） | | | | 0 | |

#### 同屏数量峰值（每局峰值的 平均 / 最大）

| 机器人 | 难度 | 局数 | 范围 | 敌人 | 敌方弹幕（含抛射） | 我方子弹 | 特效 | 飘字 |
|---|---|---|---|---|---|---|---|---|
| expert | 0 | 1 | 全程 | 195 / 195 | 46 / 46 | 0 / 0 | 382 / 382 | 48 / 48 |
| expert | 0 | 1 | 8:00–10:00 | 195 / 195 | 27 / 27 | 0 / 0 | 319 / 319 | 48 / 48 |

### 大群（按第几次）

| 机器人 | 第几次 | 出现 | 时间 | 数量 | 清 80% 用时 均 / 中（清完/出现） | 20 秒内掉血 均 / 最大 | 30 秒内死亡 | 编成 |
|---|---|---|---|---|---|---|---|---|
| expert | 1 | 1 | 1:15 | 26 | 11s / 11s（1/1） | 0 / 0 | 0 | bone/slider/stone ×1 |
| expert | 2 | 1 | 2:45 | 33 | 7s / 7s（1/1） | 6 / 6 | 0 | bone/slider ×1 |
| expert | 3 | 1 | 4:22 | 41 | 10s / 10s（1/1） | 0 / 0 | 0 | bone/floater/ripper/runner/slider ×1 |
| expert | 4 | 1 | 5:47 | 48 | 8s / 8s（1/1） | 9 / 9 | 0 | bone/offspring/ripper/slider/spitter ×1 |
| expert | 5 | 1 | 7:29 | 57 | 8s / 8s（1/1） | 0 / 0 | 0 | bone/burrower/offspring/ripper/slider/stone ×1 |
| expert | 6 | 1 | 8:39 | 63 | 11s / 11s（1/1） | 16 / 16 | 0 | bone/floater/founder/nest/ripper/runner/slider ×1 |

| 编队 | n | 胜率 | 存活(均/最短) | 托底(次/首次) | Lv 2:00/5:00/8:00/末 | 终Boss剩余 | 精二占比 | 灯火 | 击杀 | 主要伤害来源 | 治疗来源(总量/无人机Lv) | 主要死因 |
|---|---|---|---|---|---|---|---|---|---|---|---|---|
| [expert] wisadel | 1 | 100% | 11:08 / 11:08 | 0.0 / - | 7 / 16 / 25 / 34 | - | 100% | 10 | 6796 | 殉爆 26% 余震 23% 饱和炮击 8% 碎潮 8% | 凯尔希 98% 遥乡 1% 拾取 0% (563 / 0.0) | bullet |

### 机器人指标（docs/29）

| 机器人 · 开局 | n | 胜率 | 存活 均/最短 | 3:30 存活 | 5:00 存活 | 首次招募 | 首次精一 / 精二 | 中期 Boss 击杀数 / 平均用时 | 受击/分 | 承伤/分 | 低血(<35%)秒 | 熄灯秒 | 静止% | 开局干员 伤害占比 / 每分钟 | 主要死因 |
|---|---|---|---|---|---|---|---|---|---|---|---|---|---|---|---|
| [expert] wisadel | 1 | 100% | 11:08 / 11:08 | 100% | 100% | 1:23 | 0:51 / 4:10 | 3.0 / 24s | 34.0 | 67 | 0 | 2 | 18 | 67% / 68248 | - |

### 藏品（docs/35）

| 机器人 | 开局 | 局数 | 平均藏品数 | 藏品直接伤害 | 各流派 出现 / 拿取 | 无效拿取 |
|---|---|---|---|---|---|---|
| expert | wisadel | 1 | 26.0 | 2.8% | A 7/1 B 4/2 C 7/3 D 10/3 E 8/2 F 2/1 G 6/1 H 18/5 通用 18/8 | 0 |
| 合计 | | | | | A 7/1 B 4/2 C 7/3 D 10/3 E 8/2 F 2/1 G 6/1 H 18/5 通用 18/8 | |

拿取最多（出现 / 拿取）：锈蚀的铁锤 1/1，主教的研究 1/1，遥乡之引 1/1，羽兽肝酱 3/1，贵族刺剑 2/1，指路鳞 1/1，《大静谧》 2/1，医者-固化序列 2/1，古旧的蒸汽甲胄 4/1，极速之手 1/1，四叶草化石 1/1，恐鱼干 1/1
耗时 42s
写入 build/cloud/b0-ab-new/b0_rep4_0926_1618.{json,md}
跑 1 局（1 流派 × 1 机器人 × 1 编队 × 1 seed），并行 4（全机上限 4），不用缓存
### 最终 Boss（按类型；上面的「终局」列是四种混算）

| 机器人 | 最终 Boss | 结局 | 出场 | 击杀 | 用时 均 / 中 / 最短–最长 | 未击杀时剩余血量 |
|---|---|---|---|---|---|---|
| expert | 偏执泡影 | standard 1 | 1 | 1 | 68s / 68s / 68–68s | - |

### 难度 / 缩圈 / 同屏峰值

#### 前 3 分钟

| 机器人 | 难度 | 局数 | 3:00 前死亡 | 前 3 分钟承伤 均 / 中 | 3:00 时生命 |
|---|---|---|---|---|---|
| expert | 0 | 1 | 0% | 35 / 35 | 97% |

#### 死因 × 缩圈阶段 × Boss 在场（失败的局）

| 机器人 | 难度 | 死因 | 缩圈（第几轮 · 阶段） | 圈外 | Boss 在场 | 局数 | 平均死亡时间 |
|---|---|---|---|---|---|---|---|
| expert | 0 | （全部胜利） | | | | 0 | |

#### 同屏数量峰值（每局峰值的 平均 / 最大）

| 机器人 | 难度 | 局数 | 范围 | 敌人 | 敌方弹幕（含抛射） | 我方子弹 | 特效 | 飘字 |
|---|---|---|---|---|---|---|---|---|
| expert | 0 | 1 | 全程 | 195 / 195 | 46 / 46 | 0 / 0 | 382 / 382 | 48 / 48 |
| expert | 0 | 1 | 8:00–10:00 | 195 / 195 | 27 / 27 | 0 / 0 | 319 / 319 | 48 / 48 |

### 大群（按第几次）

| 机器人 | 第几次 | 出现 | 时间 | 数量 | 清 80% 用时 均 / 中（清完/出现） | 20 秒内掉血 均 / 最大 | 30 秒内死亡 | 编成 |
|---|---|---|---|---|---|---|---|---|
| expert | 1 | 1 | 1:15 | 26 | 11s / 11s（1/1） | 0 / 0 | 0 | bone/slider/stone ×1 |
| expert | 2 | 1 | 2:45 | 33 | 7s / 7s（1/1） | 6 / 6 | 0 | bone/slider ×1 |
| expert | 3 | 1 | 4:22 | 41 | 10s / 10s（1/1） | 0 / 0 | 0 | bone/floater/ripper/runner/slider ×1 |
| expert | 4 | 1 | 5:47 | 48 | 8s / 8s（1/1） | 9 / 9 | 0 | bone/offspring/ripper/slider/spitter ×1 |
| expert | 5 | 1 | 7:29 | 57 | 8s / 8s（1/1） | 0 / 0 | 0 | bone/burrower/offspring/ripper/slider/stone ×1 |
| expert | 6 | 1 | 8:39 | 63 | 11s / 11s（1/1） | 16 / 16 | 0 | bone/floater/founder/nest/ripper/runner/slider ×1 |

| 编队 | n | 胜率 | 存活(均/最短) | 托底(次/首次) | Lv 2:00/5:00/8:00/末 | 终Boss剩余 | 精二占比 | 灯火 | 击杀 | 主要伤害来源 | 治疗来源(总量/无人机Lv) | 主要死因 |
|---|---|---|---|---|---|---|---|---|---|---|---|---|
| [expert] wisadel | 1 | 100% | 11:08 / 11:08 | 0.0 / - | 7 / 16 / 25 / 34 | - | 100% | 10 | 6796 | 殉爆 26% 余震 23% 饱和炮击 8% 碎潮 8% | 凯尔希 98% 遥乡 1% 拾取 0% (563 / 0.0) | bullet |

### 机器人指标（docs/29）

| 机器人 · 开局 | n | 胜率 | 存活 均/最短 | 3:30 存活 | 5:00 存活 | 首次招募 | 首次精一 / 精二 | 中期 Boss 击杀数 / 平均用时 | 受击/分 | 承伤/分 | 低血(<35%)秒 | 熄灯秒 | 静止% | 开局干员 伤害占比 / 每分钟 | 主要死因 |
|---|---|---|---|---|---|---|---|---|---|---|---|---|---|---|---|
| [expert] wisadel | 1 | 100% | 11:08 / 11:08 | 100% | 100% | 1:23 | 0:51 / 4:10 | 3.0 / 24s | 34.0 | 67 | 0 | 2 | 18 | 67% / 68248 | - |

### 藏品（docs/35）

| 机器人 | 开局 | 局数 | 平均藏品数 | 藏品直接伤害 | 各流派 出现 / 拿取 | 无效拿取 |
|---|---|---|---|---|---|---|
| expert | wisadel | 1 | 26.0 | 2.8% | A 7/1 B 4/2 C 7/3 D 10/3 E 8/2 F 2/1 G 6/1 H 18/5 通用 18/8 | 0 |
| 合计 | | | | | A 7/1 B 4/2 C 7/3 D 10/3 E 8/2 F 2/1 G 6/1 H 18/5 通用 18/8 | |

拿取最多（出现 / 拿取）：锈蚀的铁锤 1/1，主教的研究 1/1，遥乡之引 1/1，羽兽肝酱 3/1，贵族刺剑 2/1，指路鳞 1/1，《大静谧》 2/1，医者-固化序列 2/1，古旧的蒸汽甲胄 4/1，极速之手 1/1，四叶草化石 1/1，恐鱼干 1/1
耗时 42s
写入 build/cloud/b0-ab-new/b0_rep5_0926_1619.{json,md}
跑 1 局（1 流派 × 1 机器人 × 1 编队 × 1 seed），并行 4（全机上限 4），不用缓存
### 最终 Boss（按类型；上面的「终局」列是四种混算）

| 机器人 | 最终 Boss | 结局 | 出场 | 击杀 | 用时 均 / 中 / 最短–最长 | 未击杀时剩余血量 |
|---|---|---|---|---|---|---|
| expert | 偏执泡影 | standard 1 | 1 | 1 | 68s / 68s / 68–68s | - |

### 难度 / 缩圈 / 同屏峰值

#### 前 3 分钟

| 机器人 | 难度 | 局数 | 3:00 前死亡 | 前 3 分钟承伤 均 / 中 | 3:00 时生命 |
|---|---|---|---|---|---|
| expert | 0 | 1 | 0% | 35 / 35 | 97% |

#### 死因 × 缩圈阶段 × Boss 在场（失败的局）

| 机器人 | 难度 | 死因 | 缩圈（第几轮 · 阶段） | 圈外 | Boss 在场 | 局数 | 平均死亡时间 |
|---|---|---|---|---|---|---|---|
| expert | 0 | （全部胜利） | | | | 0 | |

#### 同屏数量峰值（每局峰值的 平均 / 最大）

| 机器人 | 难度 | 局数 | 范围 | 敌人 | 敌方弹幕（含抛射） | 我方子弹 | 特效 | 飘字 |
|---|---|---|---|---|---|---|---|---|
| expert | 0 | 1 | 全程 | 195 / 195 | 46 / 46 | 0 / 0 | 382 / 382 | 48 / 48 |
| expert | 0 | 1 | 8:00–10:00 | 195 / 195 | 27 / 27 | 0 / 0 | 319 / 319 | 48 / 48 |

### 大群（按第几次）

| 机器人 | 第几次 | 出现 | 时间 | 数量 | 清 80% 用时 均 / 中（清完/出现） | 20 秒内掉血 均 / 最大 | 30 秒内死亡 | 编成 |
|---|---|---|---|---|---|---|---|---|
| expert | 1 | 1 | 1:15 | 26 | 11s / 11s（1/1） | 0 / 0 | 0 | bone/slider/stone ×1 |
| expert | 2 | 1 | 2:45 | 33 | 7s / 7s（1/1） | 6 / 6 | 0 | bone/slider ×1 |
| expert | 3 | 1 | 4:22 | 41 | 10s / 10s（1/1） | 0 / 0 | 0 | bone/floater/ripper/runner/slider ×1 |
| expert | 4 | 1 | 5:47 | 48 | 8s / 8s（1/1） | 9 / 9 | 0 | bone/offspring/ripper/slider/spitter ×1 |
| expert | 5 | 1 | 7:29 | 57 | 8s / 8s（1/1） | 0 / 0 | 0 | bone/burrower/offspring/ripper/slider/stone ×1 |
| expert | 6 | 1 | 8:39 | 63 | 11s / 11s（1/1） | 16 / 16 | 0 | bone/floater/founder/nest/ripper/runner/slider ×1 |

| 编队 | n | 胜率 | 存活(均/最短) | 托底(次/首次) | Lv 2:00/5:00/8:00/末 | 终Boss剩余 | 精二占比 | 灯火 | 击杀 | 主要伤害来源 | 治疗来源(总量/无人机Lv) | 主要死因 |
|---|---|---|---|---|---|---|---|---|---|---|---|---|
| [expert] wisadel | 1 | 100% | 11:08 / 11:08 | 0.0 / - | 7 / 16 / 25 / 34 | - | 100% | 10 | 6796 | 殉爆 26% 余震 23% 饱和炮击 8% 碎潮 8% | 凯尔希 98% 遥乡 1% 拾取 0% (563 / 0.0) | bullet |

### 机器人指标（docs/29）

| 机器人 · 开局 | n | 胜率 | 存活 均/最短 | 3:30 存活 | 5:00 存活 | 首次招募 | 首次精一 / 精二 | 中期 Boss 击杀数 / 平均用时 | 受击/分 | 承伤/分 | 低血(<35%)秒 | 熄灯秒 | 静止% | 开局干员 伤害占比 / 每分钟 | 主要死因 |
|---|---|---|---|---|---|---|---|---|---|---|---|---|---|---|---|
| [expert] wisadel | 1 | 100% | 11:08 / 11:08 | 100% | 100% | 1:23 | 0:51 / 4:10 | 3.0 / 24s | 34.0 | 67 | 0 | 2 | 18 | 67% / 68248 | - |

### 藏品（docs/35）

| 机器人 | 开局 | 局数 | 平均藏品数 | 藏品直接伤害 | 各流派 出现 / 拿取 | 无效拿取 |
|---|---|---|---|---|---|---|
| expert | wisadel | 1 | 26.0 | 2.8% | A 7/1 B 4/2 C 7/3 D 10/3 E 8/2 F 2/1 G 6/1 H 18/5 通用 18/8 | 0 |
| 合计 | | | | | A 7/1 B 4/2 C 7/3 D 10/3 E 8/2 F 2/1 G 6/1 H 18/5 通用 18/8 | |

拿取最多（出现 / 拿取）：锈蚀的铁锤 1/1，主教的研究 1/1，遥乡之引 1/1，羽兽肝酱 3/1，贵族刺剑 2/1，指路鳞 1/1，《大静谧》 2/1，医者-固化序列 2/1，古旧的蒸汽甲胄 4/1，极速之手 1/1，四叶草化石 1/1，恐鱼干 1/1
耗时 42s
写入 build/cloud/b0-ab-new/b0_rep6_0926_1619.{json,md}
跑 1 局（1 流派 × 1 机器人 × 1 编队 × 1 seed），并行 4（全机上限 4），不用缓存
### 最终 Boss（按类型；上面的「终局」列是四种混算）

| 机器人 | 最终 Boss | 结局 | 出场 | 击杀 | 用时 均 / 中 / 最短–最长 | 未击杀时剩余血量 |
|---|---|---|---|---|---|---|
| expert | 偏执泡影 | standard 1 | 1 | 1 | 68s / 68s / 68–68s | - |

### 难度 / 缩圈 / 同屏峰值

#### 前 3 分钟

| 机器人 | 难度 | 局数 | 3:00 前死亡 | 前 3 分钟承伤 均 / 中 | 3:00 时生命 |
|---|---|---|---|---|---|
| expert | 0 | 1 | 0% | 35 / 35 | 97% |

#### 死因 × 缩圈阶段 × Boss 在场（失败的局）

| 机器人 | 难度 | 死因 | 缩圈（第几轮 · 阶段） | 圈外 | Boss 在场 | 局数 | 平均死亡时间 |
|---|---|---|---|---|---|---|---|
| expert | 0 | （全部胜利） | | | | 0 | |

#### 同屏数量峰值（每局峰值的 平均 / 最大）

| 机器人 | 难度 | 局数 | 范围 | 敌人 | 敌方弹幕（含抛射） | 我方子弹 | 特效 | 飘字 |
|---|---|---|---|---|---|---|---|---|
| expert | 0 | 1 | 全程 | 195 / 195 | 46 / 46 | 0 / 0 | 382 / 382 | 48 / 48 |
| expert | 0 | 1 | 8:00–10:00 | 195 / 195 | 27 / 27 | 0 / 0 | 319 / 319 | 48 / 48 |

### 大群（按第几次）

| 机器人 | 第几次 | 出现 | 时间 | 数量 | 清 80% 用时 均 / 中（清完/出现） | 20 秒内掉血 均 / 最大 | 30 秒内死亡 | 编成 |
|---|---|---|---|---|---|---|---|---|
| expert | 1 | 1 | 1:15 | 26 | 11s / 11s（1/1） | 0 / 0 | 0 | bone/slider/stone ×1 |
| expert | 2 | 1 | 2:45 | 33 | 7s / 7s（1/1） | 6 / 6 | 0 | bone/slider ×1 |
| expert | 3 | 1 | 4:22 | 41 | 10s / 10s（1/1） | 0 / 0 | 0 | bone/floater/ripper/runner/slider ×1 |
| expert | 4 | 1 | 5:47 | 48 | 8s / 8s（1/1） | 9 / 9 | 0 | bone/offspring/ripper/slider/spitter ×1 |
| expert | 5 | 1 | 7:29 | 57 | 8s / 8s（1/1） | 0 / 0 | 0 | bone/burrower/offspring/ripper/slider/stone ×1 |
| expert | 6 | 1 | 8:39 | 63 | 11s / 11s（1/1） | 16 / 16 | 0 | bone/floater/founder/nest/ripper/runner/slider ×1 |

| 编队 | n | 胜率 | 存活(均/最短) | 托底(次/首次) | Lv 2:00/5:00/8:00/末 | 终Boss剩余 | 精二占比 | 灯火 | 击杀 | 主要伤害来源 | 治疗来源(总量/无人机Lv) | 主要死因 |
|---|---|---|---|---|---|---|---|---|---|---|---|---|
| [expert] wisadel | 1 | 100% | 11:08 / 11:08 | 0.0 / - | 7 / 16 / 25 / 34 | - | 100% | 10 | 6796 | 殉爆 26% 余震 23% 饱和炮击 8% 碎潮 8% | 凯尔希 98% 遥乡 1% 拾取 0% (563 / 0.0) | bullet |

### 机器人指标（docs/29）

| 机器人 · 开局 | n | 胜率 | 存活 均/最短 | 3:30 存活 | 5:00 存活 | 首次招募 | 首次精一 / 精二 | 中期 Boss 击杀数 / 平均用时 | 受击/分 | 承伤/分 | 低血(<35%)秒 | 熄灯秒 | 静止% | 开局干员 伤害占比 / 每分钟 | 主要死因 |
|---|---|---|---|---|---|---|---|---|---|---|---|---|---|---|---|
| [expert] wisadel | 1 | 100% | 11:08 / 11:08 | 100% | 100% | 1:23 | 0:51 / 4:10 | 3.0 / 24s | 34.0 | 67 | 0 | 2 | 18 | 67% / 68248 | - |

### 藏品（docs/35）

| 机器人 | 开局 | 局数 | 平均藏品数 | 藏品直接伤害 | 各流派 出现 / 拿取 | 无效拿取 |
|---|---|---|---|---|---|---|
| expert | wisadel | 1 | 26.0 | 2.8% | A 7/1 B 4/2 C 7/3 D 10/3 E 8/2 F 2/1 G 6/1 H 18/5 通用 18/8 | 0 |
| 合计 | | | | | A 7/1 B 4/2 C 7/3 D 10/3 E 8/2 F 2/1 G 6/1 H 18/5 通用 18/8 | |

拿取最多（出现 / 拿取）：锈蚀的铁锤 1/1，主教的研究 1/1，遥乡之引 1/1，羽兽肝酱 3/1，贵族刺剑 2/1，指路鳞 1/1，《大静谧》 2/1，医者-固化序列 2/1，古旧的蒸汽甲胄 4/1，极速之手 1/1，四叶草化石 1/1，恐鱼干 1/1
耗时 42s
写入 build/cloud/b0-ab-new/b0_rep7_0926_1620.{json,md}
END 2026-09-26T16:20:40Z
RUN_EXIT=0
