跑 84 局（1 流派 × 2 机器人 × 7 编队 × 6 seed），并行 4（全机上限 4），源文件摘要 4628075e701d6e5c
### 最终 Boss（按类型；上面的「终局」列是四种混算）

| 机器人 | 最终 Boss | 结局 | 出场 | 击杀 | 用时 均 / 中 / P90 / 最短–最长（出现起算） | 中 / P90（可受伤起算） | 阶段护盾秒 / 过卡点数 均 | 未击杀时剩余血量 |
|---|---|---|---|---|---|---|---|---|
| expert | 伊祖米克 | deep 18 | 18 | 16 | 85s / 79s / 175s / 45–179s | 31s / 155s | 11.5 / 1.9 | 33% |
| expert | 最后的骑士 | knight 11 | 11 | 11 | 61s / 49s / 93s / 44–97s | 49s / 93s | 14.3 / 2.0 | - |
| expert | 偏执泡影 | standard 8 | 8 | 8 | 55s / 51s / 81s / 40–81s | 51s / 81s | 6.1 / 2.0 | - |
| expert | 伊莎玛拉 | resolve 5 | 5 | 4 | 44s / 43s / 53s / 39–53s | 44s / 53s | 10.8 / 2.0 | 3% |
| normal | 伊祖米克 | deep 15 | 15 | 13 | 77s / 67s / 129s / 44–176s | 40s / 115s | 6.4 / 1.8 | 72% |
| normal | 偏执泡影 | standard 13 | 13 | 12 | 75s / 57s / 142s / 39–146s | 58s / 142s | 6.5 / 1.8 | 98% |
| normal | 最后的骑士 | knight 10 | 10 | 9 | 47s / 45s / 59s / 33–59s | 45s / 59s | 12.4 / 1.8 | 8% |
| normal | 伊莎玛拉 | resolve 4 | 4 | 4 | 47s / 42s / 67s / 38–67s | 42s / 67s | 13.4 / 2.0 | - |

### 难度 / 缩圈 / 同屏峰值

#### 前 3 分钟

| 机器人 | 难度 | 局数 | 3:00 前死亡 | 前 3 分钟承伤 均 / 中 | 3:00 时生命 |
|---|---|---|---|---|---|
| expert | 0 | 42 | 0% | 21 / 20 | 100% |
| normal | 0 | 42 | 0% | 25 / 18 | 99% |

#### 死因 × 缩圈阶段 × Boss 在场（失败的局）

| 机器人 | 难度 | 死因 | 缩圈（第几轮 · 阶段） | 圈外 | Boss 在场 | 局数 | 平均死亡时间 |
|---|---|---|---|---|---|---|---|
| expert | 0 | mire | 第 4 轮 · 预告 | 否 | 是 | 1 | 13:00 |
| expert | 0 | bullet | 第 3 轮 · 收缩 | 否 | 是 | 1 | 13:00 |
| expert | 0 | mire | 第 2 轮 · 稳定 | 否 | 是 | 1 | 13:00 |
| normal | 0 | bullet | 第 2 轮 · 预告 | 否 | 是 | 2 | 13:00 |
| normal | 0 | boss_tracer | 第 2 轮 · 收缩 | 否 | 是 | 1 | 13:00 |
| normal | 0 | bullet | 第 1 轮 · 稳定 | 否 | 是 | 1 | 13:00 |

#### 同屏数量峰值（每局峰值的 平均 / 最大）

| 机器人 | 难度 | 局数 | 范围 | 敌人 | 敌方弹幕（含抛射） | 我方子弹 | 特效 | 飘字 |
|---|---|---|---|---|---|---|---|---|
| expert | 0 | 42 | 全程 | 259 / 478 | 47 / 76 | 3 / 12 | 394 / 503 | 46 / 48 |
| expert | 0 | 42 | 8:00–10:00 | 237 / 419 | 40 / 61 | 3 / 9 | 371 / 484 | 43 / 48 |
| normal | 0 | 42 | 全程 | 297 / 507 | 60 / 128 | 3 / 9 | 396 / 461 | 47 / 48 |
| normal | 0 | 42 | 8:00–10:00 | 275 / 507 | 54 / 128 | 2 / 9 | 378 / 459 | 43 / 48 |

### 大群（按第几次）

| 机器人 | 第几次 | 出现 | 时间 | 数量 | 清 80% 用时 均 / 中（清完/出现） | 20 秒内掉血 均 / 最大 | 30 秒内死亡 | 编成 |
|---|---|---|---|---|---|---|---|---|
| expert | 1 | 42 | 1:15 | 26 | 16s / 12s（42/42） | 3 / 16 | 0 | bone/slider/stone ×22；bone/slider ×20 |
| expert | 2 | 42 | 2:45 | 33 | 19s / 12s（42/42） | 3 / 8 | 0 | bone/slider ×22；bone/slider/stone ×20 |
| expert | 3 | 42 | 4:37 | 43 | 21s / 12s（42/42） | 7 / 35 | 0 | bone/offspring/ripper/slider/spitter ×9；bone/floater/ripper/runner/slider/tracer ×9；bone/ripper/slider/stone ×8 |
| expert | 4 | 42 | 5:52 | 49 | 15s / 10s（42/42） | 11 / 57 | 0 | bone/floater/ripper/runner/slider/tracer ×15；bone/burrower/ripper/slider ×14；bone/offspring/ripper/slider/spitter ×13 |
| expert | 5 | 42 | 7:32 | 57 | 14s / 11s（42/42） | 11 / 50 | 0 | burrower/ripper/slider/spitter ×19；bone/burrower/offspring/ripper/slider/stone ×14；bone/floater/founder/nest/ripper/runner/slider ×9 |
| expert | 6 | 42 | 8:43 | 63 | 12s / 9s（42/42） | 19 / 149 | 0 | burrower/offspring/ripper/slider/spitter/stone ×13；bone/burrower/offspring/ripper/slider/stone ×8；burrower/hulk/ripper/slider/spitter ×7 |
| expert | 7 | 7 | 9:17 | 66 | 11s / 11s（7/7） | 23 / 102 | 0 | burrower/hulk/ripper/slider/spitter ×3；burrower/offspring/ripper/slider/spitter/stone ×3；burrower/floater/founder/nest/reaper/ripper/runner/slider/tracer ×1 |
| normal | 1 | 42 | 1:15 | 26 | 10s / 9s（42/42） | 7 / 30 | 0 | bone/slider ×22；bone/slider/stone ×20 |
| normal | 2 | 42 | 2:45 | 33 | 16s / 14s（42/42） | 7 / 26 | 0 | bone/slider/stone ×22；bone/slider ×20 |
| normal | 3 | 42 | 4:34 | 42 | 27s / 21s（42/42） | 10 / 61 | 0 | bone/ripper/slider/stone ×15；bone/floater/ripper/runner/slider/tracer ×9；bone/burrower/ripper/slider ×7 |
| normal | 4 | 42 | 5:53 | 49 | 30s / 16s（42/42） | 21 / 87 | 0 | bone/offspring/ripper/slider/spitter ×20；bone/burrower/ripper/slider ×13；bone/floater/ripper/runner/slider/tracer ×9 |
| normal | 5 | 42 | 7:39 | 58 | 24s / 14s（42/42） | 29 / 80 | 0 | bone/floater/founder/nest/ripper/runner/slider ×17；burrower/ripper/slider/spitter ×14；bone/burrower/offspring/ripper/slider/stone ×11 |
| normal | 6 | 40 | 8:43 | 63 | 21s / 11s（40/40） | 36 / 223 | 0 | burrower/offspring/ripper/slider/spitter/stone ×13；burrower/hulk/ripper/slider/spitter ×7；bone/burrower/offspring/ripper/slider/stone ×6 |
| normal | 7 | 8 | 9:21 | 66 | 12s / 10s（8/8） | 53 / 172 | 0 | burrower/offspring/ripper/slider/spitter/stone ×4；burrower/floater/founder/nest/reaper/ripper/runner/slider/tracer ×3；burrower/hulk/ripper/slider/spitter ×1 |

### 按机器人汇总

| 机器人 | 局数 | 胜率 | 平均存活 | 3:30 存活 | 平均终局等级 | 平均击杀 | 目标（胜率 / 存活） | 判定 |
|---|---|---|---|---|---|---|---|---|
| normal | 42 | 90% | 11:17 | 100% | 33.8 | 7064 | 30–55% / 7:00–13:00 | **偏易** |
| expert | 42 | 92% | 11:16 | 100% | 34.5 | 7021 | 70–95% / 9:00–13:00 | **达标** |

### 明细

| 编队 | n | 胜率 | 存活(均/最短) | 托底(次/首次) | Lv 2:00/5:00/8:00/末 | 终Boss剩余 | 精二占比 | 灯火 | 击杀 | 主要伤害来源 | 治疗来源(总量/无人机Lv) | 主要死因 |
|---|---|---|---|---|---|---|---|---|---|---|---|---|
| [expert] wisadel | 6 | 100% | 11:08 / 10:52 | 0.0 / - | 7 / 16 / 26 / 36 | - | 100% | 44 | 6978 | 殉爆 27% 余震 22% 饱和炮击 11% 炮击 5% | 凯尔希 40% 塞雷娅 22% 水月 14% (377 / 0.5) | bullet |
| [expert] eyjafjalla | 6 | 100% | 11:01 / 10:40 | 0.2 / 7:20 | 6 / 16 / 26 / 34 | - | 100% | 82 | 6857 | 火山弹 20% 火山 12% 熔岩天降 8% 锚击 5% | 塞雷娅 47% 拾取 23% 凯尔希 16% (549 / 0.2) | bullet |
| [expert] skadi | 6 | 83% | 11:39 / 10:39 | 0.0 / - | 7 / 15 / 25 / 35 | 3% | 100% | 74 | 7323 | 大剑 24% Mon3tr 11% Mon3tr · 真伤 7% 跃浪 5% | 凯尔希 31% 塞雷娅 23% 拾取 20% (414 / 0.5) | bullet |
| [expert] mizuki | 6 | 100% | 10:58 / 10:43 | 0.0 / - | 7 / 16 / 26 / 35 | - | 100% | 72 | 6785 | 触手 32% 伞击 14% 大剑 7% 技能 6% | 水月 69% 塞雷娅 12% 流明 6% (412 / 0.7) | bullet |
| [expert] saria | 6 | 100% | 11:14 / 10:44 | 0.0 / - | 5 / 16 / 26 / 35 | - | 100% | 74 | 6961 | 火山弹 6% 言 5% 大剑 5% Mon3tr 5% | 塞雷娅 79% 流明 9% 凯尔希 7% (649 / 0.0) | bullet |
| [expert] kaltsit | 6 | 83% | 11:18 / 10:39 | 0.0 / - | 6 / 16 / 25 / 34 | 64% | 100% | 86 | 7047 | Mon3tr · 真伤 13% Mon3tr 10% 锯刃 5% 触手 4% | 凯尔希 61% 流明 20% 水月 10% (580 / 0.0) | bullet |
| [expert] suzuran | 6 | 83% | 11:33 / 10:46 | 0.3 / 8:59 | 7 / 14 / 25 / 34 | 3% | 100% | 81 | 7197 | 狐火 13% Mon3tr 10% 火山弹 7% 藏品 6% | 凯尔希 28% 塞雷娅 26% 铃兰 20% (676 / 0.3) | bullet |
| [normal] wisadel | 6 | 100% | 10:54 / 10:33 | 0.2 / 10:48 | 7 / 15 / 25 / 33 | - | 61% | 71 | 6730 | 殉爆 22% 余震 21% 炮击 10% 大剑 4% | 拾取 31% 凯尔希 30% 流明 30% (874 / 1.0) | bullet |
| [normal] eyjafjalla | 6 | 83% | 11:31 / 10:39 | 4.0 / 7:33 | 6 / 15 / 24 / 34 | 98% | 55% | 68 | 7250 | 火山弹 27% 火星 5% 火山 5% 大剑 4% | 塞雷娅 32% 拾取 31% 无人机 18% (1116 / 1.0) | shock |
| [normal] skadi | 6 | 100% | 10:55 / 10:44 | 2.0 / 9:15 | 7 / 16 / 25 / 34 | - | 50% | 59 | 6773 | 大剑 31% 锚击 8% 跃浪 4% 潮涌斩 4% | 拾取 63% 无人机 21% 凯尔希 8% (325 / 0.7) | shock |
| [normal] mizuki | 6 | 83% | 11:11 / 10:39 | 0.0 / - | 7 / 16 / 25 / 34 | 97% | 77% | 83 | 6945 | 触手 23% 伞击 18% Mon3tr 6% 大剑 6% | 水月 52% 凯尔希 18% 流明 16% (965 / 0.3) | bullet |
| [normal] saria | 6 | 100% | 11:24 / 10:38 | 0.8 / 8:40 | 6 / 16 / 25 / 34 | - | 55% | 56 | 7138 | 大剑 13% 火山弹 9% 拳击 7% 锯刃 7% | 塞雷娅 86% 水月 6% 拾取 4% (1528 / 0.5) | shock |
| [normal] kaltsit | 6 | 100% | 11:19 / 10:40 | 0.0 / - | 7 / 16 / 25 / 34 | - | 61% | 80 | 7149 | Mon3tr 33% Mon3tr · 真伤 9% 触手 8% 食腐 6% | 凯尔希 60% 水月 23% 塞雷娅 6% (1275 / 0.3) | bullet |
| [normal] suzuran | 6 | 66% | 11:45 / 10:50 | 0.5 / 9:11 | 7 / 15 / 25 / 34 | 28% | 61% | 75 | 7462 | 狐火 18% Mon3tr 14% 伞击 6% 围炉 5% | 铃兰 28% 流明 22% 凯尔希 20% (1398 / 0.5) | shock |

### 机器人指标（docs/29）

| 机器人 · 开局 | n | 胜率 | 存活 均/最短 | 3:30 存活 | 5:00 存活 | 首次招募 | 首次精一 / 精二 | 中期 Boss 击杀数 / 平均用时 | 受击/分 | 承伤/分 | 低血(<35%)秒 | 熄灯秒 | 静止% | 开局干员 伤害占比 / 每分钟 | 主要死因 |
|---|---|---|---|---|---|---|---|---|---|---|---|---|---|---|---|
| [expert] wisadel | 6 | 100% | 11:08 / 10:52 | 100% | 100% | 1:18 | 0:50 / 3:08 | 2.7 / 28s | 10.9 | 44 | 0 | 4 | 16 | 70% / 65669 | - |
| [expert] eyjafjalla | 6 | 100% | 11:01 / 10:40 | 100% | 100% | 1:32 | 0:53 / 2:56 | 2.2 / 37s | 23.4 | 76 | 0 | 3 | 15 | 53% / 49595 | - |
| [expert] skadi | 6 | 83% | 11:39 / 10:39 | 100% | 100% | 1:17 | 0:51 / 3:19 | 2.0 / 89s | 13.0 | 58 | 0 | 0 | 11 | 37% / 35651 | mire |
| [expert] mizuki | 6 | 100% | 10:58 / 10:43 | 100% | 100% | 1:19 | 0:51 / 2:32 | 2.5 / 39s | 10.8 | 44 | 0 | 0 | 16 | 56% / 58248 | - |
| [expert] saria | 6 | 100% | 11:14 / 10:44 | 100% | 100% | 2:03 | 0:47 / 3:18 | 2.0 / 69s | 21.3 | 66 | 0 | 8 | 12 | 8% / 7910 | - |
| [expert] kaltsit | 6 | 83% | 11:18 / 10:39 | 100% | 100% | 1:34 | 1:17 / 3:56 | 2.0 / 59s | 21.6 | 59 | 0 | 4 | 16 | 27% / 24762 | bullet |
| [expert] suzuran | 6 | 83% | 11:33 / 10:46 | 100% | 100% | 1:36 | 0:59 / 3:14 | 2.0 / 136s | 17.4 | 80 | 0 | 8 | 12 | 18% / 17984 | mire |
| [normal] wisadel | 6 | 100% | 10:54 / 10:33 | 100% | 100% | 1:19 | 4:25 / 7:58 | 2.2 / 59s | 42.9 | 144 | 0 | 17 | 0 | 62% / 57255 | - |
| [normal] eyjafjalla | 6 | 83% | 11:31 / 10:39 | 100% | 100% | 1:19 | 4:15 / 8:04 | 2.0 / 87s | 76.9 | 264 | 0 | 56 | 0 | 50% / 42349 | bullet |
| [normal] skadi | 6 | 100% | 10:55 / 10:44 | 100% | 100% | 1:25 | 3:52 / 7:40 | 2.3 / 29s | 36.0 | 152 | 0 | 20 | 0 | 45% / 38692 | - |
| [normal] mizuki | 6 | 83% | 11:11 / 10:39 | 100% | 100% | 1:19 | 3:31 / 6:47 | 2.3 / 66s | 40.6 | 104 | 0 | 3 | 0 | 53% / 46321 | boss_tracer |
| [normal] saria | 6 | 100% | 11:24 / 10:38 | 100% | 100% | 1:18 | 4:00 / 8:42 | 1.8 / 35s | 66.4 | 177 | 0 | 50 | 0 | 12% / 10860 | - |
| [normal] kaltsit | 6 | 100% | 11:19 / 10:40 | 100% | 100% | 1:30 | 3:25 / 7:38 | 2.5 / 65s | 70.9 | 129 | 0 | 28 | 0 | 44% / 44874 | - |
| [normal] suzuran | 6 | 66% | 11:45 / 10:50 | 100% | 100% | 1:23 | 4:03 / 7:28 | 1.8 / 93s | 53.5 | 191 | 0 | 25 | 0 | 24% / 22574 | bullet |

### 藏品（docs/35）

| 机器人 | 开局 | 局数 | 平均藏品数 | 藏品直接伤害 | 各流派 出现 / 拿取 | 无效拿取 |
|---|---|---|---|---|---|---|
| expert | eyjafjalla | 6 | 33.5 | 1.8% | A 74/23 B 26/14 C 44/25 D 47/16 E 62/14 F 10/7 G 64/20 H 92/28 通用 126/56 | 0 |
| expert | kaltsit | 6 | 29.7 | 6.4% | A 58/15 B 19/12 C 40/19 D 48/16 E 39/10 F 7/5 G 41/15 H 97/33 通用 128/53 | 0 |
| expert | mizuki | 6 | 32.3 | 3.5% | A 61/22 B 18/9 C 50/31 D 47/14 E 46/10 F 18/11 G 39/12 H 111/30 通用 133/58 | 0 |
| expert | saria | 6 | 30.0 | 3.7% | A 61/15 B 19/7 C 52/31 D 52/11 E 34/8 F 11/3 G 42/15 H 89/29 通用 136/62 | 0 |
| expert | skadi | 6 | 33.3 | 4.6% | A 81/13 B 24/9 C 45/16 D 54/11 E 48/7 F 12/6 G 52/22 H 152/47 通用 161/71 | 0 |
| expert | suzuran | 6 | 31.7 | 10.6% | A 64/14 B 14/9 C 54/25 D 41/6 E 71/16 F 10/5 G 49/20 H 109/36 通用 127/61 | 0 |
| expert | wisadel | 6 | 31.2 | 2.4% | A 45/12 B 21/11 C 28/16 D 59/20 E 63/16 F 17/10 G 37/14 H 85/31 通用 120/60 | 0 |
| normal | eyjafjalla | 6 | 26.3 | 1.4% | A 34/12 B 13/5 C 32/8 D 36/17 E 65/17 F 9/3 G 33/9 H 74/28 通用 110/59 | 0 |
| normal | kaltsit | 6 | 27.2 | 7.3% | A 54/18 B 22/5 C 51/16 D 43/11 E 45/18 F 13/1 G 49/11 H 81/34 通用 97/49 | 0 |
| normal | mizuki | 6 | 28.2 | 3.6% | A 43/16 B 14/5 C 49/13 D 50/16 E 44/19 F 8/1 G 55/16 H 81/27 通用 95/56 | 0 |
| normal | saria | 6 | 21.3 | 3.4% | A 37/12 B 12/3 C 33/11 D 38/11 E 27/11 F 10/3 G 33/12 H 56/22 通用 82/43 | 0 |
| normal | skadi | 6 | 26.2 | 1.2% | A 37/14 B 23/7 C 42/13 D 47/18 E 45/11 F 10/4 G 37/8 H 78/30 通用 108/53 | 0 |
| normal | suzuran | 6 | 31.7 | 0.4% | A 42/9 B 25/4 C 62/24 D 57/16 E 78/27 F 9/3 G 40/14 H 112/31 通用 152/62 | 0 |
| normal | wisadel | 6 | 26.5 | 1.6% | A 29/9 B 15/8 C 33/15 D 42/10 E 51/18 F 12/5 G 41/19 H 75/16 通用 94/59 | 0 |
| 合计 | | | | | A 720/204 B 265/108 C 615/263 D 661/193 E 718/202 F 156/67 G 612/207 H 1292/422 通用 1669/802 | |

拿取最多（出现 / 拿取）：“犹疑” 0/82，“观望” 0/82，“决心” 0/63，羽兽肝酱 140/46，显圣吊坠 150/43，镶金骨骰 140/42，“黑夜呢喃” 139/41，银餐叉 154/39，老近卫军之锋 150/39，设计师量尺 114/38，《大静谧》 162/38，皇帝的恩宠 144/37
耗时 1113s
写入 build/cloud/integ-fulla/ig_full_0926_1727.{json,md}
