跑 56 局（1 流派 × 2 机器人 × 7 编队 × 4 seed），并行 4（全机上限 4），源文件摘要 b1c290d5869fff86
### 最终 Boss（按类型；上面的「终局」列是四种混算）

| 机器人 | 最终 Boss | 结局 | 出场 | 击杀 | 用时 均 / 中 / 最短–最长 | 未击杀时剩余血量 |
|---|---|---|---|---|---|---|
| expert | 伊祖米克 | deep 10 | 10 | 10 | 51s / 53s / 27–74s | - |
| expert | 偏执泡影 | standard 6 | 6 | 6 | 37s / 38s / 22–53s | - |
| expert | 伊莎玛拉 | resolve 5 | 5 | 5 | 27s / 29s / 18–34s | - |
| expert | 最后的骑士 | knight 1 | 1 | 1 | 16s / 16s / 16–16s | - |
| normal | 最后的骑士 | knight 2 | 2 | 2 | 60s / 60s / 52–68s | - |
| normal | 伊祖米克 | deep 2 | 2 | 1 | 59s / 59s / 59–59s | 85% |
| normal | 偏执泡影 | standard 1 | 1 | 1 | 113s / 113s / 113–113s | - |

### 难度 / 缩圈 / 同屏峰值

#### 前 3 分钟

| 机器人 | 难度 | 局数 | 3:00 前死亡 | 前 3 分钟承伤 均 / 中 | 3:00 时生命 |
|---|---|---|---|---|---|
| expert | 2 | 28 | 0% | 25 / 22 | 100% |
| normal | 2 | 28 | 0% | 33 / 18 | 99% |

#### 死因 × 缩圈阶段 × Boss 在场（失败的局）

| 机器人 | 难度 | 死因 | 缩圈（第几轮 · 阶段） | 圈外 | Boss 在场 | 局数 | 平均死亡时间 |
|---|---|---|---|---|---|---|---|
| expert | 2 | mire | 第 4 轮 · 收缩 | 否 | 是 | 1 | 7:38 |
| expert | 2 | bullet | 第 5 轮 · 收缩 | 否 | 否 | 1 | 9:01 |
| expert | 2 | boss_tracer | 第 5 轮 · 收缩 | 否 | 否 | 1 | 8:58 |
| expert | 2 | bullet | 第 5 轮 · 稳定 | 否 | 否 | 1 | 9:54 |
| expert | 2 | shock | 第 5 轮 · 收缩 | 否 | 否 | 1 | 9:11 |
| expert | 2 | contact_tracer | 第 3 轮 · 收缩 | 否 | 否 | 1 | 6:03 |
| normal | 2 | zone | 第 4 轮 · 收缩 | 是 | 是 | 5 | 7:35 |
| normal | 2 | zone | 第 2 轮 · 稳定 | 是 | 是 | 3 | 5:04 |
| normal | 2 | zone | 第 3 轮 · 稳定 | 是 | 否 | 2 | 6:54 |
| normal | 2 | zone | 第 4 轮 · 稳定 | 是 | 是 | 2 | 8:08 |
| normal | 2 | boss_bishop | 第 4 轮 · 收缩 | 否 | 是 | 1 | 7:35 |
| normal | 2 | zone | 第 2 轮 · 预告 | 是 | 是 | 1 | 4:00 |
| normal | 2 | corrode | 第 2 轮 · 收缩 | 否 | 是 | 1 | 4:41 |
| normal | 2 | boss_burrower | 第 2 轮 · 稳定 | 否 | 否 | 1 | 5:17 |
| normal | 2 | zone | 第 3 轮 · 预告 | 是 | 否 | 1 | 5:46 |
| normal | 2 | zone | 第 4 轮 · 稳定 | 否 | 是 | 1 | 8:35 |
| normal | 2 | zone | 第 4 轮 · 预告 | 是 | 是 | 1 | 7:03 |
| normal | 2 | corrode | 第 5 轮 · 稳定 | 否 | 是 | 1 | 10:42 |
| normal | 2 | mire | 第 4 轮 · 收缩 | 否 | 否 | 1 | 7:28 |
| normal | 2 | contact_tracer | 第 2 轮 · 稳定 | 是 | 否 | 1 | 5:07 |
| normal | 2 | mire | 第 3 轮 · 稳定 | 否 | 是 | 1 | 6:24 |
| normal | 2 | zone | 第 3 轮 · 收缩 | 是 | 是 | 1 | 6:12 |

#### 同屏数量峰值（每局峰值的 平均 / 最大）

| 机器人 | 难度 | 局数 | 范围 | 敌人 | 敌方弹幕（含抛射） | 我方子弹 | 特效 | 飘字 |
|---|---|---|---|---|---|---|---|---|
| expert | 2 | 28 | 全程 | 236 / 389 | 48 / 104 | 4 / 10 | 371 / 432 | 48 / 48 |
| expert | 2 | 26 | 8:00–10:00 | 218 / 389 | 38 / 77 | 3 / 9 | 357 / 425 | 48 / 48 |
| normal | 2 | 28 | 全程 | 264 / 454 | 35 / 83 | 2 / 9 | 362 / 456 | 43 / 48 |
| normal | 2 | 8 | 8:00–10:00 | 251 / 368 | 40 / 83 | 1 / 5 | 331 / 456 | 47 / 48 |

### 按机器人汇总

| 机器人 | 局数 | 胜率 | 平均存活 | 3:30 存活 | 平均终局等级 | 平均击杀 | 目标（胜率 / 存活） | 判定 |
|---|---|---|---|---|---|---|---|---|
| normal | 28 | 14% | 7:23 | 100% | 21.9 | 3391 | 30–55% / 7:00–13:00 | **偏难** |
| expert | 28 | 78% | 10:11 | 100% | 32.1 | 5987 | 70–95% / 9:00–13:00 | **达标** |

### 明细

| 编队 | n | 胜率 | 存活(均/最短) | 托底(次/首次) | Lv 2:00/5:00/8:00/末 | 终Boss剩余 | 精二占比 | 灯火 | 击杀 | 主要伤害来源 | 治疗来源(总量/无人机Lv) | 主要死因 |
|---|---|---|---|---|---|---|---|---|---|---|---|---|
| [expert] wisadel | 4 | 100% | 10:43 / 10:29 | 0.0 / - | 7 / 16 / 26 / 34 | - | 100% | 66 | 6618 | 殉爆 18% 余震 17% 触手 11% 饱和炮击 6% | 塞雷娅 48% 水月 42% 拾取 5% (499 / 0.8) | bullet |
| [expert] eyjafjalla | 4 | 75% | 9:52 / 7:38 | 0.0 / - | 7 / 16 / 26 / 31 | 35% | 100% | 68 | 5759 | 火山弹 20% 火山 18% 大剑 11% 熔岩天降 10% | 拾取 53% 凯尔希 24% 流明 22% (390 / 0.0) | bullet |
| [expert] skadi | 4 | 75% | 10:21 / 9:01 | 0.0 / - | 6 / 14 / 24 / 32 | - | 100% | 60 | 5794 | 大剑 35% 火山弹 15% 跃浪 6% 火山 5% | 流明 44% 塞雷娅 23% 拾取 16% (837 / 0.2) | bullet |
| [expert] mizuki | 4 | 100% | 10:42 / 10:27 | 0.0 / - | 7 / 15 / 25 / 34 | - | 100% | 61 | 6559 | 触手 27% 伞击 13% 技能 6% Mon3tr 5% | 水月 66% 流明 14% 凯尔希 9% (527 / 0.2) | bullet |
| [expert] saria | 4 | 75% | 10:23 / 8:58 | 0.0 / - | 6 / 14 / 25 / 33 | - | 100% | 52 | 6056 | 火山弹 9% 大剑 9% Mon3tr · 真伤 9% 锚击 5% | 塞雷娅 86% 凯尔希 10% 拾取 3% (817 / 0.0) | bullet |
| [expert] kaltsit | 4 | 100% | 10:20 / 10:16 | 0.0 / - | 6 / 15 / 26 / 33 | - | 100% | 72 | 6242 | Mon3tr 11% 言 10% 余震 8% 殉爆 8% | 凯尔希 71% 水月 15% 塞雷娅 9% (600 / 0.0) | bullet |
| [expert] suzuran | 4 | 25% | 9:00 / 6:03 | 0.0 / - | 7 / 14 / 25 / 28 | - | 91% | 54 | 4884 | 狐火 12% 锚击 10% 火山弹 9% 殉爆 8% | 铃兰 43% 塞雷娅 20% 流明 19% (375 / 0.2) | bullet |
| [normal] wisadel | 4 | 25% | 7:30 / 4:00 | 0.0 / - | 6 / 16 / 26 / 23 | 30% | 25% | 56 | 3725 | 余震 24% 殉爆 20% 炮击 16% 锚击 6% | 拾取 57% 凯尔希 23% 流明 19% (215 / 0.0) | bullet |
| [normal] eyjafjalla | 4 | 0% | 6:06 / 4:41 | 0.0 / - | 6 / 14 / 0 / 18 | 58% | 8% | 23 | 2154 | 火山弹 37% 火星 8% 锯刃 7% 骑士 5% | 塞雷娅 34% 凯尔希 18% 流明 15% (276 / 0.2) | zone |
| [normal] skadi | 4 | 25% | 8:20 / 5:46 | 0.0 / - | 7 / 16 / 24 / 25 | 40% | 8% | 18 | 4189 | 大剑 27% 刺剑 9% 骑士 9% 锚击 6% | 塞雷娅 43% 拾取 35% 无人机 8% (842 / 1.0) | bullet |
| [normal] mizuki | 4 | 25% | 8:39 / 6:56 | 0.0 / - | 6 / 15 / 23 / 25 | 67% | 33% | 22 | 4308 | 伞击 16% Mon3tr 11% 触手 11% 技能·法术 8% | 水月 53% 拾取 14% 铃兰 12% (1124 / 0.0) | zone |
| [normal] saria | 4 | 0% | 6:10 / 4:48 | 0.0 / - | 6 / 14 / 0 / 18 | 92% | 8% | 0 | 2294 | 拳击 22% 大剑 13% 骑士 8% 伞击 8% | 塞雷娅 90% 流明 8% 拾取 0% (357 / 0.0) | zone |
| [normal] kaltsit | 4 | 25% | 9:13 / 7:28 | 0.0 / - | 7 / 16 / 26 / 29 | 92% | 58% | 49 | 5152 | Mon3tr 33% 锯刃 14% 锚击 6% 大剑 6% | 凯尔希 69% 塞雷娅 13% 水月 12% (1177 / 0.5) | bullet |
| [normal] suzuran | 4 | 0% | 5:42 / 5:07 | 0.0 / - | 7 / 14 / 0 / 16 | 35% | 0% | 22 | 1918 | 狐火 43% 骑士 10% Mon3tr 7% 锯刃 7% | 拾取 25% 塞雷娅 24% 流明 24% (250 / 0.5) | zone |

### 机器人指标（docs/29）

| 机器人 · 开局 | n | 胜率 | 存活 均/最短 | 3:30 存活 | 5:00 存活 | 首次招募 | 首次精一 / 精二 | 中期 Boss 击杀数 / 平均用时 | 受击/分 | 承伤/分 | 低血(<35%)秒 | 熄灯秒 | 静止% | 开局干员 伤害占比 / 每分钟 | 主要死因 |
|---|---|---|---|---|---|---|---|---|---|---|---|---|---|---|---|
| [expert] wisadel | 4 | 100% | 10:43 / 10:29 | 100% | 100% | 1:12 | 0:48 / 3:21 | 2.5 / 28s | 10.9 | 56 | 0 | 2 | 18 | 51% / 62193 | - |
| [expert] eyjafjalla | 4 | 75% | 9:52 / 7:38 | 100% | 100% | 1:28 | 0:56 / 2:53 | 2.0 / 34s | 22.7 | 72 | 19 | 0 | 13 | 65% / 71538 | mire |
| [expert] skadi | 4 | 75% | 10:21 / 9:01 | 100% | 100% | 1:21 | 0:51 / 3:15 | 2.5 / 125s | 26.4 | 118 | 7 | 0 | 14 | 49% / 50881 | bullet |
| [expert] mizuki | 4 | 100% | 10:42 / 10:27 | 100% | 100% | 1:27 | 0:53 / 3:50 | 2.2 / 45s | 11.8 | 56 | 0 | 5 | 18 | 50% / 57016 | - |
| [expert] saria | 4 | 75% | 10:23 / 8:58 | 100% | 100% | 1:40 | 0:46 / 3:15 | 2.2 / 78s | 28.3 | 94 | 1 | 3 | 17 | 8% / 7693 | boss_tracer |
| [expert] kaltsit | 4 | 100% | 10:20 / 10:16 | 100% | 100% | 1:46 | 1:20 / 3:13 | 3.0 / 25s | 23.6 | 69 | 0 | 0 | 18 | 18% / 19899 | - |
| [expert] suzuran | 4 | 25% | 9:00 / 6:03 | 100% | 100% | 1:20 | 0:55 / 3:38 | 1.8 / 62s | 10.7 | 64 | 17 | 0 | 13 | 15% / 10491 | shock |
| [normal] wisadel | 4 | 25% | 7:30 / 4:00 | 100% | 75% | 1:19 | 3:03 / 6:29 | 1.2 / 24s | 29.3 | 71 | 4 | 3 | 0 | 67% / 34264 | zone |
| [normal] eyjafjalla | 4 | 0% | 6:06 / 4:41 | 100% | 75% | 1:21 | 3:03 / 5:54 | 0.5 / 69s | 50.2 | 86 | 9 | 12 | 0 | 54% / 11256 | zone |
| [normal] skadi | 4 | 25% | 8:20 / 5:46 | 100% | 100% | 1:21 | 4:13 / 6:04 | 1.5 / 62s | 76.3 | 140 | 20 | 19 | 0 | 35% / 21745 | zone |
| [normal] mizuki | 4 | 25% | 8:39 / 6:56 | 100% | 100% | 1:29 | 4:52 / 7:35 | 1.0 / 61s | 80.0 | 136 | 6 | 38 | 0 | 37% / 18184 | zone |
| [normal] saria | 4 | 0% | 6:10 / 4:48 | 100% | 75% | 1:12 | 3:48 / 6:48 | 0.5 / 57s | 74.5 | 86 | 5 | 5 | 0 | 29% / 5165 | zone |
| [normal] kaltsit | 4 | 25% | 9:13 / 7:28 | 100% | 100% | 1:30 | 3:42 / 6:36 | 2.2 / 39s | 61.9 | 146 | 2 | 34 | 0 | 38% / 27026 | mire |
| [normal] suzuran | 4 | 0% | 5:42 / 5:07 | 100% | 100% | 1:22 | 4:47 / - | 0.2 / 58s | 46.6 | 68 | 6 | 20 | 0 | 43% / 7841 | zone |

### 藏品（docs/35）

| 机器人 | 开局 | 局数 | 平均藏品数 | 藏品直接伤害 | 各流派 出现 / 拿取 | 无效拿取 |
|---|---|---|---|---|---|---|
| expert | eyjafjalla | 4 | 30.2 | 0.9% | A 40/13 B 15/7 C 28/16 D 18/4 E 46/16 F 9/4 G 20/8 H 46/17 通用 74/38 | 0 |
| expert | kaltsit | 4 | 29.8 | 5.6% | A 43/12 B 21/11 C 28/10 D 34/8 E 41/15 F 3/3 G 33/12 H 70/16 通用 86/33 | 0 |
| expert | mizuki | 4 | 27.5 | 5.9% | A 23/10 B 12/8 C 18/12 D 32/7 E 30/9 F 6/3 G 23/8 H 47/19 通用 63/36 | 0 |
| expert | saria | 4 | 29.5 | 6.7% | A 35/9 B 16/8 C 36/14 D 30/7 E 35/6 F 11/8 G 35/14 H 60/13 通用 86/42 | 0 |
| expert | skadi | 4 | 29.8 | 2.1% | A 37/12 B 13/6 C 36/15 D 25/5 E 41/7 F 9/6 G 25/13 H 63/21 通用 83/37 | 0 |
| expert | suzuran | 4 | 24.2 | 2.8% | A 19/4 B 7/4 C 20/13 D 26/6 E 36/7 F 7/6 G 21/9 H 47/14 通用 68/35 | 0 |
| expert | wisadel | 4 | 31.2 | 0.9% | A 45/14 B 13/9 C 31/18 D 34/12 E 35/10 F 8/5 G 27/9 H 49/18 通用 72/33 | 0 |
| normal | eyjafjalla | 4 | 6.2 | 0.0% | A 4/3 B 1/1 C 4/1 D 8/3 E 8/0 F 2/1 G 4/1 H 7/1 通用 12/14 | 0 |
| normal | kaltsit | 4 | 18.0 | 3.4% | A 24/10 B 9/3 C 18/7 D 14/5 E 14/2 F 5/3 G 15/7 H 35/11 通用 43/24 | 0 |
| normal | mizuki | 4 | 14.5 | 0.0% | A 13/2 B 3/1 C 10/1 D 15/4 E 5/3 F 1/1 G 16/8 H 27/13 通用 36/25 | 0 |
| normal | saria | 4 | 8.5 | 0.0% | A 10/5 B 6/2 C 5/2 D 6/3 E 5/1 F 1/0 G 10/3 H 13/6 通用 14/12 | 0 |
| normal | skadi | 4 | 19.2 | 0.0% | A 28/7 B 10/5 C 13/5 D 25/8 E 9/3 F 4/3 G 23/4 H 31/14 通用 37/29 | 0 |
| normal | suzuran | 4 | 8.5 | 2.0% | A 9/5 B 5/2 C 9/4 D 8/3 E 6/4 F 5/0 G 7/2 H 5/2 通用 15/12 | 0 |
| normal | wisadel | 4 | 15.8 | 0.4% | A 16/4 B 8/4 C 13/1 D 18/7 E 18/6 F 1/1 G 10/5 H 26/11 通用 48/24 | 0 |
| 合计 | | | | | A 346/110 B 139/71 C 269/119 D 293/82 E 329/89 F 72/44 G 269/103 H 526/176 通用 737/394 | |

拿取最多（出现 / 拿取）：“观望” 0/39，“犹疑” 0/34，“决心” 0/30，深蓝之心 0/28，海潮的气息 0/25，镶金骨骰 65/21，散轶诗简 69/20，凯旋号角 73/19，游戏室管理员权限卡 34/18，贵族刺剑 76/18，破坏协议-压制 39/17，“黑夜呢喃” 75/17
耗时 531s
写入 build/cloud/diff-cal-d2/dc_d2_0926_1441.{json,md}
