跑 48 局（1 流派 × 2 机器人 × 1 编队 × 24 seed），并行 4（全机上限 4），源文件摘要 35d0245d15fd43dc
### 最终 Boss（按类型；上面的「终局」列是四种混算）

| 机器人 | 最终 Boss | 结局 | 出场 | 击杀 | 用时 均 / 中 / P90 / 最短–最长（出现起算） | 中 / P90（可受伤起算） | 阶段护盾秒 / 过卡点数 均 | 未击杀时剩余血量 |
|---|---|---|---|---|---|---|---|---|
| expert | 伊祖米克 | deep 7 | 7 | 4 | 57s / 57s / 65s / 51–65s | 33s / 40s | 5.3 / 1.3 | 86% |
| expert | 最后的骑士 | knight 7 | 7 | 4 | 57s / 57s / 66s / 48–66s | 58s / 66s | 9.7 / 1.7 | 24% |
| expert | 伊莎玛拉 | resolve 3 | 3 | 1 | 14s / 14s / 14s / 14–14s | 14s / 14s | 0.0 / 0.3 | 67% |
| expert | 偏执泡影 | standard 3 | 3 | 3 | 77s / 90s / 100s / 43–100s | 90s / 100s | 6.9 / 2.0 | - |
| normal | 偏执泡影 | standard 3 | 3 | 2 | 50s / 50s / 52s / 48–52s | 50s / 52s | 6.1 / 1.3 | 100% |
| normal | 最后的骑士 | knight 2 | 2 | 2 | 60s / 60s / 62s / 59–62s | 60s / 62s | 3.9 / 2.0 | - |
| normal | 伊祖米克 | deep 1 | 1 | 1 | 71s / 71s / 71s / 71–71s | 31s / 31s | 24.7 / 2.0 | - |

### 难度 / 缩圈 / 同屏峰值

#### 前 3 分钟

| 机器人 | 难度 | 局数 | 3:00 前死亡 | 前 3 分钟承伤 均 / 中 | 3:00 时生命 |
|---|---|---|---|---|---|
| expert | 0 | 24 | 0% | 19 / 11 | 98% |
| normal | 0 | 24 | 0% | 20 / 16 | 99% |

#### 死因 × 缩圈阶段 × Boss 在场（失败的局）

| 机器人 | 难度 | 死因 | 缩圈（第几轮 · 阶段） | 圈外 | Boss 在场 | 局数 | 平均死亡时间 |
|---|---|---|---|---|---|---|---|
| expert | 0 | bullet | 第 1 轮 · 稳定 | 否 | 是 | 4 | 12:20 |
| expert | 0 | bullet | 第 3 轮 · 预告 | 否 | 是 | 2 | 10:01 |
| expert | 0 | bullet | 第 2 轮 · 稳定 | 否 | 是 | 1 | 13:00 |
| expert | 0 | contact_knight_boss | 第 5 轮 · 预告 | 否 | 是 | 1 | 10:44 |
| expert | 0 | shock | 第 1 轮 · 稳定 | 否 | 是 | 1 | 9:47 |
| expert | 0 | bullet | 第 2 轮 · 预告 | 否 | 是 | 1 | 7:19 |
| expert | 0 | mire | 第 1 轮 · 稳定 | 否 | 是 | 1 | 13:00 |
| expert | 0 | bullet | 第 3 轮 · 稳定 | 否 | 否 | 1 | 7:52 |
| normal | 0 | corrode | 第 1 轮 · 稳定 | 否 | 是 | 2 | 8:10 |
| normal | 0 | bullet | 第 4 轮 · 稳定 | 否 | 否 | 2 | 9:20 |
| normal | 0 | bullet | 第 3 轮 · 收缩 | 否 | 是 | 2 | 7:31 |
| normal | 0 | corrode | 第 3 轮 · 收缩 | 否 | 是 | 2 | 7:39 |
| normal | 0 | mire | 第 3 轮 · 预告 | 否 | 是 | 1 | 7:29 |
| normal | 0 | contact_tracer | 第 1 轮 · 稳定 | 否 | 是 | 1 | 7:22 |
| normal | 0 | mire | 第 3 轮 · 稳定 | 否 | 否 | 1 | 7:36 |
| normal | 0 | mire | 第 4 轮 · 稳定 | 否 | 否 | 1 | 9:00 |
| normal | 0 | mire | 第 3 轮 · 收缩 | 否 | 否 | 1 | 6:55 |
| normal | 0 | corrode | 第 2 轮 · 稳定 | 否 | 否 | 1 | 5:45 |
| normal | 0 | contact_slider | 第 1 轮 · 稳定 | 否 | 是 | 1 | 5:19 |
| normal | 0 | mire | 第 2 轮 · 稳定 | 否 | 是 | 1 | 7:14 |
| normal | 0 | bullet | 第 1 轮 · 稳定 | 否 | 是 | 1 | 13:00 |
| normal | 0 | boss_tracer | 第 4 轮 · 收缩 | 否 | 否 | 1 | 9:55 |
| normal | 0 | bullet | 第 3 轮 · 稳定 | 否 | 是 | 1 | 7:04 |

#### 同屏数量峰值（每局峰值的 平均 / 最大）

| 机器人 | 难度 | 局数 | 范围 | 敌人 | 敌方弹幕（含抛射） | 我方子弹 | 特效 | 飘字 |
|---|---|---|---|---|---|---|---|---|
| expert | 0 | 24 | 全程 | 285 / 450 | 48 / 78 | 8 / 10 | 400 / 499 | 41 / 48 |
| expert | 0 | 21 | 8:00–10:00 | 271 / 450 | 45 / 78 | 6 / 9 | 378 / 434 | 39 / 48 |
| normal | 0 | 24 | 全程 | 297 / 510 | 41 / 58 | 8 / 11 | 350 / 456 | 38 / 48 |
| normal | 0 | 12 | 8:00–10:00 | 264 / 510 | 43 / 58 | 6 / 9 | 354 / 456 | 37 / 48 |

### 大群（按第几次）

| 机器人 | 第几次 | 出现 | 时间 | 数量 | 清 80% 用时 均 / 中（清完/出现） | 20 秒内掉血 均 / 最大 | 30 秒内死亡 | 编成 |
|---|---|---|---|---|---|---|---|---|
| expert | 1 | 24 | 1:15 | 26 | 13s / 13s（24/24） | 2 / 5 | 0 | bone/slider ×12；bone/slider/stone ×12 |
| expert | 2 | 24 | 2:45 | 33 | 13s / 12s（24/24） | 5 / 33 | 0 | bone/slider/stone ×12；bone/slider ×12 |
| expert | 3 | 24 | 4:45 | 43 | 26s / 20s（24/24） | 11 / 32 | 0 | bone/offspring/ripper/slider/spitter ×7；bone/burrower/ripper/slider ×6；bone/floater/ripper/runner/slider/tracer ×4 |
| expert | 4 | 24 | 6:03 | 50 | 22s / 18s（24/24） | 8 / 36 | 0 | bone/floater/ripper/runner/slider/tracer ×13；bone/offspring/ripper/slider/spitter ×7；bone/burrower/ripper/slider ×4 |
| expert | 5 | 23 | 7:34 | 57 | 19s / 14s（23/23） | 24 / 108 | 2 | bone/floater/founder/nest/ripper/runner/slider ×10；bone/burrower/offspring/ripper/slider/stone ×7；burrower/ripper/slider/spitter ×6 |
| expert | 6 | 21 | 8:47 | 64 | 21s / 13s（21/21） | 17 / 74 | 0 | burrower/offspring/ripper/slider/spitter/stone ×11；burrower/floater/founder/nest/reaper/ripper/runner/slider/tracer ×3；bone/floater/founder/nest/ripper/runner/slider ×3 |
| expert | 7 | 1 | 9:15 | 66 | 8s / 8s（1/1） | 0 / 0 | 0 | burrower/floater/founder/nest/reaper/ripper/runner/slider/tracer ×1 |
| normal | 1 | 24 | 1:15 | 26 | 10s / 10s（24/24） | 7 / 44 | 0 | bone/slider ×15；bone/slider/stone ×9 |
| normal | 2 | 24 | 2:45 | 33 | 13s / 14s（24/24） | 4 / 17 | 0 | bone/slider/stone ×15；bone/slider ×9 |
| normal | 3 | 24 | 4:38 | 43 | 31s / 19s（23/24） | 21 / 74 | 1 | bone/floater/ripper/runner/slider ×8；bone/burrower/ripper/slider ×5；bone/floater/ripper/runner/slider/tracer ×4 |
| normal | 4 | 22 | 5:58 | 49 | 26s / 21s（20/22） | 29 / 98 | 0 | bone/offspring/ripper/slider/spitter ×8；bone/floater/ripper/runner/slider/tracer ×8；bone/burrower/ripper/slider ×6 |
| normal | 5 | 14 | 7:38 | 58 | 18s / 14s（10/14） | 22 / 141 | 3 | bone/floater/founder/nest/ripper/runner/slider ×6；burrower/ripper/slider/spitter ×4；bone/burrower/offspring/ripper/slider/stone ×4 |
| normal | 6 | 10 | 8:48 | 64 | 10s / 9s（9/10） | 47 / 171 | 3 | burrower/offspring/ripper/slider/spitter/stone ×3；burrower/ripper/slider/spitter ×2；bone/floater/founder/nest/ripper/runner/slider ×2 |

### 按机器人汇总

| 机器人 | 局数 | 胜率 | 平均存活 | 3:30 存活 | 平均终局等级 | 平均击杀 | 目标（胜率 / 存活） | 判定 |
|---|---|---|---|---|---|---|---|---|
| normal | 24 | 20% | 8:37 | 100% | 26.1 | 4477 | 30–55% / 7:00–13:00 | **偏难** |
| expert | 24 | 50% | 10:57 | 100% | 32.7 | 6689 | 70–95% / 9:00–13:00 | **偏难** |

### 明细

| 编队 | n | 胜率 | 存活(均/最短) | 托底(次/首次) | Lv 2:00/5:00/8:00/末 | 终Boss剩余 | 精二占比 | 灯火 | 击杀 | 主要伤害来源 | 治疗来源(总量/无人机Lv) | 主要死因 |
|---|---|---|---|---|---|---|---|---|---|---|---|---|
| [expert] suzuran | 24 | 50% | 10:57 / 7:03 | 0.0 / - | 7 / 15 / 25 / 33 | 59% | 100% | 65 | 6689 | 狐火 12% Mon3tr 6% 藏品 5% 火山弹 4% | 铃兰 35% 凯尔希 25% 塞雷娅 20% (542 / 0.5) | bullet |
| [normal] suzuran | 24 | 20% | 8:37 / 5:19 | 0.0 / - | 7 / 15 / 25 / 26 | 68% | 29% | 64 | 4477 | 狐火 29% 锚击 5% 刺剑 5% 火山弹 5% | 铃兰 34% 流明 20% 拾取 12% (459 / 0.4) | bullet |

### 机器人指标（docs/29）

| 机器人 · 开局 | n | 胜率 | 存活 均/最短 | 3:30 存活 | 5:00 存活 | 首次招募 | 首次精一 / 精二 | 中期 Boss 击杀数 / 平均用时 | 受击/分 | 承伤/分 | 低血(<35%)秒 | 熄灯秒 | 静止% | 开局干员 伤害占比 / 每分钟 | 主要死因 |
|---|---|---|---|---|---|---|---|---|---|---|---|---|---|---|---|
| [expert] suzuran | 24 | 50% | 10:57 / 7:03 | 100% | 100% | 1:35 | 0:57 / 3:04 | 1.8 / 79s | 22.7 | 67 | 3 | 5 | 14 | 16% / 15206 | bullet |
| [normal] suzuran | 24 | 20% | 8:37 / 5:19 | 100% | 100% | 1:25 | 3:50 / 6:45 | 1.5 / 55s | 25.0 | 87 | 9 | 3 | 0 | 32% / 14992 | bullet |

### 藏品（docs/35）

| 机器人 | 开局 | 局数 | 平均藏品数 | 藏品直接伤害 | 各流派 出现 / 拿取 | 无效拿取 |
|---|---|---|---|---|---|---|
| expert | suzuran | 24 | 28.5 | 9.2% | A 203/52 B 77/44 C 175/96 D 174/31 E 208/42 F 47/29 G 130/58 H 342/121 通用 438/221 | 0 |
| normal | suzuran | 24 | 16.8 | 1.1% | A 102/34 B 50/9 C 94/32 D 89/37 E 112/45 F 25/8 G 89/27 H 180/65 通用 242/147 | 0 |
| 合计 | | | | | A 305/86 B 127/53 C 269/128 D 263/68 E 320/87 F 72/37 G 219/85 H 522/186 通用 680/368 | |

拿取最多（出现 / 拿取）：“犹疑” 0/42，“决心” 0/37，海潮的气息 0/23，“观望” 0/22，羽兽肝酱 61/19，损坏的左轮弹巢 69/17，“黑夜呢喃” 62/17，皇帝的恩宠 73/17，支柱-援护 26/16，镶金骨骰 71/16，演员的首饰盒 47/15，阿卡胡拉饭碗 40/15
耗时 1002s
写入 build/cloud/boss-dps-r1-base/dps_suzuran_base_0926_1728.{json,md}
跑 48 局（1 流派 × 2 机器人 × 1 编队 × 24 seed），并行 4（全机上限 4），源文件摘要 35d0245d15fd43dc
### 最终 Boss（按类型；上面的「终局」列是四种混算）

| 机器人 | 最终 Boss | 结局 | 出场 | 击杀 | 用时 均 / 中 / P90 / 最短–最长（出现起算） | 中 / P90（可受伤起算） | 阶段护盾秒 / 过卡点数 均 | 未击杀时剩余血量 |
|---|---|---|---|---|---|---|---|---|
| expert | 伊祖米克 | deep 8 | 8 | 8 | 75s / 59s / 179s / 47–179s | 37s / 158s | 9.2 / 2.0 | - |
| expert | 最后的骑士 | knight 8 | 8 | 7 | 68s / 53s / 107s / 47–107s | 53s / 107s | 6.5 / 1.9 | 36% |
| expert | 伊莎玛拉 | resolve 5 | 5 | 4 | 77s / 48s / 174s / 38–174s | 48s / 174s | 7.3 / 1.6 | 92% |
| expert | 偏执泡影 | standard 2 | 2 | 2 | 62s / 62s / 65s / 60–65s | 62s / 65s | 3.2 / 2.0 | - |
| normal | 最后的骑士 | knight 8 | 8 | 7 | 69s / 58s / 129s / 48–129s | 58s / 129s | 8.8 / 2.0 | 14% |
| normal | 偏执泡影 | standard 4 | 4 | 1 | 49s / 49s / 49s / 49–49s | 49s / 49s | 0.9 / 0.5 | 95% |
| normal | 伊莎玛拉 | resolve 1 | 1 | 1 | 49s / 49s / 49s / 49–49s | 49s / 49s | 17.2 / 2.0 | - |
| normal | 伊祖米克 | deep 1 | 1 | 1 | 110s / 110s / 110s / 110–110s | 93s / 93s | 0.0 / 2.0 | - |

### 难度 / 缩圈 / 同屏峰值

#### 前 3 分钟

| 机器人 | 难度 | 局数 | 3:00 前死亡 | 前 3 分钟承伤 均 / 中 | 3:00 时生命 |
|---|---|---|---|---|---|
| expert | 0 | 24 | 0% | 18 / 18 | 100% |
| normal | 0 | 24 | 0% | 20 / 20 | 100% |

#### 死因 × 缩圈阶段 × Boss 在场（失败的局）

| 机器人 | 难度 | 死因 | 缩圈（第几轮 · 阶段） | 圈外 | Boss 在场 | 局数 | 平均死亡时间 |
|---|---|---|---|---|---|---|---|
| expert | 0 | bullet | 第 1 轮 · 稳定 | 否 | 是 | 2 | 13:00 |
| expert | 0 | shock | 第 2 轮 · 收缩 | 否 | 否 | 1 | 9:14 |
| normal | 0 | corrode | 第 1 轮 · 稳定 | 否 | 是 | 2 | 7:42 |
| normal | 0 | boss_tracer | 第 1 轮 · 稳定 | 否 | 是 | 2 | 13:00 |
| normal | 0 | corrode | 第 2 轮 · 收缩 | 否 | 是 | 1 | 7:06 |
| normal | 0 | corrode | 第 3 轮 · 稳定 | 否 | 是 | 1 | 7:45 |
| normal | 0 | contact_slider | 第 3 轮 · 收缩 | 否 | 否 | 1 | 6:36 |
| normal | 0 | dark | 第 3 轮 · 收缩 | 否 | 是 | 1 | 7:23 |
| normal | 0 | mire | 第 3 轮 · 收缩 | 否 | 是 | 1 | 8:08 |
| normal | 0 | shock | 第 1 轮 · 稳定 | 否 | 是 | 1 | 13:00 |
| normal | 0 | shock | 第 3 轮 · 预告 | 否 | 是 | 1 | 10:56 |
| normal | 0 | shock | 第 4 轮 · 收缩 | 否 | 否 | 1 | 8:53 |
| normal | 0 | bullet | 第 3 轮 · 稳定 | 否 | 否 | 1 | 8:58 |
| normal | 0 | mire | 第 3 轮 · 稳定 | 否 | 否 | 1 | 7:45 |

#### 同屏数量峰值（每局峰值的 平均 / 最大）

| 机器人 | 难度 | 局数 | 范围 | 敌人 | 敌方弹幕（含抛射） | 我方子弹 | 特效 | 飘字 |
|---|---|---|---|---|---|---|---|---|
| expert | 0 | 24 | 全程 | 298 / 478 | 52 / 92 | 2 / 7 | 406 / 505 | 46 / 48 |
| expert | 0 | 24 | 8:00–10:00 | 243 / 358 | 43 / 74 | 1 / 6 | 379 / 472 | 41 / 48 |
| normal | 0 | 24 | 全程 | 306 / 472 | 48 / 76 | 2 / 8 | 386 / 502 | 42 / 48 |
| normal | 0 | 18 | 8:00–10:00 | 278 / 472 | 42 / 63 | 2 / 8 | 361 / 502 | 39 / 48 |

### 大群（按第几次）

| 机器人 | 第几次 | 出现 | 时间 | 数量 | 清 80% 用时 均 / 中（清完/出现） | 20 秒内掉血 均 / 最大 | 30 秒内死亡 | 编成 |
|---|---|---|---|---|---|---|---|---|
| expert | 1 | 24 | 1:15 | 26 | 34s / 34s（24/24） | 1 / 4 | 0 | bone/slider ×12；bone/slider/stone ×12 |
| expert | 2 | 24 | 2:45 | 33 | 33s / 22s（24/24） | 4 / 12 | 0 | bone/slider/stone ×12；bone/slider ×12 |
| expert | 3 | 24 | 4:52 | 44 | 30s / 22s（24/24） | 16 / 71 | 0 | bone/floater/ripper/runner/slider/tracer ×8；bone/burrower/ripper/slider ×8；bone/offspring/ripper/slider/spitter ×6 |
| expert | 4 | 24 | 6:03 | 50 | 20s / 16s（24/24） | 16 / 34 | 0 | bone/burrower/ripper/slider ×9；bone/offspring/ripper/slider/spitter ×9；bone/floater/ripper/runner/slider/tracer ×6 |
| expert | 5 | 24 | 7:26 | 57 | 18s / 14s（24/24） | 14 / 76 | 0 | bone/floater/founder/nest/ripper/runner/slider ×9；bone/burrower/offspring/ripper/slider/stone ×8；burrower/ripper/slider/spitter ×7 |
| expert | 6 | 24 | 8:42 | 63 | 15s / 10s（24/24） | 30 / 86 | 0 | burrower/floater/founder/nest/reaper/ripper/runner/slider/tracer ×9；burrower/offspring/ripper/slider/spitter/stone ×5；burrower/ripper/slider/spitter ×4 |
| expert | 7 | 4 | 9:15 | 66 | 7s / 7s（4/4） | 30 / 74 | 0 | burrower/floater/founder/nest/reaper/ripper/runner/slider/tracer ×2；burrower/hulk/ripper/slider/spitter ×1；burrower/offspring/ripper/slider/spitter/stone ×1 |
| normal | 1 | 24 | 1:15 | 26 | 9s / 9s（24/24） | 7 / 24 | 0 | bone/slider/stone ×17；bone/slider ×7 |
| normal | 2 | 24 | 2:45 | 33 | 19s / 12s（24/24） | 6 / 26 | 0 | bone/slider ×17；bone/slider/stone ×7 |
| normal | 3 | 24 | 4:40 | 43 | 43s / 26s（24/24） | 18 / 78 | 0 | bone/floater/ripper/runner/slider/tracer ×6；bone/floater/ripper/runner/slider ×5；bone/offspring/ripper/slider/stone ×5 |
| normal | 4 | 24 | 6:00 | 50 | 37s / 30s（24/24） | 18 / 81 | 0 | bone/offspring/ripper/slider/spitter ×9；bone/floater/ripper/runner/slider/tracer ×8；bone/burrower/ripper/slider ×7 |
| normal | 5 | 20 | 7:38 | 58 | 29s / 16s（17/20） | 45 / 141 | 3 | bone/burrower/offspring/ripper/slider/stone ×8；bone/floater/founder/nest/ripper/runner/slider ×7；burrower/ripper/slider/spitter ×5 |
| normal | 6 | 15 | 8:37 | 63 | 27s / 11s（15/15） | 25 / 84 | 0 | burrower/ripper/slider/spitter ×4；burrower/offspring/ripper/slider/spitter/stone ×4；bone/floater/founder/nest/ripper/runner/slider ×3 |
| normal | 7 | 3 | 9:18 | 66 | 14s / 11s（3/3） | 49 / 76 | 0 | burrower/offspring/ripper/slider/spitter/stone ×2；burrower/hulk/ripper/slider/spitter ×1 |

### 按机器人汇总

| 机器人 | 局数 | 胜率 | 平均存活 | 3:30 存活 | 平均终局等级 | 平均击杀 | 目标（胜率 / 存活） | 判定 |
|---|---|---|---|---|---|---|---|---|
| normal | 24 | 41% | 9:58 | 100% | 29.7 | 5739 | 30–55% / 7:00–13:00 | **达标** |
| expert | 24 | 87% | 11:16 | 100% | 34.0 | 6988 | 70–95% / 9:00–13:00 | **达标** |

### 明细

| 编队 | n | 胜率 | 存活(均/最短) | 托底(次/首次) | Lv 2:00/5:00/8:00/末 | 终Boss剩余 | 精二占比 | 灯火 | 击杀 | 主要伤害来源 | 治疗来源(总量/无人机Lv) | 主要死因 |
|---|---|---|---|---|---|---|---|---|---|---|---|---|
| [expert] saria | 24 | 87% | 11:16 / 9:14 | 0.0 / - | 6 / 15 / 25 / 34 | 64% | 100% | 70 | 6988 | 殉爆 7% 余震 6% 锚击 5% 刺剑 5% | 塞雷娅 75% 流明 12% 凯尔希 3% (789 / 0.0) | bullet |
| [normal] saria | 24 | 41% | 9:58 / 6:36 | 0.0 / - | 6 / 15 / 25 / 30 | 56% | 44% | 53 | 5739 | 锯刃 11% 拳击 8% Mon3tr 7% 大剑 6% | 塞雷娅 79% 凯尔希 8% 拾取 4% (1145 / 0.6) | shock |

### 机器人指标（docs/29）

| 机器人 · 开局 | n | 胜率 | 存活 均/最短 | 3:30 存活 | 5:00 存活 | 首次招募 | 首次精一 / 精二 | 中期 Boss 击杀数 / 平均用时 | 受击/分 | 承伤/分 | 低血(<35%)秒 | 熄灯秒 | 静止% | 开局干员 伤害占比 / 每分钟 | 主要死因 |
|---|---|---|---|---|---|---|---|---|---|---|---|---|---|---|---|
| [expert] saria | 24 | 87% | 11:16 / 9:14 | 100% | 100% | 1:57 | 0:49 / 3:27 | 2.0 / 96s | 17.6 | 80 | 1 | 4 | 12 | 7% / 7709 | bullet |
| [normal] saria | 24 | 41% | 9:58 / 6:36 | 100% | 100% | 1:19 | 3:19 / 7:20 | 1.8 / 59s | 34.1 | 130 | 2 | 10 | 0 | 13% / 8534 | corrode |

### 藏品（docs/35）

| 机器人 | 开局 | 局数 | 平均藏品数 | 藏品直接伤害 | 各流派 出现 / 拿取 | 无效拿取 |
|---|---|---|---|---|---|---|
| expert | saria | 24 | 29.7 | 3.8% | A 281/86 B 74/40 C 161/70 D 188/50 E 172/39 F 49/27 G 146/54 H 369/112 通用 463/245 | 0 |
| normal | saria | 24 | 20.5 | 1.7% | A 157/56 B 58/18 C 115/32 D 147/51 E 110/33 F 29/13 G 129/36 H 240/65 通用 302/189 | 0 |
| 合计 | | | | | A 438/142 B 132/58 C 276/102 D 335/101 E 282/72 F 78/40 G 275/90 H 609/177 通用 765/434 | |

拿取最多（出现 / 拿取）：“观望” 0/44，“决心” 0/43，“犹疑” 0/27，海潮的气息 0/27，镶金骨骰 80/25，皇帝的恩宠 66/25，“黑夜呢喃” 75/23，老近卫军之锋 76/21，阿卡胡拉饭碗 42/20，漆黑的舞鞋 47/19，深蓝之心 0/19，涡旋座 59/19
耗时 1200s
写入 build/cloud/boss-dps-r1-base/dps_saria_base_0926_1748.{json,md}
跑 56 局（1 流派 × 2 机器人 × 7 编队 × 4 seed），并行 4（全机上限 4），源文件摘要 35d0245d15fd43dc
其中 16 局读自缓存
### 最终 Boss（按类型；上面的「终局」列是四种混算）

| 机器人 | 最终 Boss | 结局 | 出场 | 击杀 | 用时 均 / 中 / P90 / 最短–最长（出现起算） | 中 / P90（可受伤起算） | 阶段护盾秒 / 过卡点数 均 | 未击杀时剩余血量 |
|---|---|---|---|---|---|---|---|---|
| expert | 伊祖米克 | deep 13 | 13 | 11 | 80s / 81s / 94s / 47–179s | 31s / 66s | 10.9 / 1.8 | 81% |
| expert | 偏执泡影 | standard 5 | 5 | 5 | 50s / 44s / 70s / 39–70s | 44s / 70s | 9.2 / 2.0 | - |
| expert | 伊莎玛拉 | resolve 5 | 5 | 4 | 72s / 47s / 158s / 39–158s | 47s / 158s | 4.3 / 1.4 | 50% |
| expert | 最后的骑士 | knight 5 | 5 | 4 | 60s / 60s / 74s / 47–74s | 60s / 74s | 10.0 / 2.0 | 4% |
| normal | 伊祖米克 | deep 7 | 7 | 5 | 78s / 66s / 143s / 52–143s | 47s / 126s | 5.9 / 1.6 | 71% |
| normal | 偏执泡影 | standard 6 | 6 | 5 | 62s / 49s / 111s / 41–111s | 49s / 111s | 4.8 / 1.7 | 92% |
| normal | 最后的骑士 | knight 3 | 3 | 2 | 58s / 58s / 69s / 48–69s | 58s / 69s | 7.7 / 1.3 | 66% |
| normal | 伊莎玛拉 | resolve 1 | 1 | 1 | 49s / 49s / 49s / 49–49s | 49s / 49s | 17.2 / 2.0 | - |

### 难度 / 缩圈 / 同屏峰值

#### 前 3 分钟

| 机器人 | 难度 | 局数 | 3:00 前死亡 | 前 3 分钟承伤 均 / 中 | 3:00 时生命 |
|---|---|---|---|---|---|
| expert | 0 | 28 | 0% | 21 / 18 | 100% |
| normal | 0 | 28 | 0% | 25 / 18 | 99% |

#### 死因 × 缩圈阶段 × Boss 在场（失败的局）

| 机器人 | 难度 | 死因 | 缩圈（第几轮 · 阶段） | 圈外 | Boss 在场 | 局数 | 平均死亡时间 |
|---|---|---|---|---|---|---|---|
| expert | 0 | bullet | 第 1 轮 · 稳定 | 否 | 是 | 2 | 13:00 |
| expert | 0 | bullet | 第 3 轮 · 收缩 | 否 | 是 | 1 | 13:00 |
| expert | 0 | bullet | 第 2 轮 · 稳定 | 否 | 是 | 1 | 13:00 |
| normal | 0 | mire | 第 5 轮 · 收缩 | 否 | 是 | 2 | 10:28 |
| normal | 0 | corrode | 第 1 轮 · 稳定 | 否 | 是 | 2 | 8:01 |
| normal | 0 | bullet | 第 3 轮 · 稳定 | 否 | 是 | 1 | 7:13 |
| normal | 0 | contact_slider | 第 3 轮 · 收缩 | 否 | 是 | 1 | 7:13 |
| normal | 0 | contact_slider | 第 1 轮 · 稳定 | 否 | 是 | 1 | 6:16 |
| normal | 0 | boss_tracer | 第 3 轮 · 预告 | 否 | 否 | 1 | 6:36 |
| normal | 0 | mire | 第 4 轮 · 稳定 | 否 | 是 | 1 | 10:51 |
| normal | 0 | boss_tracer | 第 2 轮 · 预告 | 否 | 是 | 1 | 13:00 |
| normal | 0 | corrode | 第 3 轮 · 收缩 | 否 | 是 | 1 | 7:58 |
| normal | 0 | corrode | 第 2 轮 · 收缩 | 否 | 是 | 1 | 7:06 |
| normal | 0 | contact_tracer | 第 1 轮 · 稳定 | 否 | 是 | 1 | 5:34 |
| normal | 0 | mire | 第 3 轮 · 预告 | 否 | 是 | 1 | 7:29 |
| normal | 0 | bullet | 第 4 轮 · 稳定 | 否 | 否 | 1 | 9:29 |

#### 同屏数量峰值（每局峰值的 平均 / 最大）

| 机器人 | 难度 | 局数 | 范围 | 敌人 | 敌方弹幕（含抛射） | 我方子弹 | 特效 | 飘字 |
|---|---|---|---|---|---|---|---|---|
| expert | 0 | 28 | 全程 | 268 / 478 | 48 / 92 | 3 / 12 | 397 / 505 | 46 / 48 |
| expert | 0 | 28 | 8:00–10:00 | 241 / 450 | 41 / 68 | 2 / 9 | 367 / 484 | 42 / 48 |
| normal | 0 | 28 | 全程 | 305 / 475 | 46 / 65 | 2 / 11 | 376 / 475 | 44 / 48 |
| normal | 0 | 19 | 8:00–10:00 | 259 / 475 | 45 / 61 | 2 / 11 | 390 / 475 | 46 / 48 |

### 大群（按第几次）

| 机器人 | 第几次 | 出现 | 时间 | 数量 | 清 80% 用时 均 / 中（清完/出现） | 20 秒内掉血 均 / 最大 | 30 秒内死亡 | 编成 |
|---|---|---|---|---|---|---|---|---|
| expert | 1 | 28 | 1:15 | 26 | 16s / 12s（28/28） | 3 / 16 | 0 | bone/slider/stone ×15；bone/slider ×13 |
| expert | 2 | 28 | 2:45 | 33 | 21s / 12s（28/28） | 3 / 8 | 0 | bone/slider ×15；bone/slider/stone ×13 |
| expert | 3 | 28 | 4:37 | 43 | 23s / 16s（28/28） | 9 / 59 | 0 | bone/floater/ripper/runner/slider ×6；bone/burrower/ripper/slider ×6；bone/floater/ripper/runner/slider/tracer ×5 |
| expert | 4 | 28 | 5:52 | 49 | 18s / 13s（28/28） | 8 / 25 | 0 | bone/offspring/ripper/slider/spitter ×11；bone/floater/ripper/runner/slider/tracer ×10；bone/burrower/ripper/slider ×7 |
| expert | 5 | 28 | 7:33 | 57 | 17s / 11s（28/28） | 11 / 50 | 0 | bone/floater/founder/nest/ripper/runner/slider ×13；burrower/ripper/slider/spitter ×8；bone/burrower/offspring/ripper/slider/stone ×7 |
| expert | 6 | 28 | 8:44 | 63 | 15s / 8s（28/28） | 15 / 61 | 0 | burrower/floater/founder/nest/reaper/ripper/runner/slider/tracer ×8；burrower/offspring/ripper/slider/spitter/stone ×5；bone/burrower/offspring/ripper/slider/stone ×4 |
| expert | 7 | 4 | 9:19 | 66 | 10s / 10s（4/4） | 10 / 11 | 0 | burrower/floater/founder/nest/reaper/ripper/runner/slider/tracer ×2；burrower/hulk/ripper/slider/spitter ×1；burrower/offspring/ripper/slider/spitter/stone ×1 |
| normal | 1 | 28 | 1:15 | 26 | 9s / 9s（28/28） | 6 / 30 | 0 | bone/slider/stone ×15；bone/slider ×13 |
| normal | 2 | 28 | 2:45 | 33 | 16s / 14s（28/28） | 7 / 26 | 0 | bone/slider ×15；bone/slider/stone ×13 |
| normal | 3 | 28 | 4:39 | 43 | 28s / 18s（28/28） | 10 / 44 | 0 | bone/floater/ripper/runner/slider/tracer ×9；bone/offspring/ripper/slider/stone ×5；bone/ripper/slider/stone ×5 |
| normal | 4 | 27 | 5:55 | 49 | 28s / 21s（25/27） | 16 / 98 | 1 | bone/offspring/ripper/slider/spitter ×10；bone/burrower/ripper/slider ×9；bone/floater/ripper/runner/slider/tracer ×8 |
| normal | 5 | 20 | 7:34 | 57 | 24s / 15s（18/20） | 26 / 97 | 1 | bone/floater/founder/nest/ripper/runner/slider ×10；burrower/ripper/slider/spitter ×6；bone/burrower/offspring/ripper/slider/stone ×4 |
| normal | 6 | 17 | 8:34 | 62 | 12s / 11s（17/17） | 23 / 114 | 0 | bone/burrower/offspring/ripper/slider/stone ×4；burrower/floater/founder/nest/reaper/ripper/runner/slider/tracer ×4；burrower/ripper/slider/spitter ×4 |
| normal | 7 | 4 | 9:17 | 66 | 12s / 10s（4/4） | 41 / 46 | 0 | burrower/offspring/ripper/slider/spitter/stone ×3；burrower/floater/founder/nest/reaper/ripper/runner/slider/tracer ×1 |

### 按机器人汇总

| 机器人 | 局数 | 胜率 | 平均存活 | 3:30 存活 | 平均终局等级 | 平均击杀 | 目标（胜率 / 存活） | 判定 |
|---|---|---|---|---|---|---|---|---|
| normal | 28 | 46% | 9:39 | 100% | 29.2 | 5521 | 30–55% / 7:00–13:00 | **达标** |
| expert | 28 | 85% | 11:25 | 100% | 34.7 | 7131 | 70–95% / 9:00–13:00 | **达标** |

### 明细

| 编队 | n | 胜率 | 存活(均/最短) | 托底(次/首次) | Lv 2:00/5:00/8:00/末 | 终Boss剩余 | 精二占比 | 灯火 | 击杀 | 主要伤害来源 | 治疗来源(总量/无人机Lv) | 主要死因 |
|---|---|---|---|---|---|---|---|---|---|---|---|---|
| [expert] wisadel | 4 | 100% | 11:16 / 10:52 | 0.0 / - | 7 / 16 / 27 / 36 | - | 100% | 44 | 7095 | 殉爆 22% 余震 19% 饱和炮击 9% 触手 4% | 凯尔希 48% 水月 21% 拾取 19% (391 / 1.0) | bullet |
| [expert] eyjafjalla | 4 | 100% | 10:51 / 10:39 | 0.0 / - | 6 / 16 / 26 / 34 | - | 100% | 78 | 6703 | 火山弹 21% 火山 10% 熔岩天降 8% 锚击 7% | 凯尔希 24% 拾取 24% 塞雷娅 23% (435 / 1.0) | bullet |
| [expert] skadi | 4 | 100% | 11:21 / 10:40 | 0.0 / - | 7 / 14 / 25 / 34 | - | 100% | 82 | 7065 | 大剑 27% Mon3tr 11% 锯刃 7% Mon3tr · 真伤 7% | 凯尔希 38% 塞雷娅 19% 水月 16% (374 / 0.5) | bullet |
| [expert] mizuki | 4 | 100% | 10:47 / 10:39 | 0.0 / - | 7 / 16 / 26 / 34 | - | 100% | 82 | 6637 | 触手 35% 伞击 15% 技能 7% 锯刃 7% | 水月 76% 塞雷娅 19% 铃兰 2% (281 / 0.5) | bullet |
| [expert] saria | 4 | 100% | 11:35 / 10:47 | 0.0 / - | 6 / 16 / 25 / 35 | - | 100% | 75 | 7221 | 大剑 8% Mon3tr 8% 殉爆 7% 余震 6% | 塞雷娅 74% 流明 12% 凯尔希 11% (902 / 0.0) | bullet |
| [expert] kaltsit | 4 | 75% | 11:35 / 10:56 | 0.0 / - | 6 / 16 / 25 / 34 | 64% | 100% | 82 | 7271 | Mon3tr · 真伤 18% Mon3tr 12% 锯刃 8% 藏品 6% | 凯尔希 59% 流明 26% 塞雷娅 9% (747 / 0.0) | bullet |
| [expert] suzuran | 4 | 25% | 12:30 / 11:00 | 0.0 / - | 7 / 14 / 24 / 35 | 51% | 100% | 56 | 7926 | Mon3tr 14% 狐火 13% 藏品 10% Mon3tr · 真伤 9% | 塞雷娅 43% 凯尔希 41% 铃兰 14% (685 / 0.0) | bullet |
| [normal] wisadel | 4 | 25% | 9:04 / 7:13 | 0.0 / - | 7 / 16 / 26 / 28 | 64% | 41% | 68 | 4978 | 余震 22% 殉爆 14% 炮击 13% 火山弹 6% | 流明 48% 拾取 26% 凯尔希 22% (504 / 0.0) | bullet |
| [normal] eyjafjalla | 4 | 0% | 9:10 / 6:16 | 0.0 / - | 7 / 14 / 24 / 26 | 59% | 50% | 51 | 4948 | 火山弹 24% 大剑 8% 余震 8% 炮击 6% | 拾取 46% 无人机 22% 塞雷娅 12% (451 / 0.5) | bullet |
| [normal] skadi | 4 | 50% | 9:54 / 7:58 | 0.0 / - | 6 / 16 / 26 / 31 | 39% | 41% | 52 | 5799 | 大剑 36% 锚击 5% 潮涌斩 5% 殉爆 5% | 拾取 61% 无人机 15% 凯尔希 12% (242 / 0.5) | bullet |
| [normal] mizuki | 4 | 100% | 11:26 / 11:04 | 0.0 / - | 7 / 16 / 25 / 34 | - | 83% | 71 | 7149 | 触手 24% 伞击 18% 大剑 10% 技能 6% | 水月 52% 塞雷娅 16% 流明 15% (860 / 0.8) | bullet |
| [normal] saria | 4 | 50% | 9:18 / 7:06 | 0.0 / - | 6 / 15 / 25 / 28 | 29% | 33% | 40 | 5165 | 大剑 25% 火山弹 8% 拳击 8% 伞击 7% | 塞雷娅 92% 拾取 7% 藏品 0% (759 / 0.2) | bullet |
| [normal] kaltsit | 4 | 75% | 9:49 / 5:34 | 0.0 / - | 7 / 16 / 25 / 30 | 61% | 41% | 53 | 5858 | Mon3tr 49% Mon3tr · 真伤 9% 食腐 5% 火山弹 4% | 凯尔希 69% 水月 9% 流明 8% (1398 / 0.5) | mire |
| [normal] suzuran | 4 | 25% | 8:49 / 7:29 | 0.0 / - | 6 / 15 / 24 / 27 | 59% | 25% | 58 | 4748 | 狐火 25% Mon3tr 13% 大剑 9% 锚击 7% | 凯尔希 30% 流明 21% 铃兰 18% (534 / 0.2) | bullet |

### 机器人指标（docs/29）

| 机器人 · 开局 | n | 胜率 | 存活 均/最短 | 3:30 存活 | 5:00 存活 | 首次招募 | 首次精一 / 精二 | 中期 Boss 击杀数 / 平均用时 | 受击/分 | 承伤/分 | 低血(<35%)秒 | 熄灯秒 | 静止% | 开局干员 伤害占比 / 每分钟 | 主要死因 |
|---|---|---|---|---|---|---|---|---|---|---|---|---|---|---|---|
| [expert] wisadel | 4 | 100% | 11:16 / 10:52 | 100% | 100% | 1:11 | 0:48 / 3:19 | 2.8 / 27s | 8.2 | 46 | 0 | 7 | 13 | 59% / 53868 | - |
| [expert] eyjafjalla | 4 | 100% | 10:51 / 10:39 | 100% | 100% | 1:40 | 0:51 / 2:48 | 2.2 / 34s | 25.4 | 59 | 0 | 0 | 14 | 52% / 49646 | - |
| [expert] skadi | 4 | 100% | 11:21 / 10:40 | 100% | 100% | 1:18 | 0:51 / 3:07 | 2.2 / 113s | 14.2 | 55 | 4 | 0 | 10 | 41% / 40997 | - |
| [expert] mizuki | 4 | 100% | 10:47 / 10:39 | 100% | 100% | 1:18 | 0:51 / 2:41 | 2.0 / 32s | 6.9 | 30 | 0 | 0 | 14 | 61% / 65833 | - |
| [expert] saria | 4 | 100% | 11:35 / 10:47 | 100% | 100% | 1:45 | 0:46 / 3:24 | 1.8 / 74s | 27.2 | 85 | 0 | 14 | 14 | 8% / 8745 | - |
| [expert] kaltsit | 4 | 75% | 11:35 / 10:56 | 100% | 100% | 1:39 | 1:23 / 4:04 | 2.2 / 80s | 21.3 | 72 | 0 | 6 | 14 | 35% / 34628 | bullet |
| [expert] suzuran | 4 | 25% | 12:30 / 11:00 | 100% | 100% | 1:39 | 0:56 / 2:55 | 1.2 / 75s | 23.2 | 68 | 1 | 4 | 12 | 19% / 19277 | bullet |
| [normal] wisadel | 4 | 25% | 9:04 / 7:13 | 100% | 100% | 1:16 | 4:26 / 7:40 | 1.8 / 43s | 39.9 | 99 | 8 | 0 | 0 | 54% / 38087 | bullet |
| [normal] eyjafjalla | 4 | 0% | 9:10 / 6:16 | 100% | 100% | 1:16 | 4:32 / 7:09 | 1.0 / 82s | 28.9 | 80 | 34 | 0 | 0 | 41% / 25977 | boss_tracer |
| [normal] skadi | 4 | 50% | 9:54 / 7:58 | 100% | 100% | 1:25 | 3:58 / 6:18 | 2.5 / 36s | 29.8 | 80 | 10 | 3 | 0 | 50% / 34101 | mire |
| [normal] mizuki | 4 | 100% | 11:26 / 11:04 | 100% | 100% | 1:15 | 2:56 / 6:03 | 2.5 / 64s | 22.0 | 87 | 0 | 4 | 0 | 53% / 45901 | - |
| [normal] saria | 4 | 50% | 9:18 / 7:06 | 100% | 100% | 1:14 | 3:30 / 8:21 | 1.5 / 52s | 37.9 | 103 | 3 | 6 | 0 | 12% / 6646 | corrode |
| [normal] kaltsit | 4 | 75% | 9:49 / 5:34 | 100% | 100% | 1:29 | 3:05 / 8:42 | 2.0 / 61s | 78.2 | 164 | 2 | 30 | 0 | 60% / 48084 | contact_tracer |
| [normal] suzuran | 4 | 25% | 8:49 / 7:29 | 100% | 100% | 1:23 | 4:36 / 7:44 | 1.8 / 68s | 31.2 | 98 | 6 | 5 | 0 | 27% / 15416 | mire |

### 藏品（docs/35）

| 机器人 | 开局 | 局数 | 平均藏品数 | 藏品直接伤害 | 各流派 出现 / 拿取 | 无效拿取 |
|---|---|---|---|---|---|---|
| expert | eyjafjalla | 4 | 32.0 | 0.5% | A 41/16 B 9/4 C 25/14 D 33/11 E 52/16 F 4/3 G 31/11 H 58/18 通用 88/35 | 0 |
| expert | kaltsit | 4 | 32.2 | 10.0% | A 42/8 B 18/9 C 37/17 D 28/8 E 32/10 F 5/4 G 34/13 H 70/22 通用 81/39 | 0 |
| expert | mizuki | 4 | 33.2 | 4.1% | A 54/24 B 12/10 C 39/21 D 36/9 E 31/8 F 11/7 G 19/6 H 72/16 通用 92/35 | 0 |
| expert | saria | 4 | 29.0 | 5.6% | A 43/9 B 9/6 C 32/19 D 36/6 E 23/2 F 5/0 G 28/13 H 67/20 通用 80/41 | 0 |
| expert | skadi | 4 | 31.5 | 3.7% | A 62/16 B 18/8 C 33/16 D 29/3 E 30/6 F 8/6 G 31/13 H 79/23 通用 101/37 | 0 |
| expert | suzuran | 4 | 30.2 | 17.7% | A 39/4 B 13/6 C 43/22 D 31/2 E 48/11 F 6/4 G 29/13 H 66/19 通用 80/41 | 0 |
| expert | wisadel | 4 | 34.0 | 5.5% | A 32/10 B 21/13 C 21/13 D 50/16 E 39/9 F 13/7 G 26/10 H 59/22 通用 78/40 | 0 |
| normal | eyjafjalla | 4 | 15.0 | 0.7% | A 13/6 B 3/2 C 9/3 D 7/3 E 26/13 F 7/1 G 12/2 H 27/10 通用 35/20 | 0 |
| normal | kaltsit | 4 | 21.0 | 6.0% | A 24/8 B 9/4 C 22/4 D 24/7 E 26/10 F 4/2 G 19/3 H 52/16 通用 63/31 | 0 |
| normal | mizuki | 4 | 29.8 | 1.8% | A 32/10 B 6/0 C 27/2 D 38/11 E 28/11 F 8/4 G 34/10 H 62/20 通用 66/51 | 0 |
| normal | saria | 4 | 19.0 | 0.5% | A 26/12 B 7/0 C 15/4 D 25/9 E 12/2 F 5/1 G 24/8 H 39/11 通用 42/29 | 0 |
| normal | skadi | 4 | 24.5 | 1.1% | A 27/11 B 12/2 C 20/7 D 28/11 E 21/4 F 6/1 G 22/5 H 53/23 通用 70/34 | 0 |
| normal | suzuran | 4 | 19.8 | 1.9% | A 19/7 B 10/2 C 18/3 D 16/7 E 23/11 F 8/3 G 22/7 H 32/13 通用 53/26 | 0 |
| normal | wisadel | 4 | 20.8 | 4.4% | A 22/6 B 6/4 C 21/8 D 15/3 E 24/11 F 6/3 G 17/9 H 34/9 通用 46/31 | 0 |
| 合计 | | | | | A 476/147 B 153/70 C 362/153 D 396/106 E 415/124 F 96/46 G 348/123 H 770/242 通用 975/490 | |

拿取最多（出现 / 拿取）：“观望” 0/49，“犹疑” 0/48，“决心” 0/34，深蓝之心 0/29，显圣吊坠 99/28，老近卫军之锋 87/27，镶金骨骰 92/26，皇帝的恩宠 112/26，“黑夜呢喃” 94/24，损坏的左轮弹巢 87/23，设计师量尺 63/21，制式防暴用具 76/21
耗时 827s
写入 build/cloud/boss-dps-r1-base/dps_starts_base_0926_1802.{json,md}
