跑 88 局（1 流派 × 2 机器人 × 11 编队 × 4 seed），并行 4（全机上限 4），源文件摘要 5310518217619342
### 最终 Boss（按类型；上面的「终局」列是四种混算）

| 机器人 | 最终 Boss | 结局 | 出场 | 击杀 | 用时 均 / 中 / P90 / 最短–最长（出现起算） | 中 / P90（可受伤起算） | 阶段护盾秒 / 过卡点数 均 | 未击杀时剩余血量 |
|---|---|---|---|---|---|---|---|---|
| expert | 伊祖米克 | deep 17 | 17 | 17 | 65s / 65s / 84s / 51–84s | 30s / 35s | 17.4 / 2.0 | - |
| expert | 伊莎玛拉 | resolve 12 | 12 | 12 | 45s / 40s / 66s / 39–70s | 40s / 66s | 16.6 / 1.8 | - |
| expert | 最后的骑士 | knight 8 | 8 | 8 | 47s / 46s / 55s / 41–55s | 46s / 55s | 22.4 / 2.0 | - |
| expert | 偏执泡影 | standard 7 | 7 | 7 | 44s / 42s / 54s / 38–54s | 42s / 54s | 13.8 / 2.0 | - |
| normal | 伊祖米克 | deep 19 resolve 1 | 20 | 19 | 70s / 71s / 101s / 46–129s | 31s / 87s | 15.7 / 1.9 | 57% |
| normal | 最后的骑士 | knight 11 | 11 | 11 | 64s / 54s / 75s / 43–144s | 54s / 75s | 11.1 / 2.0 | - |
| normal | 偏执泡影 | standard 8 | 8 | 7 | 78s / 58s / 145s / 39–145s | 58s / 145s | 6.9 / 1.8 | 98% |
| normal | 伊莎玛拉 | resolve 5 | 5 | 5 | 43s / 39s / 63s / 38–63s | 39s / 63s | 17.5 / 2.0 | - |

### 难度 / 缩圈 / 同屏峰值

#### 前 3 分钟

| 机器人 | 难度 | 局数 | 3:00 前死亡 | 前 3 分钟承伤 均 / 中 | 3:00 时生命 |
|---|---|---|---|---|---|
| expert | 0 | 44 | 0% | 19 / 18 | 100% |
| normal | 0 | 44 | 0% | 10 / 8 | 100% |

#### 死因 × 缩圈阶段 × Boss 在场（失败的局）

| 机器人 | 难度 | 死因 | 缩圈（第几轮 · 阶段） | 圈外 | Boss 在场 | 局数 | 平均死亡时间 |
|---|---|---|---|---|---|---|---|
| expert | 0 | （全部胜利） | | | | 0 | |
| normal | 0 | bullet | 第 1 轮 · 稳定 | 否 | 是 | 1 | 13:00 |
| normal | 0 | bullet | 第 3 轮 · 预告 | 否 | 是 | 1 | 13:00 |

#### 同屏数量峰值（每局峰值的 平均 / 最大）

| 机器人 | 难度 | 局数 | 范围 | 敌人 | 敌方弹幕（含抛射） | 我方子弹 | 特效 | 飘字 |
|---|---|---|---|---|---|---|---|---|
| expert | 0 | 44 | 全程 | 215 / 338 | 33 / 60 | 1 / 10 | 402 / 438 | 48 / 48 |
| expert | 0 | 44 | 8:00–10:00 | 199 / 268 | 29 / 60 | 1 / 8 | 391 / 435 | 48 / 48 |
| normal | 0 | 44 | 全程 | 285 / 452 | 52 / 76 | 1 / 9 | 418 / 492 | 47 / 48 |
| normal | 0 | 44 | 8:00–10:00 | 247 / 452 | 46 / 76 | 1 / 6 | 408 / 492 | 44 / 48 |

### 大群（按第几次）

| 机器人 | 第几次 | 出现 | 时间 | 数量 | 清 80% 用时 均 / 中（清完/出现） | 20 秒内掉血 均 / 最大 | 30 秒内死亡 | 编成 |
|---|---|---|---|---|---|---|---|---|
| expert | 1 | 44 | 1:15 | 26 | 11s / 10s（44/44） | 2 / 9 | 0 | bone/slider/stone ×27；bone/slider ×17 |
| expert | 2 | 44 | 2:45 | 33 | 12s / 11s（44/44） | 3 / 11 | 0 | bone/slider ×27；bone/slider/stone ×17 |
| expert | 3 | 44 | 4:35 | 43 | 13s / 10s（44/44） | 6 / 45 | 0 | bone/offspring/ripper/slider/stone ×11；bone/offspring/ripper/slider/spitter ×8；bone/ripper/slider/stone ×8 |
| expert | 4 | 44 | 5:50 | 49 | 10s / 8s（44/44） | 7 / 22 | 0 | bone/burrower/ripper/slider ×20；bone/floater/ripper/runner/slider/tracer ×16；bone/offspring/ripper/slider/spitter ×8 |
| expert | 5 | 44 | 7:22 | 57 | 10s / 8s（44/44） | 8 / 26 | 0 | burrower/ripper/slider/spitter ×17；bone/floater/founder/nest/ripper/runner/slider ×16；bone/burrower/offspring/ripper/slider/stone ×11 |
| expert | 6 | 44 | 8:33 | 62 | 8s / 8s（44/44） | 9 / 43 | 0 | bone/burrower/offspring/ripper/slider/stone ×15；burrower/ripper/slider/spitter ×9；bone/floater/founder/nest/ripper/runner/slider ×9 |
| expert | 7 | 9 | 9:15 | 66 | 10s / 9s（9/9） | 7 / 13 | 0 | burrower/offspring/ripper/slider/spitter/stone ×5；burrower/floater/founder/nest/reaper/ripper/runner/slider/tracer ×2；burrower/hulk/ripper/slider/spitter ×2 |
| normal | 1 | 44 | 1:15 | 26 | 10s / 8s（44/44） | 2 / 10 | 0 | bone/slider/stone ×28；bone/slider ×16 |
| normal | 2 | 44 | 2:45 | 33 | 13s / 11s（44/44） | 3 / 29 | 0 | bone/slider ×28；bone/slider/stone ×16 |
| normal | 3 | 44 | 4:32 | 42 | 28s / 24s（44/44） | 10 / 55 | 0 | bone/ripper/slider/stone ×15；bone/floater/ripper/runner/slider ×8；bone/burrower/ripper/slider ×6 |
| normal | 4 | 44 | 5:51 | 49 | 23s / 16s（44/44） | 19 / 85 | 0 | bone/burrower/ripper/slider ×17；bone/offspring/ripper/slider/spitter ×14；bone/floater/ripper/runner/slider/tracer ×13 |
| normal | 5 | 44 | 7:33 | 57 | 21s / 21s（44/44） | 23 / 110 | 0 | bone/floater/founder/nest/ripper/runner/slider ×23；burrower/ripper/slider/spitter ×12；bone/burrower/offspring/ripper/slider/stone ×9 |
| normal | 6 | 44 | 8:40 | 63 | 17s / 10s（44/44） | 31 / 137 | 0 | burrower/hulk/ripper/slider/spitter ×11；burrower/ripper/slider/spitter ×10；burrower/offspring/ripper/slider/spitter/stone ×7 |
| normal | 7 | 8 | 9:18 | 66 | 8s / 8s（8/8） | 18 / 85 | 0 | burrower/hulk/ripper/slider/spitter ×3；burrower/floater/founder/nest/reaper/ripper/runner/slider/tracer ×3；burrower/offspring/ripper/slider/spitter/stone ×2 |

### 按机器人汇总

| 机器人 | 局数 | 胜率 | 平均存活 | 3:30 存活 | 平均终局等级 | 平均击杀 | 目标（胜率 / 存活） | 判定 |
|---|---|---|---|---|---|---|---|---|
| normal | 44 | 95% | 11:12 | 100% | 34.0 | 6959 | 30–55% / 7:00–13:00 | **偏易** |
| expert | 44 | 100% | 10:53 | 100% | 34.5 | 6726 | 70–95% / 9:00–13:00 | **偏易** |

### 明细

| 编队 | n | 胜率 | 存活(均/最短) | 托底(次/首次) | Lv 2:00/5:00/8:00/末 | 终Boss剩余 | 精二占比 | 灯火 | 击杀 | 主要伤害来源 | 治疗来源(总量/无人机Lv) | 主要死因 |
|---|---|---|---|---|---|---|---|---|---|---|---|---|
| [expert] wisadel+siege+mizuki | 4 | 100% | 11:02 / 10:41 | 0.0 / - | 7 / 16 / 27 / 36 | - | 100% | 65 | 6889 | 触手 27% 余震 18% 殉爆 17% 饱和炮击 11% | 水月 91% 无人机 7% 拾取 1% (226 / 3.5) | bullet |
| [expert] eyjafjalla+siege+mizuki | 4 | 100% | 10:59 / 10:39 | 0.0 / - | 7 / 17 / 26 / 35 | - | 100% | 66 | 6803 | 触手 27% 火山 20% 伞击 13% 火山弹 8% | 水月 87% 拾取 6% 无人机 6% (216 / 2.5) | bullet |
| [expert] kaltsit+siege+mizuki | 4 | 100% | 10:55 / 10:41 | 0.0 / - | 7 / 15 / 26 / 34 | - | 100% | 72 | 6734 | 触手 38% 伞击 28% 技能 10% Mon3tr · 真伤 5% | 水月 67% 凯尔希 32% 拾取 0% (259 / 0.0) | bullet |
| [expert] saria+siege+mizuki | 4 | 100% | 10:54 / 10:42 | 0.0 / - | 7 / 14 / 26 / 34 | - | 92% | 77 | 6723 | 触手 43% 伞击 26% 技能 10% 技能·法术 4% | 塞雷娅 50% 水月 48% 拾取 0% (336 / 0.0) | bullet |
| [expert] skadi+siege+mizuki | 4 | 100% | 10:51 / 10:38 | 0.0 / - | 7 / 15 / 26 / 34 | - | 100% | 78 | 6689 | 触手 38% 伞击 22% 技能 9% 大剑 9% | 水月 92% 无人机 5% 拾取 1% (257 / 3.5) | bullet |
| [expert] suzuran+siege+mizuki | 4 | 100% | 10:54 / 10:44 | 0.0 / - | 7 / 14 / 26 / 34 | - | 100% | 75 | 6754 | 触手 46% 伞击 26% 技能 8% 技能·法术 4% | 水月 77% 铃兰 17% 无人机 3% (314 / 1.8) | bullet |
| [expert] ulpianus+siege+mizuki | 4 | 100% | 11:01 / 10:39 | 0.0 / - | 8 / 16 / 26 / 35 | - | 92% | 46 | 6850 | 触手 40% 伞击 20% 技能 6% 必须开辟 6% | 水月 87% 无人机 7% 拾取 5% (998 / 2.2) | mire |
| [expert] irene+siege+mizuki | 4 | 100% | 10:48 / 10:39 | 0.0 / - | 7 / 16 / 26 / 34 | - | 100% | 64 | 6647 | 触手 37% 伞击 18% 碎潮 12% 手炮轰击 10% | 水月 85% 无人机 9% 拾取 4% (384 / 3.5) | bullet |
| [expert] specter_unchained+siege+mizuki | 4 | 100% | 10:51 / 10:39 | 0.0 / - | 7 / 16 / 26 / 34 | - | 92% | 66 | 6674 | 触手 33% 锯刃 25% 伞击 17% 技能 6% | 水月 88% 无人机 4% 塞雷娅 3% (425 / 2.5) | bullet |
| [expert] logos+siege+mizuki | 4 | 100% | 10:45 / 10:39 | 0.0 / - | 7 / 16 / 27 / 35 | - | 100% | 73 | 6605 | 言 22% 触手 18% 提喻 18% 湮灭 12% | 水月 90% 无人机 9% 拾取 0% (199 / 2.0) | bullet |
| [expert] lumen+siege+mizuki | 4 | 100% | 10:45 / 10:39 | 0.0 / - | 7 / 15 / 26 / 34 | - | 100% | 92 | 6616 | 触手 43% 伞击 25% 技能 8% 发光单元 4% | 流明 61% 水月 36% 拾取 2% (454 / 0.0) | bullet |
| [normal] wisadel+siege+mizuki | 4 | 100% | 11:04 / 10:39 | 0.0 / - | 6 / 16 / 26 / 35 | - | 91% | 75 | 6897 | 余震 19% 殉爆 19% 触手 15% 伞击 11% | 水月 69% 拾取 16% 无人机 13% (521 / 1.0) | bullet |
| [normal] eyjafjalla+siege+mizuki | 4 | 100% | 11:03 / 10:54 | 0.0 / - | 7 / 16 / 25 / 34 | - | 50% | 76 | 6934 | 触手 21% 伞击 17% 火山弹 17% 技能·法术 6% | 水月 82% 拾取 12% 无人机 4% (552 / 0.8) | bullet |
| [normal] kaltsit+siege+mizuki | 4 | 100% | 10:50 / 10:43 | 0.0 / - | 6 / 16 / 26 / 33 | - | 83% | 87 | 6676 | 触手 28% Mon3tr · 真伤 17% 伞击 17% Mon3tr 8% | 凯尔希 63% 水月 35% 无人机 0% (490 / 1.0) | bullet |
| [normal] saria+siege+mizuki | 4 | 75% | 11:58 / 10:46 | 0.5 / 8:31 | 6 / 14 / 24 / 34 | 57% | 75% | 62 | 7512 | 伞击 20% 触手 16% 震地 12% 技能·法术 11% | 塞雷娅 63% 水月 33% 无人机 2% (1434 / 1.0) | bullet |
| [normal] skadi+siege+mizuki | 4 | 100% | 10:49 / 10:44 | 0.2 / 9:54 | 6 / 16 / 25 / 33 | - | 75% | 88 | 6587 | 大剑 29% 触手 15% 伞击 11% 潮涌斩 6% | 水月 87% 无人机 9% 拾取 3% (359 / 1.0) | bullet |
| [normal] suzuran+siege+mizuki | 4 | 100% | 11:17 / 10:40 | 0.2 / 9:17 | 7 / 15 / 24 / 34 | - | 91% | 83 | 7098 | 触手 20% 伞击 19% 狐火 9% 震地 8% | 水月 57% 铃兰 22% 拾取 12% (761 / 1.2) | bullet |
| [normal] ulpianus+siege+mizuki | 4 | 100% | 11:10 / 10:44 | 0.0 / - | 7 / 16 / 26 / 35 | - | 66% | 72 | 6969 | 触手 19% 锚击 18% 伞击 14% 掷锚 7% | 水月 89% 拾取 4% 无人机 2% (1095 / 0.5) | mire |
| [normal] irene+siege+mizuki | 4 | 100% | 10:56 / 10:49 | 0.0 / - | 6 / 15 / 24 / 33 | - | 83% | 60 | 6863 | 伞击 17% 触手 12% 刺剑 10% 碎潮 9% | 水月 84% 拾取 9% 无人机 5% (1040 / 1.2) | bullet |
| [normal] specter_unchained+siege+mizuki | 4 | 100% | 11:11 / 10:39 | 0.0 / - | 6 / 15 / 26 / 34 | - | 66% | 75 | 6931 | 触手 24% 伞击 19% 锯刃 14% 技能·法术 7% | 水月 96% 拾取 2% 藏品 0% (689 / 0.2) | bullet |
| [normal] logos+siege+mizuki | 4 | 100% | 10:54 / 10:38 | 0.0 / - | 7 / 16 / 26 / 34 | - | 66% | 76 | 6718 | 触手 19% 言 16% 提喻 14% 伞击 13% | 水月 93% 拾取 6% 无人机 0% (482 / 0.2) | bullet |
| [normal] lumen+siege+mizuki | 4 | 75% | 11:58 / 11:11 | 0.0 / - | 6 / 15 / 24 / 34 | 98% | 58% | 92 | 7366 | 触手 20% 伞击 19% 技能·法术 13% 震地 11% | 流明 73% 水月 24% 无人机 1% (1356 / 0.5) | bullet |

### 机器人指标（docs/29）

| 机器人 · 开局 | n | 胜率 | 存活 均/最短 | 3:30 存活 | 5:00 存活 | 首次招募 | 首次精一 / 精二 | 中期 Boss 击杀数 / 平均用时 | 受击/分 | 承伤/分 | 低血(<35%)秒 | 熄灯秒 | 静止% | 开局干员 伤害占比 / 每分钟 | 主要死因 |
|---|---|---|---|---|---|---|---|---|---|---|---|---|---|---|---|
| [expert] wisadel+siege+mizuki | 4 | 100% | 11:02 / 10:41 | 100% | 100% | - | 0:49 / 2:44 | 2.5 / 21s | 4.6 | 24 | 0 | 0 | 18 | 54% / 61866 | - |
| [expert] eyjafjalla+siege+mizuki | 4 | 100% | 10:59 / 10:39 | 100% | 100% | - | 0:52 / 3:07 | 2.8 / 27s | 6.0 | 26 | 0 | 0 | 16 | 47% / 54099 | - |
| [expert] kaltsit+siege+mizuki | 4 | 100% | 10:55 / 10:41 | 100% | 100% | - | 0:52 / 3:20 | 2.8 / 65s | 6.6 | 28 | 0 | 0 | 13 | 8% / 9316 | - |
| [expert] saria+siege+mizuki | 4 | 100% | 10:54 / 10:42 | 100% | 100% | 9:36 | 0:47 / 2:51 | 3.0 / 57s | 6.9 | 35 | 0 | 0 | 10 | 3% / 3993 | - |
| [expert] skadi+siege+mizuki | 4 | 100% | 10:51 / 10:38 | 100% | 100% | - | 0:49 / 3:59 | 2.8 / 51s | 6.0 | 33 | 0 | 0 | 11 | 16% / 18256 | - |
| [expert] suzuran+siege+mizuki | 4 | 100% | 10:54 / 10:44 | 100% | 100% | - | 0:56 / 3:13 | 2.2 / 72s | 7.8 | 35 | 0 | 0 | 10 | 7% / 6642 | - |
| [expert] ulpianus+siege+mizuki | 4 | 100% | 11:01 / 10:39 | 100% | 100% | 10:45 | 0:51 / 3:00 | 2.8 / 17s | 29.6 | 121 | 0 | 4 | 10 | 17% / 20068 | - |
| [expert] irene+siege+mizuki | 4 | 100% | 10:48 / 10:39 | 100% | 100% | - | 0:52 / 3:24 | 2.2 / 33s | 10.8 | 44 | 0 | 0 | 13 | 29% / 32555 | - |
| [expert] specter_unchained+siege+mizuki | 4 | 100% | 10:51 / 10:39 | 100% | 100% | 8:53 | 0:47 / 2:23 | 2.8 / 19s | 7.0 | 51 | 0 | 0 | 15 | 31% / 33747 | - |
| [expert] logos+siege+mizuki | 4 | 100% | 10:45 / 10:39 | 100% | 100% | - | 0:58 / 2:56 | 2.8 / 15s | 3.6 | 22 | 0 | 0 | 15 | 66% / 69643 | - |
| [expert] lumen+siege+mizuki | 4 | 100% | 10:45 / 10:39 | 100% | 100% | - | 0:54 / 3:21 | 2.8 / 65s | 6.4 | 46 | 0 | 0 | 11 | 8% / 7577 | - |
| [normal] wisadel+siege+mizuki | 4 | 100% | 11:04 / 10:39 | 100% | 100% | - | 2:29 / 7:00 | 3.0 / 26s | 27.8 | 84 | 0 | 4 | 0 | 56% / 64181 | - |
| [normal] eyjafjalla+siege+mizuki | 4 | 100% | 11:03 / 10:54 | 100% | 100% | - | 3:43 / 8:17 | 2.5 / 60s | 37.1 | 100 | 0 | 11 | 0 | 35% / 38012 | - |
| [normal] kaltsit+siege+mizuki | 4 | 100% | 10:50 / 10:43 | 100% | 100% | - | 3:01 / 5:29 | 2.8 / 47s | 22.2 | 52 | 0 | 0 | 0 | 29% / 24110 | - |
| [normal] saria+siege+mizuki | 4 | 75% | 11:58 / 10:46 | 100% | 100% | - | 2:46 / 7:16 | 1.2 / 140s | 50.4 | 143 | 0 | 12 | 0 | 11% / 10472 | bullet |
| [normal] skadi+siege+mizuki | 4 | 100% | 10:49 / 10:44 | 100% | 100% | - | 3:36 / 6:43 | 2.5 / 68s | 12.7 | 66 | 0 | 0 | 0 | 44% / 38213 | - |
| [normal] suzuran+siege+mizuki | 4 | 100% | 11:17 / 10:40 | 100% | 100% | - | 3:29 / 6:43 | 2.5 / 103s | 37.8 | 134 | 0 | 25 | 0 | 15% / 15050 | - |
| [normal] ulpianus+siege+mizuki | 4 | 100% | 11:10 / 10:44 | 100% | 100% | - | 1:47 / 6:43 | 2.5 / 20s | 25.2 | 135 | 0 | 1 | 0 | 40% / 43204 | - |
| [normal] irene+siege+mizuki | 4 | 100% | 10:56 / 10:49 | 100% | 100% | - | 2:49 / 5:55 | 1.8 / 108s | 71.3 | 161 | 0 | 44 | 0 | 33% / 28757 | - |
| [normal] specter_unchained+siege+mizuki | 4 | 100% | 11:11 / 10:39 | 100% | 100% | - | 4:50 / 7:53 | 2.2 / 36s | 17.3 | 90 | 0 | 0 | 0 | 21% / 20318 | - |
| [normal] logos+siege+mizuki | 4 | 100% | 10:54 / 10:38 | 100% | 100% | - | 2:32 / 7:25 | 2.5 / 31s | 12.2 | 61 | 0 | 0 | 0 | 49% / 54966 | - |
| [normal] lumen+siege+mizuki | 4 | 75% | 11:58 / 11:11 | 100% | 100% | - | 2:48 / 5:42 | 1.5 / 93s | 20.7 | 137 | 0 | 0 | 0 | 15% / 13769 | bullet |

### 藏品（docs/35）

| 机器人 | 开局 | 局数 | 平均藏品数 | 藏品直接伤害 | 各流派 出现 / 拿取 | 无效拿取 |
|---|---|---|---|---|---|---|
| expert | eyjafjalla | 4 | 29.8 | 2.5% | A 32/11 B 7/3 C 41/20 D 37/7 E 29/9 F 11/6 G 25/12 H 62/15 通用 71/37 | 0 |
| expert | irene | 4 | 33.8 | 1.6% | A 61/21 B 12/8 C 35/20 D 32/7 E 24/3 F 13/6 G 33/16 H 72/19 通用 83/38 | 0 |
| expert | kaltsit | 4 | 33.2 | 4.2% | A 38/16 B 11/4 C 24/13 D 32/8 E 32/8 F 13/8 G 33/6 H 78/29 通用 82/43 | 0 |
| expert | logos | 4 | 27.8 | 2.0% | A 24/6 B 14/6 C 28/14 D 28/11 E 30/6 F 5/2 G 26/13 H 48/13 通用 86/40 | 0 |
| expert | lumen | 4 | 29.8 | 3.0% | A 35/8 B 19/9 C 26/12 D 44/16 E 31/8 F 9/5 G 32/14 H 65/14 通用 76/34 | 0 |
| expert | saria | 4 | 33.5 | 2.9% | A 44/18 B 7/6 C 42/20 D 36/9 E 33/5 F 9/2 G 26/10 H 66/26 通用 95/39 | 0 |
| expert | skadi | 4 | 33.0 | 2.7% | A 57/17 B 10/1 C 43/27 D 32/9 E 16/3 F 5/3 G 24/9 H 69/18 通用 86/45 | 0 |
| expert | specter_unchained | 4 | 36.0 | 3.9% | A 31/8 B 12/6 C 50/25 D 52/11 E 29/9 F 5/2 G 34/13 H 64/22 通用 114/48 | 0 |
| expert | suzuran | 4 | 33.5 | 0.9% | A 41/11 B 13/7 C 36/19 D 44/9 E 50/11 F 10/4 G 33/10 H 73/21 通用 101/43 | 0 |
| expert | ulpianus | 4 | 40.0 | 6.3% | A 59/15 B 33/20 C 44/26 D 40/11 E 31/8 F 15/6 G 21/5 H 77/22 通用 101/49 | 0 |
| expert | wisadel | 4 | 29.5 | 6.2% | A 29/12 B 10/6 C 36/19 D 33/12 E 24/5 F 6/4 G 22/8 H 53/12 通用 69/41 | 0 |
| normal | eyjafjalla | 4 | 29.8 | 1.5% | A 26/6 B 15/3 C 21/7 D 23/3 E 25/10 F 7/2 G 35/16 H 58/24 通用 78/48 | 0 |
| normal | irene | 4 | 22.5 | 0.0% | A 36/12 B 8/2 C 11/3 D 21/5 E 16/5 F 4/3 G 13/3 H 48/14 通用 57/43 | 0 |
| normal | kaltsit | 4 | 32.5 | 1.8% | A 37/14 B 12/4 C 25/10 D 36/13 E 25/8 F 10/2 G 46/18 H 60/18 通用 92/44 | 0 |
| normal | logos | 4 | 23.0 | 0.5% | A 17/6 B 10/4 C 19/3 D 23/8 E 34/10 F 4/1 G 15/4 H 49/13 通用 65/43 | 0 |
| normal | lumen | 4 | 27.2 | 1.1% | A 34/7 B 15/6 C 28/8 D 25/10 E 27/8 F 8/1 G 35/6 H 77/24 通用 79/39 | 0 |
| normal | saria | 4 | 22.8 | 2.9% | A 33/11 B 14/2 C 28/10 D 28/6 E 18/4 F 7/4 G 19/7 H 43/14 通用 52/33 | 0 |
| normal | skadi | 4 | 24.8 | 0.7% | A 38/11 B 10/3 C 15/8 D 22/9 E 17/9 F 5/2 G 31/8 H 42/14 通用 61/36 | 0 |
| normal | specter_unchained | 4 | 29.2 | 7.9% | A 32/6 B 15/7 C 36/14 D 34/14 E 16/6 F 3/2 G 24/5 H 55/20 通用 94/43 | 0 |
| normal | suzuran | 4 | 26.8 | 6.3% | A 20/3 B 11/3 C 26/6 D 22/6 E 28/11 F 5/1 G 32/11 H 60/22 通用 68/44 | 0 |
| normal | ulpianus | 4 | 35.8 | 1.1% | A 43/15 B 17/3 C 40/14 D 37/10 E 28/8 F 9/3 G 35/13 H 66/21 通用 92/57 | 0 |
| normal | wisadel | 4 | 25.0 | 2.0% | A 23/10 B 6/0 C 25/13 D 16/3 E 24/9 F 7/1 G 29/9 H 44/16 通用 65/39 | 0 |
| 合计 | | | | | A 790/244 B 281/113 C 679/311 D 697/197 E 587/163 F 170/70 G 623/216 H 1329/411 通用 1767/926 | |

拿取最多（出现 / 拿取）：“决心” 0/84，“观望” 0/82，“犹疑” 0/81，凯旋号角 157/50，深蓝之心 0/48，损坏的左轮弹巢 159/44，皇帝的恩宠 168/43，银餐叉 148/41，奇渊面具 133/40，羽兽肝酱 148/40，“黑夜呢喃” 168/40，破坏协议-压制 130/39
耗时 1353s
写入 build/cloud/rm-base-share/rm_share_base_0926_1740.{json,md}
