跑 56 局（1 流派 × 2 机器人 × 7 编队 × 4 seed），并行 4（全机上限 4），源文件摘要 b1c290d5869fff86
### 最终 Boss（按类型；上面的「终局」列是四种混算）

| 机器人 | 最终 Boss | 结局 | 出场 | 击杀 | 用时 均 / 中 / 最短–最长 | 未击杀时剩余血量 |
|---|---|---|---|---|---|---|
| expert | 伊祖米克 | deep 17 | 17 | 16 | 52s / 57s / 21–79s | 86% |
| expert | 偏执泡影 | standard 4 | 4 | 4 | 64s / 58s / 14–126s | - |
| normal | 偏执泡影 | standard 5 | 5 | 4 | 46s / 41s / 15–86s | 44% |
| normal | 最后的骑士 | knight 1 | 1 | 1 | 54s / 54s / 54–54s | - |
| normal | 伊莎玛拉 | resolve 1 | 1 | 1 | 134s / 134s / 134–134s | - |

### 难度 / 缩圈 / 同屏峰值

#### 前 3 分钟

| 机器人 | 难度 | 局数 | 3:00 前死亡 | 前 3 分钟承伤 均 / 中 | 3:00 时生命 |
|---|---|---|---|---|---|
| expert | 4 | 28 | 0% | 25 / 21 | 100% |
| normal | 4 | 28 | 0% | 26 / 21 | 100% |

#### 死因 × 缩圈阶段 × Boss 在场（失败的局）

| 机器人 | 难度 | 死因 | 缩圈（第几轮 · 阶段） | 圈外 | Boss 在场 | 局数 | 平均死亡时间 |
|---|---|---|---|---|---|---|---|
| expert | 4 | contact_tracer | 第 4 轮 · 收缩 | 否 | 是 | 1 | 7:44 |
| expert | 4 | corrode | 第 4 轮 · 预告 | 否 | 是 | 1 | 7:11 |
| expert | 4 | mire | 第 5 轮 · 稳定 | 否 | 是 | 1 | 10:42 |
| expert | 4 | corrode | 第 4 轮 · 收缩 | 否 | 是 | 1 | 7:30 |
| expert | 4 | bullet | 第 5 轮 · 收缩 | 否 | 否 | 1 | 9:00 |
| expert | 4 | bullet | 第 5 轮 · 预告 | 否 | 否 | 1 | 8:41 |
| expert | 4 | bullet | 第 5 轮 · 收缩 | 否 | 是 | 1 | 8:55 |
| expert | 4 | mire | 第 5 轮 · 预告 | 否 | 否 | 1 | 8:49 |
| normal | 4 | zone | 第 4 轮 · 收缩 | 是 | 是 | 4 | 7:32 |
| normal | 4 | zone | 第 2 轮 · 预告 | 是 | 是 | 2 | 4:06 |
| normal | 4 | zone | 第 4 轮 · 预告 | 是 | 是 | 2 | 7:09 |
| normal | 4 | corrode | 第 5 轮 · 稳定 | 否 | 是 | 1 | 10:48 |
| normal | 4 | contact_slider | 第 1 轮 · 稳定 | 否 | 是 | 1 | 3:31 |
| normal | 4 | zone | 第 3 轮 · 稳定 | 是 | 否 | 1 | 6:55 |
| normal | 4 | mire | 第 5 轮 · 稳定 | 否 | 否 | 1 | 9:32 |
| normal | 4 | corrode | 第 2 轮 · 预告 | 否 | 是 | 1 | 4:00 |
| normal | 4 | zone | 第 3 轮 · 收缩 | 是 | 是 | 1 | 5:57 |
| normal | 4 | corrode | 第 2 轮 · 稳定 | 否 | 是 | 1 | 4:47 |
| normal | 4 | corrode | 第 3 轮 · 稳定 | 否 | 否 | 1 | 6:47 |
| normal | 4 | zone | 第 3 轮 · 收缩 | 是 | 否 | 1 | 6:01 |
| normal | 4 | zone | 第 5 轮 · 收缩 | 是 | 是 | 1 | 9:00 |
| normal | 4 | bullet | 第 4 轮 · 稳定 | 否 | 是 | 1 | 8:08 |
| normal | 4 | zone | 第 3 轮 · 预告 | 是 | 是 | 1 | 5:31 |
| normal | 4 | blast_runner | 第 2 轮 · 稳定 | 否 | 是 | 1 | 4:52 |
| normal | 4 | contact_tracer | 第 3 轮 · 预告 | 否 | 是 | 1 | 5:39 |

#### 同屏数量峰值（每局峰值的 平均 / 最大）

| 机器人 | 难度 | 局数 | 范围 | 敌人 | 敌方弹幕（含抛射） | 我方子弹 | 特效 | 飘字 |
|---|---|---|---|---|---|---|---|---|
| expert | 4 | 28 | 全程 | 218 / 352 | 44 / 80 | 4 / 10 | 386 / 458 | 48 / 48 |
| expert | 4 | 25 | 8:00–10:00 | 208 / 267 | 37 / 80 | 3 / 9 | 361 / 452 | 48 / 48 |
| normal | 4 | 28 | 全程 | 262 / 405 | 35 / 83 | 3 / 10 | 341 / 471 | 44 / 48 |
| normal | 4 | 10 | 8:00–10:00 | 236 / 358 | 45 / 83 | 2 / 10 | 361 / 471 | 47 / 48 |

### 按机器人汇总

| 机器人 | 局数 | 胜率 | 平均存活 | 3:30 存活 | 平均终局等级 | 平均击杀 | 目标（胜率 / 存活） | 判定 |
|---|---|---|---|---|---|---|---|---|
| normal | 28 | 21% | 7:30 | 100% | 22.2 | 3556 | 30–55% / 7:00–13:00 | **偏难** |
| expert | 28 | 71% | 10:14 | 100% | 32.5 | 6088 | 70–95% / 9:00–13:00 | **达标** |

### 明细

| 编队 | n | 胜率 | 存活(均/最短) | 托底(次/首次) | Lv 2:00/5:00/8:00/末 | 终Boss剩余 | 精二占比 | 灯火 | 击杀 | 主要伤害来源 | 治疗来源(总量/无人机Lv) | 主要死因 |
|---|---|---|---|---|---|---|---|---|---|---|---|---|
| [expert] wisadel | 4 | 100% | 11:01 / 10:44 | 0.0 / - | 7 / 16 / 26 / 36 | - | 100% | 50 | 7005 | 殉爆 20% 余震 20% 饱和炮击 10% 大剑 7% | 凯尔希 48% 拾取 21% 无人机 18% (257 / 0.8) | bullet |
| [expert] eyjafjalla | 4 | 25% | 9:10 / 7:11 | 0.0 / - | 7 / 15 / 26 / 29 | 66% | 100% | 40 | 5084 | 火山弹 18% 火山 14% 大剑 10% 熔岩天降 8% | 拾取 43% 凯尔希 22% 流明 21% (454 / 0.2) | bullet |
| [expert] skadi | 4 | 50% | 9:25 / 7:30 | 0.0 / - | 7 / 15 / 26 / 30 | 45% | 100% | 46 | 5322 | 大剑 21% 火山弹 13% 藏品 6% 言 4% | 拾取 60% 塞雷娅 22% 无人机 10% (314 / 0.5) | bullet |
| [expert] mizuki | 4 | 100% | 10:51 / 10:26 | 0.0 / - | 7 / 16 / 26 / 35 | - | 100% | 56 | 6708 | 触手 22% 伞击 10% 余震 8% 殉爆 8% | 水月 82% 塞雷娅 7% 凯尔希 6% (418 / 0.8) | bullet |
| [expert] saria | 4 | 50% | 9:43 / 8:41 | 0.0 / - | 6 / 14 / 25 / 30 | 11% | 100% | 25 | 5302 | 锯刃 24% 伞击 7% 火山弹 7% 触手 6% | 塞雷娅 79% 水月 13% 拾取 4% (773 / 0.0) | bullet |
| [expert] kaltsit | 4 | 100% | 10:47 / 10:21 | 0.0 / - | 6 / 16 / 26 / 35 | - | 100% | 34 | 6714 | Mon3tr · 真伤 17% 锯刃 16% 殉爆 9% Mon3tr 7% | 凯尔希 81% 流明 13% 铃兰 2% (595 / 0.0) | bullet |
| [expert] suzuran | 4 | 75% | 10:43 / 8:49 | 0.0 / - | 8 / 16 / 26 / 34 | - | 100% | 56 | 6483 | 殉爆 15% 余震 15% 锯刃 10% 狐火 8% | 铃兰 43% 拾取 25% 流明 19% (632 / 1.2) | bullet |
| [normal] wisadel | 4 | 0% | 7:41 / 3:31 | 0.0 / - | 7 / 16 / 26 / 24 | 73% | 25% | 41 | 4078 | 余震 20% 炮击 17% 殉爆 16% 刺剑 9% | 无人机 41% 拾取 21% 铃兰 12% (147 / 1.8) | bullet |
| [normal] eyjafjalla | 4 | 0% | 5:20 / 4:00 | 0.0 / - | 7 / 14 / 0 / 14 | 74% | 0% | 18 | 1766 | 火山弹 38% 刺剑 16% 火星 8% 伞击 7% | 塞雷娅 49% 拾取 25% 流明 25% (287 / 0.0) | bullet |
| [normal] skadi | 4 | 50% | 8:01 / 4:06 | 0.0 / - | 6 / 15 / 26 / 25 | 57% | 50% | 66 | 4173 | 大剑 33% 狐火 8% 火山弹 6% 炮击 5% | 拾取 34% 无人机 20% 商店 14% (525 / 0.2) | zone |
| [normal] mizuki | 4 | 25% | 7:07 / 4:47 | 0.0 / - | 6 / 14 / 25 / 21 | 59% | 25% | 62 | 3197 | 锯刃 20% 伞击 18% 触手 18% 技能·法术 6% | 水月 38% 藏品 25% 流明 10% (504 / 0.0) | shock |
| [normal] saria | 4 | 0% | 7:34 / 5:31 | 0.0 / - | 6 / 15 / 25 / 22 | 48% | 8% | 10 | 3426 | 大剑 13% 拳击 10% 狐火 8% 炮击 7% | 塞雷娅 90% 拾取 4% 无人机 2% (971 / 0.5) | zone |
| [normal] kaltsit | 4 | 75% | 10:34 / 7:29 | 0.0 / - | 6 / 14 / 24 / 31 | 100% | 75% | 32 | 6070 | Mon3tr 30% Mon3tr · 真伤 24% 伞击 7% Mon3tr · 熔毁 4% | 凯尔希 64% 塞雷娅 16% 流明 9% (2370 / 0.2) | zone |
| [normal] suzuran | 4 | 0% | 6:16 / 4:52 | 0.0 / - | 6 / 14 / 0 / 17 | 66% | 8% | 15 | 2180 | 狐火 41% 火山弹 13% 伞击 7% 骑士 7% | 流明 28% 拾取 27% 塞雷娅 25% (320 / 0.0) | bullet |

### 机器人指标（docs/29）

| 机器人 · 开局 | n | 胜率 | 存活 均/最短 | 3:30 存活 | 5:00 存活 | 首次招募 | 首次精一 / 精二 | 中期 Boss 击杀数 / 平均用时 | 受击/分 | 承伤/分 | 低血(<35%)秒 | 熄灯秒 | 静止% | 开局干员 伤害占比 / 每分钟 | 主要死因 |
|---|---|---|---|---|---|---|---|---|---|---|---|---|---|---|---|
| [expert] wisadel | 4 | 100% | 11:01 / 10:44 | 100% | 100% | 1:20 | 0:47 / 3:04 | 2.2 / 24s | 21.6 | 35 | 0 | 4 | 18 | 58% / 71103 | - |
| [expert] eyjafjalla | 4 | 25% | 9:10 / 7:11 | 100% | 100% | 1:23 | 0:55 / 3:39 | 2.0 / 39s | 25.0 | 80 | 1 | 9 | 12 | 55% / 45393 | contact_tracer |
| [expert] skadi | 4 | 50% | 9:25 / 7:30 | 100% | 100% | 1:15 | 0:51 / 3:47 | 1.8 / 40s | 19.8 | 84 | 2 | 0 | 13 | 28% / 26821 | bullet |
| [expert] mizuki | 4 | 100% | 10:51 / 10:26 | 100% | 100% | 1:24 | 0:52 / 3:41 | 2.5 / 48s | 13.5 | 44 | 0 | 4 | 16 | 38% / 48710 | - |
| [expert] saria | 4 | 50% | 9:43 / 8:41 | 100% | 100% | 1:44 | 0:45 / 2:46 | 2.2 / 89s | 20.9 | 94 | 1 | 13 | 13 | 9% / 7563 | bullet |
| [expert] kaltsit | 4 | 100% | 10:47 / 10:21 | 100% | 100% | 1:36 | 1:24 / 3:24 | 2.2 / 33s | 14.3 | 66 | 1 | 9 | 20 | 27% / 28968 | - |
| [expert] suzuran | 4 | 75% | 10:43 / 8:49 | 100% | 100% | 1:16 | 0:53 / 3:38 | 2.0 / 50s | 14.9 | 86 | 2 | 2 | 17 | 10% / 12152 | mire |
| [normal] wisadel | 4 | 0% | 7:41 / 3:31 | 100% | 75% | 1:18 | 2:34 / 6:15 | 1.5 / 23s | 35.6 | 56 | 8 | 6 | 0 | 61% / 31911 | contact_slider |
| [normal] eyjafjalla | 4 | 0% | 5:20 / 4:00 | 100% | 50% | 1:17 | 3:52 / - | 0.0 / - | 49.2 | 79 | 8 | 22 | 0 | 50% / 8267 | zone |
| [normal] skadi | 4 | 50% | 8:01 / 4:06 | 100% | 75% | 1:14 | 3:08 / 5:33 | 1.8 / 59s | 71.2 | 99 | 12 | 7 | 0 | 43% / 31336 | zone |
| [normal] mizuki | 4 | 25% | 7:07 / 4:47 | 100% | 75% | 1:29 | 3:26 / 5:40 | 1.0 / 75s | 38.9 | 92 | 27 | 12 | 0 | 46% / 22964 | corrode |
| [normal] saria | 4 | 0% | 7:34 / 5:31 | 100% | 100% | 1:22 | 3:43 / 6:37 | 0.8 / 68s | 95.0 | 158 | 8 | 36 | 0 | 14% / 5910 | zone |
| [normal] kaltsit | 4 | 75% | 10:34 / 7:29 | 100% | 100% | 1:23 | 3:59 / 7:03 | 1.8 / 145s | 151.1 | 224 | 0 | 78 | 0 | 58% / 55901 | zone |
| [normal] suzuran | 4 | 0% | 6:16 / 4:52 | 100% | 75% | 1:41 | 2:28 / 6:17 | 0.0 / - | 34.3 | 85 | 8 | 1 | 0 | 43% / 10287 | zone |

### 藏品（docs/35）

| 机器人 | 开局 | 局数 | 平均藏品数 | 藏品直接伤害 | 各流派 出现 / 拿取 | 无效拿取 |
|---|---|---|---|---|---|---|
| expert | eyjafjalla | 4 | 30.8 | 3.7% | A 43/14 B 21/9 C 26/14 D 28/7 E 27/4 F 7/5 G 27/8 H 67/18 通用 94/45 | 0 |
| expert | kaltsit | 4 | 37.8 | 5.2% | A 43/12 B 24/15 C 39/16 D 47/14 E 43/12 F 13/6 G 34/11 H 83/21 通用 101/47 | 0 |
| expert | mizuki | 4 | 33.8 | 4.0% | A 36/15 B 14/7 C 43/24 D 28/8 E 25/8 F 12/5 G 23/12 H 67/16 通用 87/42 | 0 |
| expert | saria | 4 | 25.8 | 2.3% | A 28/10 B 11/6 C 25/14 D 24/4 E 17/3 F 7/5 G 37/12 H 48/16 通用 64/34 | 0 |
| expert | skadi | 4 | 28.8 | 6.4% | A 51/13 B 13/5 C 42/21 D 28/4 E 29/6 F 5/4 G 20/7 H 63/19 通用 91/37 | 0 |
| expert | suzuran | 4 | 36.8 | 7.5% | A 30/9 B 15/8 C 37/18 D 38/11 E 56/13 F 6/3 G 32/10 H 77/23 通用 97/52 | 0 |
| expert | wisadel | 4 | 33.2 | 6.1% | A 32/10 B 9/4 C 34/20 D 42/9 E 54/10 F 6/3 G 37/16 H 72/21 通用 75/42 | 0 |
| normal | eyjafjalla | 4 | 4.5 | 0.0% | A 3/1 B 2/1 C 3/2 D 3/0 E 5/3 F 1/0 G 2/0 H 6/2 通用 12/9 | 0 |
| normal | kaltsit | 4 | 22.0 | 1.9% | A 22/9 B 10/1 C 20/9 D 13/4 E 29/14 F 9/4 G 19/5 H 49/16 通用 54/26 | 0 |
| normal | mizuki | 4 | 11.2 | 1.1% | A 11/5 B 5/3 C 4/2 D 13/6 E 9/3 F 2/0 G 10/3 H 20/7 通用 29/16 | 0 |
| normal | saria | 4 | 13.5 | 0.0% | A 8/3 B 3/2 C 11/5 D 5/2 E 9/5 F 4/1 G 21/8 H 26/9 通用 36/20 | 0 |
| normal | skadi | 4 | 19.2 | 1.3% | A 33/17 B 9/3 C 20/6 D 16/5 E 9/2 F 5/1 G 15/7 H 35/9 通用 49/27 | 0 |
| normal | suzuran | 4 | 5.8 | 0.0% | A 3/0 B 2/2 C 5/0 D 3/0 E 4/2 G 7/2 H 11/6 通用 16/11 | 0 |
| normal | wisadel | 4 | 23.8 | 0.0% | A 22/9 B 9/2 C 26/13 D 20/9 E 19/4 F 7/3 G 27/8 H 35/16 通用 57/32 | 0 |
| 合计 | | | | | A 365/127 B 147/68 C 335/164 D 308/83 E 335/89 F 84/40 G 311/109 H 659/199 通用 862/440 | |

拿取最多（出现 / 拿取）：“观望” 0/43，“犹疑” 0/36，羽兽肝酱 98/30，海潮的气息 0/30，深蓝之心 0/30，凯旋号角 84/26，“决心” 0/22，退行的罗辛南特 0/22，古高卢银币 35/21，阿卡胡拉饭碗 47/20，折戟-锋刃 54/19，老蒲扇 35/19
耗时 509s
写入 build/cloud/diff-cal-d4/dc_d4_0926_1441.{json,md}
EXIT_CODE=0
