跑 112 局（1 流派 × 2 机器人 × 7 编队 × 8 seed），并行 4（全机上限 4），源文件摘要 5f6ad4b2d0fdca93
### 最终 Boss（按类型；上面的「终局」列是四种混算）

| 机器人 | 最终 Boss | 结局 | 出场 | 击杀 | 用时 均 / 中 / P90 / 最短–最长（出现起算） | 中 / P90（可受伤起算） | 阶段护盾秒 / 过卡点数 均 | 未击杀时剩余血量 |
|---|---|---|---|---|---|---|---|---|
| expert | 伊祖米克 | deep 24 | 24 | 22 | 75s / 72s / 85s / 48–145s | 32s / 63s | 11.5 / 1.8 | 83% |
| expert | 最后的骑士 | knight 14 | 14 | 14 | 61s / 51s / 102s / 44–122s | 51s / 102s | 10.4 / 1.9 | - |
| expert | 偏执泡影 | standard 11 | 11 | 7 | 81s / 67s / 158s / 39–158s | 67s / 158s | 5.0 / 1.5 | 42% |
| expert | 伊莎玛拉 | resolve 7 | 7 | 5 | 37s / 39s / 40s / 30–40s | 39s / 40s | 12.2 / 1.4 | 61% |
| normal | 伊祖米克 | deep 19 | 19 | 18 | 65s / 67s / 77s / 46–84s | 31s / 52s | 12.0 / 1.9 | 99% |
| normal | 偏执泡影 | standard 14 | 14 | 13 | 63s / 45s / 119s / 39–164s | 45s / 119s | 7.2 / 1.9 | 96% |
| normal | 最后的骑士 | knight 9 | 9 | 9 | 77s / 57s / 169s / 41–169s | 57s / 169s | 11.0 / 2.0 | - |
| normal | 伊莎玛拉 | resolve 7 | 7 | 7 | 71s / 56s / 119s / 39–119s | 56s / 119s | 6.1 / 2.0 | - |

### 难度 / 缩圈 / 同屏峰值

#### 前 3 分钟

| 机器人 | 难度 | 局数 | 3:00 前死亡 | 前 3 分钟承伤 均 / 中 | 3:00 时生命 |
|---|---|---|---|---|---|
| expert | 0 | 56 | 0% | 14 / 11 | 100% |
| normal | 0 | 56 | 0% | 17 / 14 | 99% |

#### 死因 × 缩圈阶段 × Boss 在场（失败的局）

| 机器人 | 难度 | 死因 | 缩圈（第几轮 · 阶段） | 圈外 | Boss 在场 | 局数 | 平均死亡时间 |
|---|---|---|---|---|---|---|---|
| expert | 0 | bullet | 第 1 轮 · 稳定 | 否 | 是 | 4 | 13:00 |
| expert | 0 | corrode | 第 3 轮 · 稳定 | 否 | 是 | 1 | 13:00 |
| expert | 0 | corrode | 第 4 轮 · 稳定 | 否 | 是 | 1 | 13:00 |
| expert | 0 | corrode | 第 1 轮 · 稳定 | 否 | 是 | 1 | 13:00 |
| expert | 0 | mire | 第 4 轮 · 稳定 | 否 | 是 | 1 | 13:00 |
| normal | 0 | mire | 第 3 轮 · 稳定 | 否 | 是 | 1 | 7:29 |
| normal | 0 | contact_slider | 第 2 轮 · 稳定 | 否 | 否 | 1 | 6:04 |
| normal | 0 | contact_slider | 第 3 轮 · 收缩 | 否 | 否 | 1 | 6:19 |
| normal | 0 | contact_slider | 第 1 轮 · 稳定 | 否 | 是 | 1 | 13:00 |
| normal | 0 | bullet | 第 2 轮 · 稳定 | 否 | 否 | 1 | 6:42 |
| normal | 0 | boss_tracer | 第 4 轮 · 稳定 | 否 | 否 | 1 | 9:15 |
| normal | 0 | corrode | 第 3 轮 · 稳定 | 否 | 是 | 1 | 8:36 |
| normal | 0 | bullet | 第 1 轮 · 稳定 | 否 | 是 | 1 | 13:00 |
| normal | 0 | mire | 第 2 轮 · 稳定 | 否 | 否 | 1 | 5:42 |

#### 同屏数量峰值（每局峰值的 平均 / 最大）

| 机器人 | 难度 | 局数 | 范围 | 敌人 | 敌方弹幕（含抛射） | 我方子弹 | 特效 | 飘字 |
|---|---|---|---|---|---|---|---|---|
| expert | 0 | 56 | 全程 | 260 / 510 | 48 / 115 | 4 / 11 | 390 / 511 | 46 / 48 |
| expert | 0 | 56 | 8:00–10:00 | 234 / 510 | 40 / 70 | 3 / 11 | 371 / 446 | 43 / 48 |
| normal | 0 | 56 | 全程 | 280 / 485 | 51 / 82 | 3 / 10 | 392 / 501 | 46 / 48 |
| normal | 0 | 51 | 8:00–10:00 | 253 / 476 | 46 / 72 | 2 / 10 | 371 / 463 | 44 / 48 |

### 大群（按第几次）

| 机器人 | 第几次 | 出现 | 时间 | 数量 | 清 80% 用时 均 / 中（清完/出现） | 20 秒内掉血 均 / 最大 | 30 秒内死亡 | 编成 |
|---|---|---|---|---|---|---|---|---|
| expert | 1 | 56 | 1:15 | 26 | 18s / 12s（56/56） | 2 / 26 | 0 | bone/slider/stone ×30；bone/slider ×26 |
| expert | 2 | 56 | 2:45 | 33 | 16s / 11s（55/56） | 2 / 6 | 0 | bone/slider ×30；bone/slider/stone ×26 |
| expert | 3 | 56 | 4:38 | 43 | 19s / 14s（56/56） | 5 / 27 | 0 | bone/burrower/ripper/slider ×13；bone/floater/ripper/runner/slider/tracer ×12；bone/ripper/slider/stone ×11 |
| expert | 4 | 56 | 5:54 | 49 | 20s / 12s（56/56） | 9 / 81 | 0 | bone/offspring/ripper/slider/spitter ×26；bone/burrower/ripper/slider ×15；bone/floater/ripper/runner/slider/tracer ×15 |
| expert | 5 | 56 | 7:32 | 57 | 17s / 12s（56/56） | 8 / 36 | 0 | bone/floater/founder/nest/ripper/runner/slider ×20；burrower/ripper/slider/spitter ×18；bone/burrower/offspring/ripper/slider/stone ×18 |
| expert | 6 | 55 | 8:41 | 63 | 13s / 9s（54/55） | 11 / 75 | 0 | burrower/offspring/ripper/slider/spitter/stone ×14；burrower/hulk/ripper/slider/spitter ×14；bone/floater/founder/nest/ripper/runner/slider ×9 |
| expert | 7 | 7 | 9:17 | 66 | 12s / 10s（7/7） | 9 / 30 | 0 | burrower/floater/founder/nest/reaper/ripper/runner/slider/tracer ×3；burrower/hulk/ripper/slider/spitter ×2；burrower/offspring/ripper/slider/spitter/stone ×2 |
| normal | 1 | 56 | 1:15 | 26 | 9s / 9s（56/56） | 5 / 29 | 0 | bone/slider/stone ×29；bone/slider ×27 |
| normal | 2 | 56 | 2:45 | 33 | 15s / 12s（56/56） | 3 / 21 | 0 | bone/slider ×29；bone/slider/stone ×27 |
| normal | 3 | 56 | 4:35 | 42 | 32s / 20s（56/56） | 11 / 121 | 0 | bone/offspring/ripper/slider/spitter ×14；bone/floater/ripper/runner/slider ×11；bone/ripper/slider/stone ×10 |
| normal | 4 | 56 | 5:54 | 49 | 27s / 18s（55/56） | 23 / 147 | 3 | bone/floater/ripper/runner/slider/tracer ×24；bone/burrower/ripper/slider ×20；bone/offspring/ripper/slider/spitter ×12 |
| normal | 5 | 51 | 7:40 | 58 | 21s / 13s（50/51） | 20 / 104 | 0 | bone/floater/founder/nest/ripper/runner/slider ×19；burrower/ripper/slider/spitter ×17；bone/burrower/offspring/ripper/slider/stone ×15 |
| normal | 6 | 48 | 8:39 | 63 | 16s / 10s（47/48） | 17 / 79 | 0 | burrower/hulk/ripper/slider/spitter ×10；bone/burrower/offspring/ripper/slider/stone ×9；burrower/offspring/ripper/slider/spitter/stone ×9 |
| normal | 7 | 7 | 9:18 | 66 | 9s / 7s（7/7） | 27 / 68 | 0 | burrower/floater/founder/nest/reaper/ripper/runner/slider/tracer ×3；burrower/offspring/ripper/slider/spitter/stone ×3；burrower/hulk/ripper/slider/spitter ×1 |

### 按机器人汇总

| 机器人 | 局数 | 胜率 | 平均存活 | 3:30 存活 | 平均终局等级 | 平均击杀 | 目标（胜率 / 存活） | 判定 |
|---|---|---|---|---|---|---|---|---|
| normal | 56 | 83% | 10:42 | 100% | 32.4 | 6467 | 30–55% / 7:00–13:00 | **偏易** |
| expert | 56 | 85% | 11:24 | 100% | 34.8 | 7092 | 70–95% / 9:00–13:00 | **达标** |

### 明细

| 编队 | n | 胜率 | 存活(均/最短) | 托底(次/首次) | Lv 2:00/5:00/8:00/末 | 终Boss剩余 | 精二占比 | 灯火 | 击杀 | 主要伤害来源 | 治疗来源(总量/无人机Lv) | 主要死因 |
|---|---|---|---|---|---|---|---|---|---|---|---|---|
| [expert] wisadel | 8 | 100% | 10:58 / 10:30 | 0.0 / - | 7 / 16 / 26 / 35 | - | 100% | 77 | 6782 | 殉爆 22% 余震 20% 饱和炮击 10% 炮击 5% | 凯尔希 35% 水月 21% 无人机 12% (203 / 0.9) | bullet |
| [expert] eyjafjalla | 8 | 100% | 11:16 / 10:44 | 0.0 / - | 7 / 16 / 26 / 35 | - | 100% | 80 | 7035 | 火山弹 23% 火山 11% 熔岩天降 8% 火星 5% | 塞雷娅 47% 流明 17% 铃兰 13% (425 / 0.2) | bullet |
| [expert] skadi | 8 | 75% | 11:42 / 10:54 | 0.0 / - | 7 / 15 / 25 / 35 | 75% | 100% | 79 | 7278 | 大剑 25% 跃浪 7% Mon3tr 6% 火山弹 5% | 凯尔希 41% 塞雷娅 34% 无人机 7% (414 / 0.2) | bullet |
| [expert] mizuki | 8 | 100% | 10:55 / 10:38 | 0.0 / - | 7 / 16 / 26 / 34 | - | 100% | 62 | 6734 | 触手 31% 伞击 15% 技能 7% 锯刃 6% | 水月 78% 塞雷娅 8% 流明 5% (320 / 1.2) | bullet |
| [expert] saria | 8 | 50% | 12:08 / 10:44 | 0.0 / - | 5 / 15 / 25 / 36 | 40% | 100% | 88 | 7665 | Mon3tr 9% 火山弹 8% Mon3tr · 真伤 6% 殉爆 5% | 塞雷娅 73% 凯尔希 11% 流明 11% (461 / 0.0) | bullet |
| [expert] kaltsit | 8 | 100% | 11:18 / 10:39 | 0.0 / - | 6 / 16 / 26 / 35 | - | 100% | 86 | 7071 | Mon3tr 12% Mon3tr · 真伤 11% 锯刃 6% 殉爆 6% | 凯尔希 80% 流明 15% 拾取 1% (382 / 0.0) | bullet |
| [expert] suzuran | 8 | 75% | 11:29 / 10:44 | 0.0 / - | 6 / 15 / 25 / 34 | 73% | 96% | 79 | 7078 | 狐火 14% 大剑 8% 言 6% Mon3tr 5% | 铃兰 31% 凯尔希 23% 塞雷娅 21% (409 / 0.6) | bullet |
| [normal] wisadel | 8 | 87% | 10:26 / 7:29 | 0.0 / - | 7 / 16 / 25 / 32 | 10% | 37% | 80 | 6297 | 余震 20% 殉爆 19% 炮击 9% Mon3tr 5% | 拾取 37% 凯尔希 23% 流明 16% (676 / 0.5) | boss_tracer |
| [normal] eyjafjalla | 8 | 37% | 9:29 / 6:04 | 0.0 / - | 7 / 15 / 24 / 28 | 96% | 37% | 69 | 5273 | 火山弹 27% 锚击 9% 大剑 6% 火山 5% | 拾取 62% 塞雷娅 22% 流明 13% (732 / 0.1) | boss_tracer |
| [normal] skadi | 8 | 100% | 11:20 / 10:45 | 0.0 / - | 6 / 15 / 25 / 34 | - | 66% | 73 | 7104 | 大剑 30% 殉爆 6% 余震 5% 潮涌斩 4% | 拾取 24% 流明 20% 无人机 15% (713 / 0.8) | bullet |
| [normal] mizuki | 8 | 87% | 10:38 / 8:36 | 0.0 / - | 7 / 16 / 26 / 33 | 56% | 66% | 74 | 6498 | 触手 21% 伞击 16% Mon3tr 5% 技能 5% | 水月 60% 凯尔希 15% 流明 11% (616 / 0.4) | bullet |
| [normal] saria | 8 | 100% | 11:08 / 10:45 | 0.0 / - | 6 / 15 / 25 / 34 | - | 54% | 75 | 6872 | 大剑 10% 伞击 10% 触手 9% 技能·法术 5% | 塞雷娅 73% 水月 18% 无人机 3% (892 / 0.8) | boss_tracer |
| [normal] kaltsit | 8 | 100% | 11:01 / 10:47 | 0.0 / - | 7 / 16 / 25 / 34 | - | 54% | 81 | 6824 | Mon3tr 30% 锯刃 8% 锚击 6% 余震 6% | 凯尔希 84% 水月 6% 塞雷娅 3% (985 / 0.5) | boss_tracer |
| [normal] suzuran | 8 | 75% | 10:52 / 5:42 | 0.0 / - | 7 / 15 / 24 / 32 | 99% | 54% | 85 | 6399 | 狐火 25% 殉爆 6% 大剑 5% 余震 5% | 铃兰 29% 塞雷娅 18% 流明 13% (821 / 0.6) | boss_tracer |

### 机器人指标（docs/29）

| 机器人 · 开局 | n | 胜率 | 存活 均/最短 | 3:30 存活 | 5:00 存活 | 首次招募 | 首次精一 / 精二 | 中期 Boss 击杀数 / 平均用时 | 受击/分 | 承伤/分 | 低血(<35%)秒 | 熄灯秒 | 静止% | 开局干员 伤害占比 / 每分钟 | 主要死因 |
|---|---|---|---|---|---|---|---|---|---|---|---|---|---|---|---|
| [expert] wisadel | 8 | 100% | 10:58 / 10:30 | 100% | 100% | 1:16 | 0:51 / 3:01 | 2.5 / 25s | 9.9 | 25 | 0 | 0 | 13 | 61% / 64837 | - |
| [expert] eyjafjalla | 8 | 100% | 11:16 / 10:44 | 100% | 100% | 1:32 | 0:52 / 3:21 | 2.2 / 49s | 21.1 | 53 | 3 | 0 | 12 | 58% / 59591 | - |
| [expert] skadi | 8 | 75% | 11:42 / 10:54 | 100% | 100% | 1:16 | 0:50 / 3:16 | 1.8 / 90s | 20.4 | 47 | 0 | 0 | 11 | 40% / 39173 | bullet |
| [expert] mizuki | 8 | 100% | 10:55 / 10:38 | 100% | 100% | 1:21 | 0:51 / 2:58 | 2.2 / 33s | 8.0 | 33 | 0 | 0 | 14 | 57% / 58073 | - |
| [expert] saria | 8 | 50% | 12:08 / 10:44 | 100% | 100% | 1:59 | 0:48 / 3:18 | 1.9 / 94s | 19.6 | 43 | 0 | 0 | 11 | 7% / 7424 | bullet |
| [expert] kaltsit | 8 | 100% | 11:18 / 10:39 | 100% | 100% | 1:46 | 1:30 / 3:05 | 2.4 / 39s | 13.0 | 39 | 0 | 1 | 17 | 26% / 26117 | - |
| [expert] suzuran | 8 | 75% | 11:29 / 10:44 | 100% | 100% | 1:42 | 1:01 / 3:25 | 2.1 / 66s | 10.4 | 45 | 0 | 0 | 13 | 18% / 16047 | mire |
| [normal] wisadel | 8 | 87% | 10:26 / 7:29 | 100% | 100% | 1:20 | 4:38 / 8:00 | 2.4 / 51s | 42.9 | 95 | 3 | 4 | 0 | 56% / 51725 | mire |
| [normal] eyjafjalla | 8 | 37% | 9:29 / 6:04 | 100% | 100% | 1:20 | 3:45 / 6:43 | 1.6 / 97s | 50.6 | 107 | 13 | 7 | 0 | 50% / 30654 | contact_slider |
| [normal] skadi | 8 | 100% | 11:20 / 10:45 | 100% | 100% | 1:25 | 3:24 / 6:46 | 2.4 / 64s | 30.8 | 99 | 4 | 2 | 0 | 44% / 37421 | - |
| [normal] mizuki | 8 | 87% | 10:38 / 8:36 | 100% | 100% | 1:19 | 2:57 / 7:03 | 2.5 / 58s | 35.7 | 68 | 2 | 1 | 0 | 47% / 40278 | corrode |
| [normal] saria | 8 | 100% | 11:08 / 10:45 | 100% | 100% | 1:19 | 3:49 / 7:36 | 2.2 / 69s | 45.9 | 91 | 0 | 6 | 0 | 8% / 7878 | - |
| [normal] kaltsit | 8 | 100% | 11:01 / 10:47 | 100% | 100% | 1:29 | 4:23 / 7:05 | 2.4 / 67s | 68.4 | 107 | 2 | 6 | 0 | 36% / 32566 | - |
| [normal] suzuran | 8 | 75% | 10:52 / 5:42 | 100% | 100% | 1:21 | 4:04 / 7:45 | 1.6 / 27s | 28.2 | 95 | 2 | 0 | 0 | 26% / 18956 | bullet |

### 藏品（docs/35）

| 机器人 | 开局 | 局数 | 平均藏品数 | 藏品直接伤害 | 各流派 出现 / 拿取 | 无效拿取 |
|---|---|---|---|---|---|---|
| expert | eyjafjalla | 8 | 38.2 | 5.9% | A 108/35 B 32/18 C 72/37 D 90/21 E 110/33 F 13/9 G 60/19 H 173/46 通用 207/92 | 0 |
| expert | kaltsit | 8 | 33.6 | 5.3% | A 60/21 B 33/15 C 63/28 D 72/19 E 93/18 F 14/8 G 60/25 H 152/48 通用 204/89 | 0 |
| expert | mizuki | 8 | 32.2 | 3.3% | A 84/28 B 38/18 C 54/21 D 66/16 E 53/8 F 19/13 G 41/20 H 144/49 通用 187/89 | 0 |
| expert | saria | 8 | 30.5 | 7.4% | A 88/26 B 44/22 C 69/31 D 72/13 E 65/13 F 13/8 G 65/19 H 157/47 通用 209/67 | 0 |
| expert | skadi | 8 | 32.4 | 5.2% | A 95/29 B 40/21 C 83/41 D 51/17 E 58/13 F 17/10 G 56/18 H 136/44 通用 173/69 | 0 |
| expert | suzuran | 8 | 32.1 | 5.3% | A 64/17 B 19/5 C 60/35 D 72/24 E 89/24 F 16/12 G 70/28 H 148/46 通用 182/68 | 0 |
| expert | wisadel | 8 | 35.1 | 4.5% | A 80/24 B 30/15 C 68/30 D 75/20 E 100/27 F 18/13 G 74/31 H 143/46 通用 178/78 | 0 |
| normal | eyjafjalla | 8 | 20.4 | 1.1% | A 56/19 B 19/7 C 41/10 D 43/19 E 51/17 F 7/5 G 30/8 H 100/29 通用 109/50 | 0 |
| normal | kaltsit | 8 | 28.9 | 3.9% | A 51/13 B 27/8 C 52/19 D 61/24 E 56/16 F 16/6 G 58/21 H 124/53 通用 154/71 | 0 |
| normal | mizuki | 8 | 27.1 | 4.1% | A 73/23 B 19/3 C 48/13 D 55/22 E 64/18 F 10/4 G 58/23 H 93/26 通用 146/86 | 0 |
| normal | saria | 8 | 28.0 | 5.4% | A 93/25 B 35/8 C 52/22 D 48/15 E 61/22 F 14/3 G 61/21 H 92/38 通用 134/70 | 0 |
| normal | skadi | 8 | 28.2 | 0.9% | A 64/8 B 28/6 C 52/21 D 72/25 E 50/12 F 13/1 G 57/26 H 142/51 通用 154/77 | 0 |
| normal | suzuran | 8 | 28.9 | 5.6% | A 60/18 B 19/5 C 77/26 D 73/23 E 85/24 F 17/5 G 67/23 H 102/31 通用 138/76 | 0 |
| normal | wisadel | 8 | 27.9 | 3.0% | A 61/19 B 23/5 C 46/19 D 57/16 E 63/18 F 11/4 G 50/11 H 125/38 通用 149/93 | 0 |
| 合计 | | | | | A 1037/305 B 406/156 C 837/353 D 907/274 E 998/263 F 198/101 G 807/293 H 1831/592 通用 2324/1075 | |

拿取最多（出现 / 拿取）：“观望” 0/104，“决心” 0/90，“犹疑” 0/88，《大静谧》 196/66，羽兽肝酱 222/59，镶金骨骰 214/55，贵族刺剑 195/55，深蓝之心 0/53，显圣吊坠 200/50，海潮的气息 0/50，“黑夜呢喃” 210/49，皇帝的恩宠 218/49
耗时 1392s
写入 build/cloud/antispike-as/as_as_0926_1845.{json,md}
