跑 112 局（1 流派 × 2 机器人 × 7 编队 × 8 seed），并行 4（全机上限 4），源文件摘要 9e9f3bfbf1411399
### 最终 Boss（按类型；上面的「终局」列是四种混算）

| 机器人 | 最终 Boss | 结局 | 出场 | 击杀 | 用时 均 / 中 / 最短–最长 | 未击杀时剩余血量 |
|---|---|---|---|---|---|---|
| expert | 伊祖米克 | deep 16 | 16 | 16 | 64s / 59s / 30–123s | - |
| expert | 偏执泡影 | standard 14 | 14 | 11 | 73s / 48s / 21–176s | 46% |
| expert | 伊莎玛拉 | resolve 9 | 9 | 7 | 38s / 33s / 9–64s | 51% |
| expert | 最后的骑士 | knight 9 | 9 | 6 | 40s / 42s / 33–48s | 29% |
| normal | 偏执泡影 | standard 5 | 5 | 4 | 70s / 69s / 32–112s | 76% |
| normal | 伊莎玛拉 | resolve 1 | 1 | 0 | - | 99% |
| normal | 最后的骑士 | knight 1 | 1 | 1 | 54s / 54s / 54–54s | - |

### 难度 / 缩圈 / 同屏峰值

#### 前 3 分钟

| 机器人 | 难度 | 局数 | 3:00 前死亡 | 前 3 分钟承伤 均 / 中 | 3:00 时生命 |
|---|---|---|---|---|---|
| expert | 0 | 56 | 0% | 22 / 20 | 100% |
| normal | 0 | 56 | 0% | 32 / 27 | 98% |

#### 死因 × 缩圈阶段 × Boss 在场（失败的局）

| 机器人 | 难度 | 死因 | 缩圈（第几轮 · 阶段） | 圈外 | Boss 在场 | 局数 | 平均死亡时间 |
|---|---|---|---|---|---|---|---|
| expert | 0 | bullet | 第 3 轮 · 收缩 | 否 | 是 | 3 | 12:05 |
| expert | 0 | bullet | 第 4 轮 · 稳定 | 否 | 是 | 1 | 10:44 |
| expert | 0 | corrode | 第 2 轮 · 预告 | 否 | 是 | 1 | 13:00 |
| expert | 0 | mire | 第 4 轮 · 预告 | 否 | 否 | 1 | 8:46 |
| expert | 0 | mire | 第 3 轮 · 收缩 | 否 | 否 | 1 | 8:43 |
| expert | 0 | shock | 第 3 轮 · 收缩 | 否 | 否 | 1 | 8:10 |
| expert | 0 | corrode | 第 4 轮 · 收缩 | 否 | 是 | 1 | 13:00 |
| expert | 0 | bullet | 第 1 轮 · 稳定 | 否 | 是 | 1 | 13:00 |
| expert | 0 | bullet | 第 4 轮 · 稳定 | 否 | 否 | 1 | 9:08 |
| expert | 0 | corrode | 第 1 轮 · 稳定 | 否 | 是 | 1 | 8:55 |
| expert | 0 | mire | 第 5 轮 · 稳定 | 否 | 是 | 1 | 10:12 |
| expert | 0 | corrode | 第 2 轮 · 收缩 | 否 | 否 | 1 | 5:37 |
| expert | 0 | mire | 第 4 轮 · 稳定 | 否 | 否 | 1 | 9:00 |
| expert | 0 | corrode | 第 3 轮 · 预告 | 否 | 是 | 1 | 7:19 |
| normal | 0 | corrode | 第 1 轮 · 稳定 | 否 | 是 | 7 | 6:09 |
| normal | 0 | corrode | 第 3 轮 · 收缩 | 否 | 是 | 4 | 8:16 |
| normal | 0 | boss_tracer | 第 2 轮 · 稳定 | 否 | 否 | 3 | 5:45 |
| normal | 0 | bullet | 第 1 轮 · 稳定 | 否 | 是 | 3 | 6:31 |
| normal | 0 | corrode | 第 3 轮 · 稳定 | 否 | 是 | 3 | 7:52 |
| normal | 0 | contact_slider | 第 1 轮 · 稳定 | 否 | 是 | 3 | 5:48 |
| normal | 0 | contact_path | 第 1 轮 · 稳定 | 否 | 是 | 2 | 3:55 |
| normal | 0 | corrode | 第 3 轮 · 预告 | 否 | 否 | 2 | 6:27 |
| normal | 0 | boss_tracer | 第 3 轮 · 预告 | 否 | 是 | 2 | 7:16 |
| normal | 0 | boss_tracer | 第 2 轮 · 收缩 | 否 | 否 | 1 | 5:19 |
| normal | 0 | bullet | 第 3 轮 · 稳定 | 否 | 否 | 1 | 6:53 |
| normal | 0 | dark | 第 1 轮 · 稳定 | 否 | 是 | 1 | 5:10 |
| normal | 0 | boss_iberia | 第 1 轮 · 稳定 | 否 | 是 | 1 | 5:24 |
| normal | 0 | dark | 第 3 轮 · 预告 | 否 | 否 | 1 | 6:19 |
| normal | 0 | corrode | 第 3 轮 · 稳定 | 否 | 否 | 1 | 7:11 |
| normal | 0 | contact_tracer | 第 1 轮 · 稳定 | 否 | 是 | 1 | 5:11 |
| normal | 0 | contact_slider | 第 1 轮 · 稳定 | 否 | 否 | 1 | 3:15 |
| normal | 0 | boss_nest | 第 3 轮 · 收缩 | 否 | 否 | 1 | 6:51 |
| normal | 0 | corrode | 第 2 轮 · 稳定 | 否 | 否 | 1 | 5:52 |
| normal | 0 | corrode | 第 2 轮 · 预告 | 否 | 是 | 1 | 7:00 |
| normal | 0 | bullet | 第 3 轮 · 稳定 | 否 | 是 | 1 | 7:12 |
| normal | 0 | corrode | 第 4 轮 · 收缩 | 否 | 否 | 1 | 9:04 |
| normal | 0 | bullet | 第 4 轮 · 收缩 | 否 | 否 | 1 | 8:29 |
| normal | 0 | boss_tracer | 第 2 轮 · 预告 | 否 | 是 | 1 | 8:50 |
| normal | 0 | boss_tracer | 第 1 轮 · 稳定 | 否 | 是 | 1 | 5:45 |
| normal | 0 | corrode | 第 4 轮 · 稳定 | 否 | 是 | 1 | 10:26 |
| normal | 0 | corrode | 第 4 轮 · 预告 | 否 | 否 | 1 | 8:45 |
| normal | 0 | contact_tracer | 第 1 轮 · 稳定 | 否 | 否 | 1 | 4:52 |
| normal | 0 | boss_tracer | 第 3 轮 · 稳定 | 否 | 否 | 1 | 7:22 |
| normal | 0 | bullet | 第 1 轮 · 稳定 | 否 | 否 | 1 | 4:56 |
| normal | 0 | boss_tracer | 第 4 轮 · 收缩 | 否 | 否 | 1 | 8:24 |

#### 同屏数量峰值（每局峰值的 平均 / 最大）

| 机器人 | 难度 | 局数 | 范围 | 敌人 | 敌方弹幕（含抛射） | 我方子弹 | 特效 | 飘字 |
|---|---|---|---|---|---|---|---|---|
| expert | 0 | 56 | 全程 | 245 / 365 | 49 / 133 | 4 / 11 | 385 / 482 | 48 / 48 |
| expert | 0 | 54 | 8:00–10:00 | 231 / 358 | 43 / 82 | 3 / 9 | 357 / 482 | 48 / 48 |
| normal | 0 | 56 | 全程 | 239 / 401 | 31 / 71 | 3 / 9 | 325 / 509 | 44 / 48 |
| normal | 0 | 15 | 8:00–10:00 | 231 / 337 | 42 / 65 | 2 / 7 | 336 / 509 | 47 / 48 |

### 大群（按第几次）

| 机器人 | 第几次 | 出现 | 时间 | 数量 | 清 80% 用时 均 / 中（清完/出现） | 20 秒内掉血 均 / 最大 | 30 秒内死亡 | 编成 |
|---|---|---|---|---|---|---|---|---|
| expert | 1 | 56 | 1:15 | 28 | 17s / 13s（56/56） | 2 / 9 | 0 | bone/slider/stone ×32；bone/slider ×24 |
| expert | 2 | 56 | 2:45 | 36 | 12s / 10s（56/56） | 3 / 13 | 0 | bone/slider ×32；bone/slider/stone ×24 |
| expert | 3 | 53 | 4:47 | 48 | 15s / 13s（53/53） | 10 / 82 | 0 | bone/ripper/slider/stone ×11；bone/offspring/ripper/slider/stone ×10；bone/offspring/ripper/slider/spitter ×8 |
| expert | 4 | 51 | 6:08 | 55 | 13s / 11s（51/51） | 14 / 60 | 0 | bone/floater/ripper/runner/slider/tracer ×20；bone/offspring/ripper/slider/spitter ×14；bone/burrower/ripper/slider ×12 |
| expert | 5 | 47 | 7:55 | 65 | 13s / 12s（47/47） | 16 / 97 | 2 | bone/floater/founder/nest/ripper/runner/slider ×21；burrower/ripper/slider/spitter ×13；bone/burrower/offspring/ripper/slider/stone ×7 |
| expert | 6 | 37 | 8:52 | 70 | 11s / 9s（37/37） | 14 / 80 | 2 | burrower/offspring/ripper/slider/spitter/stone ×14；burrower/hulk/ripper/slider/spitter ×9；bone/burrower/offspring/ripper/slider/stone ×6 |
| normal | 1 | 56 | 1:15 | 28 | 11s / 10s（56/56） | 8 / 46 | 0 | bone/slider/stone ×31；bone/slider ×25 |
| normal | 2 | 56 | 2:45 | 36 | 16s / 12s（56/56） | 8 / 63 | 1 | bone/slider ×31；bone/slider/stone ×25 |
| normal | 3 | 35 | 4:42 | 47 | 28s / 21s（34/35） | 14 / 121 | 1 | bone/ripper/slider/stone ×9；bone/offspring/ripper/slider/stone ×8；bone/floater/ripper/runner/slider ×6 |
| normal | 4 | 29 | 6:04 | 54 | 21s / 16s（29/29） | 25 / 156 | 3 | bone/floater/ripper/runner/slider/tracer ×10；bone/burrower/ripper/slider ×9；bone/offspring/ripper/slider/spitter ×7 |
| normal | 5 | 9 | 7:53 | 64 | 14s / 13s（9/9） | 22 / 73 | 0 | bone/burrower/offspring/ripper/slider/stone ×3；burrower/ripper/slider/spitter ×3；bone/floater/founder/nest/ripper/runner/slider ×2 |
| normal | 6 | 4 | 8:50 | 70 | 10s / 10s（4/4） | 30 / 59 | 0 | burrower/floater/founder/nest/reaper/ripper/runner/slider/tracer ×2；bone/floater/founder/nest/ripper/runner/slider ×1；burrower/offspring/ripper/slider/spitter/stone ×1 |

### 按机器人汇总

| 机器人 | 局数 | 胜率 | 平均存活 | 3:30 存活 | 平均终局等级 | 平均击杀 | 目标（胜率 / 存活） | 判定 |
|---|---|---|---|---|---|---|---|---|
| normal | 56 | 8% | 7:01 | 98% | 20.6 | 3127 | 30–55% / 7:00–13:00 | **偏难** |
| expert | 56 | 71% | 10:44 | 100% | 32.3 | 6311 | 70–95% / 9:00–13:00 | **达标** |

### 明细

| 编队 | n | 胜率 | 存活(均/最短) | 托底(次/首次) | Lv 2:00/5:00/8:00/末 | 终Boss剩余 | 精二占比 | 灯火 | 击杀 | 主要伤害来源 | 治疗来源(总量/无人机Lv) | 主要死因 |
|---|---|---|---|---|---|---|---|---|---|---|---|---|
| [expert] wisadel | 8 | 87% | 11:13 / 10:30 | 0.0 / - | 7 / 16 / 25 / 34 | 26% | 96% | 69 | 6861 | 殉爆 26% 余震 23% 饱和炮击 10% 大剑 5% | 塞雷娅 57% 无人机 14% 流明 11% (534 / 0.6) | bullet |
| [expert] eyjafjalla | 8 | 37% | 10:31 / 8:10 | 0.0 / - | 6 / 15 / 25 / 31 | 38% | 100% | 51 | 6005 | 火山弹 22% 火山 12% 熔岩天降 8% 熔岩 5% | 塞雷娅 46% 凯尔希 18% 流明 12% (523 / 0.0) | bullet |
| [expert] skadi | 8 | 62% | 11:14 / 9:08 | 0.0 / - | 7 / 15 / 25 / 33 | 51% | 100% | 62 | 6678 | 大剑 29% 锯刃 5% 触手 5% 跃浪 4% | 塞雷娅 35% 流明 24% 无人机 18% (911 / 0.9) | bullet |
| [expert] mizuki | 8 | 87% | 11:00 / 10:09 | 0.0 / - | 7 / 16 / 25 / 33 | 35% | 96% | 57 | 6677 | 触手 26% 伞击 15% 技能 7% 言 3% | 水月 64% 塞雷娅 17% 流明 11% (588 / 0.2) | bullet |
| [expert] saria | 8 | 87% | 10:55 / 10:17 | 0.0 / - | 5 / 15 / 25 / 33 | 58% | 96% | 55 | 6419 | 锯刃 10% 殉爆 8% 余震 8% 锚击 8% | 塞雷娅 70% 水月 13% 凯尔希 7% (745 / 0.0) | bullet |
| [expert] kaltsit | 8 | 100% | 10:54 / 10:21 | 0.0 / - | 6 / 16 / 25 / 33 | - | 100% | 50 | 6569 | Mon3tr 10% Mon3tr · 真伤 8% 火山弹 8% 殉爆 6% | 凯尔希 85% 水月 5% 塞雷娅 5% (639 / 0.0) | bullet |
| [expert] suzuran | 8 | 37% | 9:18 / 5:37 | 0.0 / - | 6 / 15 / 24 / 28 | 50% | 95% | 47 | 4965 | 狐火 13% 言 9% 墓志铭 8% 殉爆 7% | 铃兰 58% 塞雷娅 18% 流明 10% (354 / 0.2) | bullet |
| [normal] wisadel | 8 | 0% | 5:30 / 3:47 | 0.0 / - | 7 / 15 / 0 / 16 | 70% | 4% | 13 | 2044 | 余震 23% 炮击 20% 殉爆 9% 狐火 8% | 拾取 55% 流明 11% 凯尔希 11% (64 / 0.0) | bullet |
| [normal] eyjafjalla | 8 | 0% | 5:04 / 3:15 | 0.0 / - | 6 / 15 / 0 / 14 | 47% | 8% | 27 | 1764 | 火山弹 35% 大剑 15% 锤击 6% 狐火 4% | 拾取 43% 凯尔希 12% 流明 11% (94 / 0.0) | contact_ripper |
| [normal] skadi | 8 | 12% | 7:19 / 5:52 | 0.0 / - | 6 / 15 / 25 / 22 | 60% | 25% | 12 | 3203 | 大剑 27% Mon3tr 14% 刺剑 7% 殉爆 6% | 凯尔希 45% 塞雷娅 24% 拾取 15% (333 / 0.2) | bullet |
| [normal] mizuki | 8 | 12% | 8:35 / 5:58 | 0.0 / - | 6 / 15 / 24 / 25 | 87% | 20% | 20 | 4211 | 伞击 17% 触手 12% 狐火 9% 技能·法术 7% | 水月 54% 铃兰 14% 无人机 14% (708 / 0.6) | bullet |
| [normal] saria | 8 | 12% | 7:58 / 4:23 | 0.0 / - | 6 / 14 / 24 / 23 | 57% | 37% | 8 | 3771 | 锯刃 14% 拳击 12% 大剑 11% 锤击 6% | 塞雷娅 86% 凯尔希 6% 流明 4% (1045 / 0.2) | bullet |
| [normal] kaltsit | 8 | 25% | 8:28 / 4:56 | 0.0 / - | 6 / 15 / 25 / 26 | 60% | 25% | 51 | 4393 | Mon3tr 32% 大剑 9% 锯刃 7% 伞击 4% | 凯尔希 63% 流明 20% 水月 12% (935 / 0.0) | bullet |
| [normal] suzuran | 8 | 0% | 6:14 / 3:59 | 0.0 / - | 6 / 15 / 25 / 19 | 50% | 4% | 23 | 2504 | 狐火 42% 锯刃 7% 骑士 5% 大剑 5% | 铃兰 44% 无人机 10% 凯尔希 10% (137 / 0.2) | boss_tracer |

### 机器人指标（docs/29）

| 机器人 · 开局 | n | 胜率 | 存活 均/最短 | 3:30 存活 | 5:00 存活 | 首次招募 | 首次精一 / 精二 | 中期 Boss 击杀数 / 平均用时 | 受击/分 | 承伤/分 | 低血(<35%)秒 | 熄灯秒 | 静止% | 开局干员 伤害占比 / 每分钟 | 主要死因 |
|---|---|---|---|---|---|---|---|---|---|---|---|---|---|---|---|
| [expert] wisadel | 8 | 87% | 11:13 / 10:30 | 100% | 100% | 1:21 | 0:54 / 3:41 | 2.8 / 37s | 25.1 | 61 | 3 | 7 | 15 | 67% / 80609 | bullet |
| [expert] eyjafjalla | 8 | 37% | 10:31 / 8:10 | 100% | 100% | 1:41 | 0:58 / 3:16 | 2.5 / 56s | 16.2 | 66 | 3 | 6 | 12 | 58% / 54687 | corrode |
| [expert] skadi | 8 | 62% | 11:14 / 9:08 | 100% | 100% | 1:23 | 0:50 / 2:41 | 2.6 / 78s | 20.0 | 107 | 6 | 10 | 12 | 40% / 46725 | bullet |
| [expert] mizuki | 8 | 87% | 11:00 / 10:09 | 100% | 100% | 1:23 | 0:52 / 3:37 | 2.4 / 58s | 19.5 | 52 | 0 | 26 | 15 | 53% / 65982 | bullet |
| [expert] saria | 8 | 87% | 10:55 / 10:17 | 100% | 100% | 1:59 | 0:49 / 3:49 | 2.9 / 80s | 23.5 | 77 | 1 | 21 | 13 | 6% / 7271 | bullet |
| [expert] kaltsit | 8 | 100% | 10:54 / 10:21 | 100% | 100% | 1:39 | 1:20 / 2:52 | 2.2 / 46s | 18.9 | 65 | 1 | 19 | 16 | 20% / 24210 | - |
| [expert] suzuran | 8 | 37% | 9:18 / 5:37 | 100% | 100% | 1:43 | 1:00 / 3:50 | 1.9 / 82s | 23.4 | 65 | 8 | 7 | 13 | 17% / 11972 | corrode |
| [normal] wisadel | 8 | 0% | 5:30 / 3:47 | 100% | 87% | 1:19 | 3:00 / 4:07 | 0.6 / 36s | 18.3 | 55 | 8 | 3 | 0 | 57% / 11768 | boss_tracer |
| [normal] eyjafjalla | 8 | 0% | 5:04 / 3:15 | 87% | 37% | 1:24 | 3:46 / 5:09 | 0.5 / 24s | 35.0 | 66 | 6 | 4 | 0 | 43% / 6104 | corrode |
| [normal] skadi | 8 | 12% | 7:19 / 5:52 | 100% | 100% | 1:16 | 3:12 / 5:22 | 0.9 / 53s | 23.3 | 93 | 6 | 18 | 0 | 36% / 14388 | corrode |
| [normal] mizuki | 8 | 12% | 8:35 / 5:58 | 100% | 100% | 1:19 | 3:44 / 7:49 | 1.2 / 64s | 19.5 | 93 | 12 | 45 | 0 | 39% / 22096 | corrode |
| [normal] saria | 8 | 12% | 7:58 / 4:23 | 100% | 87% | 1:21 | 3:28 / 5:36 | 1.0 / 85s | 37.9 | 129 | 6 | 48 | 0 | 17% / 6921 | corrode |
| [normal] kaltsit | 8 | 25% | 8:28 / 4:56 | 100% | 87% | 1:28 | 3:32 / 5:01 | 1.6 / 48s | 41.7 | 132 | 2 | 8 | 0 | 37% / 23714 | corrode |
| [normal] suzuran | 8 | 0% | 6:14 / 3:59 | 100% | 62% | 1:28 | 3:07 / 3:11 | 1.0 / 39s | 18.1 | 57 | 10 | 1 | 0 | 44% / 10151 | boss_tracer |

### 藏品（docs/35）

| 机器人 | 开局 | 局数 | 平均藏品数 | 藏品直接伤害 | 各流派 出现 / 拿取 | 无效拿取 |
|---|---|---|---|---|---|---|
| expert | eyjafjalla | 8 | 22.9 | 5.0% | A 48/11 B 12/6 C 46/25 D 40/11 E 45/13 F 12/8 G 39/18 H 93/25 通用 125/68 | 0 |
| expert | kaltsit | 8 | 27.6 | 5.4% | A 47/15 B 28/14 C 62/27 D 49/14 E 62/19 F 18/10 G 42/22 H 105/31 通用 140/73 | 0 |
| expert | mizuki | 8 | 25.6 | 5.2% | A 49/12 B 18/7 C 59/31 D 40/8 E 43/9 F 7/3 G 42/16 H 103/44 通用 138/75 | 0 |
| expert | saria | 8 | 23.9 | 5.2% | A 77/21 B 22/10 C 41/21 D 39/9 E 40/11 F 14/8 G 43/13 H 118/35 通用 136/65 | 0 |
| expert | skadi | 8 | 24.0 | 3.5% | A 70/23 B 16/7 C 47/27 D 43/13 E 38/9 F 13/8 G 34/13 H 74/23 通用 131/71 | 0 |
| expert | suzuran | 8 | 17.5 | 4.3% | A 23/7 B 16/8 C 27/17 D 25/6 E 41/12 F 9/6 G 30/14 H 50/20 通用 92/51 | 0 |
| expert | wisadel | 8 | 29.0 | 3.1% | A 76/24 B 27/15 C 52/27 D 55/14 E 65/13 F 9/7 G 48/25 H 101/37 通用 157/71 | 0 |
| normal | eyjafjalla | 8 | 5.5 | 0.7% | A 10/7 B 3/2 C 6/3 D 12/4 E 14/3 F 2/0 G 14/4 H 21/7 通用 26/14 | 0 |
| normal | kaltsit | 8 | 14.8 | 2.4% | A 23/9 B 19/5 C 27/9 D 22/8 E 31/13 F 11/5 G 24/8 H 52/15 通用 73/47 | 0 |
| normal | mizuki | 8 | 10.4 | 3.4% | A 13/6 B 5/2 C 19/6 D 16/8 E 19/5 F 9/3 G 11/4 H 27/15 通用 49/34 | 0 |
| normal | saria | 8 | 9.5 | 2.9% | A 22/6 B 10/5 C 12/3 D 9/3 E 12/6 F 3/1 G 22/11 H 35/12 通用 36/29 | 0 |
| normal | skadi | 8 | 9.1 | 0.0% | A 25/8 B 11/5 C 7/1 D 11/3 E 16/8 F 5/1 G 21/7 H 31/15 通用 51/25 | 0 |
| normal | suzuran | 8 | 8.5 | 4.0% | A 8/2 B 7/2 C 11/6 D 17/7 E 28/9 F 3/1 G 13/3 H 31/10 通用 42/28 | 0 |
| normal | wisadel | 8 | 8.8 | 0.5% | A 12/4 B 8/5 C 13/4 D 18/12 E 19/8 F 4/2 G 14/5 H 23/7 通用 37/25 | 0 |
| 合计 | | | | | A 503/155 B 202/93 C 429/207 D 396/120 E 473/138 F 119/63 G 397/163 H 864/296 通用 1233/676 | |

拿取最多（出现 / 拿取）：“观望” 0/83，“犹疑” 0/71，“决心” 0/55，海潮的气息 0/44，深蓝之心 0/38，羽兽肝酱 96/30，无瑕宝玉 75/29，“黑夜呢喃” 91/29，银餐叉 95/29，散轶诗简 114/28，显圣吊坠 107/26，阿卡胡拉饭碗 53/26
耗时 1188s
写入 build/cloud/tiers-cal2-t1/tc2_t1_0926_1654.{json,md}
