跑 52 局（1 流派 × 1 机器人 × 13 编队 × 4 seed），并行 4（全机上限 4），源文件摘要 d6d90e0c7aa272a2
### 最终 Boss（按类型；上面的「终局」列是四种混算）

| 机器人 | 最终 Boss | 结局 | 出场 | 击杀 | 用时 均 / 中 / P90 / 最短–最长（出现起算） | 中 / P90（可受伤起算） | 阶段护盾秒 / 过卡点数 均 | 未击杀时剩余血量 |
|---|---|---|---|---|---|---|---|---|
| normal | 伊祖米克 | deep 7 | 7 | 6 | 68s / 66s / 95s / 49–95s | 31s / 68s | 11.8 / 1.7 | 95% |
| normal | 偏执泡影 | standard 7 | 7 | 6 | 56s / 48s / 111s / 39–111s | 48s / 111s | 6.3 / 2.0 | 31% |
| normal | 最后的骑士 | knight 5 | 5 | 5 | 70s / 73s / 102s / 48–102s | 73s / 102s | 6.4 / 1.6 | - |
| normal | 伊莎玛拉 | resolve 2 | 2 | 2 | 40s / 40s / 42s / 39–42s | 40s / 42s | 15.7 / 2.0 | - |

### 难度 / 缩圈 / 同屏峰值

#### 前 3 分钟

| 机器人 | 难度 | 局数 | 3:00 前死亡 | 前 3 分钟承伤 均 / 中 | 3:00 时生命 |
|---|---|---|---|---|---|
| normal | 0 | 52 | 0% | 26 / 20 | 99% |

#### 死因 × 缩圈阶段 × Boss 在场（失败的局）

| 机器人 | 难度 | 死因 | 缩圈（第几轮 · 阶段） | 圈外 | Boss 在场 | 局数 | 平均死亡时间 |
|---|---|---|---|---|---|---|---|
| normal | 0 | corrode | 第 3 轮 · 稳定 | 否 | 是 | 5 | 7:19 |
| normal | 0 | corrode | 第 3 轮 · 收缩 | 否 | 是 | 3 | 7:25 |
| normal | 0 | mire | 第 1 轮 · 稳定 | 否 | 是 | 2 | 7:16 |
| normal | 0 | mire | 第 3 轮 · 稳定 | 否 | 是 | 2 | 8:01 |
| normal | 0 | bullet | 第 1 轮 · 稳定 | 否 | 是 | 2 | 9:47 |
| normal | 0 | contact_slider | 第 4 轮 · 收缩 | 否 | 否 | 1 | 8:51 |
| normal | 0 | corrode | 第 2 轮 · 稳定 | 否 | 否 | 1 | 5:50 |
| normal | 0 | contact_tracer | 第 2 轮 · 稳定 | 否 | 是 | 1 | 7:15 |
| normal | 0 | contact_tracer | 第 2 轮 · 收缩 | 否 | 否 | 1 | 5:31 |
| normal | 0 | contact_tracer | 第 3 轮 · 稳定 | 否 | 是 | 1 | 7:19 |
| normal | 0 | corrode | 第 2 轮 · 收缩 | 否 | 否 | 1 | 5:07 |
| normal | 0 | shock | 第 3 轮 · 稳定 | 否 | 否 | 1 | 6:51 |
| normal | 0 | mire | 第 3 轮 · 稳定 | 否 | 否 | 1 | 7:54 |
| normal | 0 | bullet | 第 2 轮 · 收缩 | 否 | 否 | 1 | 5:16 |
| normal | 0 | boss_tracer | 第 5 轮 · 预告 | 否 | 否 | 1 | 9:11 |
| normal | 0 | boss_tracer | 第 3 轮 · 稳定 | 否 | 否 | 1 | 8:09 |
| normal | 0 | boss_reaper | 第 2 轮 · 稳定 | 否 | 否 | 1 | 5:52 |
| normal | 0 | contact_slider | 第 3 轮 · 收缩 | 否 | 是 | 1 | 7:12 |
| normal | 0 | mire | 第 2 轮 · 稳定 | 否 | 否 | 1 | 6:14 |
| normal | 0 | boss_tracer | 第 1 轮 · 稳定 | 否 | 是 | 1 | 8:30 |
| normal | 0 | contact_burrower | 第 3 轮 · 稳定 | 否 | 是 | 1 | 7:06 |
| normal | 0 | contact_slider | 第 2 轮 · 稳定 | 否 | 否 | 1 | 5:16 |
| normal | 0 | corrode | 第 3 轮 · 预告 | 否 | 是 | 1 | 8:49 |
| normal | 0 | contact_ripper | 第 3 轮 · 收缩 | 否 | 否 | 1 | 6:44 |

#### 同屏数量峰值（每局峰值的 平均 / 最大）

| 机器人 | 难度 | 局数 | 范围 | 敌人 | 敌方弹幕（含抛射） | 我方子弹 | 特效 | 飘字 |
|---|---|---|---|---|---|---|---|---|
| normal | 0 | 52 | 全程 | 281 / 467 | 44 / 106 | 2 / 10 | 381 / 532 | 44 / 48 |
| normal | 0 | 27 | 8:00–10:00 | 269 / 467 | 48 / 106 | 1 / 10 | 370 / 511 | 41 / 48 |

### 大群（按第几次）

| 机器人 | 第几次 | 出现 | 时间 | 数量 | 清 80% 用时 均 / 中（清完/出现） | 20 秒内掉血 均 / 最大 | 30 秒内死亡 | 编成 |
|---|---|---|---|---|---|---|---|---|
| normal | 1 | 52 | 1:15 | 26 | 11s / 9s（52/52） | 5 / 35 | 0 | bone/slider ×26；bone/slider/stone ×26 |
| normal | 2 | 52 | 2:45 | 33 | 17s / 12s（52/52） | 6 / 40 | 0 | bone/slider/stone ×26；bone/slider ×26 |
| normal | 3 | 51 | 4:32 | 42 | 29s / 28s（50/51） | 11 / 60 | 0 | bone/offspring/ripper/slider/stone ×13；bone/ripper/slider/stone ×13；bone/floater/ripper/runner/slider ×8 |
| normal | 4 | 47 | 5:53 | 49 | 29s / 24s（43/47） | 26 / 237 | 4 | bone/floater/ripper/runner/slider/tracer ×18；bone/offspring/ripper/slider/spitter ×16；bone/burrower/ripper/slider ×13 |
| normal | 5 | 29 | 7:37 | 58 | 28s / 13s（27/29） | 34 / 170 | 4 | burrower/ripper/slider/spitter ×12；bone/floater/founder/nest/ripper/runner/slider ×12；bone/burrower/offspring/ripper/slider/stone ×5 |
| normal | 6 | 24 | 8:42 | 63 | 16s / 10s（22/24） | 34 / 160 | 2 | burrower/floater/founder/nest/reaper/ripper/runner/slider/tracer ×7；burrower/ripper/slider/spitter ×5；burrower/offspring/ripper/slider/spitter/stone ×5 |
| normal | 7 | 3 | 9:13 | 66 | 7s / 6s（3/3） | 11 / 32 | 0 | burrower/hulk/ripper/slider/spitter ×2；burrower/floater/founder/nest/reaper/ripper/runner/slider/tracer ×1 |

| 编队 | n | 胜率 | 存活(均/最短) | 托底(次/首次) | Lv 2:00/5:00/8:00/末 | 终Boss剩余 | 精二占比 | 灯火 | 击杀 | 主要伤害来源 | 治疗来源(总量/无人机Lv) | 主要死因 |
|---|---|---|---|---|---|---|---|---|---|---|---|---|
| mizuki | 4 | 75% | 10:37 / 8:51 | 0.0 / - | 7 / 16 / 25 / 33 | - | 75% | 59 | 6371 | 触手 25% 伞击 18% 锯刃 7% 技能·法术 7% | 水月 63% 塞雷娅 18% 流明 12% (448 / 0.0) | bullet |
| wisadel | 4 | 25% | 7:26 / 4:16 | 0.0 / - | 7 / 16 / 26 / 22 | 24% | 8% | 68 | 3679 | 余震 23% 殉爆 18% 炮击 16% 狐火 13% | 流明 37% 拾取 27% 水月 21% (231 / 0.2) | contact_ripper |
| eyjafjalla | 4 | 0% | 7:03 / 5:50 | 0.0 / - | 7 / 15 / 0 / 22 | 61% | 8% | 50 | 3070 | 火山弹 27% 大剑 17% 锚击 9% 锯刃 6% | 拾取 72% 流明 14% 塞雷娅 10% (229 / 0.2) | boss_tracer |
| kaltsit | 4 | 75% | 9:37 / 5:31 | 0.0 / - | 6 / 16 / 25 / 30 | - | 58% | 65 | 5608 | Mon3tr 30% Mon3tr · 真伤 10% 余震 6% 锯刃 5% | 凯尔希 80% 水月 8% 塞雷娅 6% (601 / 0.5) | bullet |
| saria | 4 | 75% | 10:19 / 7:45 | 0.0 / - | 6 / 15 / 25 / 31 | 43% | 66% | 72 | 6108 | 伞击 17% 触手 15% 大剑 12% 锚击 6% | 塞雷娅 61% 水月 34% 拾取 3% (705 / 0.5) | boss_tracer |
| siege | 4 | 0% | 6:36 / 5:07 | 0.0 / - | 6 / 16 / 0 / 20 | 50% | 8% | 36 | 2837 | 大剑 18% 刺剑 9% 骑士 9% 锤击 7% | 藏品 38% 无人机 9% 拾取 1% (25 / 0.2) | boss_tracer |
| skadi | 4 | 75% | 9:59 / 6:34 | 0.0 / - | 6 / 15 / 26 / 31 | 55% | 41% | 68 | 5912 | 大剑 33% 余震 11% 刺剑 6% 炮击 6% | 拾取 56% 凯尔希 20% 塞雷娅 20% (437 / 0.8) | bullet |
| suzuran | 4 | 0% | 8:24 / 7:22 | 0.0 / - | 7 / 15 / 24 / 25 | 51% | 16% | 44 | 4190 | 狐火 29% 大剑 11% Mon3tr 9% 火山弹 8% | 铃兰 28% 凯尔希 24% 拾取 18% (370 / 0.2) | boss_tracer |
| ulpianus | 4 | 0% | 7:30 / 5:16 | 0.0 / - | 7 / 15 / 25 / 24 | 1% | 16% | 30 | 3609 | 锚击 25% 狐火 14% 掷锚 10% 刺剑 7% | 流明 42% 水月 24% 无人机 19% (588 / 0.5) | boss_tracer |
| irene | 4 | 50% | 10:19 / 5:52 | 0.0 / - | 6 / 16 / 25 / 30 | 31% | 58% | 66 | 6048 | 刺剑 12% 殉爆 12% 余震 10% 碎潮 7% | 流明 44% 凯尔希 21% 拾取 6% (1051 / 0.2) | bullet |
| specter_unchained | 4 | 50% | 8:58 / 7:11 | 0.0 / - | 6 / 15 / 25 / 28 | 32% | 41% | 49 | 4895 | 锯刃 35% 血色潮痕 10% 狐火 9% Mon3tr 8% | 无人机 50% 塞雷娅 32% 凯尔希 17% (375 / 1.0) | bullet |
| logos | 4 | 25% | 8:07 / 6:14 | 0.0 / - | 6 / 16 / 24 / 25 | 62% | 25% | 60 | 4064 | 言 13% 墓志铭 13% 提喻 11% 锤击 9% | 塞雷娅 48% 拾取 28% 流明 23% (397 / 0.0) | boss_tracer |
| lumen | 4 | 25% | 7:54 / 5:16 | 0.0 / - | 6 / 16 / 25 / 24 | 0% | 41% | 80 | 3974 | 火山弹 13% 伞击 9% 余震 7% 藏品 6% | 流明 87% 水月 10% 拾取 2% (731 / 0.0) | boss_tracer |

### 机器人指标（docs/29）

| 机器人 · 开局 | n | 胜率 | 存活 均/最短 | 3:30 存活 | 5:00 存活 | 首次招募 | 首次精一 / 精二 | 中期 Boss 击杀数 / 平均用时 | 受击/分 | 承伤/分 | 低血(<35%)秒 | 熄灯秒 | 静止% | 开局干员 伤害占比 / 每分钟 | 主要死因 |
|---|---|---|---|---|---|---|---|---|---|---|---|---|---|---|---|
| mizuki | 4 | 75% | 10:37 / 8:51 | 100% | 100% | 1:15 | 2:33 / 6:21 | 2.0 / 44s | 26.7 | 51 | 4 | 1 | 0 | 55% / 44706 | contact_slider |
| wisadel | 4 | 25% | 7:26 / 4:16 | 100% | 75% | 1:17 | 3:59 / 6:53 | 1.2 / 35s | 33.6 | 66 | 3 | 0 | 0 | 63% / 30828 | corrode |
| eyjafjalla | 4 | 0% | 7:03 / 5:50 | 100% | 100% | 1:16 | 3:40 / 5:33 | 1.0 / 55s | 44.9 | 80 | 20 | 0 | 0 | 34% / 9905 | corrode |
| kaltsit | 4 | 75% | 9:37 / 5:31 | 100% | 100% | 1:31 | 2:46 / 5:35 | 2.2 / 60s | 61.3 | 82 | 0 | 3 | 0 | 42% / 28349 | contact_tracer |
| saria | 4 | 75% | 10:19 / 7:45 | 100% | 100% | 1:14 | 3:20 / 7:35 | 1.8 / 85s | 35.3 | 80 | 0 | 17 | 0 | 10% / 7227 | corrode |
| siege | 4 | 0% | 6:36 / 5:07 | 100% | 100% | 1:18 | 3:52 / 6:07 | 1.0 / 33s | 33.9 | 58 | 4 | 0 | 0 | 15% / 3475 | corrode |
| skadi | 4 | 75% | 9:59 / 6:34 | 100% | 100% | 1:25 | 4:06 / 4:46 | 2.0 / 56s | 39.7 | 77 | 3 | 5 | 0 | 47% / 33416 | bullet |
| suzuran | 4 | 0% | 8:24 / 7:22 | 100% | 100% | 1:23 | 4:12 / 7:08 | 1.0 / 35s | 16.7 | 74 | 11 | 0 | 0 | 33% / 14966 | mire |
| ulpianus | 4 | 0% | 7:30 / 5:16 | 100% | 100% | 1:20 | 4:11 / 6:58 | 1.5 / 39s | 30.4 | 126 | 8 | 4 | 0 | 43% / 18938 | boss_tracer |
| irene | 4 | 50% | 10:19 / 5:52 | 100% | 100% | 1:24 | 3:34 / 5:59 | 1.2 / 34s | 26.7 | 120 | 2 | 0 | 0 | 29% / 22453 | bullet |
| specter_unchained | 4 | 50% | 8:58 / 7:11 | 100% | 100% | 1:20 | 2:31 / 5:34 | 1.5 / 85s | 31.1 | 80 | 1 | 0 | 0 | 48% / 29849 | corrode |
| logos | 4 | 25% | 8:07 / 6:14 | 100% | 100% | 1:20 | 2:20 / 3:04 | 1.2 / 23s | 27.3 | 80 | 4 | 4 | 0 | 50% / 27256 | boss_tracer |
| lumen | 4 | 25% | 7:54 / 5:16 | 100% | 100% | 1:36 | 3:00 / 4:23 | 1.5 / 76s | 26.0 | 118 | 4 | 0 | 0 | 18% / 7658 | contact_ripper |

### 藏品（docs/35）

| 机器人 | 开局 | 局数 | 平均藏品数 | 藏品直接伤害 | 各流派 出现 / 拿取 | 无效拿取 |
|---|---|---|---|---|---|---|
| normal | eyjafjalla | 4 | 8.8 | 0.0% | A 7/4 B 1/0 C 7/1 D 7/3 E 8/5 F 1/0 G 5/2 H 16/5 通用 25/15 | 0 |
| normal | irene | 4 | 21.5 | 2.8% | A 25/5 B 14/8 C 18/4 D 30/14 E 25/13 F 4/0 G 11/4 H 43/8 通用 61/31 | 0 |
| normal | kaltsit | 4 | 20.0 | 3.0% | A 21/6 B 7/1 C 25/8 D 26/9 E 20/8 F 7/1 G 17/1 H 50/23 通用 43/23 | 0 |
| normal | logos | 4 | 14.0 | 4.5% | A 18/6 B 5/2 C 8/4 D 5/1 E 15/6 F 2/1 G 14/4 H 21/9 通用 29/24 | 0 |
| normal | lumen | 4 | 11.5 | 6.6% | A 7/0 B 5/2 C 16/7 D 10/3 E 15/6 F 6/2 G 9/1 H 20/7 通用 31/18 | 0 |
| normal | mizuki | 4 | 28.5 | 1.4% | A 32/11 B 11/4 C 30/10 D 35/11 E 40/8 F 5/2 G 40/14 H 51/14 通用 76/41 | 0 |
| normal | saria | 4 | 21.2 | 0.6% | A 28/13 B 14/6 C 13/2 D 23/5 E 13/7 F 3/2 G 21/9 H 33/14 通用 48/27 | 0 |
| normal | siege | 4 | 8.0 | 0.9% | A 8/2 B 2/0 C 7/1 D 11/2 E 2/2 G 6/3 H 13/10 通用 23/12 | 0 |
| normal | skadi | 4 | 23.8 | 0.0% | A 21/4 B 11/2 C 26/7 D 32/12 E 11/1 F 7/2 G 19/6 H 53/19 通用 88/42 | 0 |
| normal | specter_unchained | 4 | 17.2 | 3.3% | A 24/5 B 11/4 C 12/5 D 17/7 E 12/4 F 8/5 G 19/4 H 35/14 通用 41/22 | 0 |
| normal | suzuran | 4 | 14.8 | 3.2% | A 10/3 B 6/3 C 13/3 D 11/3 E 25/6 F 5/2 G 10/4 H 22/8 通用 39/27 | 0 |
| normal | ulpianus | 4 | 14.0 | 0.4% | A 10/3 B 2/1 C 8/3 D 9/0 E 14/7 F 4/2 G 13/4 H 23/9 通用 34/27 | 0 |
| normal | wisadel | 4 | 13.8 | 2.8% | A 14/4 B 6/4 C 14/6 D 14/2 E 21/6 F 1/0 G 16/6 H 23/8 通用 30/19 | 0 |
| 合计 | | | | | A 225/66 B 95/37 C 197/61 D 230/72 E 221/79 F 53/19 G 200/62 H 403/148 通用 568/328 | |

拿取最多（出现 / 拿取）：“观望” 0/26，“犹疑” 0/24，“决心” 0/23，海潮的气息 0/22，深蓝之心 0/22，制式防暴用具 45/19，损坏的左轮弹巢 55/19，《大静谧》 62/19，贵族刺剑 50/19，镶金骨骰 44/18，开裂的束缚带 36/18，残破合影 47/17
耗时 673s
写入 build/cloud/death-ring-b/dr_solo_0926_1804.{json,md}
