跑 14 局（1 流派 × 1 机器人 × 7 编队 × 2 seed），并行 4（全机上限 4），源文件摘要 bde53344496b4a83
### 难度 / 缩圈 / 同屏峰值

#### 前 3 分钟

| 机器人 | 难度 | 局数 | 3:00 前死亡 | 前 3 分钟承伤 均 / 中 | 3:00 时生命 |
|---|---|---|---|---|---|
| normal | 0 | 14 | 0% | 21 / 16 | 98% |

#### 死因 × 缩圈阶段 × Boss 在场（失败的局）

| 机器人 | 难度 | 死因 | 缩圈（第几轮 · 阶段） | 圈外 | Boss 在场 | 局数 | 平均死亡时间 |
|---|---|---|---|---|---|---|---|
| normal | 0 | bullet | 第 2 轮 · 稳定 | 否 | 是 | 2 | 8:00 |
| normal | 0 | corrode | 第 1 轮 · 稳定 | 否 | 是 | 2 | 6:47 |
| normal | 0 | boss_reaper | 第 2 轮 · 稳定 | 否 | 否 | 1 | 6:37 |
| normal | 0 | bullet | 第 3 轮 · 稳定 | 否 | 否 | 1 | 8:00 |
| normal | 0 | boss_tracer | 第 2 轮 · 收缩 | 否 | 否 | 1 | 8:00 |
| normal | 0 | bullet | 第 1 轮 · 稳定 | 否 | 是 | 1 | 7:17 |
| normal | 0 | bullet | 第 1 轮 · 稳定 | 否 | 否 | 1 | 8:00 |
| normal | 0 | mire | 第 3 轮 · 稳定 | 否 | 是 | 1 | 7:06 |
| normal | 0 | bullet | 第 4 轮 · 收缩 | 否 | 否 | 1 | 8:00 |
| normal | 0 | mire | 第 3 轮 · 收缩 | 否 | 否 | 1 | 8:00 |
| normal | 0 | contact_slider | 第 1 轮 · 稳定 | 否 | 否 | 1 | 6:05 |
| normal | 0 | bullet | 第 3 轮 · 收缩 | 否 | 是 | 1 | 7:48 |

#### 同屏数量峰值（每局峰值的 平均 / 最大）

| 机器人 | 难度 | 局数 | 范围 | 敌人 | 敌方弹幕（含抛射） | 我方子弹 | 特效 | 飘字 |
|---|---|---|---|---|---|---|---|---|
| normal | 0 | 14 | 全程 | 290 / 435 | 36 / 56 | 4 / 9 | 348 / 444 | 36 / 48 |
| normal | 0 | 8 | 8:00–10:00 | 214 / 323 | 13 / 34 | 2 / 6 | 84 / 267 | 15 / 32 |

### 大群（按第几次）

| 机器人 | 第几次 | 出现 | 时间 | 数量 | 清 80% 用时 均 / 中（清完/出现） | 20 秒内掉血 均 / 最大 | 30 秒内死亡 | 编成 |
|---|---|---|---|---|---|---|---|---|
| normal | 1 | 14 | 1:15 | 26 | 10s / 10s（14/14） | 4 / 23 | 0 | bone/slider/stone ×9；bone/slider ×5 |
| normal | 2 | 14 | 2:45 | 33 | 16s / 12s（14/14） | 7 / 21 | 0 | bone/slider ×9；bone/slider/stone ×5 |
| normal | 3 | 14 | 4:43 | 43 | 25s / 20s（13/14） | 22 / 73 | 0 | bone/floater/ripper/runner/slider/tracer ×6；bone/burrower/ripper/slider ×3；bone/ripper/slider/stone ×2 |
| normal | 4 | 12 | 5:54 | 49 | 24s / 20s（12/12） | 17 / 111 | 0 | bone/burrower/ripper/slider ×6；bone/offspring/ripper/slider/spitter ×4；bone/floater/ripper/runner/slider/tracer ×2 |
| normal | 5 | 7 | 7:29 | 57 | 8s / 8s（2/7） | 20 / 65 | 4 | burrower/ripper/slider/spitter ×6；bone/burrower/offspring/ripper/slider/stone ×1 |

| 编队 | n | 胜率 | 存活(均/最短) | 托底(次/首次) | Lv 2:00/5:00/8:00/末 | 终Boss剩余 | 精二占比 | 灯火 | 击杀 | 主要伤害来源 | 治疗来源(总量/无人机Lv) | 主要死因 |
|---|---|---|---|---|---|---|---|---|---|---|---|---|
| wisadel | 2 | 0% | 7:18 / 6:37 | 0.0 / - | 6 / 16 / 26 / 24 | 0% | 33% | 64 | 3402 | 余震 19% 炮击 16% 锯刃 14% Mon3tr 11% | 凯尔希 50% 拾取 25% 无人机 24% (234 / 0.5) | bullet |
| eyjafjalla | 2 | 0% | 7:38 / 7:17 | 0.0 / - | 7 / 15 / 26 / 24 | 31% | 33% | 96 | 3624 | 火山弹 31% 熔岩天降 10% 火山 9% 火星 8% | 流明 46% 水月 31% 无人机 17% (377 / 1.0) | bullet |
| skadi | 2 | 0% | 7:33 / 7:06 | 0.0 / - | 6 / 16 / 25 / 24 | 85% | 33% | 75 | 3432 | 大剑 41% 岁怒 6% 言 6% 狐火 6% | 塞雷娅 50% 流明 40% 拾取 5% (270 / 1.0) | bullet |
| mizuki | 2 | 0% | 8:00 / 8:00 | 0.0 / - | 6 / 15 / 26 / 26 | 51% | 16% | 85 | 3879 | 伞击 23% 触手 21% 技能·法术 15% 狐火 11% | 水月 47% 流明 39% 无人机 8% (444 / 0.5) | bullet |
| saria | 2 | 0% | 6:47 / 5:35 | 0.0 / - | 7 / 14 / 23 / 20 | 73% | 0% | 78 | 2802 | 狐火 30% 刺剑 22% 拳击 20% 地雷 6% | 塞雷娅 63% 流明 25% 无人机 8% (402 / 1.0) | bullet |
| kaltsit | 2 | 0% | 8:00 / 8:00 | 0.0 / - | 6 / 16 / 25 / 25 | 14% | 0% | 58 | 4041 | Mon3tr 49% 骑士 11% 狐火 10% 伞击 6% | 凯尔希 78% 水月 15% 铃兰 3% (919 / 1.0) | contact_ripper |
| suzuran | 2 | 0% | 6:56 / 6:05 | 0.0 / - | 8 / 14 / 0 / 20 | 86% | 0% | 28 | 2986 | 狐火 29% 火山弹 28% 火星 6% 食腐 5% | 铃兰 56% 塞雷娅 35% 无人机 4% (202 / 0.5) | bullet |

### 机器人指标（docs/29）

| 机器人 · 开局 | n | 胜率 | 存活 均/最短 | 3:30 存活 | 5:00 存活 | 首次招募 | 首次精一 / 精二 | 中期 Boss 击杀数 / 平均用时 | 受击/分 | 承伤/分 | 低血(<35%)秒 | 熄灯秒 | 静止% | 开局干员 伤害占比 / 每分钟 | 主要死因 |
|---|---|---|---|---|---|---|---|---|---|---|---|---|---|---|---|
| wisadel | 2 | 0% | 7:18 / 6:37 | 100% | 100% | 1:24 | 3:51 / 5:22 | 2.0 / 48s | 46.2 | 58 | 2 | 0 | 0 | 43% / 18456 | bullet |
| eyjafjalla | 2 | 0% | 7:38 / 7:17 | 100% | 100% | 1:17 | 1:47 / 5:17 | 1.5 / 88s | 30.1 | 88 | 31 | 0 | 0 | 69% / 28983 | boss_tracer |
| skadi | 2 | 0% | 7:33 / 7:06 | 100% | 100% | 1:17 | 3:41 / 5:40 | 1.5 / 95s | 12.4 | 68 | 5 | 0 | 0 | 52% / 19381 | mire |
| mizuki | 2 | 0% | 8:00 / 8:00 | 100% | 100% | 1:16 | 2:57 / 5:51 | 2.0 / 38s | 16.2 | 70 | 0 | 0 | 0 | 63% / 27116 | bullet |
| saria | 2 | 0% | 6:47 / 5:35 | 100% | 100% | 1:13 | 6:12 / - | 0.5 / 93s | 24.9 | 90 | 4 | 0 | 0 | 23% / 5670 | bullet |
| kaltsit | 2 | 0% | 8:00 / 8:00 | 100% | 100% | 1:26 | 4:50 / - | 1.5 / 54s | 102.8 | 133 | 0 | 50 | 0 | 50% / 25027 | mire |
| suzuran | 2 | 0% | 6:56 / 6:05 | 100% | 100% | 1:18 | 4:00 / - | 1.0 / 101s | 16.5 | 71 | 25 | 0 | 0 | 29% / 7434 | contact_slider |

### 藏品（docs/35）

| 机器人 | 开局 | 局数 | 平均藏品数 | 藏品直接伤害 | 各流派 出现 / 拿取 | 无效拿取 |
|---|---|---|---|---|---|---|
| normal | eyjafjalla | 2 | 14.0 | 2.5% | A 4/1 B 1/0 C 3/1 D 3/2 E 7/2 F 3/1 G 4/2 H 11/4 通用 18/15 | 0 |
| normal | kaltsit | 2 | 11.5 | 3.4% | A 6/1 B 1/1 C 5/3 D 1/0 E 2/1 G 6/2 H 14/3 通用 14/12 | 0 |
| normal | mizuki | 2 | 15.0 | 3.2% | A 7/3 B 2/1 C 8/4 D 7/4 E 3/1 F 1/0 G 6/0 H 13/4 通用 20/13 | 0 |
| normal | saria | 2 | 5.5 | 6.9% | A 2/1 D 3/1 E 3/1 G 4/0 H 2/0 通用 4/8 | 0 |
| normal | skadi | 2 | 7.5 | 10.9% | A 4/0 B 5/2 C 2/1 D 2/1 E 2/1 F 1/0 G 3/0 H 5/1 通用 13/9 | 0 |
| normal | suzuran | 2 | 12.0 | 10.4% | A 5/2 B 5/2 C 4/1 D 7/3 E 2/0 F 2/1 G 4/1 H 7/4 通用 10/11 | 0 |
| normal | wisadel | 2 | 16.0 | 2.5% | A 6/1 B 2/0 C 7/3 D 2/1 E 6/4 F 1/0 G 11/5 H 10/3 通用 15/15 | 0 |
| 合计 | | | | | A 34/9 B 16/6 C 29/13 D 25/12 E 25/10 F 8/2 G 38/10 H 62/19 通用 94/83 | |

拿取最多（出现 / 拿取）：支援地雷组 0/14，“犹疑” 0/10，海潮的气息 0/8，“决心” 0/7，凯旋号角 9/6，教母的信物 6/5，镶金骨骰 9/5，“黑夜呢喃” 5/5，“璀璨悲泣” 7/4，老近卫军之锋 11/4，夜阳花 7/4，古旧的蒸汽甲胄 7/4
耗时 135s
写入 build/cloud/relic-r5-mine-base/r5mine_base_0926_1745.{json,md}
