跑 112 局（1 流派 × 2 机器人 × 7 编队 × 8 seed），并行 4（全机上限 4），源文件摘要 9e9f3bfbf1411399
### 最终 Boss（按类型；上面的「终局」列是四种混算）

| 机器人 | 最终 Boss | 结局 | 出场 | 击杀 | 用时 均 / 中 / 最短–最长 | 未击杀时剩余血量 |
|---|---|---|---|---|---|---|
| expert | 伊祖米克 | deep 6 | 6 | 5 | 58s / 56s / 50–66s | 82% |
| expert | 偏执泡影 | standard 5 | 5 | 1 | 111s / 111s / 111–111s | 76% |
| expert | 伊莎玛拉 | resolve 4 | 4 | 4 | 62s / 43s / 11–153s | - |
| expert | 最后的骑士 | knight 2 | 2 | 2 | 51s / 51s / 45–57s | - |
| normal | 偏执泡影 | standard 1 | 1 | 0 | - | 99% |

### 难度 / 缩圈 / 同屏峰值

#### 前 3 分钟

| 机器人 | 难度 | 局数 | 3:00 前死亡 | 前 3 分钟承伤 均 / 中 | 3:00 时生命 |
|---|---|---|---|---|---|
| expert | 0 | 56 | 0% | 33 / 30 | 100% |
| normal | 0 | 56 | 0% | 43 / 34 | 96% |

#### 死因 × 缩圈阶段 × Boss 在场（失败的局）

| 机器人 | 难度 | 死因 | 缩圈（第几轮 · 阶段） | 圈外 | Boss 在场 | 局数 | 平均死亡时间 |
|---|---|---|---|---|---|---|---|
| expert | 0 | bullet | 第 1 轮 · 稳定 | 否 | 是 | 7 | 6:38 |
| expert | 0 | bullet | 第 3 轮 · 稳定 | 否 | 是 | 4 | 8:58 |
| expert | 0 | corrode | 第 3 轮 · 稳定 | 否 | 是 | 2 | 7:31 |
| expert | 0 | corrode | 第 1 轮 · 稳定 | 否 | 是 | 2 | 4:25 |
| expert | 0 | bullet | 第 2 轮 · 稳定 | 否 | 是 | 2 | 10:24 |
| expert | 0 | corrode | 第 3 轮 · 收缩 | 否 | 否 | 2 | 7:41 |
| expert | 0 | bullet | 第 5 轮 · 预告 | 否 | 否 | 1 | 8:59 |
| expert | 0 | dark | 第 2 轮 · 稳定 | 否 | 否 | 1 | 5:48 |
| expert | 0 | mire | 第 2 轮 · 稳定 | 否 | 否 | 1 | 6:03 |
| expert | 0 | contact_burrower | 第 1 轮 · 稳定 | 否 | 是 | 1 | 5:02 |
| expert | 0 | contact_slider | 第 1 轮 · 稳定 | 否 | 是 | 1 | 4:13 |
| expert | 0 | mire | 第 3 轮 · 收缩 | 否 | 否 | 1 | 8:54 |
| expert | 0 | corrode | 第 3 轮 · 收缩 | 否 | 是 | 1 | 7:21 |
| expert | 0 | shock | 第 3 轮 · 预告 | 否 | 是 | 1 | 7:53 |
| expert | 0 | contact_fractal | 第 1 轮 · 稳定 | 否 | 是 | 1 | 7:12 |
| expert | 0 | bullet | 第 2 轮 · 稳定 | 否 | 否 | 1 | 6:25 |
| expert | 0 | corrode | 第 4 轮 · 预告 | 否 | 否 | 1 | 9:17 |
| expert | 0 | contact_tracer | 第 4 轮 · 稳定 | 否 | 是 | 1 | 10:27 |
| expert | 0 | mire | 第 4 轮 · 稳定 | 否 | 否 | 1 | 8:51 |
| expert | 0 | boss_reaper | 第 2 轮 · 稳定 | 否 | 是 | 1 | 9:09 |
| expert | 0 | shock | 第 1 轮 · 稳定 | 否 | 是 | 1 | 9:23 |
| expert | 0 | corrode | 第 2 轮 · 预告 | 否 | 是 | 1 | 8:33 |
| expert | 0 | dark | 第 1 轮 · 稳定 | 否 | 是 | 1 | 4:19 |
| expert | 0 | corrode | 第 4 轮 · 稳定 | 否 | 是 | 1 | 13:00 |
| expert | 0 | contact_path | 第 3 轮 · 收缩 | 否 | 是 | 1 | 7:09 |
| expert | 0 | corrode | 第 3 轮 · 预告 | 否 | 是 | 1 | 7:06 |
| expert | 0 | bullet | 第 2 轮 · 预告 | 否 | 否 | 1 | 5:04 |
| expert | 0 | bullet | 第 2 轮 · 收缩 | 否 | 否 | 1 | 6:14 |
| expert | 0 | bullet | 第 3 轮 · 预告 | 否 | 是 | 1 | 8:11 |
| expert | 0 | mire | 第 1 轮 · 稳定 | 否 | 是 | 1 | 4:53 |
| expert | 0 | contact_tracer | 第 3 轮 · 预告 | 否 | 否 | 1 | 6:44 |
| normal | 0 | corrode | 第 1 轮 · 稳定 | 否 | 是 | 20 | 4:51 |
| normal | 0 | mire | 第 1 轮 · 稳定 | 否 | 是 | 5 | 6:38 |
| normal | 0 | dark | 第 1 轮 · 稳定 | 否 | 是 | 3 | 4:31 |
| normal | 0 | contact_slider | 第 1 轮 · 稳定 | 否 | 是 | 3 | 5:26 |
| normal | 0 | contact_slider | 第 1 轮 · 稳定 | 否 | 否 | 2 | 4:13 |
| normal | 0 | shock | 第 1 轮 · 稳定 | 否 | 是 | 2 | 4:32 |
| normal | 0 | contact_tracer | 第 1 轮 · 稳定 | 否 | 是 | 2 | 5:35 |
| normal | 0 | dark | 第 3 轮 · 预告 | 否 | 是 | 1 | 7:07 |
| normal | 0 | bullet | 第 2 轮 · 稳定 | 否 | 否 | 1 | 5:29 |
| normal | 0 | boss_reaper | 第 1 轮 · 稳定 | 否 | 否 | 1 | 4:58 |
| normal | 0 | bullet | 第 1 轮 · 稳定 | 否 | 否 | 1 | 4:51 |
| normal | 0 | boss_tracer | 第 1 轮 · 稳定 | 否 | 是 | 1 | 4:54 |
| normal | 0 | corrode | 第 3 轮 · 预告 | 否 | 是 | 1 | 7:57 |
| normal | 0 | boss_nest | 第 3 轮 · 预告 | 否 | 否 | 1 | 6:47 |
| normal | 0 | mire | 第 2 轮 · 收缩 | 否 | 否 | 1 | 5:20 |
| normal | 0 | bullet | 第 1 轮 · 稳定 | 否 | 是 | 1 | 4:52 |
| normal | 0 | bullet | 第 2 轮 · 收缩 | 否 | 否 | 1 | 5:24 |
| normal | 0 | contact_burrower | 第 1 轮 · 稳定 | 否 | 是 | 1 | 4:50 |
| normal | 0 | contact_tracer | 第 2 轮 · 稳定 | 否 | 否 | 1 | 6:18 |
| normal | 0 | contact_slider | 第 3 轮 · 预告 | 否 | 否 | 1 | 6:52 |
| normal | 0 | boss_tracer | 第 2 轮 · 收缩 | 否 | 否 | 1 | 5:43 |
| normal | 0 | contact_iberia | 第 1 轮 · 稳定 | 否 | 是 | 1 | 5:56 |
| normal | 0 | corrode | 第 5 轮 · 预告 | 否 | 否 | 1 | 9:26 |
| normal | 0 | contact_tracer | 第 2 轮 · 收缩 | 否 | 否 | 1 | 5:19 |
| normal | 0 | corrode | 第 2 轮 · 预告 | 否 | 否 | 1 | 5:15 |
| normal | 0 | bullet | 第 2 轮 · 预告 | 否 | 否 | 1 | 5:03 |

#### 同屏数量峰值（每局峰值的 平均 / 最大）

| 机器人 | 难度 | 局数 | 范围 | 敌人 | 敌方弹幕（含抛射） | 我方子弹 | 特效 | 飘字 |
|---|---|---|---|---|---|---|---|---|
| expert | 0 | 56 | 全程 | 249 / 484 | 41 / 95 | 3 / 9 | 353 / 510 | 46 / 48 |
| expert | 0 | 27 | 8:00–10:00 | 264 / 484 | 45 / 95 | 2 / 9 | 351 / 444 | 48 / 48 |
| normal | 0 | 56 | 全程 | 260 / 507 | 20 / 71 | 2 / 8 | 321 / 545 | 40 / 48 |
| normal | 0 | 2 | 8:00–10:00 | 362 / 462 | 64 / 71 | 5 / 5 | 480 / 497 | 48 / 48 |

### 大群（按第几次）

| 机器人 | 第几次 | 出现 | 时间 | 数量 | 清 80% 用时 均 / 中（清完/出现） | 20 秒内掉血 均 / 最大 | 30 秒内死亡 | 编成 |
|---|---|---|---|---|---|---|---|---|
| expert | 1 | 56 | 1:15 | 36 | 15s / 13s（56/56） | 3 / 10 | 0 | bone/slider ×35；bone/slider/stone ×21 |
| expert | 2 | 56 | 2:45 | 46 | 14s / 12s（56/56） | 4 / 14 | 0 | bone/slider/stone ×35；bone/slider ×21 |
| expert | 3 | 52 | 4:16 | 57 | 21s / 16s（51/52） | 13 / 68 | 1 | bone/floater/ripper/runner/slider ×28；bone/ripper/slider/stone ×13；bone/offspring/ripper/slider/stone ×11 |
| expert | 4 | 44 | 5:41 | 67 | 20s / 13s（43/44） | 24 / 98 | 1 | bone/burrower/ripper/slider ×22；bone/offspring/ripper/slider/spitter ×13；bone/floater/ripper/runner/slider/tracer ×9 |
| expert | 5 | 38 | 7:01 | 77 | 23s / 17s（33/38） | 36 / 114 | 7 | bone/floater/founder/nest/ripper/runner/slider ×17；burrower/ripper/slider/spitter ×11；bone/burrower/offspring/ripper/slider/stone ×10 |
| expert | 6 | 27 | 8:12 | 84 | 15s / 12s（24/27） | 36 / 141 | 4 | bone/floater/founder/nest/ripper/runner/slider ×13；bone/burrower/offspring/ripper/slider/stone ×8；burrower/ripper/slider/spitter ×6 |
| expert | 7 | 17 | 9:21 | 92 | 19s / 11s（16/17） | 28 / 103 | 1 | burrower/offspring/ripper/slider/spitter/stone ×9；burrower/hulk/ripper/slider/spitter ×6；burrower/floater/founder/nest/reaper/ripper/runner/slider/tracer ×2 |
| normal | 1 | 56 | 1:15 | 36 | 11s / 10s（56/56） | 12 / 55 | 0 | bone/slider/stone ×29；bone/slider ×27 |
| normal | 2 | 56 | 2:45 | 46 | 20s / 13s（55/56） | 12 / 73 | 0 | bone/slider ×29；bone/slider/stone ×27 |
| normal | 3 | 48 | 4:15 | 57 | 35s / 24s（31/48） | 25 / 97 | 10 | bone/ripper/slider/stone ×17；bone/offspring/ripper/slider/stone ×17；bone/floater/ripper/runner/slider ×14 |
| normal | 4 | 17 | 5:40 | 67 | 31s / 30s（9/17） | 47 / 168 | 5 | bone/floater/ripper/runner/slider/tracer ×8；bone/burrower/ripper/slider ×7；bone/offspring/ripper/slider/spitter ×2 |
| normal | 5 | 7 | 7:00 | 77 | 9s / 9s（1/7） | 72 / 153 | 3 | bone/burrower/offspring/ripper/slider/stone ×4；burrower/ripper/slider/spitter ×2；bone/floater/founder/nest/ripper/runner/slider ×1 |
| normal | 6 | 2 | 8:10 | 84 | 13s / 13s（1/2） | 26 / 46 | 0 | bone/burrower/offspring/ripper/slider/stone ×2 |
| normal | 7 | 2 | 9:20 | 92 | -（0/2） | 124 / 202 | 1 | burrower/offspring/ripper/slider/spitter/stone ×1；burrower/floater/founder/nest/reaper/ripper/runner/slider/tracer ×1 |

### 按机器人汇总

| 机器人 | 局数 | 胜率 | 平均存活 | 3:30 存活 | 平均终局等级 | 平均击杀 | 目标（胜率 / 存活） | 判定 |
|---|---|---|---|---|---|---|---|---|
| normal | 56 | 0% | 5:22 | 98% | 15.3 | 1912 | 30–55% / 7:00–13:00 | **偏难** |
| expert | 56 | 21% | 8:14 | 100% | 24.9 | 4274 | 70–95% / 9:00–13:00 | **偏难** |

### 明细

| 编队 | n | 胜率 | 存活(均/最短) | 托底(次/首次) | Lv 2:00/5:00/8:00/末 | 终Boss剩余 | 精二占比 | 灯火 | 击杀 | 主要伤害来源 | 治疗来源(总量/无人机Lv) | 主要死因 |
|---|---|---|---|---|---|---|---|---|---|---|---|---|
| [expert] wisadel | 8 | 37% | 8:18 / 4:01 | 0.0 / - | 7 / 16 / 26 / 26 | 23% | 83% | 25 | 4531 | 余震 19% 殉爆 19% 炮击 8% 饱和炮击 7% | 凯尔希 24% 拾取 19% 流明 18% (524 / 0.0) | bullet |
| [expert] eyjafjalla | 8 | 12% | 6:44 / 4:07 | 0.0 / - | 7 / 16 / 26 / 21 | 35% | 70% | 30 | 3152 | 火山弹 27% 火山 11% 熔岩天降 9% 火星 7% | 拾取 50% 凯尔希 35% 流明 7% (324 / 0.1) | bullet |
| [expert] skadi | 8 | 25% | 8:25 / 3:43 | 0.0 / - | 7 / 14 / 25 / 24 | 73% | 75% | 46 | 4384 | 大剑 33% 跃浪 7% Mon3tr 7% 狐火 4% | 凯尔希 35% 流明 35% 拾取 27% (744 / 0.0) | bullet |
| [expert] mizuki | 8 | 50% | 9:52 / 7:15 | 0.0 / - | 7 / 16 / 26 / 31 | 85% | 100% | 29 | 5905 | 触手 21% 伞击 14% 技能 5% 言 4% | 水月 72% 塞雷娅 13% 凯尔希 9% (708 / 0.8) | bullet |
| [expert] saria | 8 | 12% | 8:53 / 5:08 | 0.0 / - | 6 / 14 / 24 / 26 | 66% | 91% | 44 | 4461 | 大剑 15% 锚击 9% 骑士 7% 锯刃 7% | 塞雷娅 67% 流明 22% 水月 6% (782 / 0.0) | bullet |
| [expert] kaltsit | 8 | 12% | 8:10 / 4:19 | 0.0 / - | 6 / 15 / 24 / 25 | 45% | 91% | 3 | 4294 | Mon3tr 24% Mon3tr · 真伤 17% 火山弹 6% 锯刃 6% | 凯尔希 96% 铃兰 2% 拾取 1% (811 / 0.0) | bullet |
| [expert] suzuran | 8 | 0% | 7:14 / 4:53 | 0.0 / - | 6 / 15 / 24 / 21 | 62% | 79% | 25 | 3188 | 狐火 27% Mon3tr 9% 言 6% 围炉 6% | 铃兰 48% 凯尔希 17% 塞雷娅 15% (278 / 0.0) | bullet |
| [normal] wisadel | 8 | 0% | 5:13 / 3:50 | 0.0 / - | 7 / 15 / 0 / 15 | 54% | 0% | 24 | 1868 | 余震 22% 炮击 19% 殉爆 7% 骑士 4% | 拾取 43% 塞雷娅 23% 凯尔希 12% (184 / 0.0) | contact_ripper |
| [normal] eyjafjalla | 8 | 0% | 4:24 / 3:21 | 0.0 / - | 7 / 0 / 0 / 12 | 63% | 4% | 33 | 1295 | 火山弹 47% 火星 7% 锤击 6% 大剑 6% | 流明 31% 拾取 31% 商店 12% (77 / 0.1) | shock |
| [normal] skadi | 8 | 0% | 5:51 / 3:52 | 0.0 / - | 6 / 15 / 0 / 17 | 52% | 17% | 19 | 2209 | 大剑 38% 锚击 8% 骑士 7% 火山弹 5% | 拾取 19% 塞雷娅 18% 流明 17% (167 / 0.1) | bullet |
| [normal] mizuki | 8 | 0% | 5:17 / 4:43 | 0.0 / - | 7 / 15 / 0 / 15 | 65% | 4% | 18 | 1800 | 伞击 16% 锯刃 11% 大剑 9% 刺剑 8% | 拾取 25% 无人机 13% 凯尔希 11% (153 / 0.2) | bullet |
| [normal] saria | 8 | 0% | 5:32 / 4:04 | 0.0 / - | 6 / 14 / 0 / 15 | 74% | 4% | 12 | 1860 | 拳击 22% Mon3tr 21% 骑士 12% 伞击 6% | 塞雷娅 65% 凯尔希 21% 流明 8% (353 / 0.4) | bullet |
| [normal] kaltsit | 8 | 0% | 4:55 / 3:30 | 0.0 / - | 6 / 15 / 0 / 14 | 76% | 0% | 4 | 1743 | Mon3tr 39% 骑士 8% 大剑 6% 火山弹 6% | 凯尔希 86% 塞雷娅 5% 拾取 2% (372 / 0.4) | contact_ripper |
| [normal] suzuran | 8 | 0% | 6:23 / 4:22 | 0.0 / - | 7 / 14 / 24 / 18 | 71% | 12% | 26 | 2612 | 狐火 38% 伞击 10% 骑士 7% 技能·法术 6% | 铃兰 33% 流明 26% 塞雷娅 19% (372 / 0.5) | bullet |

### 机器人指标（docs/29）

| 机器人 · 开局 | n | 胜率 | 存活 均/最短 | 3:30 存活 | 5:00 存活 | 首次招募 | 首次精一 / 精二 | 中期 Boss 击杀数 / 平均用时 | 受击/分 | 承伤/分 | 低血(<35%)秒 | 熄灯秒 | 静止% | 开局干员 伤害占比 / 每分钟 | 主要死因 |
|---|---|---|---|---|---|---|---|---|---|---|---|---|---|---|---|
| [expert] wisadel | 8 | 37% | 8:18 / 4:01 | 100% | 87% | 1:27 | 0:55 / 3:02 | 1.6 / 38s | 11.3 | 74 | 8 | 18 | 12 | 58% / 51987 | bullet |
| [expert] eyjafjalla | 8 | 12% | 6:44 / 4:07 | 100% | 75% | 1:36 | 0:58 / 3:04 | 1.0 / 51s | 22.4 | 67 | 6 | 16 | 8 | 64% / 35949 | bullet |
| [expert] skadi | 8 | 25% | 8:25 / 3:43 | 100% | 87% | 1:14 | 0:50 / 3:09 | 1.0 / 54s | 24.9 | 105 | 13 | 21 | 10 | 47% / 32859 | bullet |
| [expert] mizuki | 8 | 50% | 9:52 / 7:15 | 100% | 100% | 1:21 | 0:52 / 3:03 | 2.6 / 45s | 15.2 | 79 | 1 | 31 | 14 | 44% / 53421 | contact_tracer |
| [expert] saria | 8 | 12% | 8:53 / 5:08 | 100% | 100% | 1:47 | 0:51 / 3:21 | 1.0 / 85s | 12.0 | 98 | 3 | 16 | 9 | 11% / 7440 | bullet |
| [expert] kaltsit | 8 | 12% | 8:10 / 4:19 | 100% | 87% | 1:50 | 1:28 / 3:03 | 1.5 / 69s | 37.1 | 98 | 5 | 50 | 12 | 45% / 27631 | corrode |
| [expert] suzuran | 8 | 0% | 7:14 / 4:53 | 100% | 87% | 1:56 | 0:58 / 3:11 | 0.9 / 122s | 12.2 | 53 | 6 | 2 | 11 | 33% / 11837 | bullet |
| [normal] wisadel | 8 | 0% | 5:13 / 3:50 | 100% | 50% | 1:23 | 3:28 / - | 0.5 / 65s | 31.6 | 67 | 13 | 17 | 0 | 52% / 11572 | corrode |
| [normal] eyjafjalla | 8 | 0% | 4:24 / 3:21 | 87% | 0% | 1:25 | 3:17 / 3:49 | 0.1 / 63s | 28.6 | 68 | 18 | 6 | 0 | 65% / 8442 | dark |
| [normal] skadi | 8 | 0% | 5:51 / 3:52 | 100% | 62% | 1:17 | 3:11 / 4:16 | 0.4 / 64s | 15.5 | 70 | 22 | 8 | 0 | 51% / 15198 | corrode |
| [normal] mizuki | 8 | 0% | 5:17 / 4:43 | 100% | 62% | 1:21 | 4:11 / 7:07 | 0.1 / 46s | 25.3 | 59 | 16 | 26 | 0 | 31% / 6430 | corrode |
| [normal] saria | 8 | 0% | 5:32 / 4:04 | 100% | 62% | 1:21 | 3:35 / 5:28 | 0.1 / 66s | 19.6 | 77 | 5 | 27 | 0 | 28% / 5449 | corrode |
| [normal] kaltsit | 8 | 0% | 4:55 / 3:30 | 100% | 37% | 1:24 | 3:25 / - | 0.2 / 73s | 56.8 | 92 | 6 | 35 | 0 | 39% / 8182 | corrode |
| [normal] suzuran | 8 | 0% | 6:23 / 4:22 | 100% | 75% | 1:28 | 3:23 / 8:24 | 0.6 / 41s | 21.4 | 75 | 14 | 41 | 0 | 39% / 11816 | corrode |

### 藏品（docs/35）

| 机器人 | 开局 | 局数 | 平均藏品数 | 藏品直接伤害 | 各流派 出现 / 拿取 | 无效拿取 |
|---|---|---|---|---|---|---|
| expert | eyjafjalla | 8 | 13.8 | 1.9% | A 28/10 B 13/7 C 22/12 D 24/4 E 23/6 F 4/1 G 24/12 H 50/12 通用 72/46 | 0 |
| expert | kaltsit | 8 | 13.5 | 3.6% | A 23/7 B 10/8 C 20/8 D 24/7 E 23/6 F 7/2 G 22/8 H 42/15 通用 89/48 | 0 |
| expert | mizuki | 8 | 22.1 | 3.0% | A 49/17 B 19/13 C 36/20 D 44/12 E 39/12 F 19/10 G 31/13 H 78/26 通用 103/57 | 0 |
| expert | saria | 8 | 13.8 | 1.8% | A 30/7 B 9/6 C 22/14 D 24/5 E 24/6 F 4/2 G 36/13 H 47/16 通用 74/41 | 0 |
| expert | skadi | 8 | 12.2 | 1.8% | A 38/9 B 12/8 C 20/8 D 22/4 E 21/8 F 5/4 G 20/7 H 60/11 通用 82/40 | 0 |
| expert | suzuran | 8 | 10.0 | 1.7% | A 12/4 B 9/2 C 10/5 D 14/5 E 26/5 F 7/3 G 14/5 H 25/10 通用 52/41 | 0 |
| expert | wisadel | 8 | 17.1 | 4.3% | A 29/11 B 16/5 C 22/9 D 38/7 E 35/14 F 4/1 G 42/22 H 54/21 通用 85/47 | 0 |
| normal | eyjafjalla | 8 | 4.1 | 0.0% | A 9/1 B 4/2 C 8/2 D 7/5 E 10/6 F 1/0 G 9/3 H 5/2 通用 27/12 | 0 |
| normal | kaltsit | 8 | 4.5 | 3.2% | A 12/4 B 4/2 C 4/1 D 6/5 E 8/2 F 2/1 G 8/0 H 12/4 通用 29/17 | 0 |
| normal | mizuki | 8 | 4.8 | 0.0% | A 7/3 B 4/1 C 8/1 D 9/3 E 5/2 G 5/1 H 18/8 通用 19/19 | 0 |
| normal | saria | 8 | 2.9 | 0.5% | A 6/2 B 1/1 C 3/1 D 1/0 E 3/1 F 3/1 G 6/0 H 13/3 通用 12/14 | 0 |
| normal | skadi | 8 | 6.4 | 0.7% | A 24/8 B 5/1 C 11/3 D 8/4 E 7/1 F 4/1 G 6/4 H 13/3 通用 37/26 | 0 |
| normal | suzuran | 8 | 7.6 | 6.1% | A 7/3 B 4/1 C 14/4 D 9/2 E 13/8 F 4/3 G 14/3 H 19/9 通用 41/28 | 0 |
| normal | wisadel | 8 | 7.0 | 2.2% | A 16/4 B 8/3 C 16/5 D 11/6 E 8/2 F 8/2 G 11/4 H 20/10 通用 44/20 | 0 |
| 合计 | | | | | A 290/90 B 118/60 C 216/93 D 241/69 E 245/79 F 72/31 G 248/95 H 456/150 通用 766/456 | |

拿取最多（出现 / 拿取）：“观望” 0/49，海潮的气息 0/48，“决心” 0/39，“犹疑” 0/34，深蓝之心 0/27，凯旋号角 61/22，散轶诗简 54/17，镶金骨骰 56/16，银餐叉 57/16，聚火源石虫 50/16，制式防暴用具 52/16，奇渊面具 57/16
耗时 984s
写入 build/cloud/tiers-cal-t2/tc_t2_0926_1612.{json,md}
