跑 56 局（1 流派 × 2 机器人 × 7 编队 × 4 seed），并行 4（全机上限 4），源文件摘要 f69d4fbb4acb51d1
### 按机器人汇总

| 机器人 | 局数 | 胜率 | 平均存活 | 3:30 存活 | 平均终局等级 | 平均击杀 | 目标（胜率 / 存活） | 判定 |
|---|---|---|---|---|---|---|---|---|
| normal | 28 | 50% | 9:01 | 100% | 26.5 | 4983 | 30–55% / 7:00–13:00 | **达标** |
| expert | 28 | 92% | 10:38 | 100% | 32.2 | 6497 | 70–95% / 9:00–13:00 | **达标** |

### 明细

| 编队 | n | 胜率 | 存活(均/最短) | 托底(次/首次) | Lv 2:00/5:00/8:00/末 | 终Boss剩余 | 精二占比 | 灯火 | 击杀 | 主要伤害来源 | 治疗来源(总量/无人机Lv) | 主要死因 |
|---|---|---|---|---|---|---|---|---|---|---|---|---|
| [expert] wisadel | 4 | 100% | 10:30 / 10:13 | 0.0 / - | 8 / 16 / 25 / 32 | - | 100% | 86 | 6465 | 余震 16% 殉爆 15% 锯刃 10% 饱和炮击 9% | 拾取 34% 凯尔希 24% 水月 21% (159 / 1.5) | bullet |
| [expert] eyjafjalla | 4 | 75% | 10:24 / 8:54 | 0.0 / - | 7 / 16 / 25 / 32 | 0% | 100% | 39 | 6312 | 火山弹 29% 火山 10% 熔岩天降 8% 火星 6% | 塞雷娅 43% 流明 24% 铃兰 16% (459 / 0.0) | bullet |
| [expert] skadi | 4 | 100% | 10:45 / 10:17 | 0.0 / - | 8 / 16 / 25 / 32 | - | 100% | 70 | 6618 | 大剑 26% 言 8% 殉爆 7% 提喻 5% | 凯尔希 45% 拾取 22% 流明 20% (414 / 0.2) | bullet |
| [expert] mizuki | 4 | 100% | 10:32 / 10:12 | 0.0 / - | 7 / 16 / 25 / 32 | - | 100% | 74 | 6488 | 触手 36% 伞击 20% 技能 8% 锯刃 7% | 水月 73% 塞雷娅 8% 流明 7% (324 / 1.0) | bullet |
| [expert] saria | 4 | 100% | 10:55 / 10:20 | 0.0 / - | 6 / 16 / 24 / 32 | - | 100% | 69 | 6636 | Mon3tr · 真伤 13% Mon3tr 11% 藏品 9% 锚击 8% | 塞雷娅 57% 凯尔希 36% 拾取 2% (667 / 0.0) | bullet |
| [expert] kaltsit | 4 | 100% | 10:40 / 10:21 | 0.0 / - | 5 / 16 / 24 / 32 | - | 100% | 65 | 6538 | Mon3tr · 真伤 12% Mon3tr 10% 言 7% 殉爆 7% | 凯尔希 83% 塞雷娅 12% 铃兰 3% (428 / 0.0) | bullet |
| [expert] suzuran | 4 | 75% | 10:41 / 10:13 | 0.0 / - | 6 / 15 / 24 / 32 | 87% | 92% | 60 | 6419 | 藏品 9% 狐火 8% 大剑 6% 言 6% | 铃兰 40% 凯尔希 20% 流明 19% (500 / 0.2) | bullet |
| [normal] wisadel | 4 | 75% | 10:03 / 6:52 | 0.0 / - | 7 / 16 / 24 / 30 | - | 41% | 72 | 5858 | 余震 20% 殉爆 11% 炮击 11% Mon3tr 10% | 凯尔希 27% 流明 21% 水月 16% (841 / 0.5) | shock |
| [normal] eyjafjalla | 4 | 0% | 5:59 / 3:41 | 0.0 / - | 7 / 14 / 0 / 18 | 73% | 0% | 36 | 2202 | 火山弹 32% 大剑 14% 刺剑 6% 骑士 5% | 拾取 67% 藏品 7% (33 / 0.0) | bullet |
| [normal] skadi | 4 | 25% | 9:36 / 8:07 | 0.0 / - | 7 / 16 / 25 / 29 | 80% | 33% | 59 | 5430 | 大剑 25% 锚击 12% 狐火 8% 殉爆 7% | 拾取 46% 流明 24% 无人机 17% (302 / 0.5) | bullet |
| [normal] mizuki | 4 | 100% | 10:37 / 10:04 | 0.0 / - | 7 / 16 / 25 / 32 | - | 58% | 68 | 6506 | 触手 24% 伞击 19% 大剑 8% Mon3tr 8% | 水月 75% 凯尔希 13% 塞雷娅 6% (682 / 0.2) | mire |
| [normal] saria | 4 | 100% | 11:12 / 10:49 | 0.0 / - | 6 / 16 / 24 / 32 | - | 33% | 92 | 6985 | 大剑 24% Mon3tr 14% 拳击 7% 提喻 6% | 塞雷娅 52% 凯尔希 24% 水月 15% (1507 / 0.8) | shock |
| [normal] kaltsit | 4 | 50% | 8:26 / 5:21 | 0.0 / - | 6 / 15 / 24 / 25 | - | 50% | 32 | 4614 | Mon3tr 23% 锤击 12% 刺剑 10% Mon3tr · 真伤 10% | 凯尔希 96% 拾取 2% 无人机 0% (1377 / 0.5) | contact_ripper |
| [normal] suzuran | 4 | 0% | 7:15 / 4:45 | 0.0 / - | 7 / 15 / 22 / 21 | - | 8% | 26 | 3288 | 狐火 32% 火山弹 13% 锯刃 7% 殉爆 6% | 商店 25% 塞雷娅 24% 凯尔希 23% (288 / 0.0) | bullet |

### 机器人指标（docs/29）

| 机器人 · 开局 | n | 胜率 | 存活 均/最短 | 3:30 存活 | 5:00 存活 | 首次招募 | 首次精一 / 精二 | 中期 Boss 击杀数 / 平均用时 | 受击/分 | 承伤/分 | 低血(<35%)秒 | 熄灯秒 | 静止% | 开局干员 伤害占比 / 每分钟 | 主要死因 |
|---|---|---|---|---|---|---|---|---|---|---|---|---|---|---|---|
| [expert] wisadel | 4 | 100% | 10:30 / 10:13 | 100% | 100% | 1:11 | 0:48 / 3:29 | 2.8 / 16s | 10.4 | 23 | 0 | 0 | 15 | 49% / 43475 | - |
| [expert] eyjafjalla | 4 | 75% | 10:24 / 8:54 | 100% | 100% | 1:41 | 0:51 / 2:34 | 3.0 / 37s | 24.6 | 68 | 0 | 2 | 18 | 62% / 57776 | mire |
| [expert] skadi | 4 | 100% | 10:45 / 10:17 | 100% | 100% | 1:20 | 0:51 / 3:32 | 2.0 / 33s | 20.0 | 71 | 2 | 2 | 18 | 37% / 30976 | - |
| [expert] mizuki | 4 | 100% | 10:32 / 10:12 | 100% | 100% | 1:24 | 0:51 / 3:23 | 2.2 / 24s | 8.7 | 34 | 0 | 4 | 16 | 67% / 53286 | - |
| [expert] saria | 4 | 100% | 10:55 / 10:20 | 100% | 100% | 1:42 | 0:46 / 3:43 | 2.8 / 70s | 29.6 | 70 | 0 | 0 | 21 | 9% / 8358 | - |
| [expert] kaltsit | 4 | 100% | 10:40 / 10:21 | 100% | 100% | 1:53 | 1:31 / 3:14 | 2.2 / 34s | 15.2 | 50 | 0 | 1 | 20 | 24% / 19213 | - |
| [expert] suzuran | 4 | 75% | 10:41 / 10:13 | 100% | 100% | 1:28 | 0:56 / 3:04 | 2.8 / 67s | 17.9 | 70 | 5 | 6 | 18 | 11% / 10025 | mire |
| [normal] wisadel | 4 | 75% | 10:03 / 6:52 | 100% | 100% | 1:17 | 3:54 / 8:02 | 2.2 / 57s | 54.9 | 104 | 9 | 0 | 0 | 49% / 35215 | contact_slider |
| [normal] eyjafjalla | 4 | 0% | 5:59 / 3:41 | 100% | 75% | 1:16 | 4:26 / - | 0.5 / 92s | 34.7 | 60 | 46 | 0 | 0 | 41% / 7534 | corrode |
| [normal] skadi | 4 | 25% | 9:36 / 8:07 | 100% | 100% | 1:24 | 3:18 / 6:54 | 2.5 / 33s | 62.5 | 109 | 20 | 0 | 0 | 35% / 21952 | zone |
| [normal] mizuki | 4 | 100% | 10:37 / 10:04 | 100% | 100% | 1:16 | 3:06 / 6:16 | 2.0 / 27s | 44.6 | 78 | 1 | 11 | 0 | 54% / 41687 | - |
| [normal] saria | 4 | 100% | 11:12 / 10:49 | 100% | 100% | 1:14 | 4:50 / 8:31 | 2.2 / 38s | 70.1 | 148 | 0 | 19 | 0 | 10% / 8595 | - |
| [normal] kaltsit | 4 | 50% | 8:26 / 5:21 | 100% | 100% | 1:20 | 2:30 / 6:23 | 1.8 / 44s | 92.0 | 166 | 10 | 21 | 0 | 35% / 21799 | contact_burrower |
| [normal] suzuran | 4 | 0% | 7:15 / 4:45 | 100% | 75% | 1:19 | 3:51 / 8:06 | 1.2 / 52s | 45.6 | 72 | 4 | 0 | 0 | 32% / 8265 | zone |

### 藏品（docs/35）

| 机器人 | 开局 | 局数 | 平均藏品数 | 藏品直接伤害 | 各流派 出现 / 拿取 | 无效拿取 |
|---|---|---|---|---|---|---|
| expert | eyjafjalla | 4 | 30.0 | 1.7% | A 35/12 B 16/8 C 23/8 D 36/5 E 37/10 F 10/5 G 26/12 H 50/20 通用 65/41 | 0 |
| expert | kaltsit | 4 | 29.5 | 4.9% | A 28/8 B 7/4 C 38/17 D 28/12 E 21/9 F 5/4 G 20/7 H 58/17 通用 75/41 | 0 |
| expert | mizuki | 4 | 32.2 | 4.1% | A 44/16 B 13/6 C 25/11 D 40/10 E 28/8 F 10/5 G 29/14 H 67/20 通用 72/40 | 0 |
| expert | saria | 4 | 26.8 | 10.4% | A 33/10 B 8/5 C 35/14 D 22/9 E 27/3 F 4/1 G 25/10 H 61/22 通用 77/33 | 0 |
| expert | skadi | 4 | 30.8 | 3.0% | A 36/11 B 11/9 C 33/18 D 30/9 E 38/13 F 5/3 G 30/8 H 61/14 通用 57/39 | 0 |
| expert | suzuran | 4 | 31.2 | 12.1% | A 27/5 B 9/5 C 29/16 D 31/7 E 49/14 F 7/6 G 27/13 H 65/14 通用 78/47 | 0 |
| expert | wisadel | 4 | 27.0 | 3.6% | A 33/12 B 6/2 C 26/17 D 25/5 E 36/6 F 10/6 G 31/12 H 65/21 通用 79/28 | 0 |
| normal | eyjafjalla | 4 | 8.2 | 0.0% | A 4/0 B 4/2 C 4/2 D 5/2 E 12/4 F 1/1 G 6/1 H 13/5 通用 21/17 | 0 |
| normal | kaltsit | 4 | 14.8 | 0.8% | A 15/1 B 12/5 C 9/3 D 19/7 E 11/4 F 2/0 G 16/6 H 34/10 通用 38/23 | 0 |
| normal | mizuki | 4 | 26.0 | 4.0% | A 34/16 B 14/3 C 23/8 D 27/6 E 29/9 F 8/3 G 35/11 H 41/14 通用 63/34 | 0 |
| normal | saria | 4 | 27.5 | 5.0% | A 47/16 B 8/1 C 34/7 D 28/9 E 45/17 F 6/2 G 23/6 H 55/17 通用 75/35 | 0 |
| normal | skadi | 4 | 26.2 | 5.6% | A 41/11 B 17/6 C 33/12 D 21/5 E 23/9 F 7/2 G 30/7 H 49/17 通用 66/37 | 0 |
| normal | suzuran | 4 | 11.0 | 0.7% | A 9/3 B 4/2 C 8/2 D 13/5 E 9/5 F 2/2 G 13/3 H 13/3 通用 34/19 | 0 |
| normal | wisadel | 4 | 25.8 | 1.3% | A 22/6 B 14/4 C 37/11 D 23/9 E 28/13 F 7/3 G 20/8 H 51/20 通用 66/29 | 0 |
| 合计 | | | | | A 408/127 B 143/62 C 357/146 D 348/100 E 393/124 F 84/43 G 331/118 H 683/214 通用 866/463 | |

拿取最多（出现 / 拿取）：“观望” 0/48，“决心” 0/40，“犹疑” 0/39，老近卫军之锋 78/26，深蓝之心 0/24，损坏的左轮弹巢 76/24，贵族刺剑 87/22，镶金骨骰 84/22，海潮的气息 0/22，羽兽肝酱 96/21，聚火源石虫 43/20，显圣吊坠 79/20
耗时 531s
写入 build/cloud/ea-base-c/ea_base_d0_0926_1407.{json,md}
跑 56 局（1 流派 × 2 机器人 × 7 编队 × 4 seed），并行 4（全机上限 4），源文件摘要 f69d4fbb4acb51d1
### 按机器人汇总

| 机器人 | 局数 | 胜率 | 平均存活 | 3:30 存活 | 平均终局等级 | 平均击杀 | 目标（胜率 / 存活） | 判定 |
|---|---|---|---|---|---|---|---|---|
| normal | 28 | 10% | 7:33 | 100% | 22.4 | 3650 | 30–55% / 7:00–13:00 | **偏难** |
| expert | 28 | 85% | 10:37 | 100% | 32.0 | 6429 | 70–95% / 9:00–13:00 | **达标** |

### 明细

| 编队 | n | 胜率 | 存活(均/最短) | 托底(次/首次) | Lv 2:00/5:00/8:00/末 | 终Boss剩余 | 精二占比 | 灯火 | 击杀 | 主要伤害来源 | 治疗来源(总量/无人机Lv) | 主要死因 |
|---|---|---|---|---|---|---|---|---|---|---|---|---|
| [expert] wisadel | 4 | 100% | 10:55 / 10:30 | 0.0 / - | 7 / 16 / 24 / 33 | - | 100% | 62 | 6764 | 余震 16% 殉爆 15% 藏品 11% 饱和炮击 7% | 流明 46% 拾取 25% 塞雷娅 25% (337 / 0.0) | bullet |
| [expert] eyjafjalla | 4 | 75% | 10:41 / 9:24 | 0.0 / - | 7 / 16 / 24 / 32 | - | 100% | 49 | 6570 | 火山弹 22% 火山 15% 熔岩天降 10% 大剑 7% | 凯尔希 24% 塞雷娅 23% 流明 21% (610 / 0.2) | bullet |
| [expert] skadi | 4 | 100% | 10:39 / 10:39 | 0.0 / - | 7 / 16 / 25 / 32 | - | 100% | 32 | 6530 | 大剑 38% 潮涌斩 5% 跃浪 4% 触手 3% | 凯尔希 24% 塞雷娅 23% 水月 20% (568 / 1.0) | bullet |
| [expert] mizuki | 4 | 75% | 10:19 / 9:00 | 0.0 / - | 7 / 16 / 25 / 32 | 68% | 100% | 75 | 6197 | 触手 21% 殉爆 11% 余震 10% 伞击 8% | 水月 84% 凯尔希 9% 无人机 3% (439 / 1.8) | bullet |
| [expert] saria | 4 | 75% | 10:39 / 9:00 | 0.0 / - | 6 / 14 / 24 / 32 | 64% | 92% | 48 | 6348 | 大剑 10% Mon3tr · 真伤 7% 锯刃 7% 殉爆 7% | 塞雷娅 85% 凯尔希 9% 拾取 2% (894 / 0.0) | bullet |
| [expert] kaltsit | 4 | 100% | 10:43 / 10:27 | 0.0 / - | 6 / 16 / 25 / 32 | - | 100% | 51 | 6588 | Mon3tr · 真伤 10% 大剑 9% 殉爆 9% 余震 8% | 凯尔希 82% 流明 12% 铃兰 4% (506 / 0.0) | bullet |
| [expert] suzuran | 4 | 75% | 10:25 / 9:27 | 0.0 / - | 6 / 14 / 25 / 31 | 66% | 100% | 64 | 6002 | 狐火 12% 触手 9% 锯刃 9% 殉爆 8% | 流明 38% 塞雷娅 32% 铃兰 16% (633 / 0.0) | bullet |
| [normal] wisadel | 4 | 0% | 7:59 / 6:23 | 0.0 / - | 7 / 16 / 25 / 24 | 57% | 8% | 14 | 4043 | 余震 18% 大剑 17% 炮击 12% 殉爆 12% | 塞雷娅 46% 藏品 24% 拾取 15% (455 / 0.8) | bullet |
| [normal] eyjafjalla | 4 | 0% | 5:27 / 3:33 | 0.0 / - | 7 / 13 / 25 / 16 | 44% | 0% | 27 | 2182 | 火山弹 40% 锯刃 9% 伞击 6% Mon3tr 4% | 拾取 36% 凯尔希 23% 流明 18% (442 / 0.0) | contact_ripper |
| [normal] skadi | 4 | 25% | 8:27 / 7:10 | 0.0 / - | 7 / 16 / 24 / 26 | 30% | 25% | 18 | 4321 | 大剑 34% 余震 8% 骑士 7% 殉爆 6% | 塞雷娅 37% 无人机 30% 拾取 23% (304 / 0.8) | bullet |
| [normal] mizuki | 4 | 25% | 7:50 / 5:00 | 0.0 / - | 6 / 16 / 24 / 22 | 0% | 16% | 10 | 3934 | 伞击 19% 触手 16% 技能·法术 7% 狐火 7% | 水月 29% 拾取 28% 塞雷娅 13% (1302 / 0.2) | zone |
| [normal] saria | 4 | 0% | 7:53 / 6:04 | 0.0 / - | 6 / 14 / 23 / 23 | 94% | 16% | 22 | 3643 | 拳击 15% 骑士 11% 火山弹 11% 大剑 10% | 塞雷娅 70% 水月 13% 流明 12% (1104 / 0.2) | bullet |
| [normal] kaltsit | 4 | 25% | 8:15 / 4:43 | 0.0 / - | 6 / 15 / 24 / 24 | 48% | 25% | 47 | 4269 | Mon3tr 31% 锤击 11% 殉爆 8% 骑士 8% | 凯尔希 84% 流明 9% 拾取 4% (940 / 0.5) | contact_ripper |
| [normal] suzuran | 4 | 0% | 7:04 / 5:55 | 0.0 / - | 6 / 15 / 0 / 22 | 53% | 33% | 13 | 3160 | 狐火 27% 骑士 10% 围炉 8% 锯刃 6% | 铃兰 41% 凯尔希 22% 流明 19% (362 / 0.2) | bullet |

### 机器人指标（docs/29）

| 机器人 · 开局 | n | 胜率 | 存活 均/最短 | 3:30 存活 | 5:00 存活 | 首次招募 | 首次精一 / 精二 | 中期 Boss 击杀数 / 平均用时 | 受击/分 | 承伤/分 | 低血(<35%)秒 | 熄灯秒 | 静止% | 开局干员 伤害占比 / 每分钟 | 主要死因 |
|---|---|---|---|---|---|---|---|---|---|---|---|---|---|---|---|
| [expert] wisadel | 4 | 100% | 10:55 / 10:30 | 100% | 100% | 1:18 | 0:47 / 2:42 | 2.5 / 40s | 23.2 | 51 | 1 | 0 | 18 | 48% / 50530 | - |
| [expert] eyjafjalla | 4 | 75% | 10:41 / 9:24 | 100% | 100% | 1:17 | 0:55 / 2:31 | 2.2 / 28s | 17.2 | 74 | 0 | 8 | 16 | 64% / 59149 | bullet |
| [expert] skadi | 4 | 100% | 10:39 / 10:39 | 100% | 100% | 1:16 | 0:51 / 3:36 | 2.5 / 39s | 15.4 | 85 | 0 | 2 | 18 | 51% / 41486 | - |
| [expert] mizuki | 4 | 75% | 10:19 / 9:00 | 100% | 100% | 1:22 | 0:52 / 2:58 | 2.5 / 33s | 13.2 | 49 | 0 | 0 | 16 | 34% / 33560 | mire |
| [expert] saria | 4 | 75% | 10:39 / 9:00 | 100% | 100% | 1:43 | 0:45 / 3:00 | 3.0 / 74s | 51.2 | 105 | 0 | 27 | 17 | 9% / 9340 | corrode |
| [expert] kaltsit | 4 | 100% | 10:43 / 10:27 | 100% | 100% | 1:49 | 1:29 / 3:03 | 2.2 / 28s | 24.4 | 56 | 0 | 0 | 18 | 19% / 18381 | - |
| [expert] suzuran | 4 | 75% | 10:25 / 9:27 | 100% | 100% | 1:29 | 0:53 / 3:16 | 2.8 / 87s | 20.2 | 76 | 1 | 0 | 17 | 17% / 15222 | mire |
| [normal] wisadel | 4 | 0% | 7:59 / 6:23 | 100% | 100% | 1:18 | 3:47 / 3:47 | 1.2 / 32s | 58.7 | 89 | 6 | 31 | 0 | 51% / 29840 | zone |
| [normal] eyjafjalla | 4 | 0% | 5:27 / 3:33 | 100% | 50% | 1:17 | 3:21 / - | 0.8 / 55s | 75.8 | 101 | 23 | 26 | 0 | 48% / 8544 | zone |
| [normal] skadi | 4 | 25% | 8:27 / 7:10 | 100% | 100% | 1:14 | 3:00 / 7:43 | 1.2 / 25s | 43.0 | 82 | 4 | 5 | 0 | 46% / 26575 | contact_path |
| [normal] mizuki | 4 | 25% | 7:50 / 5:00 | 100% | 100% | 1:28 | 3:51 / 10:04 | 2.0 / 106s | 97.8 | 150 | 21 | 57 | 0 | 43% / 19814 | dark |
| [normal] saria | 4 | 0% | 7:53 / 6:04 | 100% | 100% | 1:22 | 4:15 / 6:41 | 1.2 / 100s | 74.3 | 154 | 15 | 88 | 0 | 20% / 8372 | zone |
| [normal] kaltsit | 4 | 25% | 8:15 / 4:43 | 100% | 75% | 1:22 | 3:05 / 5:19 | 1.2 / 41s | 64.7 | 148 | 2 | 2 | 0 | 38% / 16633 | corrode |
| [normal] suzuran | 4 | 0% | 7:04 / 5:55 | 100% | 100% | 1:22 | 2:39 / 4:16 | 1.5 / 39s | 50.0 | 94 | 15 | 6 | 0 | 35% / 13264 | zone |

### 藏品（docs/35）

| 机器人 | 开局 | 局数 | 平均藏品数 | 藏品直接伤害 | 各流派 出现 / 拿取 | 无效拿取 |
|---|---|---|---|---|---|---|
| expert | eyjafjalla | 4 | 30.8 | 4.5% | A 37/11 B 14/8 C 21/8 D 51/15 E 45/11 F 6/5 G 36/9 H 53/21 通用 70/36 | 0 |
| expert | kaltsit | 4 | 33.8 | 6.3% | A 36/13 B 17/10 C 29/15 D 40/10 E 38/11 F 9/5 G 40/15 H 73/22 通用 86/36 | 0 |
| expert | mizuki | 4 | 29.8 | 8.7% | A 31/10 B 13/13 C 28/15 D 19/7 E 30/6 F 5/4 G 22/11 H 53/13 通用 72/42 | 0 |
| expert | saria | 4 | 32.0 | 4.1% | A 38/15 B 13/6 C 31/12 D 23/4 E 37/10 F 9/7 G 31/17 H 72/24 通用 91/34 | 0 |
| expert | skadi | 4 | 31.5 | 3.2% | A 57/23 B 17/7 C 20/6 D 33/13 E 26/7 F 8/5 G 15/6 H 49/20 通用 72/40 | 0 |
| expert | suzuran | 4 | 32.2 | 6.8% | A 30/9 B 18/12 C 38/19 D 37/10 E 49/8 F 10/7 G 25/6 H 75/22 通用 81/39 | 0 |
| expert | wisadel | 4 | 30.0 | 14.2% | A 29/8 B 9/4 C 36/17 D 26/7 E 38/10 F 7/2 G 29/13 H 74/22 通用 86/37 | 0 |
| normal | eyjafjalla | 4 | 10.0 | 0.6% | A 11/4 B 3/0 C 11/6 D 8/3 E 8/4 F 3/0 G 8/1 H 21/7 通用 35/15 | 0 |
| normal | kaltsit | 4 | 16.0 | 0.0% | A 16/5 B 5/2 C 24/7 D 14/6 E 7/2 F 6/2 G 14/4 H 25/10 通用 48/26 | 0 |
| normal | mizuki | 4 | 13.5 | 2.3% | A 12/1 B 7/3 C 11/4 D 17/6 E 13/3 F 3/1 G 15/6 H 28/8 通用 42/23 | 0 |
| normal | saria | 4 | 9.8 | 0.1% | A 4/2 B 2/1 C 6/1 D 11/4 E 10/4 F 2/1 G 4/0 H 18/8 通用 19/18 | 0 |
| normal | skadi | 4 | 17.5 | 2.5% | A 25/9 B 8/4 C 11/2 D 12/5 E 18/6 F 6/2 G 12/5 H 28/9 通用 31/29 | 0 |
| normal | suzuran | 4 | 13.8 | 2.5% | A 10/6 B 8/3 C 6/3 D 9/2 E 12/5 F 1/1 G 14/5 H 16/8 通用 26/22 | 0 |
| normal | wisadel | 4 | 18.8 | 0.8% | A 24/11 B 7/2 C 13/3 D 19/5 E 23/10 F 3/2 G 13/3 H 26/6 通用 48/33 | 0 |
| 合计 | | | | | A 360/127 B 141/75 C 285/118 D 319/97 E 354/97 F 78/44 G 278/101 H 611/200 通用 807/430 | |

拿取最多（出现 / 拿取）：“观望” 0/44，“犹疑” 0/35，“决心” 0/33，海潮的气息 0/30，深蓝之心 0/24，残破合影 76/22，损坏的左轮弹巢 82/21，老近卫军之锋 71/20，漆黑的舞鞋 26/20，贵族刺剑 70/19，恐鱼干 25/19，散轶诗简 63/19
耗时 502s
写入 build/cloud/ea-base-c/ea_base_d3_0926_1415.{json,md}
跑 56 局（1 流派 × 2 机器人 × 7 编队 × 4 seed），并行 4（全机上限 4），源文件摘要 f69d4fbb4acb51d1
### 按机器人汇总

| 机器人 | 局数 | 胜率 | 平均存活 | 3:30 存活 | 平均终局等级 | 平均击杀 | 目标（胜率 / 存活） | 判定 |
|---|---|---|---|---|---|---|---|---|
| normal | 28 | 39% | 8:33 | 100% | 25.4 | 4633 | 30–55% / 7:00–13:00 | **达标** |
| expert | 28 | 96% | 10:41 | 100% | 32.6 | 6536 | 70–95% / 9:00–13:00 | **偏易** |

### 明细

| 编队 | n | 胜率 | 存活(均/最短) | 托底(次/首次) | Lv 2:00/5:00/8:00/末 | 终Boss剩余 | 精二占比 | 灯火 | 击杀 | 主要伤害来源 | 治疗来源(总量/无人机Lv) | 主要死因 |
|---|---|---|---|---|---|---|---|---|---|---|---|---|
| [expert] wisadel | 4 | 100% | 10:32 / 10:17 | 0.0 / - | 8 / 16 / 25 / 32 | - | 92% | 70 | 6473 | 殉爆 22% 余震 17% 饱和炮击 10% 炮击 6% | 流明 53% 凯尔希 24% 水月 11% (492 / 0.0) | bullet |
| [expert] eyjafjalla | 4 | 75% | 10:51 / 10:33 | 0.0 / - | 7 / 16 / 25 / 33 | 40% | 100% | 55 | 6784 | 火山弹 18% 火山 13% 大剑 12% 熔岩天降 8% | 流明 23% 塞雷娅 22% 拾取 21% (502 / 0.0) | bullet |
| [expert] skadi | 4 | 100% | 10:39 / 10:06 | 0.0 / - | 7 / 16 / 24 / 32 | - | 100% | 66 | 6444 | 大剑 22% 触手 9% 殉爆 6% 跃浪 5% | 塞雷娅 24% 流明 22% 水月 22% (680 / 1.0) | bullet |
| [expert] mizuki | 4 | 100% | 10:44 / 10:35 | 0.0 / - | 7 / 16 / 25 / 33 | - | 100% | 79 | 6648 | 触手 24% 伞击 13% 锯刃 6% 技能 6% | 水月 81% 凯尔希 12% 无人机 2% (550 / 1.2) | bullet |
| [expert] saria | 4 | 100% | 10:48 / 10:23 | 0.0 / - | 6 / 15 / 25 / 33 | - | 100% | 55 | 6555 | 殉爆 10% 余震 9% 锯刃 8% 锚击 7% | 塞雷娅 81% 水月 15% 拾取 2% (656 / 0.0) | bullet |
| [expert] kaltsit | 4 | 100% | 10:31 / 10:17 | 0.0 / - | 7 / 15 / 25 / 32 | - | 100% | 69 | 6392 | 锯刃 14% 大剑 11% Mon3tr 9% Mon3tr · 真伤 7% | 凯尔希 80% 水月 13% 铃兰 3% (383 / 0.0) | bullet |
| [expert] suzuran | 4 | 100% | 10:41 / 10:32 | 0.0 / - | 7 / 14 / 24 / 32 | - | 92% | 88 | 6453 | 藏品 17% 狐火 8% 触手 7% 锚击 6% | 流明 28% 铃兰 25% 塞雷娅 18% (735 / 0.5) | bullet |
| [normal] wisadel | 4 | 50% | 8:34 / 5:35 | 0.0 / - | 7 / 16 / 25 / 26 | 72% | 33% | 30 | 4635 | 余震 17% 殉爆 14% 炮击 11% 狐火 6% | 拾取 35% 铃兰 24% 流明 22% (202 / 0.5) | bullet |
| [normal] eyjafjalla | 4 | 0% | 5:55 / 3:36 | 0.0 / - | 6 / 14 / 0 / 17 | 64% | 0% | 26 | 2228 | 火山弹 32% 伞击 13% 锯刃 9% 刺剑 6% | 流明 38% 塞雷娅 21% 拾取 15% (295 / 0.5) | contact_ripper |
| [normal] skadi | 4 | 50% | 9:56 / 9:03 | 0.0 / - | 7 / 16 / 24 / 30 | 94% | 33% | 60 | 5823 | 大剑 29% 火山弹 10% 殉爆 9% 余震 8% | 拾取 42% 塞雷娅 24% 水月 21% (600 / 0.2) | bullet |
| [normal] mizuki | 4 | 75% | 9:24 / 6:06 | 0.0 / - | 6 / 16 / 25 / 28 | 73% | 50% | 45 | 5425 | 伞击 24% 触手 22% 刺剑 10% 锯刃 8% | 水月 53% 流明 19% 凯尔希 14% (879 / 0.8) | bullet |
| [normal] saria | 4 | 0% | 8:02 / 7:23 | 0.0 / - | 6 / 15 / 24 / 24 | 79% | 0% | 5 | 3835 | 拳击 17% 刺剑 15% 大剑 9% 余震 9% | 塞雷娅 90% 无人机 4% 拾取 4% (1077 / 0.8) | bullet |
| [normal] kaltsit | 4 | 75% | 11:09 / 10:09 | 0.0 / - | 6 / 16 / 24 / 33 | 54% | 58% | 35 | 7164 | Mon3tr 30% Mon3tr · 真伤 14% 锯刃 6% 锤击 5% | 凯尔希 70% 塞雷娅 21% 无人机 4% (2106 / 1.0) | zone |
| [normal] suzuran | 4 | 25% | 6:56 / 3:54 | 0.0 / - | 6 / 15 / 24 / 20 | 26% | 36% | 45 | 3324 | 狐火 31% Mon3tr 14% 言 8% 提喻 7% | 凯尔希 62% 拾取 18% 铃兰 16% (678 / 0.5) | bullet |

### 机器人指标（docs/29）

| 机器人 · 开局 | n | 胜率 | 存活 均/最短 | 3:30 存活 | 5:00 存活 | 首次招募 | 首次精一 / 精二 | 中期 Boss 击杀数 / 平均用时 | 受击/分 | 承伤/分 | 低血(<35%)秒 | 熄灯秒 | 静止% | 开局干员 伤害占比 / 每分钟 | 主要死因 |
|---|---|---|---|---|---|---|---|---|---|---|---|---|---|---|---|
| [expert] wisadel | 4 | 100% | 10:32 / 10:17 | 100% | 100% | 1:20 | 0:45 / 2:33 | 2.2 / 23s | 9.8 | 58 | 0 | 0 | 16 | 60% / 52482 | - |
| [expert] eyjafjalla | 4 | 75% | 10:51 / 10:33 | 100% | 100% | 1:23 | 0:52 / 2:52 | 2.5 / 28s | 17.4 | 64 | 10 | 16 | 15 | 54% / 59143 | corrode |
| [expert] skadi | 4 | 100% | 10:39 / 10:06 | 100% | 100% | 1:12 | 0:51 / 3:21 | 2.8 / 55s | 17.0 | 88 | 0 | 5 | 16 | 34% / 31909 | - |
| [expert] mizuki | 4 | 100% | 10:44 / 10:35 | 100% | 100% | 1:23 | 0:52 / 3:39 | 2.5 / 35s | 17.0 | 60 | 0 | 5 | 19 | 47% / 47780 | - |
| [expert] saria | 4 | 100% | 10:48 / 10:23 | 100% | 100% | 1:44 | 0:47 / 3:27 | 2.5 / 66s | 22.1 | 74 | 0 | 13 | 20 | 6% / 6760 | - |
| [expert] kaltsit | 4 | 100% | 10:31 / 10:17 | 100% | 100% | 1:43 | 1:19 / 3:34 | 2.0 / 41s | 14.9 | 45 | 0 | 0 | 18 | 18% / 18071 | - |
| [expert] suzuran | 4 | 100% | 10:41 / 10:32 | 100% | 100% | 1:31 | 0:53 / 2:58 | 2.8 / 61s | 25.7 | 85 | 1 | 5 | 20 | 12% / 12726 | - |
| [normal] wisadel | 4 | 50% | 8:34 / 5:35 | 100% | 100% | 1:20 | 2:53 / 5:15 | 2.0 / 20s | 50.8 | 69 | 8 | 1 | 0 | 52% / 29588 | zone |
| [normal] eyjafjalla | 4 | 0% | 5:55 / 3:36 | 100% | 75% | 1:17 | 4:49 / - | 0.5 / 116s | 37.3 | 84 | 13 | 8 | 0 | 40% / 8520 | contact_burrower |
| [normal] skadi | 4 | 50% | 9:56 / 9:03 | 100% | 100% | 1:17 | 3:34 / 7:33 | 2.0 / 24s | 55.1 | 100 | 5 | 28 | 0 | 40% / 32547 | zone |
| [normal] mizuki | 4 | 75% | 9:24 / 6:06 | 100% | 100% | 1:29 | 4:08 / 7:33 | 2.2 / 30s | 56.1 | 109 | 20 | 18 | 0 | 59% / 48365 | zone |
| [normal] saria | 4 | 0% | 8:02 / 7:23 | 100% | 100% | 1:19 | 5:34 / - | 1.2 / 86s | 97.4 | 165 | 6 | 40 | 0 | 22% / 10017 | zone |
| [normal] kaltsit | 4 | 75% | 11:09 / 10:09 | 100% | 100% | 1:28 | 3:44 / 8:00 | 2.2 / 41s | 119.5 | 195 | 8 | 75 | 0 | 47% / 39137 | shock |
| [normal] suzuran | 4 | 25% | 6:56 / 3:54 | 100% | 50% | 1:20 | 4:07 / 5:18 | 1.0 / 54s | 70.0 | 99 | 3 | 38 | 0 | 35% / 10307 | zone |

### 藏品（docs/35）

| 机器人 | 开局 | 局数 | 平均藏品数 | 藏品直接伤害 | 各流派 出现 / 拿取 | 无效拿取 |
|---|---|---|---|---|---|---|
| expert | eyjafjalla | 4 | 35.0 | 2.6% | A 47/14 B 14/8 C 39/15 D 25/8 E 60/16 F 6/6 G 25/9 H 66/20 通用 100/45 | 0 |
| expert | kaltsit | 4 | 34.2 | 4.7% | A 43/11 B 17/5 C 33/21 D 34/7 E 35/13 F 13/8 G 23/11 H 67/23 通用 90/40 | 0 |
| expert | mizuki | 4 | 32.5 | 6.5% | A 28/7 B 18/8 C 31/11 D 36/13 E 28/10 F 3/1 G 29/10 H 75/22 通用 88/49 | 0 |
| expert | saria | 4 | 33.5 | 5.0% | A 44/7 B 19/15 C 20/10 D 43/10 E 27/6 F 13/10 G 18/6 H 92/26 通用 104/48 | 0 |
| expert | skadi | 4 | 41.5 | 7.1% | A 65/16 B 29/12 C 42/25 D 52/14 E 22/9 F 12/6 G 45/16 H 103/24 通用 135/47 | 0 |
| expert | suzuran | 4 | 38.0 | 19.8% | A 53/11 B 25/11 C 54/25 D 46/8 E 60/7 F 11/6 G 43/15 H 119/29 通用 117/42 | 0 |
| expert | wisadel | 4 | 36.5 | 6.1% | A 34/7 B 19/6 C 41/17 D 50/13 E 35/15 F 9/6 G 30/15 H 71/27 通用 88/42 | 0 |
| normal | eyjafjalla | 4 | 8.2 | 5.0% | A 6/5 B 4/1 C 9/3 D 3/1 E 9/2 F 2/1 G 8/2 H 10/5 通用 18/13 | 0 |
| normal | kaltsit | 4 | 35.0 | 5.0% | A 48/12 B 15/5 C 33/11 D 51/20 E 40/17 F 13/3 G 48/6 H 87/28 通用 98/38 | 0 |
| normal | mizuki | 4 | 21.2 | 0.8% | A 33/9 B 14/7 C 20/7 D 21/5 E 19/6 F 5/3 G 17/4 H 31/11 通用 49/34 | 0 |
| normal | saria | 4 | 13.0 | 2.9% | A 15/6 B 5/2 C 10/5 D 15/1 E 15/7 G 11/3 H 28/11 通用 41/17 | 0 |
| normal | skadi | 4 | 23.5 | 2.1% | A 38/14 B 18/4 C 22/8 D 21/8 E 34/12 F 5/3 G 26/4 H 41/8 通用 59/33 | 0 |
| normal | suzuran | 4 | 13.0 | 2.2% | A 10/4 B 10/2 C 8/3 D 16/6 E 13/4 F 5/1 G 8/3 H 38/13 通用 37/16 | 0 |
| normal | wisadel | 4 | 27.5 | 8.5% | A 42/13 B 10/2 C 36/13 D 38/13 E 27/11 F 4/1 G 25/11 H 60/20 通用 70/26 | 0 |
| 合计 | | | | | A 506/136 B 217/88 C 398/174 D 451/127 E 424/135 F 101/55 G 356/115 H 888/267 通用 1094/490 | |

拿取最多（出现 / 拿取）：“观望” 0/45，“犹疑” 0/38，“决心” 0/38，深蓝之心 0/30，残破合影 96/27，皇帝的恩宠 101/26，难闻的止血剂 71/26，银餐叉 97/25，《大静谧》 107/25，损坏的左轮弹巢 88/24，“黑夜呢喃” 94/24，凯旋号角 111/24
耗时 527s
写入 build/cloud/ea-base-c/ea_base_d6_0926_1424.{json,md}
