跑 56 局（1 流派 × 2 机器人 × 7 编队 × 4 seed），并行 4（全机上限 4），源文件摘要 b1c290d5869fff86
### 最终 Boss（按类型；上面的「终局」列是四种混算）

| 机器人 | 最终 Boss | 结局 | 出场 | 击杀 | 用时 均 / 中 / 最短–最长 | 未击杀时剩余血量 |
|---|---|---|---|---|---|---|
| expert | 伊祖米克 | deep 13 resolve 1 | 14 | 14 | 51s / 54s / 33–78s | - |
| expert | 最后的骑士 | knight 6 | 6 | 6 | 29s / 27s / 15–54s | - |
| expert | 伊莎玛拉 | resolve 3 | 3 | 3 | 13s / 8s / 5–26s | - |
| expert | 偏执泡影 | standard 1 | 1 | 1 | 14s / 14s / 14–14s | - |
| normal | 伊祖米克 | deep 1 | 1 | 1 | 62s / 62s / 62–62s | - |
| normal | 偏执泡影 | standard 1 | 1 | 1 | 70s / 70s / 70–70s | - |

### 难度 / 缩圈 / 同屏峰值

#### 前 3 分钟

| 机器人 | 难度 | 局数 | 3:00 前死亡 | 前 3 分钟承伤 均 / 中 | 3:00 时生命 |
|---|---|---|---|---|---|
| expert | 6 | 28 | 0% | 23 / 20 | 100% |
| normal | 6 | 28 | 0% | 30 / 22 | 99% |

#### 死因 × 缩圈阶段 × Boss 在场（失败的局）

| 机器人 | 难度 | 死因 | 缩圈（第几轮 · 阶段） | 圈外 | Boss 在场 | 局数 | 平均死亡时间 |
|---|---|---|---|---|---|---|---|
| expert | 6 | corrode | 第 4 轮 · 预告 | 否 | 否 | 1 | 7:11 |
| expert | 6 | mire | 第 5 轮 · 收缩 | 否 | 否 | 1 | 8:59 |
| expert | 6 | corrode | 第 4 轮 · 收缩 | 否 | 是 | 1 | 7:23 |
| expert | 6 | bullet | 第 4 轮 · 预告 | 否 | 是 | 1 | 7:01 |
| normal | 6 | zone | 第 3 轮 · 预告 | 是 | 否 | 3 | 5:37 |
| normal | 6 | zone | 第 4 轮 · 收缩 | 是 | 是 | 3 | 7:29 |
| normal | 6 | zone | 第 4 轮 · 稳定 | 是 | 否 | 2 | 7:52 |
| normal | 6 | zone | 第 3 轮 · 收缩 | 是 | 否 | 2 | 6:07 |
| normal | 6 | zone | 第 3 轮 · 稳定 | 是 | 否 | 2 | 6:50 |
| normal | 6 | corrode | 第 2 轮 · 稳定 | 否 | 否 | 1 | 5:03 |
| normal | 6 | mire | 第 1 轮 · 稳定 | 否 | 是 | 1 | 3:40 |
| normal | 6 | contact_tracer | 第 3 轮 · 预告 | 否 | 否 | 1 | 5:34 |
| normal | 6 | bullet | 第 2 轮 · 稳定 | 否 | 是 | 1 | 5:26 |
| normal | 6 | contact_mimic | 第 1 轮 · 稳定 | 否 | 是 | 1 | 3:40 |
| normal | 6 | zone | 第 3 轮 · 稳定 | 是 | 是 | 1 | 6:45 |
| normal | 6 | corrode | 第 2 轮 · 稳定 | 否 | 是 | 1 | 5:04 |
| normal | 6 | shock | 第 5 轮 · 收缩 | 否 | 否 | 1 | 9:15 |
| normal | 6 | zone | 第 3 轮 · 预告 | 是 | 是 | 1 | 5:35 |
| normal | 6 | shock | 第 5 轮 · 稳定 | 否 | 否 | 1 | 9:54 |
| normal | 6 | zone | 第 4 轮 · 稳定 | 是 | 是 | 1 | 8:12 |
| normal | 6 | zone | 第 2 轮 · 稳定 | 是 | 是 | 1 | 5:16 |
| normal | 6 | corrode | 第 2 轮 · 收缩 | 否 | 是 | 1 | 4:32 |
| normal | 6 | zone | 第 2 轮 · 稳定 | 是 | 否 | 1 | 5:12 |

#### 同屏数量峰值（每局峰值的 平均 / 最大）

| 机器人 | 难度 | 局数 | 范围 | 敌人 | 敌方弹幕（含抛射） | 我方子弹 | 特效 | 飘字 |
|---|---|---|---|---|---|---|---|---|
| expert | 6 | 28 | 全程 | 221 / 275 | 45 / 80 | 3 / 11 | 392 / 459 | 48 / 48 |
| expert | 6 | 25 | 8:00–10:00 | 204 / 263 | 38 / 79 | 2 / 11 | 372 / 459 | 48 / 48 |
| normal | 6 | 28 | 全程 | 252 / 392 | 32 / 61 | 3 / 8 | 323 / 421 | 42 / 48 |
| normal | 6 | 5 | 8:00–10:00 | 209 / 254 | 45 / 59 | 1 / 7 | 328 / 363 | 48 / 48 |

### 按机器人汇总

| 机器人 | 局数 | 胜率 | 平均存活 | 3:30 存活 | 平均终局等级 | 平均击杀 | 目标（胜率 / 存活） | 判定 |
|---|---|---|---|---|---|---|---|---|
| normal | 28 | 7% | 6:39 | 100% | 20.2 | 2880 | 30–55% / 7:00–13:00 | **偏难** |
| expert | 28 | 85% | 10:14 | 100% | 32.8 | 6157 | 70–95% / 9:00–13:00 | **达标** |

### 明细

| 编队 | n | 胜率 | 存活(均/最短) | 托底(次/首次) | Lv 2:00/5:00/8:00/末 | 终Boss剩余 | 精二占比 | 灯火 | 击杀 | 主要伤害来源 | 治疗来源(总量/无人机Lv) | 主要死因 |
|---|---|---|---|---|---|---|---|---|---|---|---|---|
| [expert] wisadel | 4 | 100% | 10:49 / 10:26 | 0.0 / - | 7 / 17 / 26 / 35 | - | 100% | 41 | 6760 | 殉爆 17% 余震 16% 饱和炮击 9% 藏品 7% | 凯尔希 48% 塞雷娅 24% 铃兰 20% (398 / 0.0) | bullet |
| [expert] eyjafjalla | 4 | 75% | 9:57 / 7:11 | 0.0 / - | 7 / 16 / 26 / 32 | 39% | 100% | 69 | 5896 | 火山弹 24% 火山 10% 熔岩天降 8% Mon3tr 8% | 拾取 39% 凯尔希 24% 塞雷娅 13% (395 / 0.8) | bullet |
| [expert] skadi | 4 | 100% | 10:34 / 10:15 | 0.0 / - | 7 / 16 / 26 / 34 | - | 100% | 66 | 6436 | 大剑 20% 火山弹 8% 火山 7% 言 6% | 拾取 55% 流明 22% 无人机 17% (323 / 1.0) | bullet |
| [expert] mizuki | 4 | 100% | 10:36 / 10:31 | 0.0 / - | 7 / 16 / 26 / 34 | - | 100% | 70 | 6585 | 触手 26% 伞击 16% 技能 8% Mon3tr 6% | 水月 62% 凯尔希 31% 塞雷娅 5% (520 / 0.0) | bullet |
| [expert] saria | 4 | 75% | 10:09 / 8:59 | 0.0 / - | 5 / 15 / 26 / 32 | - | 100% | 14 | 6087 | 锯刃 16% 锚击 12% 火山弹 5% 余震 4% | 塞雷娅 94% 拾取 4% 遥乡 0% (1201 / 0.0) | bullet |
| [expert] kaltsit | 4 | 100% | 10:39 / 10:18 | 0.0 / - | 5 / 16 / 26 / 34 | - | 92% | 59 | 6520 | Mon3tr · 真伤 10% 言 9% Mon3tr 7% 提喻 6% | 凯尔希 74% 水月 13% 流明 10% (883 / 0.0) | bullet |
| [expert] suzuran | 4 | 50% | 8:51 / 7:01 | 0.0 / - | 8 / 15 / 26 / 28 | 65% | 100% | 41 | 4818 | 殉爆 10% 触手 10% 余震 9% 狐火 8% | 铃兰 44% 流明 20% 水月 19% (209 / 0.2) | bullet |
| [normal] wisadel | 4 | 25% | 6:21 / 3:40 | 0.0 / - | 7 / 17 / 26 / 20 | 63% | 16% | 46 | 2965 | 余震 21% 炮击 18% 殉爆 16% 狐火 12% | 拾取 31% 流明 22% 商店 20% (250 / 0.0) | bullet |
| [normal] eyjafjalla | 4 | 0% | 5:21 / 3:40 | 0.0 / - | 7 / 14 / 0 / 14 | 71% | 0% | 22 | 1704 | 火山弹 39% 锯刃 13% 大剑 7% 火星 6% | 拾取 51% 流明 30% 塞雷娅 15% (191 / 0.2) | bullet |
| [normal] skadi | 4 | 0% | 7:18 / 5:04 | 0.0 / - | 7 / 15 / 26 / 23 | 48% | 25% | 17 | 3309 | 大剑 28% 余震 14% 炮击 8% 火山弹 6% | 拾取 29% 无人机 25% 塞雷娅 19% (234 / 0.8) | bullet |
| [normal] mizuki | 4 | 0% | 6:35 / 5:35 | 0.0 / - | 6 / 15 / 0 / 20 | 86% | 0% | 0 | 2707 | 伞击 16% 大剑 15% 触手 12% 锚击 9% | 水月 58% 凯尔希 8% 塞雷娅 4% (476 / 0.0) | zone |
| [normal] saria | 4 | 0% | 7:44 / 5:16 | 0.0 / - | 6 / 15 / 25 / 24 | 42% | 16% | 0 | 3699 | 锤击 14% 拳击 11% 锯刃 10% 火山弹 10% | 塞雷娅 91% 拾取 4% 无人机 3% (1055 / 0.5) | shock |
| [normal] kaltsit | 4 | 25% | 7:53 / 5:36 | 0.0 / - | 7 / 16 / 26 / 25 | - | 33% | 0 | 3948 | Mon3tr 40% Mon3tr · 真伤 10% 大剑 10% 骑士 5% | 凯尔希 89% 流明 6% 铃兰 1% (1326 / 0.5) | bullet |
| [normal] suzuran | 4 | 0% | 5:21 / 4:32 | 0.0 / - | 6 / 15 / 0 / 16 | 5% | 0% | 11 | 1824 | 狐火 45% 锚击 9% 掷锚 8% 锤击 6% | 铃兰 56% 拾取 26% 塞雷娅 17% (53 / 0.0) | bullet |

### 机器人指标（docs/29）

| 机器人 · 开局 | n | 胜率 | 存活 均/最短 | 3:30 存活 | 5:00 存活 | 首次招募 | 首次精一 / 精二 | 中期 Boss 击杀数 / 平均用时 | 受击/分 | 承伤/分 | 低血(<35%)秒 | 熄灯秒 | 静止% | 开局干员 伤害占比 / 每分钟 | 主要死因 |
|---|---|---|---|---|---|---|---|---|---|---|---|---|---|---|---|
| [expert] wisadel | 4 | 100% | 10:49 / 10:26 | 100% | 100% | 1:21 | 0:45 / 2:25 | 2.2 / 31s | 8.8 | 53 | 0 | 0 | 20 | 49% / 64548 | - |
| [expert] eyjafjalla | 4 | 75% | 9:57 / 7:11 | 100% | 100% | 1:22 | 0:52 / 2:38 | 2.2 / 37s | 13.2 | 51 | 1 | 7 | 16 | 56% / 65013 | corrode |
| [expert] skadi | 4 | 100% | 10:34 / 10:15 | 100% | 100% | 1:12 | 0:51 / 4:06 | 2.5 / 31s | 17.1 | 76 | 9 | 0 | 16 | 27% / 33208 | - |
| [expert] mizuki | 4 | 100% | 10:36 / 10:31 | 100% | 100% | 1:23 | 0:52 / 2:37 | 2.5 / 28s | 13.6 | 52 | 0 | 20 | 18 | 54% / 61865 | - |
| [expert] saria | 4 | 75% | 10:09 / 8:59 | 100% | 100% | 2:10 | 0:47 / 3:16 | 2.2 / 52s | 26.5 | 137 | 4 | 14 | 17 | 9% / 8382 | mire |
| [expert] kaltsit | 4 | 100% | 10:39 / 10:18 | 100% | 100% | 1:54 | 1:30 / 2:37 | 2.5 / 41s | 18.0 | 89 | 0 | 18 | 18 | 19% / 24923 | - |
| [expert] suzuran | 4 | 50% | 8:51 / 7:01 | 100% | 100% | 1:24 | 0:53 / 3:28 | 1.8 / 36s | 12.0 | 42 | 4 | 1 | 14 | 11% / 8975 | corrode |
| [normal] wisadel | 4 | 25% | 6:21 / 3:40 | 100% | 75% | 1:19 | 3:11 / 8:53 | 1.2 / 27s | 28.4 | 62 | 3 | 0 | 0 | 62% / 32513 | corrode |
| [normal] eyjafjalla | 4 | 0% | 5:21 / 3:40 | 100% | 75% | 1:17 | 4:28 / - | 0.2 / 54s | 28.3 | 70 | 16 | 3 | 0 | 50% / 8238 | contact_tracer |
| [normal] skadi | 4 | 0% | 7:18 / 5:04 | 100% | 100% | 1:14 | 3:32 / 6:24 | 1.2 / 30s | 37.1 | 98 | 14 | 3 | 0 | 39% / 16355 | zone |
| [normal] mizuki | 4 | 0% | 6:35 / 5:35 | 100% | 100% | 1:28 | 3:37 / - | 1.0 / 72s | 75.1 | 104 | 4 | 32 | 0 | 35% / 12245 | zone |
| [normal] saria | 4 | 0% | 7:44 / 5:16 | 100% | 100% | 1:19 | 4:40 / 8:19 | 1.2 / 51s | 61.1 | 141 | 3 | 65 | 0 | 15% / 5636 | zone |
| [normal] kaltsit | 4 | 25% | 7:53 / 5:36 | 100% | 100% | 1:20 | 3:32 / 6:02 | 1.8 / 65s | 102.5 | 184 | 8 | 60 | 0 | 53% / 26373 | zone |
| [normal] suzuran | 4 | 0% | 5:21 / 4:32 | 100% | 75% | 1:32 | 3:25 / - | 0.8 / 53s | 32.8 | 55 | 6 | 2 | 0 | 45% / 8146 | zone |

### 藏品（docs/35）

| 机器人 | 开局 | 局数 | 平均藏品数 | 藏品直接伤害 | 各流派 出现 / 拿取 | 无效拿取 |
|---|---|---|---|---|---|---|
| expert | eyjafjalla | 4 | 35.2 | 4.7% | A 34/13 B 16/10 C 34/10 D 45/6 E 52/11 F 10/9 G 32/16 H 74/21 通用 103/47 | 0 |
| expert | kaltsit | 4 | 30.0 | 4.3% | A 38/7 B 18/6 C 36/15 D 32/6 E 50/17 F 10/5 G 22/7 H 63/20 通用 77/38 | 0 |
| expert | mizuki | 4 | 33.5 | 11.5% | A 38/11 B 13/5 C 39/19 D 34/7 E 30/5 F 6/4 G 35/12 H 58/25 通用 92/46 | 0 |
| expert | saria | 4 | 27.2 | 2.4% | A 46/11 B 16/10 C 30/10 D 32/14 E 25/5 F 6/4 G 31/7 H 51/16 通用 69/35 | 0 |
| expert | skadi | 4 | 32.2 | 3.5% | A 39/16 B 18/11 C 33/15 D 29/8 E 43/5 F 11/6 G 29/14 H 55/17 通用 88/38 | 0 |
| expert | suzuran | 4 | 30.5 | 7.2% | A 37/9 B 14/9 C 40/16 D 26/6 E 39/11 F 6/6 G 28/9 H 53/18 通用 77/39 | 0 |
| expert | wisadel | 4 | 36.2 | 10.5% | A 31/11 B 10/7 C 53/26 D 37/10 E 68/16 F 10/7 G 31/14 H 63/20 通用 85/36 | 0 |
| normal | eyjafjalla | 4 | 5.2 | 0.1% | A 5/1 B 3/2 C 4/3 D 7/2 E 5/2 G 5/1 H 8/2 通用 14/8 | 0 |
| normal | kaltsit | 4 | 15.2 | 0.3% | A 17/8 B 2/0 C 10/4 D 17/9 E 18/4 F 2/0 G 13/7 H 37/9 通用 37/20 | 0 |
| normal | mizuki | 4 | 8.5 | 2.9% | A 11/5 B 5/1 C 6/5 D 3/2 E 7/3 F 3/1 G 9/3 H 11/2 通用 21/12 | 0 |
| normal | saria | 4 | 12.2 | 0.6% | A 17/5 B 6/0 C 4/2 D 11/4 E 8/2 F 2/1 G 17/7 H 28/4 通用 34/24 | 0 |
| normal | skadi | 4 | 17.0 | 0.8% | A 23/8 B 9/3 C 13/5 D 18/2 E 13/4 F 2/1 G 18/5 H 25/10 通用 47/30 | 0 |
| normal | suzuran | 4 | 7.8 | 0.7% | A 9/2 B 4/2 C 4/1 D 7/4 E 10/1 F 2/1 G 6/3 H 11/3 通用 17/14 | 0 |
| normal | wisadel | 4 | 15.5 | 0.2% | A 14/7 B 6/2 C 17/7 D 13/2 E 18/6 F 2/0 G 14/3 H 27/10 通用 37/25 | 0 |
| 合计 | | | | | A 359/114 B 140/68 C 323/138 D 311/82 E 386/92 F 72/45 G 290/108 H 564/177 通用 798/412 | |

拿取最多（出现 / 拿取）：“犹疑” 0/38，“决心” 0/30，海潮的气息 0/29，深蓝之心 0/29，“观望” 0/28，老近卫军之锋 74/24，羽兽肝酱 87/23，散轶诗简 71/20，火油与药膏 30/20，古旧钱币 58/19，古高卢银币 31/18，贵族刺剑 85/17
耗时 467s
写入 build/cloud/diff-cal-d6/dc_d6_0926_1440.{json,md}
