跑 88 局（1 流派 × 2 机器人 × 11 编队 × 4 seed），并行 4（全机上限 4），源文件摘要 c4e3cdbb6dda82e4
### 最终 Boss（按类型；上面的「终局」列是四种混算）

| 机器人 | 最终 Boss | 结局 | 出场 | 击杀 | 用时 均 / 中 / P90 / 最短–最长（出现起算） | 中 / P90（可受伤起算） | 阶段护盾秒 / 过卡点数 均 | 未击杀时剩余血量 |
|---|---|---|---|---|---|---|---|---|
| expert | 伊祖米克 | deep 19 | 19 | 19 | 63s / 61s / 84s / 35–84s | 30s / 32s | 18.0 / 1.8 | - |
| expert | 最后的骑士 | knight 10 | 10 | 10 | 50s / 46s / 73s / 42–73s | 46s / 73s | 18.9 / 2.0 | - |
| expert | 偏执泡影 | standard 8 | 8 | 8 | 41s / 39s / 66s / 29–66s | 39s / 66s | 13.3 / 1.9 | - |
| expert | 伊莎玛拉 | resolve 7 | 7 | 7 | 45s / 39s / 74s / 39–74s | 39s / 74s | 16.5 / 2.0 | - |
| normal | 伊祖米克 | deep 18 | 18 | 18 | 63s / 60s / 84s / 48–84s | 31s / 50s | 14.6 / 2.0 | - |
| normal | 最后的骑士 | knight 11 | 11 | 10 | 53s / 50s / 72s / 45–72s | 50s / 72s | 11.7 / 2.0 | 3% |
| normal | 伊莎玛拉 | resolve 8 | 8 | 7 | 56s / 48s / 98s / 39–98s | 48s / 98s | 12.2 / 1.8 | 98% |
| normal | 偏执泡影 | standard 7 | 7 | 6 | 43s / 39s / 64s / 39–64s | 40s / 64s | 12.4 / 1.7 | 76% |

### 难度 / 缩圈 / 同屏峰值

#### 前 3 分钟

| 机器人 | 难度 | 局数 | 3:00 前死亡 | 前 3 分钟承伤 均 / 中 | 3:00 时生命 |
|---|---|---|---|---|---|
| expert | 0 | 44 | 0% | 11 / 8 | 100% |
| normal | 0 | 44 | 0% | 5 / 4 | 100% |

#### 死因 × 缩圈阶段 × Boss 在场（失败的局）

| 机器人 | 难度 | 死因 | 缩圈（第几轮 · 阶段） | 圈外 | Boss 在场 | 局数 | 平均死亡时间 |
|---|---|---|---|---|---|---|---|
| expert | 0 | （全部胜利） | | | | 0 | |
| normal | 0 | bullet | 第 1 轮 · 稳定 | 否 | 是 | 3 | 13:00 |

#### 同屏数量峰值（每局峰值的 平均 / 最大）

| 机器人 | 难度 | 局数 | 范围 | 敌人 | 敌方弹幕（含抛射） | 我方子弹 | 特效 | 飘字 |
|---|---|---|---|---|---|---|---|---|
| expert | 0 | 44 | 全程 | 215 / 324 | 34 / 73 | 1 / 8 | 412 / 479 | 48 / 48 |
| expert | 0 | 44 | 8:00–10:00 | 191 / 249 | 27 / 45 | 1 / 6 | 392 / 448 | 47 / 48 |
| normal | 0 | 44 | 全程 | 279 / 454 | 50 / 112 | 1 / 9 | 417 / 470 | 47 / 48 |
| normal | 0 | 44 | 8:00–10:00 | 247 / 454 | 44 / 112 | 1 / 8 | 403 / 470 | 46 / 48 |

### 大群（按第几次）

| 机器人 | 第几次 | 出现 | 时间 | 数量 | 清 80% 用时 均 / 中（清完/出现） | 20 秒内掉血 均 / 最大 | 30 秒内死亡 | 编成 |
|---|---|---|---|---|---|---|---|---|
| expert | 1 | 44 | 1:15 | 26 | 11s / 10s（44/44） | 1 / 7 | 0 | bone/slider/stone ×27；bone/slider ×17 |
| expert | 2 | 44 | 2:45 | 33 | 10s / 9s（44/44） | 2 / 10 | 0 | bone/slider ×27；bone/slider/stone ×17 |
| expert | 3 | 44 | 4:36 | 43 | 15s / 13s（44/44） | 5 / 33 | 0 | bone/offspring/ripper/slider/stone ×10；bone/offspring/ripper/slider/spitter ×9；bone/burrower/ripper/slider ×8 |
| expert | 4 | 44 | 5:54 | 49 | 9s / 8s（44/44） | 6 / 23 | 0 | bone/floater/ripper/runner/slider/tracer ×16；bone/burrower/ripper/slider ×14；bone/offspring/ripper/slider/spitter ×14 |
| expert | 5 | 44 | 7:26 | 57 | 10s / 9s（44/44） | 7 / 58 | 0 | bone/floater/founder/nest/ripper/runner/slider ×18；bone/burrower/offspring/ripper/slider/stone ×15；burrower/ripper/slider/spitter ×11 |
| expert | 6 | 44 | 8:36 | 62 | 8s / 7s（44/44） | 8 / 29 | 0 | burrower/hulk/ripper/slider/spitter ×11；burrower/ripper/slider/spitter ×10；bone/floater/founder/nest/ripper/runner/slider ×9 |
| expert | 7 | 7 | 9:15 | 66 | 7s / 6s（7/7） | 6 / 10 | 0 | burrower/floater/founder/nest/reaper/ripper/runner/slider/tracer ×3；burrower/hulk/ripper/slider/spitter ×2；burrower/offspring/ripper/slider/spitter/stone ×2 |
| normal | 1 | 44 | 1:15 | 26 | 9s / 8s（44/44） | 1 / 8 | 0 | bone/slider/stone ×26；bone/slider ×18 |
| normal | 2 | 44 | 2:45 | 33 | 13s / 11s（44/44） | 2 / 11 | 0 | bone/slider ×26；bone/slider/stone ×18 |
| normal | 3 | 44 | 4:31 | 42 | 27s / 21s（44/44） | 7 / 48 | 0 | bone/ripper/slider/stone ×12；bone/offspring/ripper/slider/stone ×9；bone/offspring/ripper/slider/spitter ×8 |
| normal | 4 | 44 | 5:54 | 49 | 22s / 13s（44/44） | 16 / 91 | 0 | bone/burrower/ripper/slider ×18；bone/offspring/ripper/slider/spitter ×13；bone/floater/ripper/runner/slider/tracer ×13 |
| normal | 5 | 44 | 7:35 | 58 | 19s / 12s（44/44） | 17 / 147 | 0 | bone/floater/founder/nest/ripper/runner/slider ×17；burrower/ripper/slider/spitter ×14；bone/burrower/offspring/ripper/slider/stone ×13 |
| normal | 6 | 44 | 8:41 | 63 | 15s / 9s（44/44） | 23 / 104 | 0 | burrower/ripper/slider/spitter ×14；burrower/hulk/ripper/slider/spitter ×8；burrower/offspring/ripper/slider/spitter/stone ×7 |
| normal | 7 | 5 | 9:19 | 66 | 10s / 9s（5/5） | 28 / 98 | 0 | burrower/hulk/ripper/slider/spitter ×2；burrower/offspring/ripper/slider/spitter/stone ×2；burrower/floater/founder/nest/reaper/ripper/runner/slider/tracer ×1 |

### 按机器人汇总

| 机器人 | 局数 | 胜率 | 平均存活 | 3:30 存活 | 平均终局等级 | 平均击杀 | 目标（胜率 / 存活） | 判定 |
|---|---|---|---|---|---|---|---|---|
| normal | 44 | 93% | 11:05 | 100% | 34.0 | 6848 | 30–55% / 7:00–13:00 | **偏易** |
| expert | 44 | 100% | 10:53 | 100% | 34.5 | 6730 | 70–95% / 9:00–13:00 | **偏易** |

### 明细

| 编队 | n | 胜率 | 存活(均/最短) | 托底(次/首次) | Lv 2:00/5:00/8:00/末 | 终Boss剩余 | 精二占比 | 灯火 | 击杀 | 主要伤害来源 | 治疗来源(总量/无人机Lv) | 主要死因 |
|---|---|---|---|---|---|---|---|---|---|---|---|---|
| [expert] wisadel+siege+mizuki | 4 | 100% | 11:01 / 10:39 | 0.0 / - | 7 / 16 / 26 / 35 | - | 100% | 81 | 6844 | 触手 24% 余震 19% 殉爆 18% 饱和炮击 11% | 水月 89% 无人机 8% 拾取 2% (124 / 3.5) | bullet |
| [expert] eyjafjalla+siege+mizuki | 4 | 100% | 10:48 / 10:39 | 0.0 / - | 7 / 17 / 26 / 35 | - | 100% | 74 | 6713 | 触手 27% 火山 19% 伞击 12% 火山弹 9% | 水月 92% 无人机 6% 拾取 1% (179 / 2.5) | bullet |
| [expert] kaltsit+siege+mizuki | 4 | 100% | 11:01 / 10:43 | 0.0 / - | 7 / 16 / 26 / 35 | - | 100% | 59 | 6818 | 触手 41% 伞击 26% 技能 10% Mon3tr · 真伤 5% | 水月 74% 凯尔希 25% 藏品 0% (240 / 0.0) | bullet |
| [expert] saria+siege+mizuki | 4 | 100% | 10:48 / 10:35 | 0.0 / - | 7 / 14 / 26 / 34 | - | 100% | 66 | 6668 | 触手 46% 伞击 25% 技能 10% 技能·法术 4% | 塞雷娅 51% 水月 46% 拾取 0% (244 / 0.0) | bullet |
| [expert] skadi+siege+mizuki | 4 | 100% | 10:41 / 10:39 | 0.0 / - | 7 / 15 / 26 / 34 | - | 100% | 85 | 6578 | 触手 36% 伞击 22% 大剑 12% 技能 8% | 水月 94% 无人机 5% 拾取 0% (266 / 3.0) | bullet |
| [expert] suzuran+siege+mizuki | 4 | 100% | 11:01 / 10:46 | 0.0 / - | 7 / 14 / 25 / 34 | - | 100% | 100 | 6761 | 触手 40% 伞击 24% 技能 8% 技能·法术 5% | 水月 79% 铃兰 17% 无人机 1% (205 / 2.2) | bullet |
| [expert] ulpianus+siege+mizuki | 4 | 100% | 11:03 / 10:43 | 0.0 / - | 7 / 16 / 26 / 35 | - | 100% | 75 | 6862 | 触手 40% 伞击 18% 技能 6% 锚击 6% | 水月 88% 无人机 6% 拾取 4% (659 / 2.5) | mire |
| [expert] irene+siege+mizuki | 4 | 100% | 10:46 / 10:40 | 0.0 / - | 7 / 15 / 26 / 34 | - | 92% | 72 | 6620 | 触手 35% 伞击 19% 碎潮 9% 手炮轰击 9% | 水月 95% 无人机 2% 拾取 1% (274 / 1.8) | bullet |
| [expert] specter_unchained+siege+mizuki | 4 | 100% | 10:57 / 10:39 | 0.0 / - | 7 / 16 / 26 / 35 | - | 100% | 76 | 6746 | 触手 36% 锯刃 23% 伞击 17% 血色潮痕 6% | 水月 90% 无人机 7% 拾取 2% (158 / 2.0) | bullet |
| [expert] logos+siege+mizuki | 4 | 100% | 10:59 / 10:42 | 0.0 / - | 7 / 16 / 27 / 36 | - | 100% | 70 | 6857 | 言 25% 触手 21% 提喻 17% 湮灭 11% | 水月 91% 无人机 5% 拾取 3% (259 / 3.0) | bullet |
| [expert] lumen+siege+mizuki | 4 | 100% | 10:41 / 10:29 | 0.0 / - | 7 / 15 / 26 / 34 | - | 100% | 92 | 6568 | 触手 46% 伞击 24% 技能 7% 发光单元 4% | 流明 61% 水月 37% 拾取 0% (166 / 0.0) | bullet |
| [normal] wisadel+siege+mizuki | 4 | 100% | 10:49 / 10:45 | 0.0 / - | 6 / 16 / 26 / 34 | - | 66% | 90 | 6645 | 殉爆 26% 余震 24% 饱和炮击 9% 触手 8% | 水月 58% 无人机 16% 拾取 14% (133 / 0.5) | bullet |
| [normal] eyjafjalla+siege+mizuki | 4 | 100% | 10:54 / 10:48 | 2.5 / 7:45 | 6 / 16 / 26 / 34 | - | 58% | 81 | 6831 | 火山弹 22% 火山 16% 触手 8% 伞击 7% | 水月 58% 拾取 37% 无人机 4% (334 / 0.5) | boss_tracer |
| [normal] kaltsit+siege+mizuki | 4 | 100% | 10:50 / 10:39 | 0.0 / - | 6 / 16 / 25 / 34 | - | 75% | 82 | 6665 | 伞击 25% 触手 24% 技能 11% Mon3tr 9% | 凯尔希 56% 水月 42% 无人机 1% (285 / 1.2) | bullet |
| [normal] saria+siege+mizuki | 4 | 75% | 11:21 / 10:39 | 0.0 / - | 6 / 16 / 25 / 34 | 3% | 66% | 90 | 7004 | 伞击 28% 触手 28% 技能·法术 10% 技能 8% | 塞雷娅 61% 水月 36% 无人机 1% (489 / 0.5) | bullet |
| [normal] skadi+siege+mizuki | 4 | 100% | 10:52 / 10:39 | 0.0 / - | 6 / 16 / 26 / 34 | - | 91% | 76 | 6694 | 伞击 21% 触手 20% 大剑 16% 技能 10% | 水月 93% 藏品 2% 拾取 2% (465 / 0.2) | bullet |
| [normal] suzuran+siege+mizuki | 4 | 100% | 10:56 / 10:39 | 0.0 / - | 7 / 15 / 26 / 34 | - | 91% | 74 | 6804 | 触手 32% 伞击 25% 技能 13% 狐火 8% | 水月 81% 铃兰 10% 拾取 5% (403 / 0.5) | bullet |
| [normal] ulpianus+siege+mizuki | 4 | 100% | 11:05 / 10:45 | 0.0 / - | 6 / 16 / 26 / 34 | - | 66% | 72 | 6837 | 触手 28% 伞击 16% 锚击 12% 技能·法术 6% | 水月 87% 无人机 6% 拾取 5% (568 / 0.2) | bullet |
| [normal] irene+siege+mizuki | 4 | 100% | 11:15 / 10:56 | 0.0 / - | 6 / 16 / 24 / 34 | - | 66% | 96 | 7021 | 伞击 18% 触手 12% 碎潮 12% 刺剑 10% | 水月 59% 拾取 23% 无人机 17% (562 / 0.8) | bullet |
| [normal] specter_unchained+siege+mizuki | 4 | 100% | 10:52 / 10:39 | 0.8 / 9:07 | 6 / 15 / 25 / 34 | - | 58% | 81 | 6639 | 触手 23% 伞击 19% 锯刃 16% 技能·法术 8% | 水月 92% 拾取 3% 无人机 3% (581 / 1.0) | bullet |
| [normal] logos+siege+mizuki | 4 | 100% | 10:58 / 10:51 | 0.0 / - | 7 / 16 / 26 / 34 | - | 66% | 62 | 6808 | 言 19% 触手 15% 提喻 14% 伞击 11% | 水月 86% 拾取 11% 无人机 2% (445 / 0.8) | boss_tracer |
| [normal] lumen+siege+mizuki | 4 | 50% | 12:03 / 10:57 | 0.0 / - | 6 / 14 / 24 / 34 | 87% | 58% | 84 | 7382 | 伞击 24% 触手 18% 技能·法术 13% 锤击 9% | 流明 55% 水月 39% 无人机 3% (1286 / 1.0) | bullet |

### 机器人指标（docs/29）

| 机器人 · 开局 | n | 胜率 | 存活 均/最短 | 3:30 存活 | 5:00 存活 | 首次招募 | 首次精一 / 精二 | 中期 Boss 击杀数 / 平均用时 | 受击/分 | 承伤/分 | 低血(<35%)秒 | 熄灯秒 | 静止% | 开局干员 伤害占比 / 每分钟 | 主要死因 |
|---|---|---|---|---|---|---|---|---|---|---|---|---|---|---|---|
| [expert] wisadel+siege+mizuki | 4 | 100% | 11:01 / 10:39 | 100% | 100% | - | 0:49 / 2:49 | 2.8 / 20s | 2.3 | 14 | 0 | 0 | 11 | 55% / 59515 | - |
| [expert] eyjafjalla+siege+mizuki | 4 | 100% | 10:48 / 10:39 | 100% | 100% | - | 0:52 / 3:06 | 2.2 / 29s | 4.2 | 19 | 0 | 4 | 14 | 49% / 55185 | - |
| [expert] kaltsit+siege+mizuki | 4 | 100% | 11:01 / 10:43 | 100% | 100% | - | 0:52 / 3:30 | 2.5 / 27s | 5.3 | 25 | 0 | 0 | 13 | 8% / 7940 | - |
| [expert] saria+siege+mizuki | 4 | 100% | 10:48 / 10:35 | 100% | 100% | - | 0:47 / 2:49 | 2.5 / 68s | 5.0 | 25 | 0 | 0 | 11 | 3% / 3279 | - |
| [expert] skadi+siege+mizuki | 4 | 100% | 10:41 / 10:39 | 100% | 100% | - | 0:49 / 3:32 | 2.2 / 54s | 8.9 | 30 | 0 | 0 | 10 | 21% / 23122 | - |
| [expert] suzuran+siege+mizuki | 4 | 100% | 11:01 / 10:46 | 100% | 100% | - | 0:56 / 2:19 | 2.2 / 94s | 6.2 | 22 | 0 | 0 | 8 | 5% / 4910 | - |
| [expert] ulpianus+siege+mizuki | 4 | 100% | 11:03 / 10:43 | 100% | 100% | - | 0:51 / 3:42 | 2.2 / 17s | 14.3 | 78 | 0 | 0 | 8 | 20% / 21049 | - |
| [expert] irene+siege+mizuki | 4 | 100% | 10:46 / 10:40 | 100% | 100% | 10:26 | 0:52 / 4:17 | 2.8 / 43s | 6.8 | 32 | 0 | 0 | 10 | 25% / 25927 | - |
| [expert] specter_unchained+siege+mizuki | 4 | 100% | 10:57 / 10:39 | 100% | 100% | - | 0:47 / 2:17 | 2.0 / 27s | 4.8 | 19 | 0 | 0 | 12 | 30% / 28014 | - |
| [expert] logos+siege+mizuki | 4 | 100% | 10:59 / 10:42 | 100% | 100% | - | 0:58 / 2:45 | 2.5 / 13s | 4.0 | 27 | 0 | 4 | 14 | 66% / 82937 | - |
| [expert] lumen+siege+mizuki | 4 | 100% | 10:41 / 10:29 | 100% | 100% | - | 0:54 / 2:40 | 2.5 / 61s | 2.9 | 16 | 0 | 0 | 11 | 8% / 8386 | - |
| [normal] wisadel+siege+mizuki | 4 | 100% | 10:49 / 10:45 | 100% | 100% | - | 2:40 / 7:30 | 2.8 / 25s | 13.8 | 34 | 0 | 0 | 0 | 70% / 69756 | - |
| [normal] eyjafjalla+siege+mizuki | 4 | 100% | 10:54 / 10:48 | 100% | 100% | - | 1:58 / 5:35 | 2.2 / 36s | 38.3 | 109 | 0 | 12 | 0 | 64% / 60008 | - |
| [normal] kaltsit+siege+mizuki | 4 | 100% | 10:50 / 10:39 | 100% | 100% | - | 2:38 / 5:53 | 2.0 / 36s | 8.8 | 31 | 0 | 5 | 0 | 21% / 18723 | - |
| [normal] saria+siege+mizuki | 4 | 75% | 11:21 / 10:39 | 100% | 100% | - | 2:45 / 6:50 | 2.2 / 30s | 21.7 | 48 | 0 | 7 | 0 | 7% / 6903 | bullet |
| [normal] skadi+siege+mizuki | 4 | 100% | 10:52 / 10:39 | 100% | 100% | - | 3:12 / 7:08 | 2.2 / 59s | 20.8 | 62 | 0 | 3 | 0 | 27% / 28052 | - |
| [normal] suzuran+siege+mizuki | 4 | 100% | 10:56 / 10:39 | 100% | 100% | - | 2:59 / 6:00 | 3.0 / 49s | 11.0 | 42 | 0 | 25 | 0 | 12% / 13054 | - |
| [normal] ulpianus+siege+mizuki | 4 | 100% | 11:05 / 10:45 | 100% | 100% | - | 3:00 / 5:15 | 2.2 / 18s | 21.6 | 84 | 0 | 0 | 0 | 29% / 25495 | - |
| [normal] irene+siege+mizuki | 4 | 100% | 11:15 / 10:56 | 100% | 100% | - | 3:06 / 6:36 | 2.2 / 116s | 58.3 | 114 | 0 | 5 | 0 | 33% / 31277 | - |
| [normal] specter_unchained+siege+mizuki | 4 | 100% | 10:52 / 10:39 | 100% | 100% | - | 4:10 / 8:39 | 2.2 / 71s | 28.0 | 94 | 0 | 7 | 0 | 24% / 18635 | - |
| [normal] logos+siege+mizuki | 4 | 100% | 10:58 / 10:51 | 100% | 100% | - | 2:12 / 7:04 | 2.8 / 40s | 29.8 | 107 | 0 | 6 | 0 | 54% / 57617 | - |
| [normal] lumen+siege+mizuki | 4 | 50% | 12:03 / 10:57 | 100% | 100% | - | 3:51 / 8:48 | 1.2 / 190s | 14.4 | 123 | 0 | 0 | 0 | 12% / 10318 | bullet |

### 藏品（docs/35）

| 机器人 | 开局 | 局数 | 平均藏品数 | 藏品直接伤害 | 各流派 出现 / 拿取 | 无效拿取 |
|---|---|---|---|---|---|---|
| expert | eyjafjalla | 4 | 33.5 | 2.3% | A 33/8 B 11/6 C 39/19 D 35/10 E 33/12 F 9/6 G 23/8 H 70/23 通用 89/43 | 0 |
| expert | irene | 4 | 34.0 | 3.5% | A 45/10 B 17/8 C 37/21 D 24/10 E 22/5 F 12/7 G 33/11 H 71/15 通用 102/52 | 0 |
| expert | kaltsit | 4 | 35.8 | 3.7% | A 32/11 B 21/11 C 40/20 D 40/10 E 28/8 F 12/5 G 32/13 H 95/31 通用 71/35 | 0 |
| expert | logos | 4 | 28.0 | 1.1% | A 26/11 B 8/6 C 27/17 D 38/7 E 29/8 F 6/4 G 20/6 H 46/15 通用 76/39 | 0 |
| expert | lumen | 4 | 31.5 | 3.1% | A 34/7 B 17/11 C 39/17 D 36/7 E 31/9 F 10/6 G 39/12 H 70/27 通用 80/31 | 0 |
| expert | saria | 4 | 36.2 | 3.7% | A 48/13 B 18/12 C 40/17 D 39/10 E 23/3 F 8/8 G 40/15 H 70/23 通用 103/46 | 0 |
| expert | skadi | 4 | 34.8 | 2.5% | A 57/20 B 10/2 C 41/21 D 46/10 E 28/7 F 5/2 G 23/12 H 86/30 通用 85/35 | 0 |
| expert | specter_unchained | 4 | 34.2 | 4.4% | A 33/9 B 16/8 C 49/24 D 39/9 E 17/3 F 14/7 G 29/11 H 80/27 通用 96/41 | 0 |
| expert | suzuran | 4 | 30.8 | 6.4% | A 33/9 B 11/3 C 36/19 D 31/6 E 38/9 F 6/4 G 29/10 H 67/18 通用 94/45 | 0 |
| expert | ulpianus | 4 | 37.8 | 4.9% | A 62/19 B 13/8 C 41/19 D 53/12 E 28/5 F 6/4 G 31/13 H 62/19 通用 85/53 | 0 |
| expert | wisadel | 4 | 32.5 | 6.4% | A 26/8 B 12/6 C 40/21 D 36/10 E 34/7 F 7/2 G 38/18 H 66/23 通用 84/35 | 0 |
| normal | eyjafjalla | 4 | 29.2 | 3.0% | A 23/9 B 7/1 C 31/11 D 38/12 E 48/12 F 4/1 G 32/13 H 63/19 通用 74/39 | 0 |
| normal | irene | 4 | 20.5 | 0.1% | A 24/10 B 10/2 C 14/2 D 28/13 E 14/1 F 7/2 G 17/4 H 43/12 通用 63/37 | 0 |
| normal | kaltsit | 4 | 25.8 | 2.5% | A 24/10 B 5/3 C 18/6 D 26/10 E 23/4 F 5/2 G 29/14 H 50/18 通用 64/37 | 0 |
| normal | logos | 4 | 22.5 | 1.8% | A 12/2 B 12/5 C 27/8 D 16/8 E 25/10 F 4/1 G 21/7 H 34/8 通用 67/41 | 0 |
| normal | lumen | 4 | 20.5 | 0.8% | A 25/6 B 9/1 C 17/5 D 21/7 E 20/7 F 5/2 G 27/5 H 54/16 通用 63/33 | 0 |
| normal | saria | 4 | 28.0 | 2.3% | A 39/14 B 11/4 C 42/11 D 39/12 E 16/4 F 3/2 G 33/5 H 54/17 通用 78/43 | 0 |
| normal | skadi | 4 | 25.0 | 0.3% | A 50/15 B 11/3 C 24/7 D 20/4 E 19/4 F 5/2 G 16/9 H 40/14 通用 73/43 | 0 |
| normal | specter_unchained | 4 | 24.8 | 5.8% | A 21/9 B 12/4 C 28/8 D 35/13 E 21/2 F 6/0 G 25/7 H 53/15 通用 67/41 | 0 |
| normal | suzuran | 4 | 28.2 | 0.8% | A 22/9 B 8/4 C 25/9 D 18/3 E 31/11 F 6/2 G 27/13 H 49/16 通用 65/46 | 0 |
| normal | ulpianus | 4 | 34.8 | 3.7% | A 54/17 B 33/10 C 36/11 D 44/11 E 19/1 F 8/3 G 34/7 H 77/27 通用 117/53 | 0 |
| normal | wisadel | 4 | 27.5 | 2.7% | A 15/3 B 12/3 C 22/4 D 32/8 E 28/8 F 7/2 G 36/16 H 77/24 通用 79/43 | 0 |
| 合计 | | | | | A 738/229 B 284/121 C 713/297 D 734/202 E 575/140 F 155/74 G 634/229 H 1377/437 通用 1775/911 | |

拿取最多（出现 / 拿取）：“观望” 0/86，“犹疑” 0/81，“决心” 0/71，《大静谧》 165/51，深蓝之心 0/48，突击协议-利刃 150/40，羽兽肝酱 177/39，皇帝的收藏 142/39，皇帝的恩宠 159/39，古高卢银币 73/39，镶金骨骰 182/38，“黑夜呢喃” 154/38
耗时 1112s
写入 build/cloud/rm2-base-share/rm2_share_base_0926_1825.{json,md}
