跑 112 局（1 流派 × 2 机器人 × 7 编队 × 8 seed），并行 4（全机上限 4），源文件摘要 9f75e95f88186b1e
### 最终 Boss（按类型；上面的「终局」列是四种混算）

| 机器人 | 最终 Boss | 结局 | 出场 | 击杀 | 用时 均 / 中 / P90 / 最短–最长（出现起算） | 中 / P90（可受伤起算） | 阶段护盾秒 / 过卡点数 均 | 未击杀时剩余血量 |
|---|---|---|---|---|---|---|---|---|
| expert | 伊祖米克 | deep 19 | 19 | 17 | 65s / 65s / 77s / 48–93s | 31s / 41s | 12.0 / 1.9 | 56% |
| expert | 伊莎玛拉 | resolve 16 | 16 | 15 | 47s / 40s / 73s / 16–73s | 40s / 73s | 13.0 / 1.8 | 85% |
| expert | 偏执泡影 | standard 10 | 10 | 10 | 52s / 49s / 94s / 38–94s | 50s / 94s | 10.6 / 2.0 | - |
| expert | 最后的骑士 | knight 6 | 6 | 6 | 64s / 55s / 114s / 42–114s | 55s / 114s | 10.5 / 2.0 | - |
| normal | 偏执泡影 | standard 8 | 8 | 5 | 66s / 44s / 137s / 41–137s | 44s / 137s | 4.0 / 1.5 | 73% |
| normal | 伊祖米克 | deep 6 | 6 | 6 | 73s / 71s / 118s / 48–118s | 31s / 104s | 13.2 / 2.0 | - |
| normal | 最后的骑士 | knight 5 | 5 | 5 | 68s / 52s / 139s / 47–139s | 52s / 139s | 12.5 / 2.0 | - |
| normal | 伊莎玛拉 | resolve 5 | 5 | 5 | 46s / 41s / 61s / 39–61s | 41s / 61s | 15.5 / 2.0 | - |

### 难度 / 缩圈 / 同屏峰值

#### 前 3 分钟

| 机器人 | 难度 | 局数 | 3:00 前死亡 | 前 3 分钟承伤 均 / 中 | 3:00 时生命 |
|---|---|---|---|---|---|
| expert | 0 | 56 | 0% | 20 / 18 | 100% |
| normal | 0 | 56 | 0% | 24 / 24 | 99% |

#### 死因 × 缩圈阶段 × Boss 在场（失败的局）

| 机器人 | 难度 | 死因 | 缩圈（第几轮 · 阶段） | 圈外 | Boss 在场 | 局数 | 平均死亡时间 |
|---|---|---|---|---|---|---|---|
| expert | 0 | bullet | 第 2 轮 · 稳定 | 否 | 否 | 1 | 5:57 |
| expert | 0 | shock | 第 1 轮 · 稳定 | 否 | 是 | 1 | 13:00 |
| expert | 0 | corrode | 第 3 轮 · 稳定 | 否 | 是 | 1 | 7:11 |
| expert | 0 | mire | 第 1 轮 · 稳定 | 否 | 是 | 1 | 11:38 |
| expert | 0 | corrode | 第 1 轮 · 稳定 | 否 | 是 | 1 | 9:52 |
| expert | 0 | boss_tracer | 第 3 轮 · 收缩 | 否 | 否 | 1 | 8:05 |
| expert | 0 | bullet | 第 2 轮 · 预告 | 否 | 否 | 1 | 6:46 |
| expert | 0 | bullet | 第 2 轮 · 预告 | 否 | 是 | 1 | 13:00 |
| normal | 0 | corrode | 第 3 轮 · 稳定 | 否 | 是 | 5 | 7:40 |
| normal | 0 | corrode | 第 1 轮 · 稳定 | 否 | 是 | 4 | 7:23 |
| normal | 0 | corrode | 第 1 轮 · 稳定 | 否 | 否 | 3 | 5:00 |
| normal | 0 | bullet | 第 2 轮 · 稳定 | 否 | 是 | 1 | 12:01 |
| normal | 0 | shock | 第 3 轮 · 稳定 | 否 | 是 | 1 | 7:33 |
| normal | 0 | contact_slider | 第 3 轮 · 预告 | 否 | 否 | 1 | 6:46 |
| normal | 0 | mire | 第 5 轮 · 收缩 | 否 | 否 | 1 | 9:30 |
| normal | 0 | contact_tracer | 第 3 轮 · 稳定 | 否 | 是 | 1 | 7:06 |
| normal | 0 | boss_tracer | 第 1 轮 · 稳定 | 否 | 否 | 1 | 5:04 |
| normal | 0 | contact_burrower | 第 1 轮 · 稳定 | 否 | 是 | 1 | 5:37 |
| normal | 0 | boss_iberia | 第 1 轮 · 稳定 | 否 | 是 | 1 | 5:48 |
| normal | 0 | bullet | 第 3 轮 · 收缩 | 否 | 是 | 1 | 7:03 |
| normal | 0 | bullet | 第 4 轮 · 稳定 | 否 | 否 | 1 | 9:32 |
| normal | 0 | mire | 第 4 轮 · 收缩 | 否 | 否 | 1 | 8:23 |
| normal | 0 | shock | 第 1 轮 · 稳定 | 否 | 是 | 1 | 6:48 |
| normal | 0 | contact_tracer | 第 1 轮 · 稳定 | 否 | 是 | 1 | 6:49 |
| normal | 0 | corrode | 第 2 轮 · 稳定 | 否 | 是 | 1 | 10:17 |
| normal | 0 | shock | 第 3 轮 · 收缩 | 否 | 否 | 1 | 9:40 |
| normal | 0 | mire | 第 2 轮 · 稳定 | 否 | 是 | 1 | 9:45 |
| normal | 0 | corrode | 第 3 轮 · 预告 | 否 | 是 | 1 | 7:30 |
| normal | 0 | corrode | 第 4 轮 · 预告 | 否 | 否 | 1 | 8:12 |
| normal | 0 | bullet | 第 3 轮 · 预告 | 否 | 是 | 1 | 8:18 |
| normal | 0 | mire | 第 3 轮 · 预告 | 否 | 是 | 1 | 7:39 |
| normal | 0 | corrode | 第 3 轮 · 预告 | 否 | 否 | 1 | 6:31 |
| normal | 0 | mire | 第 1 轮 · 稳定 | 否 | 是 | 1 | 7:23 |
| normal | 0 | boss_tracer | 第 3 轮 · 预告 | 否 | 否 | 1 | 6:14 |

#### 同屏数量峰值（每局峰值的 平均 / 最大）

| 机器人 | 难度 | 局数 | 范围 | 敌人 | 敌方弹幕（含抛射） | 我方子弹 | 特效 | 飘字 |
|---|---|---|---|---|---|---|---|---|
| expert | 0 | 56 | 全程 | 236 / 411 | 44 / 67 | 4 / 11 | 382 / 449 | 47 / 48 |
| expert | 0 | 53 | 8:00–10:00 | 216 / 411 | 39 / 63 | 3 / 10 | 358 / 449 | 45 / 48 |
| normal | 0 | 56 | 全程 | 276 / 453 | 42 / 74 | 3 / 12 | 369 / 579 | 42 / 48 |
| normal | 0 | 32 | 8:00–10:00 | 259 / 450 | 42 / 64 | 2 / 10 | 357 / 483 | 40 / 48 |

### 大群（按第几次）

| 机器人 | 第几次 | 出现 | 时间 | 数量 | 清 80% 用时 均 / 中（清完/出现） | 20 秒内掉血 均 / 最大 | 30 秒内死亡 | 编成 |
|---|---|---|---|---|---|---|---|---|
| expert | 1 | 56 | 1:15 | 26 | 15s / 11s（56/56） | 3 / 24 | 0 | bone/slider ×29；bone/slider/stone ×27 |
| expert | 2 | 56 | 2:45 | 33 | 14s / 11s（56/56） | 3 / 26 | 0 | bone/slider/stone ×29；bone/slider ×27 |
| expert | 3 | 56 | 4:35 | 42 | 18s / 13s（56/56） | 7 / 56 | 0 | bone/floater/ripper/runner/slider ×14；bone/floater/ripper/runner/slider/tracer ×10；bone/offspring/ripper/slider/stone ×9 |
| expert | 4 | 56 | 5:53 | 49 | 12s / 10s（55/56） | 11 / 109 | 2 | bone/burrower/ripper/slider ×21；bone/offspring/ripper/slider/spitter ×18；bone/floater/ripper/runner/slider/tracer ×17 |
| expert | 5 | 53 | 7:32 | 57 | 11s / 9s（53/53） | 13 / 97 | 0 | bone/floater/founder/nest/ripper/runner/slider ×22；burrower/ripper/slider/spitter ×16；bone/burrower/offspring/ripper/slider/stone ×15 |
| expert | 6 | 53 | 8:41 | 63 | 11s / 9s（52/53） | 17 / 115 | 1 | burrower/hulk/ripper/slider/spitter ×15；burrower/offspring/ripper/slider/spitter/stone ×8；burrower/ripper/slider/spitter ×8 |
| expert | 7 | 5 | 9:20 | 66 | 10s / 10s（5/5） | 8 / 20 | 0 | burrower/hulk/ripper/slider/spitter ×3；burrower/floater/founder/nest/reaper/ripper/runner/slider/tracer ×2 |
| normal | 1 | 56 | 1:15 | 26 | 9s / 9s（56/56） | 6 / 30 | 0 | bone/slider ×28；bone/slider/stone ×28 |
| normal | 2 | 56 | 2:45 | 33 | 15s / 12s（56/56） | 6 / 45 | 0 | bone/slider/stone ×28；bone/slider ×28 |
| normal | 3 | 56 | 4:38 | 43 | 27s / 19s（51/56） | 21 / 152 | 6 | bone/ripper/slider/stone ×13；bone/burrower/ripper/slider ×13；bone/floater/ripper/runner/slider/tracer ×11 |
| normal | 4 | 48 | 5:54 | 49 | 26s / 18s（46/48） | 16 / 127 | 2 | bone/burrower/ripper/slider ×18；bone/floater/ripper/runner/slider/tracer ×15；bone/offspring/ripper/slider/spitter ×15 |
| normal | 5 | 34 | 7:35 | 58 | 26s / 16s（32/34） | 25 / 145 | 3 | burrower/ripper/slider/spitter ×14；bone/floater/founder/nest/ripper/runner/slider ×11；bone/burrower/offspring/ripper/slider/stone ×9 |
| normal | 6 | 28 | 8:46 | 63 | 18s / 11s（28/28） | 30 / 192 | 1 | burrower/floater/founder/nest/reaper/ripper/runner/slider/tracer ×10；burrower/offspring/ripper/slider/spitter/stone ×6；burrower/hulk/ripper/slider/spitter ×4 |
| normal | 7 | 4 | 9:19 | 66 | 10s / 8s（4/4） | 18 / 50 | 0 | burrower/hulk/ripper/slider/spitter ×3；burrower/offspring/ripper/slider/spitter/stone ×1 |

### 按机器人汇总

| 机器人 | 局数 | 胜率 | 平均存活 | 3:30 存活 | 平均终局等级 | 平均击杀 | 目标（胜率 / 存活） | 判定 |
|---|---|---|---|---|---|---|---|---|
| normal | 56 | 37% | 8:50 | 100% | 27.0 | 4844 | 30–55% / 7:00–13:00 | **达标** |
| expert | 56 | 85% | 10:43 | 100% | 33.3 | 6564 | 70–95% / 9:00–13:00 | **达标** |

### 明细

| 编队 | n | 胜率 | 存活(均/最短) | 托底(次/首次) | Lv 2:00/5:00/8:00/末 | 终Boss剩余 | 精二占比 | 灯火 | 击杀 | 主要伤害来源 | 治疗来源(总量/无人机Lv) | 主要死因 |
|---|---|---|---|---|---|---|---|---|---|---|---|---|
| [expert] wisadel | 8 | 100% | 10:59 / 10:39 | 0.0 / - | 7 / 16 / 26 / 34 | - | 96% | 71 | 6789 | 殉爆 20% 余震 19% 饱和炮击 10% 言 6% | 凯尔希 36% 塞雷娅 24% 拾取 20% (318 / 0.4) | bullet |
| [expert] eyjafjalla | 8 | 75% | 10:34 / 5:57 | 0.0 / - | 7 / 16 / 26 / 33 | 13% | 95% | 68 | 6477 | 火山弹 21% 火山 14% 熔岩天降 9% 熔岩 5% | 塞雷娅 32% 拾取 26% 凯尔希 12% (465 / 0.1) | bullet |
| [expert] skadi | 8 | 87% | 10:23 / 7:11 | 0.0 / - | 7 / 16 / 26 / 32 | 9% | 100% | 60 | 6249 | 大剑 28% 火山弹 9% 言 6% 锯刃 5% | 拾取 28% 流明 24% 塞雷娅 22% (357 / 0.5) | bullet |
| [expert] mizuki | 8 | 100% | 10:47 / 10:39 | 0.0 / - | 7 / 16 / 26 / 34 | - | 100% | 67 | 6654 | 触手 36% 伞击 15% 锯刃 9% 技能 7% | 水月 72% 流明 12% 塞雷娅 5% (378 / 0.8) | bullet |
| [expert] saria | 8 | 75% | 11:03 / 9:52 | 0.0 / - | 5 / 15 / 26 / 34 | 54% | 100% | 59 | 6840 | 火山弹 11% 余震 9% 殉爆 8% 火山 7% | 塞雷娅 79% 水月 14% 拾取 2% (664 / 0.0) | bullet |
| [expert] kaltsit | 8 | 100% | 10:59 / 10:38 | 0.0 / - | 5 / 16 / 26 / 34 | - | 100% | 70 | 6799 | Mon3tr · 真伤 11% Mon3tr 7% 言 5% 锚击 5% | 凯尔希 81% 水月 9% 铃兰 7% (536 / 0.0) | bullet |
| [expert] suzuran | 8 | 62% | 10:19 / 6:46 | 0.0 / - | 6 / 15 / 26 / 32 | 85% | 100% | 47 | 6144 | 狐火 15% 殉爆 7% 余震 7% 火山弹 5% | 铃兰 29% 塞雷娅 29% 凯尔希 19% (433 / 0.8) | bullet |
| [normal] wisadel | 8 | 25% | 8:44 / 4:59 | 0.0 / - | 7 / 15 / 25 / 27 | 90% | 25% | 62 | 4714 | 余震 18% 殉爆 16% 炮击 12% 大剑 7% | 拾取 33% 无人机 15% 铃兰 12% (192 / 0.4) | shock |
| [normal] eyjafjalla | 8 | 50% | 8:33 / 5:04 | 0.0 / - | 6 / 15 / 26 / 26 | 72% | 54% | 47 | 4703 | 火山弹 25% 狐火 8% 火星 6% 触手 6% | 拾取 34% 凯尔希 19% 水月 19% (418 / 0.6) | bullet |
| [normal] skadi | 8 | 50% | 9:02 / 4:57 | 0.0 / - | 6 / 15 / 25 / 28 | 73% | 54% | 73 | 5025 | 大剑 30% 刺剑 8% 触手 5% Mon3tr 5% | 拾取 29% 凯尔希 24% 水月 15% (338 / 0.2) | bullet |
| [normal] mizuki | 8 | 75% | 10:20 / 6:49 | 0.0 / - | 6 / 15 / 25 / 31 | 52% | 58% | 57 | 6090 | 触手 18% 伞击 18% 锚击 6% 技能 6% | 水月 69% 凯尔希 9% 流明 8% (857 / 0.0) | bullet |
| [normal] saria | 8 | 12% | 9:24 / 6:26 | 0.0 / - | 7 / 15 / 24 / 28 | 44% | 41% | 36 | 5281 | 拳击 11% 刺剑 9% 狐火 5% 大剑 5% | 塞雷娅 86% 流明 8% 拾取 2% (1070 / 0.4) | bullet |
| [normal] kaltsit | 8 | 37% | 8:42 / 5:12 | 0.0 / - | 6 / 15 / 25 / 27 | 56% | 29% | 32 | 4805 | Mon3tr 40% Mon3tr · 真伤 7% 大剑 6% 火山弹 5% | 凯尔希 74% 水月 8% 流明 8% (964 / 0.8) | bullet |
| [normal] suzuran | 8 | 12% | 7:02 / 4:54 | 0.0 / - | 7 / 16 / 26 / 22 | 67% | 20% | 34 | 3287 | 狐火 32% 锯刃 6% 骑士 6% 余震 6% | 铃兰 37% 拾取 19% 无人机 10% (269 / 0.2) | bullet |

### 机器人指标（docs/29）

| 机器人 · 开局 | n | 胜率 | 存活 均/最短 | 3:30 存活 | 5:00 存活 | 首次招募 | 首次精一 / 精二 | 中期 Boss 击杀数 / 平均用时 | 受击/分 | 承伤/分 | 低血(<35%)秒 | 熄灯秒 | 静止% | 开局干员 伤害占比 / 每分钟 | 主要死因 |
|---|---|---|---|---|---|---|---|---|---|---|---|---|---|---|---|
| [expert] wisadel | 8 | 100% | 10:59 / 10:39 | 100% | 100% | 1:23 | 0:53 / 3:23 | 2.6 / 30s | 14.7 | 43 | 1 | 0 | 16 | 58% / 65050 | - |
| [expert] eyjafjalla | 8 | 75% | 10:34 / 5:57 | 100% | 100% | 1:36 | 0:54 / 3:54 | 2.2 / 71s | 20.8 | 62 | 6 | 2 | 10 | 61% / 64827 | bullet |
| [expert] skadi | 8 | 87% | 10:23 / 7:11 | 100% | 100% | 1:17 | 0:48 / 3:34 | 2.4 / 50s | 13.3 | 58 | 1 | 0 | 13 | 37% / 37492 | corrode |
| [expert] mizuki | 8 | 100% | 10:47 / 10:39 | 100% | 100% | 1:18 | 0:51 / 2:51 | 2.2 / 36s | 11.4 | 40 | 0 | 0 | 14 | 62% / 66994 | - |
| [expert] saria | 8 | 75% | 11:03 / 9:52 | 100% | 100% | 2:29 | 0:51 / 3:08 | 2.1 / 93s | 27.1 | 72 | 0 | 6 | 12 | 6% / 6733 | mire |
| [expert] kaltsit | 8 | 100% | 10:59 / 10:38 | 100% | 100% | 1:53 | 1:30 / 3:08 | 2.4 / 47s | 21.4 | 57 | 0 | 8 | 18 | 21% / 22045 | - |
| [expert] suzuran | 8 | 62% | 10:19 / 6:46 | 100% | 100% | 1:37 | 0:58 / 3:08 | 2.0 / 56s | 19.9 | 59 | 3 | 3 | 15 | 19% / 16120 | bullet |
| [normal] wisadel | 8 | 25% | 8:44 / 4:59 | 100% | 87% | 1:24 | 3:12 / 6:26 | 1.8 / 60s | 22.3 | 71 | 30 | 3 | 0 | 54% / 32191 | mire |
| [normal] eyjafjalla | 8 | 50% | 8:33 / 5:04 | 100% | 100% | 1:22 | 2:38 / 6:14 | 1.2 / 55s | 31.5 | 73 | 9 | 19 | 0 | 47% / 29234 | boss_iberia |
| [normal] skadi | 8 | 50% | 9:02 / 4:57 | 100% | 87% | 1:17 | 2:04 / 6:06 | 1.8 / 41s | 15.2 | 78 | 2 | 0 | 0 | 42% / 26718 | bullet |
| [normal] mizuki | 8 | 75% | 10:20 / 6:49 | 100% | 100% | 1:25 | 3:10 / 7:23 | 1.6 / 88s | 29.7 | 94 | 2 | 5 | 0 | 49% / 42340 | contact_tracer |
| [normal] saria | 8 | 12% | 9:24 / 6:26 | 100% | 100% | 1:19 | 2:52 / 5:41 | 1.2 / 76s | 48.5 | 141 | 7 | 27 | 0 | 19% / 9749 | corrode |
| [normal] kaltsit | 8 | 37% | 8:42 / 5:12 | 100% | 100% | 1:18 | 3:31 / 7:43 | 1.8 / 87s | 67.3 | 128 | 1 | 21 | 0 | 49% / 31452 | corrode |
| [normal] suzuran | 8 | 12% | 7:02 / 4:54 | 100% | 87% | 1:27 | 3:22 / 6:39 | 1.0 / 50s | 28.1 | 78 | 8 | 2 | 0 | 32% / 10852 | corrode |

### 藏品（docs/35）

| 机器人 | 开局 | 局数 | 平均藏品数 | 藏品直接伤害 | 各流派 出现 / 拿取 | 无效拿取 |
|---|---|---|---|---|---|---|
| expert | eyjafjalla | 8 | 31.8 | 1.8% | A 72/19 B 20/11 C 64/26 D 68/16 E 97/33 F 12/6 G 55/20 H 127/45 通用 164/81 | 0 |
| expert | kaltsit | 8 | 29.6 | 4.9% | A 60/17 B 27/12 C 72/32 D 55/14 E 63/15 F 13/8 G 58/30 H 136/34 通用 165/76 | 0 |
| expert | mizuki | 8 | 34.2 | 6.1% | A 69/19 B 26/14 C 60/35 D 61/10 E 43/9 F 23/12 G 62/29 H 133/55 通用 159/94 | 0 |
| expert | saria | 8 | 24.4 | 7.1% | A 59/20 B 22/9 C 51/22 D 34/6 E 74/19 F 18/8 G 42/13 H 105/35 通用 137/63 | 0 |
| expert | skadi | 8 | 33.2 | 2.3% | A 82/28 B 35/16 C 68/28 D 50/14 E 69/15 F 12/6 G 60/26 H 129/45 通用 171/89 | 0 |
| expert | suzuran | 8 | 26.8 | 6.8% | A 51/15 B 27/13 C 43/19 D 41/10 E 88/26 F 10/3 G 35/12 H 111/39 通用 149/77 | 0 |
| expert | wisadel | 8 | 35.8 | 5.2% | A 70/23 B 39/18 C 80/38 D 67/14 E 87/22 F 23/10 G 65/27 H 146/45 通用 170/92 | 0 |
| normal | eyjafjalla | 8 | 19.2 | 0.2% | A 38/17 B 13/5 C 37/12 D 34/9 E 42/16 F 10/3 G 32/8 H 62/29 通用 91/55 | 0 |
| normal | kaltsit | 8 | 17.5 | 2.1% | A 35/12 B 14/4 C 28/12 D 28/10 E 28/10 F 8/4 G 31/11 H 68/23 通用 96/55 | 0 |
| normal | mizuki | 8 | 19.8 | 1.4% | A 42/12 B 13/8 C 32/13 D 40/12 E 34/14 F 9/6 G 28/10 H 87/37 通用 101/48 | 0 |
| normal | saria | 8 | 14.9 | 0.2% | A 52/16 B 12/5 C 23/11 D 34/15 E 18/3 F 10/4 G 28/6 H 53/20 通用 72/41 | 0 |
| normal | skadi | 8 | 18.0 | 1.3% | A 53/23 B 18/5 C 44/12 D 36/9 E 40/11 F 9/4 G 34/10 H 84/25 通用 89/45 | 0 |
| normal | suzuran | 8 | 14.1 | 2.4% | A 27/7 B 14/5 C 21/6 D 21/8 E 45/16 F 7/1 G 21/8 H 45/13 通用 69/49 | 0 |
| normal | wisadel | 8 | 20.1 | 1.1% | A 66/21 B 12/2 C 41/11 D 48/17 E 59/17 F 7/1 G 30/10 H 90/23 通用 113/60 | 0 |
| 合计 | | | | | A 776/249 B 292/127 C 664/277 D 617/164 E 787/226 F 171/76 G 581/220 H 1376/468 通用 1746/925 | |

拿取最多（出现 / 拿取）：“决心” 0/98，“观望” 0/73，“犹疑” 0/69，深蓝之心 0/56，羽兽肝酱 180/45，漆黑的舞鞋 75/45，贵族刺剑 152/44，海潮的气息 0/43，老近卫军之锋 147/42，凯旋号角 152/41，显圣吊坠 162/39，损坏的左轮弹巢 148/38
耗时 1292s
写入 build/cloud/healw-base/healw_base_0926_1750.{json,md}
