跑 56 局（1 流派 × 1 机器人 × 7 编队 × 8 seed），并行 4（全机上限 4），源文件摘要 7b82b5fdbf25927d
### 最终 Boss（按类型；上面的「终局」列是四种混算）

| 机器人 | 最终 Boss | 结局 | 出场 | 击杀 | 用时 均 / 中 / 最短–最长 | 未击杀时剩余血量 |
|---|---|---|---|---|---|---|
| normal | 最后的骑士 | knight 10 | 10 | 8 | 105s / 128s / 30–152s | 55% |
| normal | 伊祖米克 | deep 9 | 9 | 8 | 48s / 49s / 21–72s | 100% |
| normal | 偏执泡影 | standard 5 | 5 | 4 | 38s / 37s / 18–61s | 23% |
| normal | 伊莎玛拉 | resolve 2 | 2 | 2 | 76s / 76s / 66–86s | - |

### 难度 / 缩圈 / 同屏峰值

#### 前 3 分钟

| 机器人 | 难度 | 局数 | 3:00 前死亡 | 前 3 分钟承伤 均 / 中 | 3:00 时生命 |
|---|---|---|---|---|---|
| normal | 0 | 56 | 0% | 28 / 22 | 99% |

#### 死因 × 缩圈阶段 × Boss 在场（失败的局）

| 机器人 | 难度 | 死因 | 缩圈（第几轮 · 阶段） | 圈外 | Boss 在场 | 局数 | 平均死亡时间 |
|---|---|---|---|---|---|---|---|
| normal | 0 | corrode | 第 1 轮 · 稳定 | 否 | 是 | 5 | 6:24 |
| normal | 0 | mire | 第 1 轮 · 稳定 | 否 | 是 | 3 | 6:13 |
| normal | 0 | contact_slider | 第 1 轮 · 稳定 | 否 | 是 | 2 | 6:11 |
| normal | 0 | contact_tracer | 第 1 轮 · 稳定 | 否 | 是 | 2 | 5:36 |
| normal | 0 | shock | 第 3 轮 · 稳定 | 否 | 否 | 2 | 7:47 |
| normal | 0 | mire | 第 4 轮 · 收缩 | 否 | 否 | 1 | 9:07 |
| normal | 0 | boss_tracer | 第 3 轮 · 稳定 | 否 | 是 | 1 | 8:09 |
| normal | 0 | corrode | 第 2 轮 · 收缩 | 否 | 否 | 1 | 5:06 |
| normal | 0 | corrode | 第 3 轮 · 预告 | 否 | 否 | 1 | 6:04 |
| normal | 0 | bullet | 第 3 轮 · 稳定 | 否 | 是 | 1 | 8:00 |
| normal | 0 | corrode | 第 3 轮 · 稳定 | 否 | 是 | 1 | 7:08 |
| normal | 0 | bullet | 第 4 轮 · 预告 | 否 | 否 | 1 | 7:55 |
| normal | 0 | bullet | 第 5 轮 · 稳定 | 否 | 是 | 1 | 10:20 |
| normal | 0 | boss_burrower | 第 2 轮 · 稳定 | 否 | 否 | 1 | 5:21 |
| normal | 0 | corrode | 第 2 轮 · 预告 | 否 | 否 | 1 | 5:02 |
| normal | 0 | mire | 第 1 轮 · 稳定 | 否 | 否 | 1 | 4:50 |
| normal | 0 | boss_burrower | 第 1 轮 · 稳定 | 否 | 是 | 1 | 6:40 |
| normal | 0 | corrode | 第 3 轮 · 收缩 | 否 | 是 | 1 | 13:00 |
| normal | 0 | bullet | 第 1 轮 · 稳定 | 否 | 是 | 1 | 13:00 |
| normal | 0 | mire | 第 3 轮 · 预告 | 否 | 是 | 1 | 7:24 |
| normal | 0 | contact_reaper | 第 3 轮 · 预告 | 否 | 否 | 1 | 6:50 |
| normal | 0 | boss_bishop | 第 3 轮 · 稳定 | 否 | 是 | 1 | 7:03 |
| normal | 0 | boss_iberia | 第 1 轮 · 稳定 | 否 | 是 | 1 | 7:02 |
| normal | 0 | bullet | 第 3 轮 · 收缩 | 否 | 否 | 1 | 6:10 |
| normal | 0 | mire | 第 2 轮 · 收缩 | 否 | 否 | 1 | 5:53 |

#### 同屏数量峰值（每局峰值的 平均 / 最大）

| 机器人 | 难度 | 局数 | 范围 | 敌人 | 敌方弹幕（含抛射） | 我方子弹 | 特效 | 飘字 |
|---|---|---|---|---|---|---|---|---|
| normal | 0 | 56 | 全程 | 298 / 480 | 40 / 78 | 3 / 8 | 363 / 499 | 46 / 48 |
| normal | 0 | 31 | 8:00–10:00 | 259 / 480 | 46 / 72 | 3 / 8 | 352 / 499 | 47 / 48 |

### 大群（按第几次）

| 机器人 | 第几次 | 出现 | 时间 | 数量 | 清 80% 用时 均 / 中（清完/出现） | 20 秒内掉血 均 / 最大 | 30 秒内死亡 | 编成 |
|---|---|---|---|---|---|---|---|---|
| normal | 1 | 56 | 1:15 | 26 | 10s / 9s（56/56） | 6 / 25 | 0 | bone/slider ×28；bone/slider/stone ×28 |
| normal | 2 | 56 | 2:45 | 33 | 16s / 14s（56/56） | 5 / 20 | 0 | bone/slider/stone ×28；bone/slider ×28 |
| normal | 3 | 39 | 4:51 | 44 | 35s / 26s（37/39） | 10 / 79 | 1 | bone/offspring/ripper/slider/stone ×12；bone/floater/ripper/runner/slider ×7；bone/ripper/slider/stone ×6 |
| normal | 4 | 35 | 5:54 | 49 | 23s / 16s（32/35） | 21 / 134 | 3 | bone/floater/ripper/runner/slider/tracer ×11；bone/burrower/ripper/slider ×11；bone/offspring/ripper/slider/spitter ×10 |
| normal | 5 | 25 | 7:24 | 57 | 22s / 13s（25/25） | 19 / 82 | 1 | bone/burrower/offspring/ripper/slider/stone ×10；burrower/ripper/slider/spitter ×8；bone/floater/founder/nest/ripper/runner/slider ×5 |
| normal | 6 | 20 | 8:18 | 61 | 11s / 10s（20/20） | 21 / 120 | 0 | burrower/ripper/slider/spitter ×6；bone/burrower/offspring/ripper/slider/stone ×5；bone/floater/founder/nest/ripper/runner/slider ×5 |
| normal | 7 | 18 | 9:13 | 66 | 9s / 8s（18/18） | 20 / 125 | 0 | burrower/offspring/ripper/slider/spitter/stone ×9；burrower/floater/founder/nest/reaper/ripper/runner/slider/tracer ×5；burrower/hulk/ripper/slider/spitter ×4 |
| normal | 8 | 1 | 9:15 | 66 | 10s / 10s（1/1） | 57 / 57 | 0 | burrower/hulk/ripper/slider/spitter ×1 |

| 编队 | n | 胜率 | 存活(均/最短) | 托底(次/首次) | Lv 2:00/5:00/8:00/末 | 终Boss剩余 | 精二占比 | 灯火 | 击杀 | 主要伤害来源 | 治疗来源(总量/无人机Lv) | 主要死因 |
|---|---|---|---|---|---|---|---|---|---|---|---|---|
| wisadel | 8 | 25% | 7:25 / 4:14 | 0.0 / - | 6 / 15 / 25 / 22 | 55% | 12% | 50 | 3482 | 余震 25% 炮击 17% 殉爆 12% 刺剑 6% | 拾取 38% 凯尔希 19% 水月 17% (522 / 0.5) | shock |
| eyjafjalla | 8 | 12% | 6:56 / 3:41 | 0.0 / - | 6 / 14 / 22 / 19 | 76% | 16% | 52 | 2798 | 火山弹 36% 火星 7% 拳击 5% 骑士 5% | 塞雷娅 34% 拾取 26% 流明 23% (593 / 0.0) | bullet |
| skadi | 8 | 37% | 9:01 / 5:21 | 0.0 / - | 7 / 15 / 25 / 28 | 5% | 45% | 56 | 4830 | 大剑 30% 锯刃 7% 锚击 7% Mon3tr 6% | 拾取 37% 无人机 23% 凯尔希 20% (428 / 0.6) | bullet |
| mizuki | 8 | 62% | 8:39 / 4:50 | 0.0 / - | 6 / 15 / 25 / 27 | 92% | 41% | 51 | 4656 | 触手 18% 伞击 15% 余震 9% Mon3tr 7% | 水月 59% 凯尔希 17% 拾取 11% (514 / 0.4) | bullet |
| saria | 8 | 50% | 11:01 / 6:50 | 0.0 / - | 6 / 14 / 22 / 30 | 71% | 29% | 61 | 5955 | 锯刃 12% 大剑 9% 拳击 8% 骑士 8% | 塞雷娅 70% 水月 11% 凯尔希 5% (1497 / 0.5) | shock |
| kaltsit | 8 | 50% | 8:58 / 5:12 | 0.0 / - | 7 / 15 / 24 / 27 | 62% | 29% | 32 | 4774 | Mon3tr 38% 骑士 4% 狐火 4% 掷锚 4% | 凯尔希 79% 塞雷娅 10% 拾取 3% (1486 / 0.5) | bullet |
| suzuran | 8 | 37% | 8:37 / 5:47 | 0.0 / - | 7 / 14 / 24 / 24 | 82% | 25% | 68 | 4165 | 狐火 34% 锯刃 9% Mon3tr 6% 骑士 6% | 拾取 28% 流明 26% 水月 19% (600 / 0.5) | bullet |

### 机器人指标（docs/29）

| 机器人 · 开局 | n | 胜率 | 存活 均/最短 | 3:30 存活 | 5:00 存活 | 首次招募 | 首次精一 / 精二 | 中期 Boss 击杀数 / 平均用时 | 受击/分 | 承伤/分 | 低血(<35%)秒 | 熄灯秒 | 静止% | 开局干员 伤害占比 / 每分钟 | 主要死因 |
|---|---|---|---|---|---|---|---|---|---|---|---|---|---|---|---|
| wisadel | 8 | 25% | 7:25 / 4:14 | 100% | 75% | 1:17 | 4:15 / 7:54 | 1.4 / 54s | 51.4 | 107 | 20 | 3 | 0 | 58% / 26217 | mire |
| eyjafjalla | 8 | 12% | 6:56 / 3:41 | 100% | 75% | 1:20 | 4:10 / 7:38 | 0.8 / 177s | 28.2 | 102 | 7 | 6 | 0 | 55% / 20608 | corrode |
| skadi | 8 | 37% | 9:01 / 5:21 | 100% | 100% | 1:21 | 3:46 / 6:25 | 1.8 / 51s | 26.8 | 99 | 13 | 0 | 0 | 41% / 29531 | bullet |
| mizuki | 8 | 62% | 8:39 / 4:50 | 100% | 87% | 1:22 | 4:08 / 6:39 | 1.9 / 44s | 31.2 | 78 | 6 | 11 | 0 | 43% / 27168 | mire |
| saria | 8 | 50% | 11:01 / 6:50 | 100% | 100% | 1:15 | 4:00 / 7:46 | 2.1 / 224s | 67.9 | 154 | 2 | 19 | 0 | 14% / 10582 | mire |
| kaltsit | 8 | 50% | 8:58 / 5:12 | 100% | 100% | 1:31 | 3:55 / 6:50 | 1.8 / 87s | 77.5 | 183 | 9 | 35 | 0 | 43% / 31365 | contact_slider |
| suzuran | 8 | 37% | 8:37 / 5:47 | 100% | 100% | 1:22 | 4:53 / 8:11 | 1.4 / 70s | 26.3 | 98 | 12 | 3 | 0 | 36% / 15023 | mire |

### 藏品（docs/35）

| 机器人 | 开局 | 局数 | 平均藏品数 | 藏品直接伤害 | 各流派 出现 / 拿取 | 无效拿取 |
|---|---|---|---|---|---|---|
| normal | eyjafjalla | 8 | 9.4 | 0.7% | A 10/3 B 10/1 C 21/7 D 12/5 E 15/6 F 4/1 G 19/8 H 43/15 通用 40/29 | 0 |
| normal | kaltsit | 8 | 17.4 | 1.9% | A 38/11 B 13/4 C 33/10 D 42/15 E 48/16 F 9/2 G 22/7 H 68/21 通用 100/53 | 0 |
| normal | mizuki | 8 | 21.1 | 0.8% | A 46/17 B 25/9 C 43/14 D 51/14 E 33/8 F 11/1 G 44/12 H 91/28 通用 106/66 | 0 |
| normal | saria | 8 | 21.1 | 3.1% | A 64/23 B 29/10 C 41/7 D 43/16 E 29/7 F 13/5 G 45/8 H 88/33 通用 103/61 | 0 |
| normal | skadi | 8 | 18.9 | 2.3% | A 52/23 B 22/4 C 43/15 D 40/10 E 33/16 F 13/1 G 30/10 H 63/26 通用 94/46 | 0 |
| normal | suzuran | 8 | 18.0 | 1.2% | A 37/11 B 12/5 C 31/9 D 35/10 E 51/25 F 6/1 G 35/10 H 69/27 通用 78/47 | 0 |
| normal | wisadel | 8 | 15.0 | 0.5% | A 34/15 B 12/5 C 26/6 D 35/9 E 36/9 F 9/2 G 31/4 H 67/23 通用 97/48 | 0 |
| 合计 | | | | | A 281/103 B 123/38 C 238/68 D 258/79 E 245/87 F 65/13 G 226/59 H 489/173 通用 618/350 | |

拿取最多（出现 / 拿取）：“决心” 0/33，“犹疑” 0/30，“观望” 0/27，海潮的气息 0/25，老近卫军之锋 52/24，散轶诗简 69/23，教母的信物 52/22，镶金骨骰 61/22，贵族刺剑 61/22，制式防暴用具 47/21，银餐叉 67/21，“璀璨悲泣” 44/19
耗时 554s
写入 build/cloud/early2-v2/e2_v2_0926_1548.{json,md}
