=== diff=0 start 2026-09-26T15:28:32Z ===
跑 28 局（1 流派 × 1 机器人 × 7 编队 × 4 seed），并行 4（全机上限 4），源文件摘要 0a755506b2731277
### 最终 Boss（按类型；上面的「终局」列是四种混算）

| 机器人 | 最终 Boss | 结局 | 出场 | 击杀 | 用时 均 / 中 / 最短–最长 | 未击杀时剩余血量 |
|---|---|---|---|---|---|---|
| normal | 偏执泡影 | standard 7 | 7 | 7 | 34s / 34s / 11–48s | - |
| normal | 伊祖米克 | deep 4 | 4 | 4 | 37s / 28s / 24–70s | - |
| normal | 最后的骑士 | knight 3 | 3 | 3 | 44s / 58s / 12–63s | - |
| normal | 伊莎玛拉 | resolve 2 | 2 | 2 | 86s / 86s / 69–103s | - |

### 难度 / 缩圈 / 同屏峰值

#### 前 3 分钟

| 机器人 | 难度 | 局数 | 3:00 前死亡 | 前 3 分钟承伤 均 / 中 | 3:00 时生命 |
|---|---|---|---|---|---|
| normal | 0 | 28 | 0% | 25 / 18 | 99% |

#### 死因 × 缩圈阶段 × Boss 在场（失败的局）

| 机器人 | 难度 | 死因 | 缩圈（第几轮 · 阶段） | 圈外 | Boss 在场 | 局数 | 平均死亡时间 |
|---|---|---|---|---|---|---|---|
| normal | 0 | mire | 第 4 轮 · 稳定 | 否 | 否 | 2 | 7:57 |
| normal | 0 | dark | 第 3 轮 · 收缩 | 否 | 否 | 1 | 6:06 |
| normal | 0 | corrode | 第 3 轮 · 稳定 | 否 | 否 | 1 | 6:19 |
| normal | 0 | bullet | 第 2 轮 · 稳定 | 否 | 否 | 1 | 4:51 |
| normal | 0 | corrode | 第 4 轮 · 稳定 | 否 | 是 | 1 | 8:01 |
| normal | 0 | mire | 第 5 轮 · 收缩 | 否 | 否 | 1 | 8:59 |
| normal | 0 | corrode | 第 3 轮 · 稳定 | 否 | 是 | 1 | 6:36 |
| normal | 0 | contact_tracer | 第 2 轮 · 稳定 | 否 | 是 | 1 | 5:23 |
| normal | 0 | corrode | 第 2 轮 · 稳定 | 否 | 是 | 1 | 5:01 |
| normal | 0 | mire | 第 4 轮 · 预告 | 否 | 是 | 1 | 7:08 |
| normal | 0 | contact_path | 第 1 轮 · 稳定 | 否 | 是 | 1 | 3:56 |

#### 同屏数量峰值（每局峰值的 平均 / 最大）

| 机器人 | 难度 | 局数 | 范围 | 敌人 | 敌方弹幕（含抛射） | 我方子弹 | 特效 | 飘字 |
|---|---|---|---|---|---|---|---|---|
| normal | 0 | 28 | 全程 | 241 / 475 | 46 / 106 | 2 / 8 | 355 / 487 | 46 / 48 |
| normal | 0 | 19 | 8:00–10:00 | 234 / 312 | 47 / 94 | 1 / 8 | 352 / 452 | 47 / 48 |

| 编队 | n | 胜率 | 存活(均/最短) | 托底(次/首次) | Lv 2:00/5:00/8:00/末 | 终Boss剩余 | 精二占比 | 灯火 | 击杀 | 主要伤害来源 | 治疗来源(总量/无人机Lv) | 主要死因 |
|---|---|---|---|---|---|---|---|---|---|---|---|---|
| wisadel | 4 | 50% | 8:57 / 6:06 | 0.0 / - | 7 / 15 / 24 / 28 | 32% | 33% | 50 | 4852 | 余震 23% 殉爆 19% 炮击 14% 狐火 5% | 流明 33% 拾取 27% 凯尔希 23% (830 / 0.8) | bullet |
| eyjafjalla | 4 | 25% | 7:32 / 4:51 | 0.0 / - | 7 / 15 / 24 / 22 | 100% | 25% | 62 | 3492 | 火山弹 32% 炮击 6% 余震 6% 大剑 6% | 塞雷娅 30% 拾取 27% 流明 12% (282 / 0.2) | shock |
| skadi | 4 | 50% | 9:41 / 8:03 | 0.0 / - | 6 / 16 / 26 / 30 | 0% | 50% | 89 | 5501 | 大剑 35% 刺剑 8% 潮涌斩 6% Mon3tr 5% | 凯尔希 35% 拾取 30% 无人机 20% (404 / 1.0) | bullet |
| mizuki | 4 | 100% | 10:27 / 10:11 | 0.0 / - | 7 / 16 / 26 / 32 | - | 66% | 88 | 6204 | 触手 19% 伞击 17% 锯刃 8% 大剑 6% | 水月 61% 塞雷娅 15% 流明 15% (802 / 0.5) | bullet |
| saria | 4 | 75% | 9:38 / 6:36 | 0.0 / - | 6 / 15 / 25 / 29 | 6% | 41% | 56 | 5402 | 大剑 18% 火山弹 7% 拳击 6% 潮涌斩 6% | 塞雷娅 76% 水月 16% 拾取 3% (1193 / 0.2) | shock |
| kaltsit | 4 | 75% | 9:31 / 5:23 | 0.0 / - | 7 / 15 / 25 / 28 | 57% | 41% | 66 | 5428 | Mon3tr 38% 食腐 10% 火山弹 6% 大剑 5% | 凯尔希 71% 塞雷娅 16% 流明 6% (1050 / 0.5) | bullet |
| suzuran | 4 | 25% | 6:38 / 3:56 | 0.0 / - | 6 / 15 / 26 / 20 | 74% | 18% | 34 | 3064 | 狐火 41% 大剑 8% 触手 7% 骑士 5% | 流明 23% 凯尔希 22% 水月 21% (270 / 0.2) | bullet |

### 机器人指标（docs/29）

| 机器人 · 开局 | n | 胜率 | 存活 均/最短 | 3:30 存活 | 5:00 存活 | 首次招募 | 首次精一 / 精二 | 中期 Boss 击杀数 / 平均用时 | 受击/分 | 承伤/分 | 低血(<35%)秒 | 熄灯秒 | 静止% | 开局干员 伤害占比 / 每分钟 | 主要死因 |
|---|---|---|---|---|---|---|---|---|---|---|---|---|---|---|---|
| wisadel | 4 | 50% | 8:57 / 6:06 | 100% | 100% | 1:16 | 4:03 / 7:15 | 2.2 / 44s | 30.1 | 115 | 4 | 0 | 0 | 63% / 42082 | dark |
| eyjafjalla | 4 | 25% | 7:32 / 4:51 | 100% | 75% | 1:16 | 5:13 / 7:16 | 1.5 / 46s | 31.1 | 71 | 13 | 0 | 0 | 45% / 17994 | corrode |
| skadi | 4 | 50% | 9:41 / 8:03 | 100% | 100% | 1:25 | 4:15 / 6:19 | 2.5 / 38s | 27.2 | 93 | 20 | 0 | 0 | 51% / 36443 | mire |
| mizuki | 4 | 100% | 10:27 / 10:11 | 100% | 100% | 1:15 | 2:42 / 7:11 | 2.2 / 56s | 20.6 | 93 | 1 | 0 | 0 | 46% / 36262 | - |
| saria | 4 | 75% | 9:38 / 6:36 | 100% | 100% | 1:14 | 3:16 / 7:13 | 1.8 / 45s | 46.4 | 138 | 4 | 7 | 0 | 11% / 6147 | corrode |
| kaltsit | 4 | 75% | 9:31 / 5:23 | 100% | 100% | 1:29 | 2:41 / 7:36 | 1.8 / 51s | 59.1 | 124 | 1 | 8 | 0 | 43% / 32435 | contact_tracer |
| suzuran | 4 | 25% | 6:38 / 3:56 | 100% | 75% | 1:23 | 3:27 / 6:17 | 1.0 / 36s | 22.3 | 68 | 3 | 3 | 0 | 43% / 10969 | mire |

### 藏品（docs/35）

| 机器人 | 开局 | 局数 | 平均藏品数 | 藏品直接伤害 | 各流派 出现 / 拿取 | 无效拿取 |
|---|---|---|---|---|---|---|
| normal | eyjafjalla | 4 | 14.8 | 1.2% | A 7/4 B 6/3 C 11/6 D 16/6 E 20/9 F 4/2 G 11/1 H 20/9 通用 34/21 | 0 |
| normal | kaltsit | 4 | 23.5 | 10.8% | A 39/16 B 17/3 C 17/4 D 27/8 E 20/5 F 10/2 G 20/5 H 58/19 通用 77/33 | 0 |
| normal | mizuki | 4 | 34.2 | 5.7% | A 36/8 B 14/1 C 44/9 D 50/19 E 38/13 F 5/1 G 34/16 H 67/26 通用 99/44 | 0 |
| normal | saria | 4 | 21.2 | 0.2% | A 38/14 B 3/1 C 15/5 D 29/10 E 12/3 F 4/1 G 16/8 H 38/13 通用 54/30 | 0 |
| normal | skadi | 4 | 26.2 | 0.4% | A 34/12 B 13/4 C 19/5 D 36/11 E 36/8 F 9/3 G 12/5 H 53/22 通用 72/37 | 0 |
| normal | suzuran | 4 | 13.5 | 1.6% | A 7/2 B 12/4 C 7/2 D 9/4 E 21/9 F 4/2 G 10/3 H 26/6 通用 35/23 | 0 |
| normal | wisadel | 4 | 20.0 | 2.8% | A 10/4 B 5/2 C 16/5 D 23/5 E 24/10 F 1/1 G 19/8 H 31/9 通用 54/36 | 0 |
| 合计 | | | | | A 171/60 B 70/18 C 129/36 D 190/63 E 171/57 F 37/12 G 122/46 H 293/104 通用 425/224 | |

拿取最多（出现 / 拿取）：“观望” 0/20，“决心” 0/19，镶金骨骰 46/17，显圣吊坠 40/15，奇渊面具 33/14，“犹疑” 0/14，《大静谧》 47/13，残破合影 36/13，开裂的束缚带 36/12，“黑夜呢喃” 36/12，银餐叉 44/12，贵族刺剑 31/12
耗时 457s
写入 build/cloud/dcn-a/dcn_d0_0926_1536.{json,md}
=== diff=0 exit=0 end 2026-09-26T15:36:10Z ===
=== diff=2 start 2026-09-26T15:36:10Z ===
跑 28 局（1 流派 × 1 机器人 × 7 编队 × 4 seed），并行 4（全机上限 4），源文件摘要 0a755506b2731277
### 最终 Boss（按类型；上面的「终局」列是四种混算）

| 机器人 | 最终 Boss | 结局 | 出场 | 击杀 | 用时 均 / 中 / 最短–最长 | 未击杀时剩余血量 |
|---|---|---|---|---|---|---|
| normal | 伊祖米克 | deep 2 | 2 | 2 | 63s / 63s / 52–75s | - |
| normal | 最后的骑士 | knight 1 | 1 | 1 | 12s / 12s / 12–12s | - |
| normal | 伊莎玛拉 | resolve 1 | 1 | 1 | 69s / 69s / 69–69s | - |

### 难度 / 缩圈 / 同屏峰值

#### 前 3 分钟

| 机器人 | 难度 | 局数 | 3:00 前死亡 | 前 3 分钟承伤 均 / 中 | 3:00 时生命 |
|---|---|---|---|---|---|
| normal | 2 | 28 | 0% | 33 / 18 | 99% |

#### 死因 × 缩圈阶段 × Boss 在场（失败的局）

| 机器人 | 难度 | 死因 | 缩圈（第几轮 · 阶段） | 圈外 | Boss 在场 | 局数 | 平均死亡时间 |
|---|---|---|---|---|---|---|---|
| normal | 2 | corrode | 第 4 轮 · 收缩 | 否 | 是 | 3 | 7:27 |
| normal | 2 | mire | 第 4 轮 · 收缩 | 否 | 是 | 2 | 7:33 |
| normal | 2 | boss_tracer | 第 3 轮 · 稳定 | 否 | 否 | 1 | 6:23 |
| normal | 2 | mire | 第 4 轮 · 预告 | 否 | 是 | 1 | 7:00 |
| normal | 2 | mire | 第 4 轮 · 稳定 | 否 | 否 | 1 | 8:27 |
| normal | 2 | mire | 第 5 轮 · 收缩 | 否 | 是 | 1 | 9:04 |
| normal | 2 | corrode | 第 2 轮 · 收缩 | 否 | 是 | 1 | 4:41 |
| normal | 2 | contact_mimic | 第 4 轮 · 收缩 | 否 | 否 | 1 | 7:28 |
| normal | 2 | boss_bishop | 第 4 轮 · 收缩 | 否 | 是 | 1 | 7:24 |
| normal | 2 | mire | 第 3 轮 · 预告 | 否 | 否 | 1 | 5:47 |
| normal | 2 | contact_tracer | 第 4 轮 · 收缩 | 否 | 是 | 1 | 7:39 |
| normal | 2 | contact_burrower | 第 3 轮 · 稳定 | 否 | 否 | 1 | 6:33 |
| normal | 2 | bullet | 第 3 轮 · 预告 | 否 | 是 | 1 | 5:45 |
| normal | 2 | mire | 第 3 轮 · 稳定 | 否 | 是 | 1 | 6:41 |
| normal | 2 | corrode | 第 3 轮 · 稳定 | 否 | 否 | 1 | 6:52 |
| normal | 2 | corrode | 第 4 轮 · 预告 | 否 | 是 | 1 | 7:08 |
| normal | 2 | mire | 第 3 轮 · 收缩 | 否 | 否 | 1 | 6:10 |
| normal | 2 | mire | 第 2 轮 · 稳定 | 否 | 否 | 1 | 5:08 |
| normal | 2 | contact_tracer | 第 2 轮 · 稳定 | 否 | 否 | 1 | 4:59 |
| normal | 2 | mire | 第 3 轮 · 收缩 | 否 | 是 | 1 | 5:56 |
| normal | 2 | mire | 第 4 轮 · 稳定 | 否 | 是 | 1 | 7:54 |

#### 同屏数量峰值（每局峰值的 平均 / 最大）

| 机器人 | 难度 | 局数 | 范围 | 敌人 | 敌方弹幕（含抛射） | 我方子弹 | 特效 | 飘字 |
|---|---|---|---|---|---|---|---|---|
| normal | 2 | 28 | 全程 | 253 / 450 | 38 / 60 | 2 / 7 | 358 / 444 | 46 / 48 |
| normal | 2 | 6 | 8:00–10:00 | 242 / 291 | 45 / 60 | 0 / 2 | 318 / 380 | 48 / 48 |

| 编队 | n | 胜率 | 存活(均/最短) | 托底(次/首次) | Lv 2:00/5:00/8:00/末 | 终Boss剩余 | 精二占比 | 灯火 | 击杀 | 主要伤害来源 | 治疗来源(总量/无人机Lv) | 主要死因 |
|---|---|---|---|---|---|---|---|---|---|---|---|---|
| wisadel | 4 | 25% | 8:00 / 6:23 | 0.0 / - | 6 / 16 / 25 / 25 | 100% | 33% | 66 | 4010 | 余震 23% 殉爆 23% 炮击 13% 狐火 6% | 拾取 54% 凯尔希 23% 流明 21% (210 / 0.0) | bullet |
| eyjafjalla | 4 | 0% | 7:09 / 4:41 | 0.0 / - | 6 / 15 / 23 / 21 | 41% | 16% | 43 | 2995 | 火山弹 32% 拳击 6% 刺剑 6% 火星 6% | 塞雷娅 53% 凯尔希 18% 流明 11% (645 / 0.8) | bullet |
| skadi | 4 | 25% | 7:57 / 5:47 | 0.0 / - | 7 / 15 / 25 / 24 | 16% | 16% | 38 | 3850 | 大剑 29% 骑士 10% 刺剑 9% 余震 7% | 塞雷娅 41% 拾取 36% 无人机 11% (860 / 0.8) | bullet |
| mizuki | 4 | 25% | 8:16 / 6:33 | 0.0 / - | 6 / 15 / 25 / 25 | 96% | 25% | 59 | 3986 | 伞击 13% Mon3tr 13% 触手 10% 技能·法术 9% | 水月 40% 凯尔希 15% 拾取 13% (691 / 0.2) | bullet |
| saria | 4 | 0% | 6:41 / 5:45 | 0.0 / - | 6 / 14 / 0 / 20 | 78% | 0% | 28 | 2599 | 拳击 16% 大剑 13% 骑士 9% 净尘 8% | 塞雷娅 84% 流明 13% 拾取 1% (378 / 0.0) | bullet |
| kaltsit | 4 | 25% | 7:54 / 6:10 | 0.0 / - | 7 / 16 / 26 / 25 | 61% | 25% | 24 | 3990 | Mon3tr 39% 大剑 9% 锯刃 7% 锚击 6% | 凯尔希 79% 塞雷娅 14% 拾取 3% (1017 / 0.8) | boss_tracer |
| suzuran | 4 | 0% | 5:59 / 4:59 | 0.0 / - | 7 / 15 / 0 / 18 | 29% | 8% | 32 | 2249 | 狐火 38% 骑士 10% 余震 8% 锯刃 7% | 拾取 26% 塞雷娅 23% 流明 22% (241 / 0.2) | bullet |

### 机器人指标（docs/29）

| 机器人 · 开局 | n | 胜率 | 存活 均/最短 | 3:30 存活 | 5:00 存活 | 首次招募 | 首次精一 / 精二 | 中期 Boss 击杀数 / 平均用时 | 受击/分 | 承伤/分 | 低血(<35%)秒 | 熄灯秒 | 静止% | 开局干员 伤害占比 / 每分钟 | 主要死因 |
|---|---|---|---|---|---|---|---|---|---|---|---|---|---|---|---|
| wisadel | 4 | 25% | 8:00 / 6:23 | 100% | 100% | 1:19 | 3:03 / 6:15 | 1.8 / 35s | 20.9 | 66 | 5 | 0 | 0 | 68% / 39077 | mire |
| eyjafjalla | 4 | 0% | 7:09 / 4:41 | 100% | 75% | 1:21 | 3:03 / 5:09 | 0.8 / 52s | 35.8 | 128 | 6 | 3 | 0 | 53% / 19590 | mire |
| skadi | 4 | 25% | 7:57 / 5:47 | 100% | 100% | 1:21 | 3:10 / 7:16 | 1.5 / 69s | 34.6 | 145 | 6 | 0 | 0 | 38% / 24982 | corrode |
| mizuki | 4 | 25% | 8:16 / 6:33 | 100% | 100% | 1:29 | 4:54 / 7:58 | 1.2 / 61s | 19.8 | 98 | 2 | 21 | 0 | 34% / 14233 | contact_tracer |
| saria | 4 | 0% | 6:41 / 5:45 | 100% | 100% | 1:12 | 4:10 / - | 0.5 / 57s | 20.2 | 84 | 5 | 8 | 0 | 22% / 6197 | mire |
| kaltsit | 4 | 25% | 7:54 / 6:10 | 100% | 100% | 1:30 | 3:42 / 5:55 | 1.5 / 34s | 61.2 | 150 | 7 | 24 | 0 | 42% / 22287 | corrode |
| suzuran | 4 | 0% | 5:59 / 4:59 | 100% | 75% | 1:22 | 4:06 / 4:17 | 0.8 / 43s | 36.8 | 76 | 4 | 1 | 0 | 41% / 9876 | mire |

### 藏品（docs/35）

| 机器人 | 开局 | 局数 | 平均藏品数 | 藏品直接伤害 | 各流派 出现 / 拿取 | 无效拿取 |
|---|---|---|---|---|---|---|
| normal | eyjafjalla | 4 | 8.2 | 0.4% | A 12/3 B 3/3 C 6/3 D 12/3 E 10/1 G 7/1 H 12/4 通用 20/15 | 0 |
| normal | kaltsit | 4 | 13.5 | 1.3% | A 19/8 B 5/1 C 11/5 D 13/7 E 9/1 F 3/1 G 10/6 H 24/5 通用 28/20 | 0 |
| normal | mizuki | 4 | 16.0 | 1.8% | A 14/2 B 2/2 C 15/4 D 14/6 E 10/5 F 1/1 G 15/8 H 29/10 通用 42/26 | 0 |
| normal | saria | 4 | 11.2 | 9.0% | A 17/7 B 7/2 C 9/4 D 8/3 E 9/2 F 1/0 G 11/3 H 16/7 通用 18/17 | 0 |
| normal | skadi | 4 | 18.5 | 0.0% | A 26/6 B 7/3 C 16/3 D 24/8 E 9/2 F 4/1 G 20/4 H 34/12 通用 44/35 | 0 |
| normal | suzuran | 4 | 9.5 | 1.8% | A 9/4 B 8/3 C 11/4 D 9/3 E 5/3 F 5/0 G 7/2 H 5/3 通用 19/16 | 0 |
| normal | wisadel | 4 | 18.2 | 0.4% | A 24/6 B 9/4 C 12/2 D 23/10 E 15/5 F 2/1 G 8/7 H 34/12 通用 51/26 | 0 |
| 合计 | | | | | A 121/36 B 41/18 C 80/25 D 103/40 E 67/19 F 16/4 G 78/31 H 154/53 通用 222/155 | |

拿取最多（出现 / 拿取）：海潮的气息 0/17，“黑夜呢喃” 32/12，“观望” 0/11，“璀璨悲泣” 19/10，残破合影 19/10，夜阳花 16/10，镶金骨骰 21/10，深蓝之心 0/10，制式防暴用具 21/9，散轶诗简 21/9，“决心” 0/9，开裂的束缚带 18/8
耗时 394s
写入 build/cloud/dcn-a/dcn_d2_0926_1542.{json,md}
=== diff=2 exit=0 end 2026-09-26T15:42:44Z ===
=== diff=4 start 2026-09-26T15:42:44Z ===
跑 28 局（1 流派 × 1 机器人 × 7 编队 × 4 seed），并行 4（全机上限 4），源文件摘要 0a755506b2731277
### 最终 Boss（按类型；上面的「终局」列是四种混算）

| 机器人 | 最终 Boss | 结局 | 出场 | 击杀 | 用时 均 / 中 / 最短–最长 | 未击杀时剩余血量 |
|---|---|---|---|---|---|---|
| normal | 最后的骑士 | knight 2 | 2 | 1 | 18s / 18s / 18–18s | 46% |
| normal | 偏执泡影 | standard 1 | 1 | 1 | 20s / 20s / 20–20s | - |
| normal | 伊莎玛拉 | resolve 1 | 1 | 1 | 7s / 7s / 7–7s | - |
| normal | 伊祖米克 | deep 1 | 1 | 1 | 58s / 58s / 58–58s | - |

### 难度 / 缩圈 / 同屏峰值

#### 前 3 分钟

| 机器人 | 难度 | 局数 | 3:00 前死亡 | 前 3 分钟承伤 均 / 中 | 3:00 时生命 |
|---|---|---|---|---|---|
| normal | 4 | 28 | 0% | 26 / 21 | 100% |

#### 死因 × 缩圈阶段 × Boss 在场（失败的局）

| 机器人 | 难度 | 死因 | 缩圈（第几轮 · 阶段） | 圈外 | Boss 在场 | 局数 | 平均死亡时间 |
|---|---|---|---|---|---|---|---|
| normal | 4 | mire | 第 3 轮 · 稳定 | 否 | 否 | 3 | 6:42 |
| normal | 4 | shock | 第 4 轮 · 预告 | 否 | 是 | 1 | 7:02 |
| normal | 4 | contact_slider | 第 1 轮 · 稳定 | 否 | 是 | 1 | 3:31 |
| normal | 4 | boss_knight_boss | 第 5 轮 · 稳定 | 否 | 是 | 1 | 10:26 |
| normal | 4 | contact_tracer | 第 2 轮 · 稳定 | 否 | 是 | 1 | 5:07 |
| normal | 4 | boss_tracer | 第 3 轮 · 预告 | 否 | 是 | 1 | 5:32 |
| normal | 4 | contact_slider | 第 3 轮 · 预告 | 否 | 是 | 1 | 5:31 |
| normal | 4 | mire | 第 3 轮 · 稳定 | 否 | 是 | 1 | 6:51 |
| normal | 4 | boss_reaper | 第 3 轮 · 预告 | 否 | 否 | 1 | 5:45 |
| normal | 4 | corrode | 第 5 轮 · 稳定 | 否 | 是 | 1 | 9:35 |
| normal | 4 | boss_tracer | 第 3 轮 · 稳定 | 否 | 否 | 1 | 6:57 |
| normal | 4 | corrode | 第 2 轮 · 稳定 | 否 | 是 | 1 | 4:47 |
| normal | 4 | contact_reaper | 第 2 轮 · 稳定 | 否 | 否 | 1 | 4:50 |
| normal | 4 | mire | 第 2 轮 · 稳定 | 否 | 否 | 1 | 5:19 |
| normal | 4 | corrode | 第 3 轮 · 稳定 | 否 | 是 | 1 | 6:44 |
| normal | 4 | boss_tracer | 第 2 轮 · 稳定 | 否 | 是 | 1 | 5:13 |
| normal | 4 | mire | 第 4 轮 · 收缩 | 否 | 是 | 1 | 7:31 |
| normal | 4 | contact_tracer | 第 3 轮 · 收缩 | 否 | 是 | 1 | 6:02 |
| normal | 4 | blast_runner | 第 2 轮 · 稳定 | 否 | 是 | 1 | 4:52 |
| normal | 4 | corrode | 第 4 轮 · 收缩 | 否 | 是 | 1 | 7:33 |
| normal | 4 | shock | 第 3 轮 · 收缩 | 否 | 是 | 1 | 6:09 |
| normal | 4 | contact_tracer | 第 4 轮 · 收缩 | 否 | 是 | 1 | 7:33 |

#### 同屏数量峰值（每局峰值的 平均 / 最大）

| 机器人 | 难度 | 局数 | 范围 | 敌人 | 敌方弹幕（含抛射） | 我方子弹 | 特效 | 飘字 |
|---|---|---|---|---|---|---|---|---|
| normal | 4 | 28 | 全程 | 248 / 405 | 32 / 58 | 3 / 9 | 332 / 422 | 44 / 48 |
| normal | 4 | 6 | 8:00–10:00 | 240 / 301 | 39 / 53 | 1 / 7 | 367 / 411 | 48 / 48 |

| 编队 | n | 胜率 | 存活(均/最短) | 托底(次/首次) | Lv 2:00/5:00/8:00/末 | 终Boss剩余 | 精二占比 | 灯火 | 击杀 | 主要伤害来源 | 治疗来源(总量/无人机Lv) | 主要死因 |
|---|---|---|---|---|---|---|---|---|---|---|---|---|
| wisadel | 4 | 25% | 7:49 / 3:31 | 0.0 / - | 7 / 16 / 26 / 24 | 82% | 41% | 34 | 4164 | 余震 19% 炮击 18% 殉爆 13% 刺剑 8% | 拾取 26% 无人机 18% 水月 17% (135 / 0.8) | bullet |
| eyjafjalla | 4 | 0% | 5:45 / 5:07 | 0.0 / - | 7 / 13 / 0 / 16 | 57% | 0% | 14 | 1894 | 火山弹 37% 刺剑 14% 火星 9% 锯刃 6% | 塞雷娅 48% 拾取 26% 流明 21% (260 / 0.0) | bullet |
| skadi | 4 | 25% | 8:09 / 5:45 | 0.0 / - | 6 / 15 / 25 / 24 | 84% | 25% | 58 | 3929 | 大剑 34% 余震 6% 狐火 6% 潮涌斩 5% | 拾取 33% 流明 24% 无人机 16% (301 / 0.2) | bullet |
| mizuki | 4 | 0% | 5:42 / 4:47 | 0.0 / - | 6 / 14 / 0 / 17 | 59% | 8% | 38 | 1972 | 伞击 21% 触手 19% 锯刃 18% 技能·法术 8% | 水月 65% 流明 8% 藏品 0% (205 / 0.0) | bullet |
| saria | 4 | 0% | 6:02 / 5:13 | 0.0 / - | 6 / 15 / 0 / 18 | 76% | 0% | 4 | 2217 | 拳击 12% 大剑 10% 余震 9% 骑士 8% | 塞雷娅 95% 拾取 3% 铃兰 0% (361 / 0.0) | boss_tracer |
| kaltsit | 4 | 50% | 8:39 / 6:02 | 0.0 / - | 6 / 14 / 24 / 26 | 26% | 33% | 39 | 4403 | Mon3tr 48% 锤击 7% 食腐 5% 狐火 4% | 凯尔希 62% 塞雷娅 17% 流明 10% (1314 / 0.2) | bullet |
| suzuran | 4 | 0% | 6:31 / 4:52 | 0.0 / - | 6 / 14 / 0 / 18 | 61% | 16% | 22 | 2310 | 狐火 41% 伞击 8% 刺剑 7% 骑士 7% | 流明 28% 拾取 26% 塞雷娅 23% (381 / 0.0) | bullet |

### 机器人指标（docs/29）

| 机器人 · 开局 | n | 胜率 | 存活 均/最短 | 3:30 存活 | 5:00 存活 | 首次招募 | 首次精一 / 精二 | 中期 Boss 击杀数 / 平均用时 | 受击/分 | 承伤/分 | 低血(<35%)秒 | 熄灯秒 | 静止% | 开局干员 伤害占比 / 每分钟 | 主要死因 |
|---|---|---|---|---|---|---|---|---|---|---|---|---|---|---|---|
| wisadel | 4 | 25% | 7:49 / 3:31 | 100% | 75% | 1:18 | 2:34 / 6:50 | 1.5 / 30s | 29.0 | 45 | 4 | 2 | 0 | 57% / 31441 | boss_knight_boss |
| eyjafjalla | 4 | 0% | 5:45 / 5:07 | 100% | 100% | 1:17 | 3:43 / - | 0.0 / - | 19.4 | 76 | 16 | 17 | 0 | 52% / 9525 | contact_tracer |
| skadi | 4 | 25% | 8:09 / 5:45 | 100% | 100% | 1:14 | 2:23 / 5:21 | 1.5 / 56s | 28.3 | 94 | 31 | 0 | 0 | 48% / 30707 | corrode |
| mizuki | 4 | 0% | 5:42 / 4:47 | 100% | 50% | 1:29 | 3:26 / 5:07 | 0.8 / 106s | 26.3 | 74 | 22 | 4 | 0 | 50% / 12191 | mire |
| saria | 4 | 0% | 6:02 / 5:13 | 100% | 100% | 1:22 | 3:22 / - | 0.5 / 56s | 27.7 | 93 | 5 | 4 | 0 | 17% / 3922 | mire |
| kaltsit | 4 | 50% | 8:39 / 6:02 | 100% | 100% | 1:23 | 3:54 / 8:08 | 1.0 / 71s | 50.5 | 160 | 1 | 38 | 0 | 52% / 33350 | contact_tracer |
| suzuran | 4 | 0% | 6:31 / 4:52 | 100% | 75% | 1:41 | 3:32 / 7:00 | 0.0 / - | 22.5 | 92 | 5 | 0 | 0 | 43% / 11361 | shock |

### 藏品（docs/35）

| 机器人 | 开局 | 局数 | 平均藏品数 | 藏品直接伤害 | 各流派 出现 / 拿取 | 无效拿取 |
|---|---|---|---|---|---|---|
| normal | eyjafjalla | 4 | 5.0 | 0.0% | A 2/1 B 3/1 C 2/1 D 2/0 E 3/2 F 1/0 G 2/0 H 9/4 通用 16/11 | 0 |
| normal | kaltsit | 4 | 20.0 | 5.7% | A 20/9 B 9/0 C 17/8 D 20/6 E 14/2 F 4/3 G 23/8 H 53/20 通用 42/24 | 0 |
| normal | mizuki | 4 | 5.5 | 1.2% | A 4/3 B 1/0 C 3/1 D 5/1 E 4/2 F 2/0 G 3/1 H 8/3 通用 19/11 | 0 |
| normal | saria | 4 | 7.2 | 0.0% | A 5/2 B 1/1 C 6/2 D 9/2 E 7/3 F 1/0 G 5/3 H 8/3 通用 24/13 | 0 |
| normal | skadi | 4 | 16.0 | 2.1% | A 22/6 B 8/4 C 9/2 D 13/3 E 11/4 F 7/2 G 14/4 H 31/12 通用 48/27 | 0 |
| normal | suzuran | 4 | 5.8 | 0.0% | A 2/0 B 1/1 C 4/0 D 2/0 E 8/3 G 7/2 H 11/4 通用 16/13 | 0 |
| normal | wisadel | 4 | 23.0 | 2.2% | A 19/9 B 8/3 C 25/8 D 30/13 E 16/7 F 5/3 G 25/9 H 26/10 通用 54/31 | 0 |
| 合计 | | | | | A 74/30 B 31/10 C 66/22 D 81/25 E 63/23 F 20/8 G 79/27 H 146/56 通用 219/130 | |

拿取最多（出现 / 拿取）：“决心” 0/12，“犹疑” 0/12，海潮的气息 0/11，开裂的束缚带 21/9，教母的信物 22/8，损坏的左轮弹巢 12/8，凯旋号角 16/8，残破合影 19/8，“黑夜呢喃” 19/7，演员的首饰盒 13/7，指路鳞 20/7，军团护心镜 9/7
耗时 335s
写入 build/cloud/dcn-a/dcn_d4_0926_1548.{json,md}
=== diff=4 exit=0 end 2026-09-26T15:48:19Z ===
=== RUN ELAPSED: 1227s ===
