跑 52 局（1 流派 × 1 机器人 × 13 编队 × 4 seed），并行 4（全机上限 4），源文件摘要 225a92e2da45116b
### 最终 Boss（按类型；上面的「终局」列是四种混算）

| 机器人 | 最终 Boss | 结局 | 出场 | 击杀 | 用时 均 / 中 / 最短–最长 | 未击杀时剩余血量 |
|---|---|---|---|---|---|---|
| normal | 最后的骑士 | knight 8 | 8 | 7 | 30s / 30s / 11–58s | 100% |
| normal | 伊祖米克 | deep 7 resolve 1 | 8 | 8 | 60s / 60s / 31–103s | - |
| normal | 偏执泡影 | standard 7 | 7 | 4 | 55s / 58s / 33–72s | 9% |
| normal | 伊莎玛拉 | resolve 3 | 3 | 3 | 58s / 33s / 19–122s | - |

### 难度 / 缩圈 / 同屏峰值

#### 前 3 分钟

| 机器人 | 难度 | 局数 | 3:00 前死亡 | 前 3 分钟承伤 均 / 中 | 3:00 时生命 |
|---|---|---|---|---|---|
| normal | 0 | 52 | 0% | 31 / 26 | 99% |

#### 死因 × 缩圈阶段 × Boss 在场（失败的局）

| 机器人 | 难度 | 死因 | 缩圈（第几轮 · 阶段） | 圈外 | Boss 在场 | 局数 | 平均死亡时间 |
|---|---|---|---|---|---|---|---|
| normal | 0 | zone | 第 3 轮 · 稳定 | 是 | 否 | 5 | 7:33 |
| normal | 0 | zone | 第 3 轮 · 稳定 | 是 | 是 | 3 | 8:37 |
| normal | 0 | zone | 第 2 轮 · 稳定 | 是 | 否 | 2 | 5:23 |
| normal | 0 | corrode | 第 3 轮 · 稳定 | 否 | 是 | 2 | 8:03 |
| normal | 0 | corrode | 第 1 轮 · 稳定 | 否 | 否 | 2 | 4:11 |
| normal | 0 | corrode | 第 5 轮 · 预告 | 否 | 是 | 1 | 13:00 |
| normal | 0 | corrode | 第 3 轮 · 稳定 | 否 | 否 | 1 | 6:57 |
| normal | 0 | zone | 第 5 轮 · 收缩 | 是 | 否 | 1 | 9:40 |
| normal | 0 | corrode | 第 1 轮 · 稳定 | 否 | 是 | 1 | 5:26 |
| normal | 0 | contact_ripper | 第 3 轮 · 收缩 | 否 | 否 | 1 | 6:39 |
| normal | 0 | zone | 第 5 轮 · 稳定 | 是 | 是 | 1 | 10:35 |
| normal | 0 | shock | 第 3 轮 · 稳定 | 否 | 否 | 1 | 9:02 |
| normal | 0 | corrode | 第 4 轮 · 收缩 | 否 | 否 | 1 | 8:32 |
| normal | 0 | bullet | 第 4 轮 · 收缩 | 否 | 否 | 1 | 7:58 |
| normal | 0 | zone | 第 3 轮 · 收缩 | 是 | 否 | 1 | 6:31 |
| normal | 0 | zone | 第 5 轮 · 预告 | 是 | 否 | 1 | 9:17 |
| normal | 0 | bullet | 第 4 轮 · 收缩 | 否 | 是 | 1 | 13:00 |
| normal | 0 | contact_ripper | 第 3 轮 · 收缩 | 是 | 是 | 1 | 7:42 |
| normal | 0 | shock | 第 3 轮 · 稳定 | 否 | 是 | 1 | 9:02 |
| normal | 0 | corrode | 第 3 轮 · 收缩 | 否 | 是 | 1 | 8:56 |
| normal | 0 | bullet | 第 3 轮 · 稳定 | 否 | 否 | 1 | 7:27 |

#### 同屏数量峰值（每局峰值的 平均 / 最大）

| 机器人 | 难度 | 局数 | 范围 | 敌人 | 敌方弹幕（含抛射） | 我方子弹 | 特效 | 飘字 |
|---|---|---|---|---|---|---|---|---|
| normal | 0 | 52 | 全程 | 246 / 365 | 44 / 75 | 2 / 10 | 377 / 463 | 72 / 83 |
| normal | 0 | 35 | 8:00–10:00 | 230 / 365 | 45 / 66 | 2 / 10 | 372 / 463 | 73 / 83 |

| 编队 | n | 胜率 | 存活(均/最短) | 托底(次/首次) | Lv 2:00/5:00/8:00/末 | 终Boss剩余 | 精二占比 | 灯火 | 击杀 | 主要伤害来源 | 治疗来源(总量/无人机Lv) | 主要死因 |
|---|---|---|---|---|---|---|---|---|---|---|---|---|
| mizuki | 4 | 50% | 10:20 / 6:57 | 0.0 / - | 7 / 16 / 25 / 30 | 1% | 25% | 61 | 6469 | 触手 17% 伞击 16% Mon3tr 8% 锯刃 6% | 水月 71% 凯尔希 12% 流明 7% (1816 / 0.5) | zone |
| wisadel | 4 | 25% | 9:10 / 7:53 | 0.0 / - | 7 / 16 / 25 / 28 | - | 33% | 48 | 5330 | 殉爆 20% 余震 19% 炮击 12% 锯刃 7% | 无人机 43% 拾取 34% 塞雷娅 21% (125 / 0.8) | bullet |
| eyjafjalla | 4 | 25% | 7:06 / 5:17 | 0.0 / - | 7 / 16 / 25 / 21 | 51% | 25% | 45 | 3530 | 火山弹 25% 大剑 14% 锯刃 6% 火星 5% | 拾取 45% 无人机 32% 塞雷娅 22% (153 / 0.5) | bullet |
| kaltsit | 4 | 75% | 10:22 / 6:55 | 0.0 / - | 7 / 16 / 24 / 30 | - | 58% | 41 | 6423 | Mon3tr 34% Mon3tr · 真伤 16% 锚击 7% 伞击 5% | 凯尔希 54% 塞雷娅 19% 流明 9% (1000 / 0.2) | bullet |
| saria | 4 | 75% | 10:40 / 10:04 | 0.0 / - | 7 / 16 / 24 / 31 | 100% | 58% | 52 | 6479 | 锯刃 13% 拳击 9% 大剑 9% 火山弹 6% | 塞雷娅 74% 水月 10% 无人机 8% (1054 / 1.0) | bullet |
| siege | 4 | 50% | 9:00 / 6:39 | 0.0 / - | 7 / 16 / 25 / 27 | 12% | 41% | 71 | 5163 | 大剑 16% 锚击 10% 掷锚 7% 锤击 7% | 拾取 26% 藏品 25% 水月 24% (479 / 0.2) | bullet |
| skadi | 4 | 0% | 9:01 / 7:55 | 0.0 / - | 7 / 16 / 24 / 27 | 4% | 16% | 24 | 5055 | 大剑 37% 锯刃 15% 血色潮痕 7% 刺剑 6% | 塞雷娅 38% 无人机 27% 流明 12% (497 / 0.5) | bullet |
| suzuran | 4 | 50% | 9:08 / 6:47 | 0.0 / - | 8 / 16 / 25 / 28 | - | 16% | 48 | 5295 | 狐火 35% 锯刃 11% 骑士 8% 言 6% | 拾取 28% 铃兰 26% 塞雷娅 23% (399 / 0.0) | bullet |
| ulpianus | 4 | 50% | 9:14 / 6:31 | 0.0 / - | 7 / 16 / 26 / 28 | - | 33% | 41 | 5465 | 锚击 20% 掷锚 8% 锯刃 7% Mon3tr 7% | 凯尔希 47% 水月 23% 无人机 22% (480 / 0.8) | bullet |
| irene | 4 | 0% | 9:35 / 7:42 | 0.0 / - | 7 / 16 / 24 / 27 | 60% | 33% | 31 | 5422 | 锚击 15% 刺剑 12% 大剑 11% 掷锚 7% | 流明 23% 凯尔希 22% 塞雷娅 22% (701 / 0.8) | bullet |
| specter_unchained | 4 | 25% | 8:26 / 5:30 | 0.0 / - | 7 / 16 / 24 / 26 | 60% | 16% | 52 | 4563 | 锯刃 27% 血色潮痕 12% 刺剑 8% 骑士 7% | 拾取 36% 流明 22% 塞雷娅 20% (614 / 0.5) | bullet |
| logos | 4 | 75% | 9:42 / 7:27 | 0.0 / - | 7 / 16 / 25 / 30 | 90% | 41% | 55 | 5854 | 言 15% 狐火 10% 提喻 10% 大剑 9% | 凯尔希 24% 流明 21% 铃兰 18% (489 / 0.2) | bullet |
| lumen | 4 | 50% | 7:25 / 3:29 | 0.0 / - | 7 / 16 / 24 / 23 | - | 25% | 86 | 4083 | 余震 13% 炮击 13% 光弹 9% 大剑 9% | 流明 80% 水月 15% 无人机 3% (384 / 0.2) | bullet |

### 机器人指标（docs/29）

| 机器人 · 开局 | n | 胜率 | 存活 均/最短 | 3:30 存活 | 5:00 存活 | 首次招募 | 首次精一 / 精二 | 中期 Boss 击杀数 / 平均用时 | 受击/分 | 承伤/分 | 低血(<35%)秒 | 熄灯秒 | 静止% | 开局干员 伤害占比 / 每分钟 | 主要死因 |
|---|---|---|---|---|---|---|---|---|---|---|---|---|---|---|---|
| mizuki | 4 | 50% | 10:20 / 6:57 | 100% | 100% | 1:03 | 4:09 / 7:24 | 1.8 / 26s | 88.2 | 166 | 2 | 38 | 0 | 41% / 24858 | corrode |
| wisadel | 4 | 25% | 9:10 / 7:53 | 100% | 100% | 1:06 | 3:12 / 5:55 | 2.0 / 29s | 27.7 | 58 | 21 | 3 | 0 | 60% / 38789 | zone |
| eyjafjalla | 4 | 25% | 7:06 / 5:17 | 100% | 100% | 1:08 | 4:20 / 6:01 | 1.2 / 20s | 38.0 | 55 | 7 | 2 | 0 | 37% / 14616 | zone |
| kaltsit | 4 | 75% | 10:22 / 6:55 | 100% | 100% | 1:03 | 2:46 / 6:46 | 2.0 / 48s | 54.5 | 110 | 2 | 7 | 0 | 52% / 38942 | zone |
| saria | 4 | 75% | 10:40 / 10:04 | 100% | 100% | 1:06 | 3:36 / 8:10 | 2.2 / 69s | 81.8 | 126 | 4 | 22 | 0 | 14% / 9098 | zone |
| siege | 4 | 50% | 9:00 / 6:39 | 100% | 100% | 1:00 | 3:31 / 5:46 | 2.0 / 33s | 61.1 | 92 | 8 | 6 | 1 | 25% / 12888 | corrode |
| skadi | 4 | 0% | 9:01 / 7:55 | 100% | 100% | 1:02 | 4:52 / 6:40 | 2.8 / 36s | 56.4 | 108 | 8 | 5 | 0 | 47% / 21506 | zone |
| suzuran | 4 | 50% | 9:08 / 6:47 | 100% | 100% | 1:12 | 3:35 / 7:34 | 1.8 / 32s | 47.2 | 82 | 3 | 9 | 0 | 36% / 18556 | bullet |
| ulpianus | 4 | 50% | 9:14 / 6:31 | 100% | 100% | 1:08 | 3:17 / 6:58 | 2.0 / 22s | 62.6 | 98 | 14 | 4 | 0 | 35% / 17193 | zone |
| irene | 4 | 0% | 9:35 / 7:42 | 100% | 100% | 1:13 | 2:20 / 8:42 | 1.5 / 53s | 102.1 | 123 | 12 | 8 | 0 | 23% / 13643 | bullet |
| specter_unchained | 4 | 25% | 8:26 / 5:30 | 100% | 100% | 1:07 | 3:20 / 5:45 | 1.5 / 22s | 57.2 | 114 | 3 | 9 | 0 | 43% / 19744 | shock |
| logos | 4 | 75% | 9:42 / 7:27 | 100% | 100% | 1:07 | 4:08 / 7:59 | 2.8 / 24s | 36.0 | 82 | 9 | 0 | 0 | 41% / 30055 | bullet |
| lumen | 4 | 50% | 7:25 / 3:29 | 75% | 50% | 1:23 | 3:49 / 7:36 | 1.8 / 25s | 29.5 | 74 | 0 | 0 | 0 | 15% / 4851 | corrode |

### 藏品（docs/35）

| 机器人 | 开局 | 局数 | 平均藏品数 | 藏品直接伤害 | 各流派 出现 / 拿取 | 无效拿取 |
|---|---|---|---|---|---|---|
| normal | eyjafjalla | 4 | 17.5 | 4.4% | A 20/7 B 4/2 C 16/3 D 12/5 E 22/10 F 3/2 G 11/3 H 28/10 通用 47/28 | 0 |
| normal | irene | 4 | 19.0 | 4.7% | A 23/7 B 10/3 C 18/8 D 19/5 E 19/8 F 4/2 G 10/0 H 34/13 通用 49/30 | 0 |
| normal | kaltsit | 4 | 29.2 | 3.8% | A 28/8 B 10/4 C 23/7 D 37/13 E 34/9 F 6/5 G 33/12 H 47/14 通用 83/46 | 0 |
| normal | logos | 4 | 22.5 | 0.6% | A 11/1 B 11/4 C 21/7 D 17/9 E 37/12 F 6/0 G 19/9 H 40/16 通用 50/32 | 0 |
| normal | lumen | 4 | 18.2 | 0.7% | A 23/3 B 11/4 C 19/6 D 14/3 E 22/6 F 3/0 G 20/10 H 49/14 通用 62/27 | 0 |
| normal | mizuki | 4 | 22.8 | 0.2% | A 28/10 B 10/3 C 22/4 D 28/7 E 18/5 F 4/0 G 19/7 H 45/17 通用 74/38 | 0 |
| normal | saria | 4 | 26.2 | 8.0% | A 35/14 B 16/3 C 16/6 D 33/10 E 21/7 F 10/2 G 21/7 H 66/28 通用 59/29 | 0 |
| normal | siege | 4 | 24.5 | 0.2% | A 43/18 B 11/4 C 32/8 D 31/13 E 16/2 F 4/1 G 22/6 H 41/13 通用 59/33 | 0 |
| normal | skadi | 4 | 16.5 | 0.6% | A 23/7 B 7/4 C 12/2 D 18/8 E 12/7 F 3/2 G 19/6 H 32/9 通用 38/22 | 0 |
| normal | specter_unchained | 4 | 19.0 | 2.8% | A 21/8 B 9/4 C 15/6 D 21/9 E 8/4 G 18/4 H 27/12 通用 50/29 | 0 |
| normal | suzuran | 4 | 22.2 | 4.4% | A 19/3 B 7/2 C 17/5 D 20/8 E 34/14 F 7/4 G 24/7 H 34/13 通用 55/34 | 0 |
| normal | ulpianus | 4 | 29.2 | 3.1% | A 34/12 B 10/1 C 28/14 D 40/13 E 20/6 F 9/1 G 29/9 H 61/27 通用 82/35 | 0 |
| normal | wisadel | 4 | 19.2 | 0.0% | A 9/4 B 4/1 C 19/9 D 13/4 E 25/12 F 9/3 G 17/5 H 26/11 通用 50/28 | 0 |
| 合计 | | | | | A 317/102 B 120/39 C 258/85 D 303/107 E 288/102 F 68/22 G 262/85 H 530/197 通用 758/411 | |

拿取最多（出现 / 拿取）：“决心” 0/39，“犹疑” 0/37，“观望” 0/31，银餐叉 66/26，活玫瑰 53/26，《大静谧》 57/26，皇帝的恩宠 57/25，镶金骨骰 75/25，海潮的气息 0/24，散轶诗简 58/24，“黑夜呢喃” 56/23，损坏的左轮弹巢 67/22
耗时 585s
写入 build/cloud/v11-ab-ns/v11_solo_new_0926_1423.{json,md}
