跑 112 局（1 流派 × 2 机器人 × 7 编队 × 8 seed），并行 4（全机上限 4），源文件摘要 53b24a99528f9253
### 最终 Boss（按类型；上面的「终局」列是四种混算）

| 机器人 | 最终 Boss | 结局 | 出场 | 击杀 | 用时 均 / 中 / P90 / 最短–最长（出现起算） | 中 / P90（可受伤起算） | 阶段护盾秒 / 过卡点数 均 | 未击杀时剩余血量 |
|---|---|---|---|---|---|---|---|---|
| expert | 伊祖米克 | deep 20 | 20 | 19 | 68s / 64s / 85s / 44–98s | 31s / 37s | 13.4 / 1.9 | 81% |
| expert | 最后的骑士 | knight 16 | 16 | 16 | 66s / 49s / 107s / 44–171s | 49s / 107s | 11.7 / 2.0 | - |
| expert | 伊莎玛拉 | resolve 14 | 14 | 14 | 52s / 40s / 86s / 39–97s | 40s / 86s | 13.7 / 2.0 | - |
| expert | 偏执泡影 | standard 5 | 5 | 4 | 50s / 50s / 75s / 28–75s | 50s / 75s | 2.5 / 1.8 | 3% |
| normal | 最后的骑士 | knight 14 | 14 | 12 | 67s / 55s / 100s / 46–165s | 56s / 100s | 7.7 / 2.0 | 11% |
| normal | 偏执泡影 | standard 13 | 13 | 12 | 53s / 45s / 75s / 39–107s | 46s / 75s | 6.4 / 1.8 | 94% |
| normal | 伊祖米克 | deep 10 | 10 | 9 | 71s / 53s / 172s / 46–172s | 31s / 152s | 13.8 / 1.8 | 84% |
| normal | 伊莎玛拉 | resolve 2 | 2 | 2 | 91s / 91s / 122s / 60–122s | 91s / 122s | 2.6 / 2.0 | - |

### 难度 / 缩圈 / 同屏峰值

#### 前 3 分钟

| 机器人 | 难度 | 局数 | 3:00 前死亡 | 前 3 分钟承伤 均 / 中 | 3:00 时生命 |
|---|---|---|---|---|---|
| expert | 0 | 56 | 0% | 20 / 14 | 100% |
| normal | 0 | 56 | 0% | 28 / 21 | 98% |

#### 死因 × 缩圈阶段 × Boss 在场（失败的局）

| 机器人 | 难度 | 死因 | 缩圈（第几轮 · 阶段） | 圈外 | Boss 在场 | 局数 | 平均死亡时间 |
|---|---|---|---|---|---|---|---|
| expert | 0 | mire | 第 4 轮 · 稳定 | 否 | 否 | 1 | 9:23 |
| expert | 0 | corrode | 第 1 轮 · 稳定 | 否 | 是 | 1 | 13:00 |
| expert | 0 | corrode | 第 4 轮 · 稳定 | 否 | 是 | 1 | 10:11 |
| normal | 0 | corrode | 第 1 轮 · 稳定 | 否 | 是 | 2 | 6:18 |
| normal | 0 | boss_tracer | 第 2 轮 · 收缩 | 否 | 否 | 2 | 5:18 |
| normal | 0 | corrode | 第 2 轮 · 稳定 | 否 | 是 | 2 | 8:06 |
| normal | 0 | mire | 第 4 轮 · 稳定 | 否 | 否 | 1 | 9:02 |
| normal | 0 | boss_tracer | 第 1 轮 · 稳定 | 否 | 否 | 1 | 5:21 |
| normal | 0 | corrode | 第 3 轮 · 稳定 | 否 | 否 | 1 | 7:31 |
| normal | 0 | contact_mimic | 第 1 轮 · 稳定 | 否 | 是 | 1 | 6:46 |
| normal | 0 | dark | 第 1 轮 · 稳定 | 否 | 是 | 1 | 3:33 |
| normal | 0 | contact_burrower | 第 1 轮 · 稳定 | 否 | 是 | 1 | 5:36 |
| normal | 0 | dark | 第 2 轮 · 收缩 | 否 | 否 | 1 | 5:38 |
| normal | 0 | contact_tracer | 第 2 轮 · 收缩 | 否 | 否 | 1 | 5:07 |
| normal | 0 | corrode | 第 4 轮 · 稳定 | 否 | 否 | 1 | 8:50 |
| normal | 0 | contact_hulk | 第 4 轮 · 稳定 | 否 | 是 | 1 | 10:33 |
| normal | 0 | bullet | 第 4 轮 · 稳定 | 否 | 是 | 1 | 10:39 |
| normal | 0 | boss_tracer | 第 3 轮 · 稳定 | 否 | 是 | 1 | 13:00 |
| normal | 0 | bullet | 第 2 轮 · 稳定 | 否 | 是 | 1 | 13:00 |
| normal | 0 | contact_slider | 第 1 轮 · 稳定 | 否 | 是 | 1 | 8:44 |
| normal | 0 | mire | 第 3 轮 · 预告 | 否 | 是 | 1 | 8:33 |

#### 同屏数量峰值（每局峰值的 平均 / 最大）

| 机器人 | 难度 | 局数 | 范围 | 敌人 | 敌方弹幕（含抛射） | 我方子弹 | 特效 | 飘字 |
|---|---|---|---|---|---|---|---|---|
| expert | 0 | 56 | 全程 | 241 / 452 | 47 / 96 | 4 / 11 | 389 / 481 | 47 / 48 |
| expert | 0 | 56 | 8:00–10:00 | 224 / 452 | 39 / 94 | 3 / 11 | 377 / 468 | 46 / 48 |
| normal | 0 | 56 | 全程 | 274 / 507 | 48 / 140 | 4 / 10 | 371 / 471 | 44 / 48 |
| normal | 0 | 44 | 8:00–10:00 | 257 / 454 | 47 / 121 | 3 / 10 | 380 / 471 | 42 / 48 |

### 大群（按第几次）

| 机器人 | 第几次 | 出现 | 时间 | 数量 | 清 80% 用时 均 / 中（清完/出现） | 20 秒内掉血 均 / 最大 | 30 秒内死亡 | 编成 |
|---|---|---|---|---|---|---|---|---|
| expert | 1 | 56 | 1:15 | 26 | 14s / 11s（56/56） | 3 / 48 | 0 | bone/slider/stone ×32；bone/slider ×24 |
| expert | 2 | 56 | 2:45 | 33 | 14s / 11s（56/56） | 2 / 9 | 0 | bone/slider ×32；bone/slider/stone ×24 |
| expert | 3 | 56 | 4:39 | 43 | 16s / 13s（56/56） | 8 / 46 | 0 | bone/burrower/ripper/slider ×12；bone/offspring/ripper/slider/stone ×10；bone/offspring/ripper/slider/spitter ×10 |
| expert | 4 | 56 | 5:56 | 49 | 12s / 10s（56/56） | 8 / 38 | 0 | bone/floater/ripper/runner/slider/tracer ×23；bone/offspring/ripper/slider/spitter ×20；bone/burrower/ripper/slider ×13 |
| expert | 5 | 56 | 7:35 | 57 | 14s / 10s（56/56） | 13 / 75 | 0 | bone/floater/founder/nest/ripper/runner/slider ×22；burrower/ripper/slider/spitter ×18；bone/burrower/offspring/ripper/slider/stone ×16 |
| expert | 6 | 56 | 8:44 | 63 | 11s / 9s（56/56） | 12 / 62 | 0 | burrower/floater/founder/nest/reaper/ripper/runner/slider/tracer ×17；burrower/offspring/ripper/slider/spitter/stone ×12；burrower/ripper/slider/spitter ×11 |
| expert | 7 | 6 | 9:16 | 66 | 14s / 10s（6/6） | 10 / 16 | 0 | burrower/hulk/ripper/slider/spitter ×5；burrower/floater/founder/nest/reaper/ripper/runner/slider/tracer ×1 |
| normal | 1 | 56 | 1:15 | 26 | 10s / 9s（56/56） | 4 / 19 | 0 | bone/slider/stone ×36；bone/slider ×20 |
| normal | 2 | 56 | 2:45 | 33 | 12s / 10s（56/56） | 6 / 76 | 0 | bone/slider ×36；bone/slider/stone ×20 |
| normal | 3 | 55 | 4:33 | 42 | 24s / 20s（53/55） | 15 / 110 | 2 | bone/ripper/slider/stone ×12；bone/offspring/ripper/slider/stone ×10；bone/floater/ripper/runner/slider ×10 |
| normal | 4 | 48 | 5:52 | 49 | 23s / 14s（47/48） | 22 / 111 | 0 | bone/floater/ripper/runner/slider/tracer ×18；bone/offspring/ripper/slider/spitter ×15；bone/burrower/ripper/slider ×15 |
| normal | 5 | 46 | 7:39 | 58 | 17s / 14s（43/46） | 24 / 118 | 2 | bone/floater/founder/nest/ripper/runner/slider ×18；burrower/ripper/slider/spitter ×17；bone/burrower/offspring/ripper/slider/stone ×11 |
| normal | 6 | 41 | 8:44 | 63 | 16s / 10s（40/41） | 25 / 127 | 2 | burrower/hulk/ripper/slider/spitter ×9；burrower/floater/founder/nest/reaper/ripper/runner/slider/tracer ×8；bone/floater/founder/nest/ripper/runner/slider ×7 |
| normal | 7 | 7 | 9:19 | 66 | 9s / 9s（7/7） | 27 / 79 | 0 | burrower/offspring/ripper/slider/spitter/stone ×3；burrower/hulk/ripper/slider/spitter ×2；burrower/floater/founder/nest/reaper/ripper/runner/slider/tracer ×2 |

### 按机器人汇总

| 机器人 | 局数 | 胜率 | 平均存活 | 3:30 存活 | 平均终局等级 | 平均击杀 | 目标（胜率 / 存活） | 判定 |
|---|---|---|---|---|---|---|---|---|
| normal | 56 | 62% | 9:48 | 100% | 29.7 | 5750 | 30–55% / 7:00–13:00 | **偏易** |
| expert | 56 | 94% | 11:01 | 100% | 34.2 | 6843 | 70–95% / 9:00–13:00 | **达标** |

### 明细

| 编队 | n | 胜率 | 存活(均/最短) | 托底(次/首次) | Lv 2:00/5:00/8:00/末 | 终Boss剩余 | 精二占比 | 灯火 | 击杀 | 主要伤害来源 | 治疗来源(总量/无人机Lv) | 主要死因 |
|---|---|---|---|---|---|---|---|---|---|---|---|---|
| [expert] wisadel | 8 | 87% | 10:49 / 9:23 | 0.0 / - | 7 / 17 / 26 / 34 | - | 100% | 80 | 6677 | 殉爆 19% 余震 18% 饱和炮击 10% 触手 5% | 拾取 32% 水月 23% 无人机 11% (162 / 1.6) | bullet |
| [expert] eyjafjalla | 8 | 100% | 11:04 / 10:40 | 0.0 / - | 7 / 16 / 26 / 34 | - | 100% | 80 | 6915 | 火山弹 20% 火山 13% 熔岩天降 9% 锯刃 8% | 凯尔希 31% 塞雷娅 27% 无人机 17% (319 / 1.4) | bullet |
| [expert] skadi | 8 | 100% | 11:09 / 10:28 | 0.0 / - | 7 / 15 / 25 / 34 | - | 100% | 54 | 6917 | 大剑 27% 跃浪 6% 锚击 5% 锯刃 4% | 塞雷娅 22% 无人机 20% 拾取 16% (343 / 1.4) | bullet |
| [expert] mizuki | 8 | 100% | 11:01 / 10:39 | 0.0 / - | 7 / 16 / 26 / 34 | - | 100% | 80 | 6878 | 触手 34% 伞击 12% 技能 5% 大剑 5% | 水月 75% 塞雷娅 9% 无人机 4% (268 / 2.0) | bullet |
| [expert] saria | 8 | 87% | 11:09 / 10:39 | 0.0 / - | 6 / 15 / 25 / 34 | 3% | 100% | 75 | 6910 | 言 9% 殉爆 6% 提喻 5% Mon3tr 5% | 塞雷娅 75% 凯尔希 12% 流明 4% (387 / 0.0) | bullet |
| [expert] kaltsit | 8 | 100% | 11:09 / 10:47 | 0.0 / - | 6 / 15 / 26 / 34 | - | 96% | 86 | 6953 | Mon3tr · 真伤 13% 言 11% Mon3tr 11% 提喻 8% | 凯尔希 71% 塞雷娅 18% 流明 8% (455 / 0.0) | bullet |
| [expert] suzuran | 8 | 87% | 10:47 / 10:11 | 0.0 / - | 6 / 16 / 26 / 33 | 81% | 100% | 72 | 6650 | 触手 13% 狐火 10% 伞击 7% 锯刃 7% | 铃兰 33% 水月 20% 流明 11% (324 / 1.0) | bullet |
| [normal] wisadel | 8 | 62% | 9:36 / 5:21 | 0.0 / - | 7 / 16 / 25 / 30 | 0% | 41% | 48 | 5586 | 余震 18% 殉爆 17% 炮击 11% 大剑 7% | 无人机 39% 流明 19% 凯尔希 12% (387 / 1.1) | bullet |
| [normal] eyjafjalla | 8 | 37% | 7:34 / 3:33 | 0.0 / - | 7 / 15 / 26 / 22 | 77% | 30% | 29 | 3883 | 火山弹 32% 大剑 8% 火星 5% 锚击 4% | 拾取 50% 无人机 12% 塞雷娅 10% (442 / 0.5) | boss_tracer |
| [normal] skadi | 8 | 62% | 10:24 / 7:39 | 0.0 / - | 7 / 16 / 25 / 32 | 97% | 54% | 59 | 6208 | 大剑 28% 锯刃 10% 火山弹 8% 跃浪 4% | 拾取 37% 水月 18% 无人机 12% (429 / 0.6) | boss_tracer |
| [normal] mizuki | 8 | 75% | 10:09 / 5:33 | 0.0 / - | 7 / 16 / 26 / 32 | 84% | 54% | 68 | 6129 | 触手 20% 伞击 17% 技能 6% 火山弹 5% | 水月 77% 拾取 15% 塞雷娅 4% (458 / 0.6) | boss_tracer |
| [normal] saria | 8 | 62% | 11:00 / 7:40 | 0.0 / - | 7 / 15 / 25 / 32 | 28% | 79% | 76 | 6682 | 锚击 13% 拳击 9% Mon3tr 7% 狐火 6% | 塞雷娅 58% 凯尔希 17% 流明 8% (1123 / 1.1) | boss_tracer |
| [normal] kaltsit | 8 | 100% | 11:21 / 10:43 | 0.0 / - | 7 / 15 / 25 / 34 | - | 54% | 91 | 7167 | Mon3tr 33% 狐火 9% 大剑 9% Mon3tr · 真伤 7% | 凯尔希 60% 水月 17% 塞雷娅 9% (1147 / 0.8) | bullet |
| [normal] suzuran | 8 | 37% | 8:34 / 4:57 | 0.0 / - | 7 / 16 / 24 / 26 | 63% | 25% | 51 | 4592 | 狐火 26% 骑士 8% 锚击 6% 藏品 6% | 铃兰 36% 拾取 17% 无人机 17% (324 / 0.9) | bullet |

### 机器人指标（docs/29）

| 机器人 · 开局 | n | 胜率 | 存活 均/最短 | 3:30 存活 | 5:00 存活 | 首次招募 | 首次精一 / 精二 | 中期 Boss 击杀数 / 平均用时 | 受击/分 | 承伤/分 | 低血(<35%)秒 | 熄灯秒 | 静止% | 开局干员 伤害占比 / 每分钟 | 主要死因 |
|---|---|---|---|---|---|---|---|---|---|---|---|---|---|---|---|
| [expert] wisadel | 8 | 87% | 10:49 / 9:23 | 100% | 100% | 1:17 | 0:54 / 2:55 | 2.4 / 24s | 7.7 | 30 | 1 | 0 | 11 | 56% / 64184 | mire |
| [expert] eyjafjalla | 8 | 100% | 11:04 / 10:40 | 100% | 100% | 1:33 | 0:54 / 3:07 | 2.5 / 41s | 9.3 | 37 | 0 | 0 | 11 | 57% / 58088 | - |
| [expert] skadi | 8 | 100% | 11:09 / 10:28 | 100% | 100% | 1:13 | 0:50 / 3:24 | 2.6 / 70s | 14.3 | 51 | 0 | 0 | 10 | 40% / 41665 | - |
| [expert] mizuki | 8 | 100% | 11:01 / 10:39 | 100% | 100% | 1:22 | 0:52 / 3:05 | 2.6 / 34s | 6.0 | 28 | 0 | 2 | 11 | 55% / 59158 | - |
| [expert] saria | 8 | 87% | 11:09 / 10:39 | 100% | 100% | 1:52 | 0:49 / 3:44 | 1.9 / 76s | 15.8 | 41 | 0 | 0 | 11 | 6% / 6371 | corrode |
| [expert] kaltsit | 8 | 100% | 11:09 / 10:47 | 100% | 100% | 1:51 | 1:23 / 3:06 | 2.5 / 60s | 19.9 | 48 | 0 | 2 | 15 | 27% / 29649 | - |
| [expert] suzuran | 8 | 87% | 10:47 / 10:11 | 100% | 100% | 1:40 | 1:00 / 3:40 | 2.5 / 84s | 15.7 | 45 | 4 | 0 | 13 | 14% / 13110 | corrode |
| [normal] wisadel | 8 | 62% | 9:36 / 5:21 | 100% | 100% | 1:20 | 3:15 / 9:05 | 2.1 / 40s | 33.3 | 72 | 6 | 0 | 0 | 52% / 38606 | mire |
| [normal] eyjafjalla | 8 | 37% | 7:34 / 3:33 | 100% | 87% | 1:20 | 2:43 / 8:00 | 1.1 / 46s | 45.5 | 92 | 23 | 7 | 0 | 47% / 20342 | dark |
| [normal] skadi | 8 | 62% | 10:24 / 7:39 | 100% | 100% | 1:17 | 3:39 / 6:22 | 1.9 / 73s | 26.6 | 85 | 12 | 4 | 0 | 40% / 30767 | corrode |
| [normal] mizuki | 8 | 75% | 10:09 / 5:33 | 100% | 100% | 1:23 | 3:20 / 6:38 | 2.5 / 47s | 23.0 | 59 | 5 | 14 | 0 | 48% / 41028 | bullet |
| [normal] saria | 8 | 62% | 11:00 / 7:40 | 100% | 100% | 1:22 | 3:12 / 7:29 | 1.9 / 78s | 44.4 | 120 | 1 | 7 | 0 | 15% / 12899 | corrode |
| [normal] kaltsit | 8 | 100% | 11:21 / 10:43 | 100% | 100% | 1:21 | 3:17 / 9:20 | 2.0 / 78s | 71.9 | 110 | 0 | 25 | 0 | 41% / 39738 | - |
| [normal] suzuran | 8 | 37% | 8:34 / 4:57 | 100% | 87% | 1:25 | 3:41 / 7:50 | 1.4 / 64s | 30.0 | 74 | 23 | 11 | 0 | 27% / 11906 | corrode |

### 藏品（docs/35）

| 机器人 | 开局 | 局数 | 平均藏品数 | 藏品直接伤害 | 各流派 出现 / 拿取 | 无效拿取 |
|---|---|---|---|---|---|---|
| expert | eyjafjalla | 8 | 34.9 | 2.2% | A 74/22 B 22/13 C 77/32 D 62/18 E 106/35 F 15/11 G 67/26 H 141/47 通用 160/78 | 0 |
| expert | kaltsit | 8 | 29.5 | 4.9% | A 73/24 B 33/13 C 71/31 D 58/10 E 66/18 F 17/7 G 68/21 H 121/30 通用 133/84 | 0 |
| expert | mizuki | 8 | 36.5 | 2.0% | A 100/30 B 36/18 C 79/42 D 83/23 E 85/18 F 15/10 G 82/34 H 131/35 通用 162/83 | 0 |
| expert | saria | 8 | 30.1 | 6.1% | A 64/18 B 41/22 C 72/35 D 77/16 E 80/19 F 24/10 G 62/14 H 133/37 通用 138/74 | 0 |
| expert | skadi | 8 | 35.5 | 7.2% | A 136/32 B 39/18 C 87/45 D 88/9 E 76/17 F 21/12 G 66/29 H 174/43 通用 155/83 | 0 |
| expert | suzuran | 8 | 32.9 | 9.4% | A 88/25 B 33/19 C 68/28 D 80/20 E 83/20 F 17/12 G 81/24 H 137/33 通用 157/85 | 0 |
| expert | wisadel | 8 | 34.6 | 3.7% | A 86/22 B 38/20 C 68/36 D 59/12 E 104/25 F 24/11 G 63/29 H 135/40 通用 148/86 | 0 |
| normal | eyjafjalla | 8 | 15.5 | 2.0% | A 36/13 B 14/3 C 39/9 D 48/15 E 51/16 F 13/4 G 26/10 H 53/19 通用 79/36 | 0 |
| normal | kaltsit | 8 | 24.6 | 7.6% | A 50/20 B 26/9 C 67/21 D 57/15 E 53/19 F 13/4 G 52/15 H 120/35 通用 115/60 | 0 |
| normal | mizuki | 8 | 24.8 | 4.7% | A 59/15 B 23/3 C 49/15 D 55/18 E 56/18 F 17/8 G 43/16 H 98/32 通用 111/74 | 0 |
| normal | saria | 8 | 23.8 | 1.5% | A 71/32 B 22/4 C 45/12 D 61/17 E 53/17 F 12/2 G 48/16 H 103/26 通用 116/64 | 0 |
| normal | skadi | 8 | 21.6 | 4.2% | A 79/23 B 22/8 C 34/9 D 40/12 E 54/15 F 9/3 G 61/19 H 84/27 通用 103/57 | 0 |
| normal | suzuran | 8 | 19.9 | 7.0% | A 41/14 B 17/4 C 53/19 D 38/8 E 50/16 F 10/3 G 40/9 H 70/29 通用 81/57 | 0 |
| normal | wisadel | 8 | 24.8 | 3.7% | A 45/19 B 25/11 C 44/20 D 48/18 E 45/19 F 9/4 G 52/21 H 85/21 通用 113/65 | 0 |
| 合计 | | | | | A 1002/309 B 391/165 C 853/354 D 854/211 E 962/272 F 216/101 G 811/283 H 1585/454 通用 1771/986 | |

拿取最多（出现 / 拿取）：“观望” 0/99，“犹疑” 0/91，“决心” 0/84，海潮的气息 0/56，羽兽肝酱 205/51，显圣吊坠 208/48，深蓝之心 0/48，老近卫军之锋 186/47，洁白的舞鞋 84/46，“黑夜呢喃” 196/45，银餐叉 184/45，贵族刺剑 180/43
耗时 1300s
写入 build/cloud/hunt-new/hunt_new_0926_1904.{json,md}
Switched to a new branch 'cloud-results/hunt-new'
