跑 84 局（1 流派 × 2 机器人 × 7 编队 × 6 seed），并行 4（全机上限 4），源文件摘要 4628075e701d6e5c
### 最终 Boss（按类型；上面的「终局」列是四种混算）

| 机器人 | 最终 Boss | 结局 | 出场 | 击杀 | 用时 均 / 中 / P90 / 最短–最长（出现起算） | 中 / P90（可受伤起算） | 阶段护盾秒 / 过卡点数 均 | 未击杀时剩余血量 |
|---|---|---|---|---|---|---|---|---|
| expert | 偏执泡影 | standard 13 | 13 | 10 | 81s / 88s / 126s / 41–126s | 88s / 126s | 2.2 / 1.7 | 62% |
| expert | 最后的骑士 | knight 12 | 12 | 10 | 100s / 94s / 171s / 48–171s | 94s / 171s | 4.0 / 1.8 | 65% |
| expert | 伊祖米克 | deep 11 | 11 | 9 | 65s / 52s / 98s / 47–98s | 32s / 71s | 4.9 / 1.7 | 71% |
| expert | 伊莎玛拉 | resolve 6 | 6 | 6 | 107s / 107s / 155s / 46–155s | 108s / 155s | 2.4 / 2.0 | - |
| normal | 伊祖米克 | deep 20 | 20 | 18 | 72s / 68s / 106s / 45–139s | 36s / 76s | 7.3 / 1.8 | 87% |
| normal | 偏执泡影 | standard 12 | 12 | 7 | 90s / 77s / 145s / 39–145s | 77s / 145s | 3.0 / 1.3 | 78% |
| normal | 最后的骑士 | knight 8 | 8 | 6 | 107s / 102s / 153s / 74–153s | 102s / 153s | 1.2 / 2.0 | 10% |
| normal | 伊莎玛拉 | resolve 2 | 2 | 1 | 63s / 63s / 63s / 63–63s | 63s / 63s | 2.3 / 1.0 | 84% |

### 难度 / 缩圈 / 同屏峰值

#### 前 3 分钟

| 机器人 | 难度 | 局数 | 3:00 前死亡 | 前 3 分钟承伤 均 / 中 | 3:00 时生命 |
|---|---|---|---|---|---|
| expert | 0 | 42 | 0% | 23 / 21 | 100% |
| normal | 0 | 42 | 0% | 26 / 20 | 99% |

#### 死因 × 缩圈阶段 × Boss 在场（失败的局）

| 机器人 | 难度 | 死因 | 缩圈（第几轮 · 阶段） | 圈外 | Boss 在场 | 局数 | 平均死亡时间 |
|---|---|---|---|---|---|---|---|
| expert | 0 | bullet | 第 3 轮 · 预告 | 否 | 是 | 3 | 13:00 |
| expert | 0 | bullet | 第 2 轮 · 稳定 | 否 | 是 | 2 | 13:00 |
| expert | 0 | bullet | 第 3 轮 · 稳定 | 否 | 是 | 1 | 13:00 |
| expert | 0 | bullet | 第 1 轮 · 稳定 | 否 | 是 | 1 | 13:00 |
| normal | 0 | bullet | 第 1 轮 · 稳定 | 否 | 是 | 3 | 13:00 |
| normal | 0 | corrode | 第 1 轮 · 稳定 | 否 | 是 | 1 | 13:00 |
| normal | 0 | contact_tracer | 第 3 轮 · 收缩 | 否 | 是 | 1 | 13:00 |
| normal | 0 | boss_tracer | 第 3 轮 · 预告 | 否 | 是 | 1 | 13:00 |
| normal | 0 | shock | 第 3 轮 · 收缩 | 否 | 是 | 1 | 13:00 |
| normal | 0 | contact_slider | 第 3 轮 · 收缩 | 否 | 是 | 1 | 13:00 |
| normal | 0 | contact_slider | 第 1 轮 · 稳定 | 否 | 是 | 1 | 13:00 |
| normal | 0 | bullet | 第 3 轮 · 稳定 | 否 | 是 | 1 | 13:00 |

#### 同屏数量峰值（每局峰值的 平均 / 最大）

| 机器人 | 难度 | 局数 | 范围 | 敌人 | 敌方弹幕（含抛射） | 我方子弹 | 特效 | 飘字 |
|---|---|---|---|---|---|---|---|---|
| expert | 0 | 42 | 全程 | 250 / 477 | 57 / 127 | 3 / 10 | 394 / 458 | 47 / 48 |
| expert | 0 | 42 | 8:00–10:00 | 241 / 477 | 50 / 127 | 2 / 9 | 374 / 428 | 46 / 48 |
| normal | 0 | 42 | 全程 | 290 / 472 | 59 / 94 | 3 / 11 | 401 / 484 | 46 / 48 |
| normal | 0 | 42 | 8:00–10:00 | 272 / 472 | 48 / 80 | 3 / 8 | 388 / 482 | 40 / 48 |

### 大群（按第几次）

| 机器人 | 第几次 | 出现 | 时间 | 数量 | 清 80% 用时 均 / 中（清完/出现） | 20 秒内掉血 均 / 最大 | 30 秒内死亡 | 编成 |
|---|---|---|---|---|---|---|---|---|
| expert | 1 | 42 | 1:15 | 26 | 15s / 12s（42/42） | 2 / 12 | 0 | bone/slider ×23；bone/slider/stone ×19 |
| expert | 2 | 42 | 2:45 | 33 | 12s / 12s（42/42） | 4 / 28 | 0 | bone/slider/stone ×23；bone/slider ×19 |
| expert | 3 | 42 | 4:34 | 42 | 18s / 13s（42/42） | 9 / 71 | 0 | bone/floater/ripper/runner/slider ×9；bone/burrower/ripper/slider ×9；bone/ripper/slider/stone ×8 |
| expert | 4 | 42 | 5:54 | 49 | 15s / 11s（42/42） | 10 / 53 | 0 | bone/burrower/ripper/slider ×16；bone/offspring/ripper/slider/spitter ×15；bone/floater/ripper/runner/slider/tracer ×11 |
| expert | 5 | 42 | 7:42 | 58 | 15s / 13s（42/42） | 14 / 46 | 0 | burrower/ripper/slider/spitter ×16；bone/burrower/offspring/ripper/slider/stone ×14；bone/floater/founder/nest/ripper/runner/slider ×12 |
| expert | 6 | 41 | 8:44 | 63 | 12s / 10s（40/41） | 29 / 164 | 0 | burrower/floater/founder/nest/reaper/ripper/runner/slider/tracer ×12；burrower/hulk/ripper/slider/spitter ×10；bone/floater/founder/nest/ripper/runner/slider ×6 |
| expert | 7 | 8 | 9:20 | 66 | 13s / 12s（8/8） | 39 / 133 | 0 | burrower/hulk/ripper/slider/spitter ×4；burrower/offspring/ripper/slider/spitter/stone ×3；burrower/floater/founder/nest/reaper/ripper/runner/slider/tracer ×1 |
| normal | 1 | 42 | 1:15 | 26 | 9s / 9s（42/42） | 7 / 20 | 0 | bone/slider ×24；bone/slider/stone ×18 |
| normal | 2 | 42 | 2:45 | 33 | 16s / 14s（42/42） | 6 / 23 | 0 | bone/slider/stone ×24；bone/slider ×18 |
| normal | 3 | 42 | 4:36 | 43 | 26s / 20s（42/42） | 15 / 94 | 0 | bone/offspring/ripper/slider/stone ×12；bone/offspring/ripper/slider/spitter ×8；bone/ripper/slider/stone ×7 |
| normal | 4 | 42 | 5:55 | 49 | 21s / 18s（42/42） | 22 / 93 | 0 | bone/burrower/ripper/slider ×16；bone/floater/ripper/runner/slider/tracer ×14；bone/offspring/ripper/slider/spitter ×12 |
| normal | 5 | 42 | 7:38 | 58 | 23s / 16s（42/42） | 38 / 169 | 0 | bone/burrower/offspring/ripper/slider/stone ×15；bone/floater/founder/nest/ripper/runner/slider ×15；burrower/ripper/slider/spitter ×12 |
| normal | 6 | 41 | 8:43 | 63 | 21s / 11s（41/41） | 53 / 212 | 0 | burrower/offspring/ripper/slider/spitter/stone ×10；burrower/floater/founder/nest/reaper/ripper/runner/slider/tracer ×9；burrower/ripper/slider/spitter ×6 |
| normal | 7 | 4 | 9:17 | 66 | 15s / 8s（4/4） | 71 / 96 | 0 | burrower/offspring/ripper/slider/spitter/stone ×2；burrower/floater/founder/nest/reaper/ripper/runner/slider/tracer ×1；burrower/hulk/ripper/slider/spitter ×1 |

### 按机器人汇总

| 机器人 | 局数 | 胜率 | 平均存活 | 3:30 存活 | 平均终局等级 | 平均击杀 | 目标（胜率 / 存活） | 判定 |
|---|---|---|---|---|---|---|---|---|
| normal | 42 | 76% | 11:45 | 100% | 34.7 | 7472 | 30–55% / 7:00–13:00 | **偏易** |
| expert | 42 | 83% | 11:42 | 100% | 34.8 | 7363 | 70–95% / 9:00–13:00 | **达标** |

### 明细

| 编队 | n | 胜率 | 存活(均/最短) | 托底(次/首次) | Lv 2:00/5:00/8:00/末 | 终Boss剩余 | 精二占比 | 灯火 | 击杀 | 主要伤害来源 | 治疗来源(总量/无人机Lv) | 主要死因 |
|---|---|---|---|---|---|---|---|---|---|---|---|---|
| [expert] wisadel | 6 | 100% | 11:07 / 10:41 | 0.0 / - | 7 / 16 / 26 / 34 | - | 100% | 61 | 6962 | 余震 15% 殉爆 13% 锯刃 7% 炮击 5% | 凯尔希 39% 水月 24% 拾取 21% (653 / 0.8) | bullet |
| [expert] eyjafjalla | 6 | 83% | 11:39 / 10:46 | 0.0 / - | 7 / 16 / 26 / 35 | 89% | 100% | 76 | 7342 | 火山弹 17% 火山 12% 触手 8% 伞击 8% | 流明 39% 水月 29% 拾取 20% (1036 / 0.2) | bullet |
| [expert] skadi | 6 | 100% | 11:25 / 10:48 | 0.5 / 8:49 | 7 / 15 / 26 / 34 | - | 100% | 68 | 7185 | 大剑 19% 言 8% 殉爆 7% 余震 6% | 拾取 35% 塞雷娅 24% 凯尔希 23% (562 / 0.8) | bullet |
| [expert] mizuki | 6 | 100% | 11:30 / 10:48 | 0.2 / 11:11 | 7 / 15 / 26 / 35 | - | 100% | 77 | 7218 | 触手 20% 伞击 15% 锚击 7% 技能 6% | 水月 75% 塞雷娅 7% 流明 7% (801 / 1.3) | bullet |
| [expert] saria | 6 | 33% | 12:45 / 11:44 | 0.2 / 11:12 | 6 / 15 / 25 / 36 | 44% | 100% | 79 | 8230 | 锚击 11% 殉爆 10% 余震 8% 大剑 6% | 塞雷娅 76% 流明 17% 拾取 3% (1336 / 0.0) | bullet |
| [expert] kaltsit | 6 | 100% | 11:20 / 10:47 | 0.0 / - | 4 / 16 / 26 / 34 | - | 100% | 64 | 7090 | Mon3tr · 真伤 13% 锯刃 12% Mon3tr 9% 殉爆 7% | 凯尔希 80% 流明 8% 塞雷娅 6% (698 / 0.0) | bullet |
| [expert] suzuran | 6 | 66% | 12:08 / 11:02 | 2.3 / 9:56 | 6 / 15 / 25 / 34 | 95% | 100% | 91 | 7514 | 狐火 12% 火山弹 6% Mon3tr 6% 锯刃 6% | 铃兰 31% 拾取 20% 塞雷娅 13% (890 / 0.7) | bullet |
| [normal] wisadel | 6 | 100% | 11:22 / 10:39 | 1.0 / 10:04 | 6 / 16 / 26 / 35 | - | 77% | 61 | 7210 | 殉爆 22% 余震 21% 炮击 6% 饱和炮击 6% | 拾取 35% 水月 16% 流明 15% (882 / 0.5) | shock |
| [normal] eyjafjalla | 6 | 66% | 11:48 / 10:51 | 4.8 / 8:59 | 6 / 16 / 25 / 35 | 68% | 50% | 29 | 7693 | 火山弹 21% 刺剑 9% 火山 6% 熔岩天降 5% | 拾取 48% 无人机 21% 水月 15% (898 / 0.5) | shock |
| [normal] skadi | 6 | 100% | 11:30 / 10:51 | 1.5 / 9:05 | 7 / 16 / 26 / 35 | - | 63% | 60 | 7293 | 大剑 37% 锯刃 6% 余震 5% 锚击 5% | 拾取 44% 塞雷娅 16% 无人机 16% (741 / 0.7) | bullet |
| [normal] mizuki | 6 | 83% | 11:25 / 10:46 | 2.0 / 10:01 | 7 / 15 / 25 / 35 | 87% | 50% | 57 | 7148 | 伞击 19% 触手 17% 大剑 9% 技能·法术 7% | 水月 72% 流明 17% 拾取 5% (1306 / 1.0) | shock |
| [normal] saria | 6 | 33% | 12:34 / 11:38 | 0.8 / 9:32 | 6 / 15 / 24 / 34 | 63% | 50% | 68 | 7982 | 锯刃 21% 拳击 10% Mon3tr 9% 狐火 8% | 塞雷娅 71% 流明 10% 凯尔希 5% (2261 / 1.0) | shock |
| [normal] kaltsit | 6 | 83% | 11:37 / 10:45 | 1.3 / 9:04 | 7 / 15 / 25 / 34 | 93% | 72% | 44 | 7357 | Mon3tr 25% 大剑 18% 锯刃 12% 刺剑 6% | 凯尔希 83% 拾取 5% 流明 5% (2269 / 0.5) | shock |
| [normal] suzuran | 6 | 66% | 12:01 / 11:02 | 2.2 / 8:04 | 7 / 15 / 25 / 35 | 50% | 66% | 66 | 7620 | 狐火 16% 锯刃 14% 锚击 10% 刺剑 9% | 铃兰 32% 流明 25% 拾取 21% (1136 / 1.2) | shock |

### 机器人指标（docs/29）

| 机器人 · 开局 | n | 胜率 | 存活 均/最短 | 3:30 存活 | 5:00 存活 | 首次招募 | 首次精一 / 精二 | 中期 Boss 击杀数 / 平均用时 | 受击/分 | 承伤/分 | 低血(<35%)秒 | 熄灯秒 | 静止% | 开局干员 伤害占比 / 每分钟 | 主要死因 |
|---|---|---|---|---|---|---|---|---|---|---|---|---|---|---|---|
| [expert] wisadel | 6 | 100% | 11:07 / 10:41 | 100% | 100% | 1:20 | 0:52 / 3:11 | 2.3 / 23s | 23.3 | 100 | 0 | 11 | 16 | 43% / 47868 | - |
| [expert] eyjafjalla | 6 | 83% | 11:39 / 10:46 | 100% | 100% | 1:33 | 0:53 / 3:41 | 2.5 / 47s | 21.1 | 125 | 0 | 4 | 13 | 50% / 55273 | bullet |
| [expert] skadi | 6 | 100% | 11:25 / 10:48 | 100% | 100% | 1:12 | 0:48 / 2:42 | 2.5 / 57s | 30.2 | 114 | 0 | 3 | 16 | 28% / 29788 | - |
| [expert] mizuki | 6 | 100% | 11:30 / 10:48 | 100% | 100% | 1:23 | 0:52 / 3:47 | 2.7 / 44s | 17.1 | 88 | 0 | 2 | 16 | 45% / 46664 | - |
| [expert] saria | 6 | 33% | 12:45 / 11:44 | 100% | 100% | 1:51 | 0:49 / 3:25 | 2.3 / 97s | 28.1 | 129 | 0 | 0 | 13 | 8% / 9193 | bullet |
| [expert] kaltsit | 6 | 100% | 11:20 / 10:47 | 100% | 100% | 2:05 | 1:42 / 3:01 | 2.7 / 38s | 40.2 | 72 | 0 | 0 | 18 | 24% / 26743 | - |
| [expert] suzuran | 6 | 66% | 12:08 / 11:02 | 100% | 100% | 1:43 | 0:58 / 2:58 | 1.8 / 49s | 40.0 | 158 | 0 | 5 | 13 | 16% / 15575 | bullet |
| [normal] wisadel | 6 | 100% | 11:22 / 10:39 | 100% | 100% | 1:23 | 3:51 / 7:04 | 2.7 / 50s | 61.3 | 203 | 0 | 30 | 0 | 60% / 60957 | - |
| [normal] eyjafjalla | 6 | 66% | 11:48 / 10:51 | 100% | 100% | 1:22 | 3:19 / 7:50 | 2.3 / 105s | 130.1 | 421 | 0 | 70 | 0 | 46% / 47569 | corrode |
| [normal] skadi | 6 | 100% | 11:30 / 10:51 | 100% | 100% | 1:20 | 3:58 / 7:44 | 2.3 / 69s | 62.6 | 209 | 0 | 8 | 0 | 51% / 53113 | - |
| [normal] mizuki | 6 | 83% | 11:25 / 10:46 | 100% | 100% | 1:22 | 3:26 / 6:29 | 2.5 / 83s | 41.1 | 184 | 0 | 16 | 0 | 49% / 42789 | contact_tracer |
| [normal] saria | 6 | 33% | 12:34 / 11:38 | 100% | 100% | 1:25 | 3:27 / 6:53 | 1.2 / 85s | 53.2 | 251 | 0 | 26 | 0 | 16% / 14700 | boss_tracer |
| [normal] kaltsit | 6 | 83% | 11:37 / 10:45 | 100% | 100% | 1:23 | 3:31 / 8:10 | 2.0 / 72s | 72.9 | 289 | 0 | 18 | 0 | 32% / 28415 | contact_slider |
| [normal] suzuran | 6 | 66% | 12:01 / 11:02 | 100% | 100% | 1:27 | 3:13 / 6:43 | 1.5 / 46s | 74.2 | 271 | 0 | 24 | 0 | 21% / 19978 | bullet |

### 藏品（docs/35）

| 机器人 | 开局 | 局数 | 平均藏品数 | 藏品直接伤害 | 各流派 出现 / 拿取 | 无效拿取 |
|---|---|---|---|---|---|---|
| expert | eyjafjalla | 6 | 39.3 | 2.8% | A 68/20 B 25/15 C 65/35 D 53/15 E 55/26 F 17/11 G 60/24 H 110/32 通用 166/61 | 0 |
| expert | kaltsit | 6 | 33.3 | 3.9% | A 51/16 B 25/15 C 50/24 D 42/7 E 65/12 F 14/9 G 49/18 H 130/32 通用 178/68 | 0 |
| expert | mizuki | 6 | 34.8 | 1.9% | A 56/20 B 19/13 C 44/16 D 56/12 E 43/11 F 12/7 G 55/24 H 110/36 通用 171/74 | 0 |
| expert | saria | 6 | 37.5 | 2.0% | A 96/27 B 23/9 C 51/24 D 61/14 E 53/11 F 13/7 G 56/25 H 151/54 通用 179/58 | 0 |
| expert | skadi | 6 | 31.5 | 1.2% | A 55/14 B 23/10 C 54/28 D 52/11 E 52/9 F 13/9 G 32/16 H 89/29 通用 140/65 | 0 |
| expert | suzuran | 6 | 33.7 | 6.8% | A 56/18 B 30/15 C 48/25 D 57/8 E 64/23 F 14/7 G 51/17 H 121/35 通用 155/56 | 0 |
| expert | wisadel | 6 | 35.7 | 4.8% | A 43/14 B 23/11 C 55/32 D 47/7 E 81/24 F 13/3 G 52/20 H 111/39 通用 151/65 | 0 |
| normal | eyjafjalla | 6 | 26.0 | 0.9% | A 54/19 B 20/7 C 48/14 D 36/10 E 57/20 F 8/3 G 39/9 H 89/23 通用 100/51 | 0 |
| normal | kaltsit | 6 | 27.8 | 0.0% | A 47/13 B 18/2 C 29/8 D 67/23 E 35/15 F 12/2 G 45/15 H 86/27 通用 133/62 | 0 |
| normal | mizuki | 6 | 27.3 | 0.0% | A 34/12 B 17/3 C 29/9 D 50/20 E 22/6 F 14/2 G 50/20 H 99/33 通用 130/59 | 0 |
| normal | saria | 6 | 28.5 | 0.5% | A 62/20 B 21/7 C 39/14 D 53/15 E 48/14 F 13/3 G 50/13 H 119/32 通用 134/54 | 0 |
| normal | skadi | 6 | 33.0 | 0.9% | A 63/22 B 29/7 C 39/15 D 47/16 E 51/19 F 12/4 G 67/19 H 99/30 通用 135/67 | 0 |
| normal | suzuran | 6 | 29.8 | 0.8% | A 50/11 B 24/6 C 41/17 D 49/15 E 57/21 F 11/3 G 46/14 H 92/28 通用 115/65 | 0 |
| normal | wisadel | 6 | 29.3 | 0.0% | A 42/12 B 17/6 C 42/17 D 44/17 E 56/16 F 11/5 G 37/9 H 113/35 通用 129/60 | 0 |
| 合计 | | | | | A 777/238 B 314/126 C 634/278 D 714/190 E 739/227 F 177/75 G 689/243 H 1519/465 通用 2016/865 | |

拿取最多（出现 / 拿取）：“观望” 0/86，“犹疑” 0/70，“决心” 0/64，老蒲扇 93/44，损坏的左轮弹巢 173/43，皇帝的恩宠 147/42，古高卢银币 77/40，《大静谧》 160/38，镶金骨骰 165/38，贵族刺剑 155/38，残破合影 166/38，显圣吊坠 135/38
耗时 1707s
写入 build/cloud/integ-r10b/ig_r10_0926_1737.{json,md}
