跑 56 局（1 流派 × 2 机器人 × 7 编队 × 4 seed），并行 4（全机上限 4），源文件摘要 bb2f2f0d94ab7885
### 最终 Boss（按类型；上面的「终局」列是四种混算）

| 机器人 | 最终 Boss | 结局 | 出场 | 击杀 | 用时 均 / 中 / P90 / 最短–最长（出现起算） | 中 / P90（可受伤起算） | 阶段护盾秒 / 过卡点数 均 | 未击杀时剩余血量 |
|---|---|---|---|---|---|---|---|---|
| expert | 偏执泡影 | standard 6 | 6 | 0 | - | - | 0.0 / 0.3 | 75% |
| expert | 最后的骑士 | knight 2 | 2 | 0 | - | - | 0.0 / 1.0 | 58% |
| expert | 伊祖米克 | deep 2 | 2 | 0 | - | - | 0.0 / 0.0 | 97% |
| normal | 伊莎玛拉 | resolve 1 | 1 | 0 | - | - | 0.0 / 0.0 | 92% |

### 难度 / 缩圈 / 同屏峰值

#### 前 3 分钟

| 机器人 | 难度 | 局数 | 3:00 前死亡 | 前 3 分钟承伤 均 / 中 | 3:00 时生命 |
|---|---|---|---|---|---|
| expert | 0 | 28 | 7% | 55 / 38 | 99% |
| normal | 0 | 28 | 3% | 94 / 78 | 92% |

#### 死因 × 缩圈阶段 × Boss 在场（失败的局）

| 机器人 | 难度 | 死因 | 缩圈（第几轮 · 阶段） | 圈外 | Boss 在场 | 局数 | 平均死亡时间 |
|---|---|---|---|---|---|---|---|
| expert | 0 | mire | 第 1 轮 · 稳定 | 否 | 是 | 3 | 8:24 |
| expert | 0 | contact_slider | 第 1 轮 · 稳定 | 否 | 是 | 2 | 7:32 |
| expert | 0 | bullet | 第 3 轮 · 稳定 | 否 | 是 | 2 | 13:00 |
| expert | 0 | contact_tracer | 第 1 轮 · 稳定 | 否 | 是 | 2 | 7:19 |
| expert | 0 | corrode | 第 3 轮 · 稳定 | 否 | 是 | 2 | 13:00 |
| expert | 0 | bullet | 第 1 轮 · 稳定 | 否 | 是 | 2 | 13:00 |
| expert | 0 | corrode | 第 1 轮 · 稳定 | 否 | 是 | 2 | 8:21 |
| expert | 0 | bullet | 第 2 轮 · 稳定 | 否 | 是 | 1 | 10:23 |
| expert | 0 | contact_slider | 第 2 轮 · 稳定 | 否 | 否 | 1 | 6:20 |
| expert | 0 | atk_tracer | 第 2 轮 · 收缩 | 否 | 否 | 1 | 5:28 |
| expert | 0 | contact_slider | 第 3 轮 · 预告 | 否 | 否 | 1 | 8:02 |
| expert | 0 | contact_pocket | 未缩圈 | 否 | 否 | 1 | 1:38 |
| expert | 0 | dark | 第 1 轮 · 稳定 | 否 | 否 | 1 | 4:36 |
| expert | 0 | corrode | 第 3 轮 · 收缩 | 否 | 是 | 1 | 9:15 |
| expert | 0 | corrode | 第 4 轮 · 稳定 | 否 | 是 | 1 | 13:00 |
| expert | 0 | contact_slider | 第 3 轮 · 收缩 | 否 | 是 | 1 | 9:48 |
| expert | 0 | corrode | 未缩圈 | 否 | 否 | 1 | 1:40 |
| expert | 0 | mire | 第 3 轮 · 稳定 | 否 | 是 | 1 | 7:55 |
| expert | 0 | zone | 第 1 轮 · 稳定 | 否 | 是 | 1 | 13:00 |
| expert | 0 | atk_reaper | 第 2 轮 · 预告 | 否 | 否 | 1 | 5:05 |
| normal | 0 | corrode | 第 1 轮 · 稳定 | 否 | 是 | 5 | 6:13 |
| normal | 0 | contact_slider | 第 1 轮 · 稳定 | 否 | 是 | 3 | 6:17 |
| normal | 0 | mire | 第 1 轮 · 稳定 | 否 | 是 | 3 | 5:07 |
| normal | 0 | atk_reaper | 第 1 轮 · 稳定 | 否 | 是 | 2 | 5:30 |
| normal | 0 | mire | 第 3 轮 · 收缩 | 否 | 是 | 2 | 7:51 |
| normal | 0 | dark | 第 1 轮 · 收缩 | 否 | 否 | 1 | 3:08 |
| normal | 0 | atk_founder | 第 1 轮 · 稳定 | 否 | 是 | 1 | 4:54 |
| normal | 0 | contact_slider | 第 1 轮 · 收缩 | 否 | 否 | 1 | 2:54 |
| normal | 0 | dark | 第 1 轮 · 稳定 | 否 | 否 | 1 | 3:15 |
| normal | 0 | contact_tracer | 第 1 轮 · 稳定 | 否 | 是 | 1 | 5:17 |
| normal | 0 | contact_path | 第 1 轮 · 稳定 | 否 | 是 | 1 | 3:33 |
| normal | 0 | mire | 第 2 轮 · 稳定 | 否 | 否 | 1 | 5:54 |
| normal | 0 | atk_reaper | 第 1 轮 · 稳定 | 否 | 否 | 1 | 4:53 |
| normal | 0 | contact_knight | 第 3 轮 · 收缩 | 否 | 是 | 1 | 9:00 |
| normal | 0 | corrode | 第 3 轮 · 稳定 | 否 | 是 | 1 | 7:33 |
| normal | 0 | atk_tracer | 第 2 轮 · 稳定 | 否 | 否 | 1 | 5:46 |
| normal | 0 | atk_tracer | 第 3 轮 · 收缩 | 否 | 是 | 1 | 8:53 |
| normal | 0 | atk_reaper | 第 3 轮 · 收缩 | 否 | 是 | 1 | 9:23 |

#### 同屏数量峰值（每局峰值的 平均 / 最大）

| 机器人 | 难度 | 局数 | 范围 | 敌人 | 敌方弹幕（含抛射） | 我方子弹 | 特效 | 飘字 |
|---|---|---|---|---|---|---|---|---|
| expert | 0 | 28 | 全程 | 333 / 510 | 93 / 179 | 3 / 10 | 370 / 506 | 38 / 48 |
| expert | 0 | 18 | 8:00–10:00 | 343 / 510 | 87 / 162 | 2 / 7 | 362 / 482 | 21 / 48 |
| normal | 0 | 28 | 全程 | 306 / 484 | 40 / 173 | 2 / 8 | 336 / 447 | 32 / 48 |
| normal | 0 | 4 | 8:00–10:00 | 365 / 404 | 84 / 129 | 1 / 5 | 388 / 447 | 15 / 20 |

### 大群（按第几次）

| 机器人 | 第几次 | 出现 | 时间 | 数量 | 清 80% 用时 均 / 中（清完/出现） | 20 秒内掉血 均 / 最大 | 30 秒内死亡 | 编成 |
|---|---|---|---|---|---|---|---|---|
| expert | 1 | 28 | 1:15 | 44 | 17s / 17s（28/28） | 4 / 12 | 2 | bone/slider ×15；bone/slider/stone ×13 |
| expert | 2 | 26 | 2:45 | 56 | 22s / 15s（26/26） | 5 / 24 | 0 | bone/slider/stone ×14；bone/slider ×12 |
| expert | 3 | 25 | 4:49 | 74 | 29s / 16s（24/25） | 28 / 140 | 2 | bone/slider ×9；bone/floater/runner/slider/tracer ×7；bone/offspring/slider/spitter ×5 |
| expert | 4 | 19 | 6:09 | 85 | 19s / 17s（16/19） | 29 / 110 | 0 | bone/floater/runner/slider/tracer ×9；bone/offspring/slider/spitter ×7；bone/slider ×3 |
| expert | 5 | 18 | 7:46 | 98 | 17s / 11s（16/18） | 47 / 251 | 1 | slider/spitter ×7；bone/offspring/slider/stone ×6；bone/floater/founder/nest/runner/slider ×5 |
| expert | 6 | 13 | 8:59 | 109 | 23s / 12s（9/13） | 74 / 195 | 2 | slider/spitter ×6；floater/founder/nest/reaper/runner/slider/tracer ×4；offspring/slider/spitter/stone ×3 |
| expert | 7 | 1 | 9:24 | 113 | 9s / 9s（1/1） | 18 / 18 | 0 | slider/spitter ×1 |
| normal | 1 | 28 | 1:15 | 44 | 10s / 10s（28/28） | 10 / 46 | 0 | bone/slider/stone ×14；bone/slider ×14 |
| normal | 2 | 28 | 2:45 | 56 | 17s / 17s（26/28） | 17 / 91 | 3 | bone/slider ×14；bone/slider/stone ×14 |
| normal | 3 | 19 | 4:47 | 73 | 27s / 22s（14/19） | 73 / 179 | 5 | bone/slider ×7；bone/floater/runner/slider/tracer ×5；bone/offspring/slider/spitter ×3 |
| normal | 4 | 10 | 6:06 | 85 | 30s / 26s（8/10） | 50 / 100 | 1 | bone/offspring/slider/spitter ×7；bone/slider ×2；bone/floater/runner/slider/tracer ×1 |
| normal | 5 | 4 | 7:57 | 100 | 16s / 12s（4/4） | 46 / 79 | 0 | bone/floater/founder/nest/runner/slider ×2；slider/spitter ×2 |
| normal | 6 | 2 | 8:56 | 108 | 6s / 6s（2/2） | 92 / 95 | 1 | offspring/slider/spitter/stone ×1；floater/founder/nest/reaper/runner/slider/tracer ×1 |

### 按机器人汇总

| 机器人 | 局数 | 胜率 | 平均存活 | 3:30 存活 | 平均终局等级 | 平均击杀 | 目标（胜率 / 存活） | 判定 |
|---|---|---|---|---|---|---|---|---|
| normal | 28 | 0% | 5:56 | 89% | 16.2 | 2667 | 30–55% / 7:00–13:00 | **偏难** |
| expert | 28 | 0% | 8:46 | 92% | 21.6 | 5231 | 70–95% / 9:00–13:00 | **偏难** |

### 明细

| 编队 | n | 胜率 | 存活(均/最短) | 托底(次/首次) | Lv 2:00/5:00/8:00/末 | 终Boss剩余 | 精二占比 | 灯火 | 击杀 | 主要伤害来源 | 治疗来源(总量/无人机Lv) | 主要死因 |
|---|---|---|---|---|---|---|---|---|---|---|---|---|
| [expert] wisadel | 4 | 0% | 7:33 / 5:28 | 0.0 / - | 7 / 14 / 22 / 20 | 45% | 75% | 36 | 3906 | 殉爆 22% 余震 19% 炮击 8% 延展敏锐 7% | 拾取 50% 流明 46% 事件 3% (490 / 0.0) | contact_tracer |
| [expert] eyjafjalla | 4 | 0% | 5:54 / 1:38 | 0.0 / - | 5 / 14 / 21 / 15 | 75% | 60% | 0 | 3104 | 火山弹 35% 火星 7% 火山 7% 熔岩天降 6% | 事件 27% 流明 17% 凯尔希 14% (703 / 0.0) | contact_slider |
| [expert] skadi | 4 | 0% | 9:13 / 5:56 | 0.0 / - | 6 / 15 / 21 / 23 | 63% | 91% | 7 | 5532 | 大剑 27% 殉爆 12% Mon3tr 12% 余震 9% | 凯尔希 42% 拾取 26% 塞雷娅 23% (837 / 0.0) | bullet |
| [expert] mizuki | 4 | 0% | 10:52 / 8:32 | 0.0 / - | 7 / 14 / 22 / 26 | 65% | 100% | 8 | 7313 | 触手 14% 伞击 11% 大剑 10% Mon3tr 10% | 水月 69% 凯尔希 17% 塞雷娅 8% (1965 / 0.2) | bullet |
| [expert] saria | 4 | 0% | 12:12 / 9:48 | 0.0 / - | 6 / 14 / 21 / 28 | 84% | 100% | 38 | 7938 | 延展敏锐 10% Mon3tr 8% 刺剑 8% 殉爆 7% | 塞雷娅 60% 水月 14% 凯尔希 12% (2406 / 0.0) | bullet |
| [expert] kaltsit | 4 | 0% | 6:34 / 1:40 | 0.0 / - | 5 / 15 / 21 / 17 | 72% | 90% | 0 | 3497 | Mon3tr 47% 延展敏锐 9% Mon3tr · 真伤 8% 殉爆 4% | 凯尔希 94% 铃兰 3% 拾取 1% (911 / 0.0) | contact_tracer |
| [expert] suzuran | 4 | 0% | 9:07 / 5:05 | 0.0 / - | 6 / 14 / 22 / 22 | 82% | 58% | 32 | 5326 | 狐火 22% Mon3tr 11% 余震 8% 震地 7% | 铃兰 30% 塞雷娅 28% 流明 17% (1143 / 0.0) | bullet |
| [normal] wisadel | 4 | 0% | 4:46 / 3:08 | 0.0 / - | 7 / 14 / 0 / 14 | 24% | 0% | 0 | 1820 | 余震 22% 炮击 22% Mon3tr 10% 锯刃 9% | 凯尔希 38% 事件 38% 拾取 12% (340 / 0.2) | contact_slider |
| [normal] eyjafjalla | 4 | 0% | 4:01 / 2:54 | 0.0 / - | 7 / 14 / 0 / 11 | 87% | 0% | 1 | 1328 | 火山弹 33% 伞击 14% 锯刃 10% 锤击 5% | 事件 40% 拾取 34% (40 / 0.0) | contact_slider |
| [normal] skadi | 4 | 0% | 8:07 / 5:17 | 0.0 / - | 6 / 14 / 21 / 20 | 73% | 16% | 4 | 4492 | 大剑 26% Mon3tr · 真伤 9% Mon3tr 9% 锚击 7% | 凯尔希 46% 塞雷娅 45% 无人机 5% (1850 / 0.8) | contact_slider |
| [normal] mizuki | 4 | 0% | 5:31 / 3:33 | 0.0 / - | 6 / 15 / 0 / 16 | 88% | 0% | 0 | 2281 | 大剑 20% 伞击 19% 触手 14% 刺剑 8% | 水月 73% 事件 25% 拾取 0% (423 / 0.0) | contact_slider |
| [normal] saria | 4 | 0% | 6:50 / 4:57 | 0.0 / - | 7 / 14 / 22 / 19 | 82% | 0% | 0 | 3203 | 大剑 28% 拳击 14% 锚击 11% 刺剑 8% | 塞雷娅 76% 水月 17% 商店 2% (774 / 0.2) | contact_slider |
| [normal] kaltsit | 4 | 0% | 7:19 / 5:14 | 0.0 / - | 6 / 15 / 21 / 20 | 93% | 16% | 22 | 3848 | Mon3tr 59% 狐火 7% 骑士 6% 大剑 5% | 凯尔希 76% 塞雷娅 7% 流明 7% (1780 / 0.5) | contact_slider |
| [normal] suzuran | 4 | 0% | 5:01 / 3:40 | 0.0 / - | 6 / 14 / 0 / 14 | 53% | 0% | 20 | 1698 | 狐火 40% 大剑 22% 刺剑 6% 火山弹 5% | 铃兰 26% 拾取 26% 无人机 18% (147 / 0.5) | contact_slider |

### 机器人指标（docs/29）

| 机器人 · 开局 | n | 胜率 | 存活 均/最短 | 3:30 存活 | 5:00 存活 | 首次招募 | 首次精一 / 精二 | 中期 Boss 击杀数 / 平均用时 | 受击/分 | 承伤/分 | 低血(<35%)秒 | 熄灯秒 | 静止% | 开局干员 伤害占比 / 每分钟 | 主要死因 |
|---|---|---|---|---|---|---|---|---|---|---|---|---|---|---|---|
| [expert] wisadel | 4 | 0% | 7:33 / 5:28 | 100% | 100% | 1:21 | 1:01 / 3:38 | 1.8 / 88s | 24.0 | 97 | 19 | 7 | 4 | 57% / 37775 | contact_slider |
| [expert] eyjafjalla | 4 | 0% | 5:54 / 1:38 | 75% | 50% | 1:36 | 1:08 / 4:21 | 0.2 / 66s | 54.4 | 113 | 4 | 72 | 4 | 68% / 27364 | mire |
| [expert] skadi | 4 | 0% | 9:13 / 5:56 | 100% | 100% | 1:11 | 0:53 / 3:40 | 0.8 / 81s | 91.7 | 114 | 7 | 69 | 5 | 37% / 36702 | contact_tracer |
| [expert] mizuki | 4 | 0% | 10:52 / 8:32 | 100% | 100% | 1:05 | 0:56 / 3:43 | 1.0 / 54s | 134.3 | 163 | 3 | 114 | 4 | 32% / 40585 | corrode |
| [expert] saria | 4 | 0% | 12:12 / 9:48 | 100% | 100% | 1:18 | 0:51 / 3:36 | 0.8 / 104s | 133.1 | 192 | 3 | 145 | 4 | 10% / 12100 | bullet |
| [expert] kaltsit | 4 | 0% | 6:34 / 1:40 | 75% | 75% | 1:36 | 1:15 / 4:28 | 0.2 / 37s | 86.6 | 136 | 4 | 82 | 4 | 58% / 25929 | corrode |
| [expert] suzuran | 4 | 0% | 9:07 / 5:05 | 100% | 100% | 1:13 | 1:14 / 3:29 | 0.5 / 70s | 97.9 | 108 | 3 | 101 | 4 | 27% / 15433 | atk_reaper |
| [normal] wisadel | 4 | 0% | 4:46 / 3:08 | 75% | 25% | 1:06 | 3:48 / - | 0.0 / - | 35.3 | 99 | 11 | 34 | 0 | 53% / 13580 | atk_founder |
| [normal] eyjafjalla | 4 | 0% | 4:01 / 2:54 | 50% | 25% | 1:09 | 2:44 / - | 0.0 / - | 61.1 | 76 | 19 | 21 | 0 | 39% / 5932 | atk_reaper |
| [normal] skadi | 4 | 0% | 8:07 / 5:17 | 100% | 100% | 0:56 | 2:50 / 6:55 | 0.2 / 60s | 64.2 | 192 | 13 | 167 | 0 | 36% / 22460 | mire |
| [normal] mizuki | 4 | 0% | 5:31 / 3:33 | 100% | 50% | 1:13 | 2:08 / - | 0.8 / 57s | 38.7 | 92 | 2 | 36 | 0 | 38% / 10954 | mire |
| [normal] saria | 4 | 0% | 6:50 / 4:57 | 100% | 75% | 1:00 | 4:15 / - | 0.5 / 50s | 54.7 | 119 | 12 | 66 | 0 | 17% / 6599 | mire |
| [normal] kaltsit | 4 | 0% | 7:19 / 5:14 | 100% | 100% | 0:57 | 2:57 / 7:00 | 0.8 / 57s | 88.5 | 232 | 10 | 99 | 0 | 65% / 41039 | atk_tracer |
| [normal] suzuran | 4 | 0% | 5:01 / 3:40 | 100% | 50% | 1:11 | 2:24 / - | 0.0 / - | 40.3 | 72 | 38 | 32 | 0 | 40% / 8545 | corrode |

### 藏品（docs/35）

| 机器人 | 开局 | 局数 | 平均藏品数 | 藏品直接伤害 | 各流派 出现 / 拿取 | 无效拿取 |
|---|---|---|---|---|---|---|
| expert | eyjafjalla | 4 | 3.2 | 0.0% | A 2/1 B 2/0 C 2/1 D 5/2 E 2/1 F 3/1 G 1/0 H 8/2 通用 7/5 | 0 |
| expert | kaltsit | 4 | 3.8 | 0.0% | A 2/1 C 2/0 D 5/1 E 2/1 F 1/1 G 3/3 H 7/4 通用 8/4 | 0 |
| expert | mizuki | 4 | 10.0 | 3.9% | A 7/5 B 3/2 C 1/1 D 9/4 E 8/3 F 2/2 G 12/3 H 20/3 通用 26/18 | 0 |
| expert | saria | 4 | 7.5 | 5.9% | A 7/4 B 3/2 C 7/3 D 7/3 E 3/0 G 11/3 H 19/6 通用 11/9 | 0 |
| expert | skadi | 4 | 7.5 | 2.7% | A 8/4 B 2/1 C 4/2 D 6/2 E 4/0 F 3/2 G 8/2 H 24/6 通用 14/12 | 0 |
| expert | suzuran | 4 | 6.0 | 2.7% | A 3/0 B 1/1 C 3/1 D 6/3 E 3/1 F 2/1 G 5/2 H 12/5 通用 20/10 | 0 |
| expert | wisadel | 4 | 6.0 | 2.5% | A 4/1 B 2/1 C 2/1 D 3/1 E 5/2 F 2/1 G 8/0 H 8/2 通用 11/15 | 0 |
| normal | eyjafjalla | 4 | 1.5 | 0.0% | C 4/2 D 1/0 E 2/1 F 1/0 G 1/1 H 1/1 通用 2/1 | 0 |
| normal | kaltsit | 4 | 6.2 | 0.0% | A 7/2 B 1/0 C 4/1 D 5/1 E 4/1 F 3/2 G 5/2 H 14/5 通用 8/11 | 0 |
| normal | mizuki | 4 | 3.5 | 0.0% | A 5/2 C 2/1 D 3/1 E 1/1 G 3/1 H 5/3 通用 2/5 | 0 |
| normal | saria | 4 | 3.5 | 0.8% | A 4/2 B 2/1 C 2/1 D 1/0 E 1/1 G 5/2 H 10/3 通用 8/4 | 0 |
| normal | skadi | 4 | 4.5 | 0.0% | A 6/1 B 2/1 C 7/3 D 2/1 E 5/0 F 1/1 G 1/0 H 10/4 通用 3/8 | 0 |
| normal | suzuran | 4 | 2.5 | 0.0% | A 1/0 C 3/1 G 2/2 H 5/3 通用 7/4 | 0 |
| normal | wisadel | 4 | 3.0 | 1.9% | A 2/0 B 1/0 D 2/2 E 5/2 H 6/1 通用 5/7 | 0 |
| 合计 | | | | | A 58/23 B 19/9 C 43/18 D 55/21 E 45/14 F 18/11 G 65/21 H 149/48 通用 132/113 | |

拿取最多（出现 / 拿取）：海潮的气息 0/24，“犹疑” 0/11，“观望” 0/10，“决心” 0/10，开裂的束缚带 24/7，深蓝之心 0/7，显圣吊坠 14/6，“黑夜呢喃” 17/6，皇帝的恩宠 20/6，药枚 8/6，阿卡胡拉饭碗 12/6，退行的罗辛南特 0/6
耗时 847s
写入 build/cloud/close2-t1-1/close2-t1_0929_1315.{json,md}
