跑 56 局（1 流派 × 2 机器人 × 7 编队 × 4 seed），并行 4（全机上限 4），源文件摘要 c21d0ad1f76b9f7f
### 最终 Boss（按类型；上面的「终局」列是四种混算）

| 机器人 | 最终 Boss | 结局 | 出场 | 击杀 | 用时 均 / 中 / P90 / 最短–最长（出现起算） | 中 / P90（可受伤起算） | 阶段护盾秒 / 过卡点数 均 | 未击杀时剩余血量 |
|---|---|---|---|---|---|---|---|---|
| expert | 偏执泡影 | standard 7 | 7 | 0 | - | - | 0.0 / 0.4 | 76% |
| expert | 最后的骑士 | knight 5 | 5 | 4 | 141s / 96s / 294s / 78–294s | 96s / 294s | 0.0 / 1.6 | 77% |
| expert | 伊祖米克 | deep 3 | 3 | 1 | 108s / 108s / 108s / 108–108s | 96s / 96s | 0.0 / 1.0 | 78% |

### 难度 / 缩圈 / 同屏峰值

#### 前 3 分钟

| 机器人 | 难度 | 局数 | 3:00 前死亡 | 前 3 分钟承伤 均 / 中 | 3:00 时生命 |
|---|---|---|---|---|---|
| expert | 0 | 28 | 0% | 34 / 24 | 100% |
| normal | 0 | 28 | 0% | 40 / 27 | 100% |

#### 死因 × 缩圈阶段 × Boss 在场（失败的局）

| 机器人 | 难度 | 死因 | 缩圈（第几轮 · 阶段） | 圈外 | Boss 在场 | 局数 | 平均死亡时间 |
|---|---|---|---|---|---|---|---|
| expert | 0 | wound | 第 1 轮 · 稳定 | 否 | 是 | 8 | 11:24 |
| expert | 0 | wound | 第 3 轮 · 稳定 | 否 | 是 | 4 | 10:33 |
| expert | 0 | corrode | 第 1 轮 · 稳定 | 否 | 是 | 3 | 12:48 |
| expert | 0 | corrode | 第 3 轮 · 稳定 | 否 | 是 | 2 | 7:33 |
| expert | 0 | atk_reaper | 第 1 轮 · 稳定 | 否 | 是 | 1 | 4:49 |
| expert | 0 | mire | 第 3 轮 · 收缩 | 否 | 是 | 1 | 7:02 |
| expert | 0 | wound | 第 3 轮 · 收缩 | 否 | 是 | 1 | 9:34 |
| expert | 0 | wound | 第 3 轮 · 预告 | 否 | 是 | 1 | 8:59 |
| expert | 0 | corrode | 第 3 轮 · 稳定 | 否 | 否 | 1 | 9:04 |
| expert | 0 | wound | 第 4 轮 · 稳定 | 否 | 是 | 1 | 16:40 |
| normal | 0 | corrode | 第 1 轮 · 稳定 | 否 | 是 | 3 | 6:15 |
| normal | 0 | wound | 第 1 轮 · 稳定 | 否 | 是 | 3 | 8:23 |
| normal | 0 | wound | 第 3 轮 · 收缩 | 否 | 是 | 3 | 7:36 |
| normal | 0 | contact_path | 第 1 轮 · 稳定 | 否 | 是 | 2 | 3:58 |
| normal | 0 | contact_slider | 第 2 轮 · 收缩 | 否 | 否 | 1 | 6:06 |
| normal | 0 | dark | 第 2 轮 · 收缩 | 否 | 否 | 1 | 5:44 |
| normal | 0 | contact_reaper | 第 1 轮 · 稳定 | 否 | 是 | 1 | 5:14 |
| normal | 0 | atk_tracer | 第 1 轮 · 稳定 | 否 | 是 | 1 | 4:58 |
| normal | 0 | dark | 第 1 轮 · 稳定 | 否 | 是 | 1 | 5:21 |
| normal | 0 | atk_tracer | 第 2 轮 · 稳定 | 否 | 否 | 1 | 6:10 |
| normal | 0 | mire | 第 1 轮 · 稳定 | 否 | 是 | 1 | 5:03 |
| normal | 0 | mire | 第 3 轮 · 稳定 | 否 | 否 | 1 | 6:52 |
| normal | 0 | contact_founder | 第 1 轮 · 稳定 | 否 | 是 | 1 | 8:45 |
| normal | 0 | atk_reaper | 第 1 轮 · 稳定 | 否 | 是 | 1 | 6:20 |
| normal | 0 | boss_iberia | 第 1 轮 · 稳定 | 否 | 是 | 1 | 5:39 |
| normal | 0 | wound | 第 2 轮 · 稳定 | 否 | 是 | 1 | 9:22 |
| normal | 0 | contact_slider | 第 3 轮 · 收缩 | 否 | 否 | 1 | 6:33 |
| normal | 0 | wound | 第 3 轮 · 稳定 | 否 | 否 | 1 | 6:58 |
| normal | 0 | corrode | 第 2 轮 · 收缩 | 否 | 否 | 1 | 5:34 |
| normal | 0 | contact_tracer | 第 1 轮 · 稳定 | 否 | 是 | 1 | 5:05 |
| normal | 0 | mire | 第 1 轮 · 稳定 | 是 | 是 | 1 | 5:52 |

#### 同屏数量峰值（每局峰值的 平均 / 最大）

| 机器人 | 难度 | 局数 | 范围 | 敌人 | 敌方弹幕（含抛射） | 我方子弹 | 特效 | 飘字 |
|---|---|---|---|---|---|---|---|---|
| expert | 0 | 28 | 全程 | 322 / 456 | 89 / 175 | 3 / 11 | 418 / 604 | 38 / 48 |
| expert | 0 | 23 | 8:00–10:00 | 324 / 456 | 70 / 123 | 2 / 8 | 390 / 535 | 25 / 48 |
| normal | 0 | 28 | 全程 | 332 / 451 | 44 / 109 | 3 / 8 | 350 / 466 | 31 / 48 |
| normal | 0 | 4 | 8:00–10:00 | 361 / 450 | 51 / 65 | 2 / 5 | 385 / 466 | 15 / 36 |

### 大群（按第几次）

| 机器人 | 第几次 | 出现 | 时间 | 数量 | 清 80% 用时 均 / 中（清完/出现） | 20 秒内掉血 均 / 最大 | 30 秒内死亡 | 编成 |
|---|---|---|---|---|---|---|---|---|
| expert | 1 | 28 | 1:15 | 33 | 13s / 12s（28/28） | 2 / 8 | 0 | bone/slider/stone ×15；bone/slider ×13 |
| expert | 2 | 28 | 2:45 | 42 | 13s / 12s（28/28） | 4 / 11 | 0 | bone/slider ×15；bone/slider/stone ×13 |
| expert | 3 | 27 | 4:46 | 56 | 18s / 15s（27/27） | 25 / 144 | 1 | bone/offspring/slider/spitter ×8；bone/floater/runner/slider/tracer ×7；bone/slider ×5 |
| expert | 4 | 26 | 6:07 | 65 | 18s / 16s（26/26） | 21 / 72 | 0 | bone/offspring/slider/spitter ×9；bone/slider ×9；bone/floater/runner/slider/tracer ×8 |
| expert | 5 | 23 | 7:52 | 76 | 20s / 12s（23/23） | 28 / 118 | 0 | slider/spitter ×11；bone/offspring/slider/stone ×9；bone/floater/founder/nest/runner/slider ×3 |
| expert | 6 | 19 | 9:00 | 83 | 17s / 7s（15/19） | 50 / 175 | 3 | floater/founder/nest/reaper/runner/slider/tracer ×7；slider/spitter ×6；offspring/slider/spitter/stone ×4 |
| normal | 1 | 28 | 1:15 | 33 | 10s / 10s（28/28） | 5 / 24 | 0 | bone/slider/stone ×17；bone/slider ×11 |
| normal | 2 | 28 | 2:45 | 42 | 12s / 12s（28/28） | 4 / 11 | 0 | bone/slider ×17；bone/slider/stone ×11 |
| normal | 3 | 26 | 4:47 | 56 | 29s / 19s（20/26） | 55 / 182 | 6 | bone/offspring/slider/spitter ×10；bone/slider ×7；bone/floater/runner/slider/tracer ×5 |
| normal | 4 | 15 | 5:59 | 64 | 41s / 35s（13/15） | 47 / 153 | 2 | bone/floater/runner/slider/tracer ×9；bone/slider ×4；bone/offspring/slider/spitter ×2 |
| normal | 5 | 5 | 7:27 | 73 | 27s / 26s（5/5） | 74 / 140 | 1 | slider/spitter ×4；bone/floater/founder/nest/runner/slider ×1 |
| normal | 6 | 3 | 8:45 | 81 | 11s / 11s（1/3） | 61 / 159 | 2 | floater/founder/nest/reaper/runner/slider/tracer ×2；offspring/slider/spitter/stone ×1 |

### 按机器人汇总

| 机器人 | 局数 | 胜率 | 平均存活 | 3:30 存活 | 平均终局等级 | 平均击杀 | 目标（胜率 / 存活） | 判定 |
|---|---|---|---|---|---|---|---|---|
| normal | 28 | 0% | 6:26 | 100% | 17.5 | 2839 | 30–55% / 7:00–13:00 | **偏难** |
| expert | 28 | 17% | 10:52 | 100% | 25.7 | 7193 | 70–95% / 9:00–13:00 | **偏难** |

### 明细

| 编队 | n | 胜率 | 存活(均/最短) | 托底(次/首次) | Lv 2:00/5:00/8:00/末 | 终Boss剩余 | 精二占比 | 灯火 | 击杀 | 主要伤害来源 | 治疗来源(总量/无人机Lv) | 主要死因 |
|---|---|---|---|---|---|---|---|---|---|---|---|---|
| [expert] wisadel | 4 | 50% | 10:33 / 8:18 | 0.0 / - | 7 / 15 / 22 / 26 | 74% | 100% | 42 | 6802 | 殉爆 21% 余震 17% Mon3tr 10% 炮击 6% | 凯尔希 60% 水月 15% 流明 10% (1599 / 0.0) | bullet |
| [expert] eyjafjalla | 4 | 0% | 9:03 / 4:49 | 0.0 / - | 6 / 14 / 20 / 21 | 50% | 58% | 2 | 5801 | 火山弹 30% Mon3tr 11% 熔岩天降 8% 火星 7% | 塞雷娅 50% 凯尔希 38% 事件 5% (1406 / 0.0) | bullet |
| [expert] skadi | 4 | 0% | 10:21 / 7:02 | 0.0 / - | 6 / 14 / 22 / 25 | 62% | 91% | 37 | 6758 | 大剑 26% 锯刃 15% 锚击 5% 殉爆 5% | 拾取 29% 凯尔希 24% 商店 22% (950 / 0.0) | bullet |
| [expert] mizuki | 4 | 0% | 11:52 / 7:39 | 0.0 / - | 6 / 15 / 21 / 28 | 81% | 100% | 18 | 8341 | 触手 23% 伞击 16% Mon3tr 6% 技能 5% | 水月 63% 塞雷娅 24% 凯尔希 9% (2682 / 0.0) | bullet |
| [expert] saria | 4 | 0% | 9:38 / 8:53 | 0.0 / - | 6 / 14 / 21 / 24 | 54% | 100% | 0 | 5688 | 大剑 22% 殉爆 14% 余震 9% 骑士 5% | 塞雷娅 93% 铃兰 3% 拾取 2% (1040 / 0.0) | bullet |
| [expert] kaltsit | 4 | 50% | 11:07 / 8:59 | 0.0 / - | 6 / 15 / 22 / 27 | - | 100% | 46 | 7383 | Mon3tr 21% Mon3tr · 真伤 9% 余震 8% 锚击 7% | 凯尔希 80% 水月 14% 拾取 3% (1716 / 0.0) | bullet |
| [expert] suzuran | 4 | 25% | 13:29 / 9:18 | 0.0 / - | 7 / 14 / 22 / 29 | 78% | 100% | 15 | 9578 | Mon3tr 12% 锯刃 11% 狐火 10% 岁怒 9% | 凯尔希 41% 塞雷娅 36% 铃兰 16% (2305 / 0.0) | bullet |
| [normal] wisadel | 4 | 0% | 5:30 / 4:58 | 0.0 / - | 7 / 14 / 0 / 15 | 19% | 8% | 0 | 2009 | 余震 20% 炮击 18% 殉爆 15% 大剑 8% | 事件 50% 塞雷娅 24% 凯尔希 24% (232 / 0.0) | contact_slider |
| [normal] eyjafjalla | 4 | 0% | 5:25 / 5:03 | 0.0 / - | 7 / 14 / 0 / 15 | 55% | 0% | 0 | 1982 | 火山弹 28% 大剑 13% 锯刃 8% Mon3tr 6% | 塞雷娅 47% 凯尔希 42% 无人机 7% (297 / 0.8) | contact_slider |
| [normal] skadi | 4 | 0% | 6:27 / 4:08 | 0.0 / - | 7 / 15 / 21 / 18 | 74% | 8% | 18 | 2845 | 大剑 31% 锯刃 16% 锤击 6% 潮涌斩 5% | 拾取 30% 凯尔希 25% 流明 23% (382 / 0.2) | bullet |
| [normal] mizuki | 4 | 0% | 7:14 / 5:39 | 0.0 / - | 6 / 14 / 21 / 20 | 89% | 8% | 16 | 3572 | Mon3tr 32% 伞击 18% 狐火 15% 锚击 8% | 凯尔希 48% 流明 31% 水月 13% (946 / 0.0) | contact_tracer |
| [normal] saria | 4 | 0% | 7:45 / 6:33 | 0.0 / - | 6 / 14 / 22 / 21 | 99% | 0% | 4 | 3842 | 锯刃 22% 狐火 21% 拳击 15% 锚击 7% | 塞雷娅 90% 铃兰 4% 无人机 2% (1197 / 0.2) | contact_slider |
| [normal] kaltsit | 4 | 0% | 7:00 / 5:34 | 0.0 / - | 6 / 14 / 0 / 19 | 70% | 16% | 0 | 3370 | Mon3tr 52% 锯刃 7% 狐火 7% Mon3tr · 真伤 4% | 凯尔希 86% 塞雷娅 5% 流明 5% (1073 / 0.5) | contact_slider |
| [normal] suzuran | 4 | 0% | 5:40 / 3:49 | 0.0 / - | 7 / 14 / 0 / 16 | 55% | 0% | 16 | 2251 | 狐火 44% 大剑 11% Mon3tr 6% 锤击 6% | 无人机 27% 凯尔希 20% 铃兰 20% (302 / 0.5) | contact_slider |

### 机器人指标（docs/29）

| 机器人 · 开局 | n | 胜率 | 存活 均/最短 | 3:30 存活 | 5:00 存活 | 首次招募 | 首次精一 / 精二 | 中期 Boss 击杀数 / 平均用时 | 受击/分 | 承伤/分 | 低血(<35%)秒 | 熄灯秒 | 静止% | 开局干员 伤害占比 / 每分钟 | 主要死因 |
|---|---|---|---|---|---|---|---|---|---|---|---|---|---|---|---|
| [expert] wisadel | 4 | 50% | 10:33 / 8:18 | 100% | 100% | 1:15 | 0:54 / 3:28 | 1.8 / 62s | 202.0 | 160 | 10 | 94 | 5 | 53% / 52342 | wound |
| [expert] eyjafjalla | 4 | 0% | 9:03 / 4:49 | 100% | 75% | 1:23 | 1:08 / 3:59 | 0.0 / - | 138.6 | 131 | 11 | 72 | 4 | 60% / 38865 | wound |
| [expert] skadi | 4 | 0% | 10:21 / 7:02 | 100% | 100% | 1:06 | 0:56 / 4:28 | 1.2 / 88s | 165.1 | 117 | 14 | 46 | 4 | 37% / 27465 | corrode |
| [expert] mizuki | 4 | 0% | 11:52 / 7:39 | 100% | 100% | 1:10 | 1:10 / 4:23 | 1.0 / 108s | 240.5 | 200 | 16 | 170 | 4 | 49% / 51075 | wound |
| [expert] saria | 4 | 0% | 9:38 / 8:53 | 100% | 100% | 1:24 | 0:50 / 3:10 | 1.0 / 88s | 156.0 | 125 | 12 | 62 | 4 | 8% / 6032 | wound |
| [expert] kaltsit | 4 | 50% | 11:07 / 8:59 | 100% | 100% | 1:44 | 1:22 / 3:58 | 2.0 / 69s | 207.2 | 163 | 2 | 65 | 6 | 32% / 30800 | corrode |
| [expert] suzuran | 4 | 25% | 13:29 / 9:18 | 100% | 100% | 1:24 | 0:57 / 3:30 | 1.5 / 88s | 249.1 | 168 | 8 | 152 | 4 | 13% / 14303 | wound |
| [normal] wisadel | 4 | 0% | 5:30 / 4:58 | 100% | 75% | 0:57 | 1:55 / 5:53 | 0.5 / 75s | 30.1 | 86 | 31 | 26 | 0 | 58% / 10905 | dark |
| [normal] eyjafjalla | 4 | 0% | 5:25 / 5:03 | 100% | 100% | 1:08 | 3:51 / - | 0.2 / 62s | 34.7 | 85 | 32 | 37 | 0 | 41% / 6984 | dark |
| [normal] skadi | 4 | 0% | 6:27 / 4:08 | 100% | 75% | 0:57 | 4:12 / 7:50 | 0.2 / 30s | 61.7 | 114 | 26 | 6 | 0 | 43% / 12713 | corrode |
| [normal] mizuki | 4 | 0% | 7:14 / 5:39 | 100% | 100% | 1:04 | 4:15 / 8:44 | 0.2 / 64s | 94.1 | 149 | 7 | 66 | 0 | 31% / 11875 | wound |
| [normal] saria | 4 | 0% | 7:45 / 6:33 | 100% | 100% | 1:00 | 3:46 / - | 0.8 / 51s | 101.8 | 158 | 7 | 104 | 0 | 20% / 7829 | wound |
| [normal] kaltsit | 4 | 0% | 7:00 / 5:34 | 100% | 100% | 1:09 | 3:36 / 6:47 | 0.5 / 60s | 80.0 | 180 | 2 | 92 | 0 | 58% / 19424 | corrode |
| [normal] suzuran | 4 | 0% | 5:40 / 3:49 | 100% | 75% | 1:00 | 2:46 / - | 0.2 / 51s | 30.4 | 86 | 6 | 14 | 0 | 45% / 9652 | contact_tracer |

### 藏品（docs/35）

| 机器人 | 开局 | 局数 | 平均藏品数 | 藏品直接伤害 | 各流派 出现 / 拿取 | 无效拿取 |
|---|---|---|---|---|---|---|
| expert | eyjafjalla | 4 | 6.0 | 0.0% | A 3/2 B 1/0 C 3/2 D 5/1 E 2/1 G 5/3 H 18/3 通用 11/12 | 0 |
| expert | kaltsit | 4 | 11.2 | 1.3% | A 9/1 B 6/4 C 10/6 D 4/1 E 7/3 F 3/2 G 14/5 H 26/4 通用 18/21 | 0 |
| expert | mizuki | 4 | 10.2 | 1.8% | A 12/7 B 2/2 C 6/2 D 7/2 E 7/1 F 1/1 G 7/2 H 17/3 通用 24/21 | 0 |
| expert | saria | 4 | 6.5 | 1.3% | A 6/1 B 2/2 C 4/1 D 5/2 E 5/1 F 1/1 G 8/2 H 13/3 通用 13/14 | 0 |
| expert | skadi | 4 | 7.0 | 0.0% | A 10/5 B 2/1 C 1/1 D 9/4 E 4/1 F 2/1 G 10/5 H 12/2 通用 10/8 | 0 |
| expert | suzuran | 4 | 13.2 | 19.7% | A 14/3 B 13/7 C 12/8 D 9/2 E 9/2 F 5/3 G 17/4 H 31/5 通用 27/20 | 0 |
| expert | wisadel | 4 | 9.2 | 2.3% | A 7/0 B 3/1 C 9/5 D 12/4 E 7/2 F 1/1 G 8/4 H 25/4 通用 17/17 | 0 |
| normal | eyjafjalla | 4 | 1.8 | 0.0% | C 2/0 D 1/0 E 1/0 H 3/0 通用 8/7 | 0 |
| normal | kaltsit | 4 | 3.0 | 1.3% | A 2/1 B 2/1 C 1/1 D 3/2 E 1/0 G 1/0 H 8/3 通用 9/4 | 0 |
| normal | mizuki | 4 | 5.8 | 0.0% | A 1/0 C 5/2 D 5/0 E 6/4 F 3/1 G 6/2 H 11/5 通用 8/9 | 0 |
| normal | saria | 4 | 5.5 | 0.0% | A 5/0 C 4/2 D 2/1 E 1/1 F 2/1 G 4/0 H 7/2 通用 9/15 | 0 |
| normal | skadi | 4 | 4.2 | 1.1% | A 3/2 B 2/0 C 4/1 D 3/2 E 4/1 F 2/0 G 5/1 H 6/2 通用 8/8 | 0 |
| normal | suzuran | 4 | 3.5 | 0.9% | C 2/0 D 2/1 E 4/3 G 7/0 H 9/5 通用 6/5 | 0 |
| normal | wisadel | 4 | 3.8 | 0.0% | A 2/2 B 3/0 C 3/0 D 2/1 E 2/1 G 3/1 H 5/2 通用 10/8 | 0 |
| 合计 | | | | | A 74/24 B 36/18 C 66/31 D 69/23 E 60/21 F 20/11 G 95/29 H 191/43 通用 178/169 | |

拿取最多（出现 / 拿取）：海潮的气息 0/25，深蓝之心 0/19，“决心” 0/17，“观望” 0/14，退行的罗辛南特 0/14，“犹疑” 0/13，“黑夜呢喃” 21/8，四叶草化石 9/7，古旧钱币 18/6，古堡的子嗣 13/6，演员的首饰盒 16/6，设计师量尺 18/5
耗时 1238s
写入 build/cloud/close3-t1/close3-t1_0929_1359.{json,md}
