跑 88 局（1 流派 × 2 机器人 × 11 编队 × 4 seed），并行 4（全机上限 4），源文件摘要 1ed223e0edcc02ab
### 最终 Boss（按类型；上面的「终局」列是四种混算）

| 机器人 | 最终 Boss | 结局 | 出场 | 击杀 | 用时 均 / 中 / P90 / 最短–最长（出现起算） | 中 / P90（可受伤起算） | 阶段护盾秒 / 过卡点数 均 | 未击杀时剩余血量 |
|---|---|---|---|---|---|---|---|---|
| expert | 伊祖米克 | deep 28 | 28 | 28 | 64s / 64s / 84s / 35–84s | 30s / 36s | 18.1 / 1.9 | - |
| expert | 偏执泡影 | standard 6 | 6 | 6 | 42s / 39s / 53s / 39–53s | 40s / 53s | 14.9 / 2.0 | - |
| expert | 最后的骑士 | knight 5 | 5 | 5 | 45s / 44s / 50s / 43–50s | 44s / 50s | 26.4 / 2.0 | - |
| expert | 伊莎玛拉 | resolve 5 | 5 | 5 | 50s / 43s / 74s / 39–74s | 43s / 74s | 12.2 / 2.0 | - |
| normal | 伊祖米克 | deep 14 | 14 | 14 | 67s / 64s / 84s / 52–95s | 30s / 58s | 17.0 / 2.0 | - |
| normal | 偏执泡影 | standard 12 | 12 | 12 | 46s / 39s / 70s / 39–92s | 39s / 70s | 15.6 / 2.0 | - |
| normal | 最后的骑士 | knight 11 | 11 | 10 | 52s / 49s / 72s / 45–72s | 49s / 72s | 13.1 / 2.0 | 3% |
| normal | 伊莎玛拉 | resolve 7 | 7 | 6 | 56s / 44s / 98s / 39–98s | 44s / 98s | 12.0 / 1.7 | 98% |

### 难度 / 缩圈 / 同屏峰值

#### 前 3 分钟

| 机器人 | 难度 | 局数 | 3:00 前死亡 | 前 3 分钟承伤 均 / 中 | 3:00 时生命 |
|---|---|---|---|---|---|
| expert | 0 | 44 | 0% | 12 / 8 | 100% |
| normal | 0 | 44 | 0% | 6 / 5 | 100% |

#### 死因 × 缩圈阶段 × Boss 在场（失败的局）

| 机器人 | 难度 | 死因 | 缩圈（第几轮 · 阶段） | 圈外 | Boss 在场 | 局数 | 平均死亡时间 |
|---|---|---|---|---|---|---|---|
| expert | 0 | （全部胜利） | | | | 0 | |
| normal | 0 | bullet | 第 1 轮 · 稳定 | 否 | 是 | 2 | 13:00 |

#### 同屏数量峰值（每局峰值的 平均 / 最大）

| 机器人 | 难度 | 局数 | 范围 | 敌人 | 敌方弹幕（含抛射） | 我方子弹 | 特效 | 飘字 |
|---|---|---|---|---|---|---|---|---|
| expert | 0 | 44 | 全程 | 211 / 324 | 32 / 45 | 1 / 10 | 407 / 478 | 48 / 48 |
| expert | 0 | 44 | 8:00–10:00 | 188 / 249 | 27 / 45 | 1 / 6 | 391 / 427 | 48 / 48 |
| normal | 0 | 44 | 全程 | 292 / 502 | 52 / 113 | 1 / 9 | 421 / 470 | 46 / 48 |
| normal | 0 | 44 | 8:00–10:00 | 257 / 454 | 46 / 105 | 1 / 8 | 403 / 470 | 46 / 48 |

### 大群（按第几次）

| 机器人 | 第几次 | 出现 | 时间 | 数量 | 清 80% 用时 均 / 中（清完/出现） | 20 秒内掉血 均 / 最大 | 30 秒内死亡 | 编成 |
|---|---|---|---|---|---|---|---|---|
| expert | 1 | 44 | 1:15 | 26 | 11s / 10s（44/44） | 1 / 7 | 0 | bone/slider ×23；bone/slider/stone ×21 |
| expert | 2 | 44 | 2:45 | 33 | 10s / 10s（44/44） | 2 / 10 | 0 | bone/slider/stone ×23；bone/slider ×21 |
| expert | 3 | 44 | 4:36 | 43 | 15s / 13s（44/44） | 5 / 29 | 0 | bone/floater/ripper/runner/slider ×11；bone/burrower/ripper/slider ×9；bone/offspring/ripper/slider/spitter ×7 |
| expert | 4 | 44 | 5:53 | 49 | 9s / 9s（44/44） | 7 / 23 | 0 | bone/offspring/ripper/slider/spitter ×18；bone/burrower/ripper/slider ×14；bone/floater/ripper/runner/slider/tracer ×12 |
| expert | 5 | 44 | 7:27 | 57 | 10s / 9s（44/44） | 6 / 58 | 0 | bone/floater/founder/nest/ripper/runner/slider ×18；bone/burrower/offspring/ripper/slider/stone ×15；burrower/ripper/slider/spitter ×11 |
| expert | 6 | 44 | 8:36 | 62 | 8s / 7s（44/44） | 9 / 28 | 0 | burrower/ripper/slider/spitter ×12；bone/floater/founder/nest/ripper/runner/slider ×11；burrower/hulk/ripper/slider/spitter ×10 |
| expert | 7 | 7 | 9:16 | 66 | 9s / 8s（7/7） | 6 / 10 | 0 | burrower/hulk/ripper/slider/spitter ×4；burrower/offspring/ripper/slider/spitter/stone ×3 |
| normal | 1 | 44 | 1:15 | 26 | 9s / 8s（44/44） | 1 / 8 | 0 | bone/slider ×24；bone/slider/stone ×20 |
| normal | 2 | 44 | 2:45 | 33 | 13s / 11s（44/44） | 3 / 16 | 0 | bone/slider/stone ×24；bone/slider ×20 |
| normal | 3 | 44 | 4:32 | 42 | 32s / 26s（44/44） | 8 / 72 | 0 | bone/offspring/ripper/slider/stone ×10；bone/ripper/slider/stone ×10；bone/offspring/ripper/slider/spitter ×9 |
| normal | 4 | 44 | 5:54 | 49 | 25s / 20s（44/44） | 15 / 91 | 0 | bone/floater/ripper/runner/slider/tracer ×16；bone/burrower/ripper/slider ×16；bone/offspring/ripper/slider/spitter ×12 |
| normal | 5 | 44 | 7:34 | 57 | 23s / 16s（44/44） | 21 / 147 | 0 | bone/burrower/offspring/ripper/slider/stone ×23；burrower/ripper/slider/spitter ×12；bone/floater/founder/nest/ripper/runner/slider ×9 |
| normal | 6 | 44 | 8:41 | 63 | 17s / 9s（44/44） | 22 / 113 | 0 | burrower/ripper/slider/spitter ×10；burrower/hulk/ripper/slider/spitter ×10；bone/floater/founder/nest/ripper/runner/slider ×8 |
| normal | 7 | 7 | 9:17 | 66 | 10s / 9s（7/7） | 26 / 98 | 0 | burrower/offspring/ripper/slider/spitter/stone ×3；burrower/floater/founder/nest/reaper/ripper/runner/slider/tracer ×2；burrower/hulk/ripper/slider/spitter ×2 |

### 按机器人汇总

| 机器人 | 局数 | 胜率 | 平均存活 | 3:30 存活 | 平均终局等级 | 平均击杀 | 目标（胜率 / 存活） | 判定 |
|---|---|---|---|---|---|---|---|---|
| normal | 44 | 95% | 11:01 | 100% | 33.7 | 6791 | 30–55% / 7:00–13:00 | **偏易** |
| expert | 44 | 100% | 10:58 | 100% | 35.0 | 6791 | 70–95% / 9:00–13:00 | **偏易** |

### 明细

| 编队 | n | 胜率 | 存活(均/最短) | 托底(次/首次) | Lv 2:00/5:00/8:00/末 | 终Boss剩余 | 精二占比 | 灯火 | 击杀 | 主要伤害来源 | 治疗来源(总量/无人机Lv) | 主要死因 |
|---|---|---|---|---|---|---|---|---|---|---|---|---|
| [expert] wisadel+siege+mizuki | 4 | 100% | 11:15 / 11:04 | 0.0 / - | 7 / 16 / 27 / 37 | - | 100% | 58 | 7068 | 触手 25% 殉爆 22% 余震 20% 饱和炮击 12% | 水月 90% 拾取 6% 无人机 2% (119 / 2.0) | bullet |
| [expert] eyjafjalla+siege+mizuki | 4 | 100% | 11:09 / 10:50 | 0.0 / - | 7 / 16 / 26 / 36 | - | 100% | 70 | 6962 | 触手 30% 火山 17% 伞击 11% 火山弹 10% | 水月 90% 无人机 8% 拾取 1% (199 / 2.8) | bullet |
| [expert] kaltsit+siege+mizuki | 4 | 100% | 11:01 / 10:43 | 0.0 / - | 7 / 16 / 26 / 35 | - | 100% | 59 | 6818 | 触手 41% 伞击 26% 技能 10% Mon3tr · 真伤 5% | 水月 74% 凯尔希 25% 藏品 0% (240 / 0.0) | bullet |
| [expert] saria+siege+mizuki | 4 | 100% | 10:48 / 10:35 | 0.0 / - | 7 / 14 / 26 / 34 | - | 100% | 66 | 6668 | 触手 46% 伞击 25% 技能 10% 技能·法术 4% | 塞雷娅 51% 水月 46% 拾取 0% (244 / 0.0) | bullet |
| [expert] skadi+siege+mizuki | 4 | 100% | 10:41 / 10:39 | 0.0 / - | 7 / 15 / 26 / 34 | - | 100% | 85 | 6578 | 触手 36% 伞击 22% 大剑 12% 技能 8% | 水月 94% 无人机 5% 拾取 0% (266 / 3.0) | bullet |
| [expert] suzuran+siege+mizuki | 4 | 100% | 11:04 / 10:53 | 0.0 / - | 8 / 15 / 26 / 35 | - | 100% | 65 | 6899 | 触手 44% 伞击 24% 技能 9% 技能·法术 3% | 水月 76% 铃兰 17% 无人机 3% (239 / 1.0) | bullet |
| [expert] ulpianus+siege+mizuki | 4 | 100% | 11:03 / 10:43 | 0.0 / - | 7 / 16 / 26 / 35 | - | 100% | 75 | 6862 | 触手 40% 伞击 18% 技能 6% 锚击 6% | 水月 88% 无人机 6% 拾取 4% (659 / 2.5) | mire |
| [expert] irene+siege+mizuki | 4 | 100% | 10:46 / 10:40 | 0.0 / - | 7 / 15 / 26 / 34 | - | 92% | 72 | 6620 | 触手 35% 伞击 19% 碎潮 9% 手炮轰击 9% | 水月 95% 无人机 2% 拾取 1% (274 / 1.8) | bullet |
| [expert] specter_unchained+siege+mizuki | 4 | 100% | 10:57 / 10:39 | 0.0 / - | 7 / 16 / 26 / 35 | - | 100% | 76 | 6746 | 触手 36% 锯刃 23% 伞击 17% 血色潮痕 6% | 水月 90% 无人机 7% 拾取 2% (158 / 2.0) | bullet |
| [expert] logos+siege+mizuki | 4 | 100% | 10:58 / 10:43 | 0.0 / - | 8 / 16 / 27 / 36 | - | 100% | 70 | 6795 | 言 25% 触手 20% 提喻 17% 湮灭 12% | 水月 91% 无人机 8% 拾取 0% (158 / 2.5) | bullet |
| [expert] lumen+siege+mizuki | 4 | 100% | 10:52 / 10:39 | 0.0 / - | 7 / 15 / 26 / 34 | - | 100% | 78 | 6689 | 触手 43% 伞击 25% 技能 8% 技能·法术 4% | 流明 54% 水月 43% 拾取 2% (281 / 0.0) | bullet |
| [normal] wisadel+siege+mizuki | 4 | 100% | 10:50 / 10:39 | 0.0 / - | 7 / 16 / 26 / 34 | - | 58% | 94 | 6634 | 殉爆 26% 余震 22% 触手 13% 饱和炮击 10% | 水月 88% 拾取 6% 无人机 5% (110 / 0.5) | bullet |
| [normal] eyjafjalla+siege+mizuki | 4 | 100% | 11:01 / 10:39 | 0.0 / - | 7 / 16 / 25 / 34 | - | 50% | 56 | 6957 | 触手 21% 伞击 19% 火山弹 18% 技能·法术 7% | 水月 85% 拾取 6% 无人机 5% (958 / 1.0) | boss_tracer |
| [normal] kaltsit+siege+mizuki | 4 | 100% | 10:50 / 10:39 | 0.0 / - | 6 / 16 / 25 / 34 | - | 75% | 82 | 6665 | 伞击 25% 触手 24% 技能 11% Mon3tr 9% | 凯尔希 56% 水月 42% 无人机 1% (285 / 1.2) | bullet |
| [normal] saria+siege+mizuki | 4 | 75% | 11:21 / 10:39 | 0.0 / - | 6 / 16 / 25 / 34 | 3% | 66% | 90 | 7004 | 伞击 28% 触手 28% 技能·法术 10% 技能 8% | 塞雷娅 61% 水月 36% 无人机 1% (489 / 0.5) | bullet |
| [normal] skadi+siege+mizuki | 4 | 100% | 10:52 / 10:39 | 0.0 / - | 6 / 16 / 26 / 34 | - | 91% | 76 | 6694 | 伞击 21% 触手 20% 大剑 16% 技能 10% | 水月 93% 藏品 2% 拾取 2% (465 / 0.2) | bullet |
| [normal] suzuran+siege+mizuki | 4 | 100% | 10:51 / 10:39 | 0.0 / - | 7 / 16 / 26 / 34 | - | 83% | 82 | 6760 | 触手 24% 伞击 21% 狐火 13% 震地 8% | 水月 67% 铃兰 23% 拾取 4% (517 / 1.2) | boss_tracer |
| [normal] ulpianus+siege+mizuki | 4 | 100% | 11:05 / 10:45 | 0.0 / - | 6 / 16 / 26 / 34 | - | 66% | 72 | 6837 | 触手 28% 伞击 16% 锚击 12% 技能·法术 6% | 水月 87% 无人机 6% 拾取 5% (568 / 0.2) | bullet |
| [normal] irene+siege+mizuki | 4 | 100% | 11:15 / 10:56 | 0.0 / - | 6 / 16 / 24 / 34 | - | 66% | 96 | 7021 | 伞击 18% 触手 12% 碎潮 12% 刺剑 10% | 水月 59% 拾取 23% 无人机 17% (562 / 0.8) | bullet |
| [normal] specter_unchained+siege+mizuki | 4 | 100% | 10:52 / 10:39 | 0.8 / 9:07 | 6 / 15 / 25 / 34 | - | 58% | 81 | 6639 | 触手 23% 伞击 19% 锯刃 16% 技能·法术 8% | 水月 92% 拾取 3% 无人机 3% (581 / 1.0) | bullet |
| [normal] logos+siege+mizuki | 4 | 100% | 10:45 / 10:39 | 0.0 / - | 6 / 16 / 25 / 33 | - | 66% | 88 | 6528 | 言 18% 提喻 15% 触手 13% 伞击 11% | 水月 93% 拾取 3% 无人机 2% (387 / 0.2) | boss_tracer |
| [normal] lumen+siege+mizuki | 4 | 75% | 11:36 / 10:39 | 0.0 / - | 6 / 14 / 24 / 33 | 98% | 66% | 92 | 6958 | 伞击 25% 触手 18% 技能·法术 13% 锤击 11% | 流明 58% 水月 37% 无人机 3% (937 / 1.0) | bullet |

### 机器人指标（docs/29）

| 机器人 · 开局 | n | 胜率 | 存活 均/最短 | 3:30 存活 | 5:00 存活 | 首次招募 | 首次精一 / 精二 | 中期 Boss 击杀数 / 平均用时 | 受击/分 | 承伤/分 | 低血(<35%)秒 | 熄灯秒 | 静止% | 开局干员 伤害占比 / 每分钟 | 主要死因 |
|---|---|---|---|---|---|---|---|---|---|---|---|---|---|---|---|
| [expert] wisadel+siege+mizuki | 4 | 100% | 11:15 / 11:04 | 100% | 100% | - | 0:51 / 2:57 | 2.5 / 24s | 2.8 | 14 | 0 | 0 | 7 | 60% / 79167 | - |
| [expert] eyjafjalla+siege+mizuki | 4 | 100% | 11:09 / 10:50 | 100% | 100% | - | 0:55 / 2:38 | 2.2 / 32s | 3.5 | 22 | 0 | 0 | 13 | 47% / 56688 | - |
| [expert] kaltsit+siege+mizuki | 4 | 100% | 11:01 / 10:43 | 100% | 100% | - | 0:52 / 3:30 | 2.5 / 27s | 5.3 | 25 | 0 | 0 | 13 | 8% / 7940 | - |
| [expert] saria+siege+mizuki | 4 | 100% | 10:48 / 10:35 | 100% | 100% | - | 0:47 / 2:49 | 2.5 / 68s | 5.0 | 25 | 0 | 0 | 11 | 3% / 3279 | - |
| [expert] skadi+siege+mizuki | 4 | 100% | 10:41 / 10:39 | 100% | 100% | - | 0:49 / 3:32 | 2.2 / 54s | 8.9 | 30 | 0 | 0 | 10 | 21% / 23122 | - |
| [expert] suzuran+siege+mizuki | 4 | 100% | 11:04 / 10:53 | 100% | 100% | - | 0:55 / 3:02 | 2.5 / 62s | 10.2 | 28 | 0 | 0 | 9 | 5% / 6755 | - |
| [expert] ulpianus+siege+mizuki | 4 | 100% | 11:03 / 10:43 | 100% | 100% | - | 0:51 / 3:42 | 2.2 / 17s | 14.3 | 78 | 0 | 0 | 8 | 20% / 21049 | - |
| [expert] irene+siege+mizuki | 4 | 100% | 10:46 / 10:40 | 100% | 100% | 10:26 | 0:52 / 4:17 | 2.8 / 43s | 6.8 | 32 | 0 | 0 | 10 | 25% / 25927 | - |
| [expert] specter_unchained+siege+mizuki | 4 | 100% | 10:57 / 10:39 | 100% | 100% | - | 0:47 / 2:17 | 2.0 / 27s | 4.8 | 19 | 0 | 0 | 12 | 30% / 28014 | - |
| [expert] logos+siege+mizuki | 4 | 100% | 10:58 / 10:43 | 100% | 100% | - | 0:48 / 2:13 | 2.2 / 11s | 2.5 | 18 | 0 | 0 | 16 | 67% / 75198 | - |
| [expert] lumen+siege+mizuki | 4 | 100% | 10:52 / 10:39 | 100% | 100% | - | 0:53 / 3:31 | 2.5 / 69s | 3.7 | 28 | 0 | 0 | 12 | 7% / 8208 | - |
| [normal] wisadel+siege+mizuki | 4 | 100% | 10:50 / 10:39 | 100% | 100% | - | 2:41 / 5:10 | 2.0 / 19s | 6.0 | 21 | 0 | 0 | 0 | 68% / 62456 | - |
| [normal] eyjafjalla+siege+mizuki | 4 | 100% | 11:01 / 10:39 | 100% | 100% | - | 3:36 / 8:12 | 2.2 / 96s | 44.9 | 138 | 0 | 24 | 0 | 34% / 31999 | - |
| [normal] kaltsit+siege+mizuki | 4 | 100% | 10:50 / 10:39 | 100% | 100% | - | 2:38 / 5:53 | 2.0 / 36s | 8.8 | 31 | 0 | 5 | 0 | 21% / 18723 | - |
| [normal] saria+siege+mizuki | 4 | 75% | 11:21 / 10:39 | 100% | 100% | - | 2:45 / 6:50 | 2.2 / 30s | 21.7 | 48 | 0 | 7 | 0 | 7% / 6903 | bullet |
| [normal] skadi+siege+mizuki | 4 | 100% | 10:52 / 10:39 | 100% | 100% | - | 3:12 / 7:08 | 2.2 / 59s | 20.8 | 62 | 0 | 3 | 0 | 27% / 28052 | - |
| [normal] suzuran+siege+mizuki | 4 | 100% | 10:51 / 10:39 | 100% | 100% | - | 3:43 / 6:37 | 2.8 / 54s | 24.2 | 62 | 0 | 8 | 0 | 16% / 16331 | - |
| [normal] ulpianus+siege+mizuki | 4 | 100% | 11:05 / 10:45 | 100% | 100% | - | 3:00 / 5:15 | 2.2 / 18s | 21.6 | 84 | 0 | 0 | 0 | 29% / 25495 | - |
| [normal] irene+siege+mizuki | 4 | 100% | 11:15 / 10:56 | 100% | 100% | - | 3:06 / 6:36 | 2.2 / 116s | 58.3 | 114 | 0 | 5 | 0 | 33% / 31277 | - |
| [normal] specter_unchained+siege+mizuki | 4 | 100% | 10:52 / 10:39 | 100% | 100% | - | 4:10 / 8:39 | 2.2 / 71s | 28.0 | 94 | 0 | 7 | 0 | 24% / 18635 | - |
| [normal] logos+siege+mizuki | 4 | 100% | 10:45 / 10:39 | 100% | 100% | - | 2:31 / 7:23 | 2.5 / 43s | 12.4 | 59 | 0 | 0 | 0 | 55% / 55803 | - |
| [normal] lumen+siege+mizuki | 4 | 75% | 11:36 / 10:39 | 100% | 100% | - | 3:24 / 8:36 | 1.0 / 163s | 14.9 | 97 | 0 | 0 | 0 | 13% / 11203 | bullet |

### 藏品（docs/35）

| 机器人 | 开局 | 局数 | 平均藏品数 | 藏品直接伤害 | 各流派 出现 / 拿取 | 无效拿取 |
|---|---|---|---|---|---|---|
| expert | eyjafjalla | 4 | 35.0 | 1.5% | A 37/10 B 20/12 C 34/15 D 39/16 E 50/12 F 9/5 G 29/9 H 76/17 通用 106/46 | 0 |
| expert | irene | 4 | 34.0 | 3.5% | A 45/10 B 17/8 C 37/21 D 24/10 E 22/5 F 12/7 G 33/11 H 71/15 通用 102/52 | 0 |
| expert | kaltsit | 4 | 35.8 | 3.7% | A 32/11 B 21/11 C 40/20 D 40/10 E 28/8 F 12/5 G 32/13 H 95/31 通用 71/35 | 0 |
| expert | logos | 4 | 28.5 | 2.2% | A 27/9 B 18/7 C 29/17 D 23/9 E 31/9 F 12/5 G 19/5 H 51/15 通用 64/40 | 0 |
| expert | lumen | 4 | 33.8 | 5.5% | A 31/5 B 20/16 C 45/20 D 31/8 E 30/10 F 6/4 G 31/13 H 77/23 通用 95/37 | 0 |
| expert | saria | 4 | 36.2 | 3.7% | A 48/13 B 18/12 C 40/17 D 39/10 E 23/3 F 8/8 G 40/15 H 70/23 通用 103/46 | 0 |
| expert | skadi | 4 | 34.8 | 2.5% | A 57/20 B 10/2 C 41/21 D 46/10 E 28/7 F 5/2 G 23/12 H 86/30 通用 85/35 | 0 |
| expert | specter_unchained | 4 | 34.2 | 4.4% | A 33/9 B 16/8 C 49/24 D 39/9 E 17/3 F 14/7 G 29/11 H 80/27 通用 96/41 | 0 |
| expert | suzuran | 4 | 35.8 | 8.1% | A 31/10 B 18/9 C 40/14 D 27/11 E 65/15 F 11/7 G 34/12 H 60/18 通用 116/48 | 0 |
| expert | ulpianus | 4 | 37.8 | 4.9% | A 62/19 B 13/8 C 41/19 D 53/12 E 28/5 F 6/4 G 31/13 H 62/19 通用 85/53 | 0 |
| expert | wisadel | 4 | 36.0 | 3.6% | A 36/11 B 13/4 C 28/16 D 36/9 E 32/12 F 14/5 G 34/15 H 65/25 通用 90/47 | 0 |
| normal | eyjafjalla | 4 | 25.2 | 0.2% | A 13/3 B 14/5 C 26/12 D 30/10 E 36/14 F 12/3 G 23/5 H 49/9 通用 74/42 | 0 |
| normal | irene | 4 | 20.5 | 0.1% | A 24/10 B 10/2 C 14/2 D 28/13 E 14/1 F 7/2 G 17/4 H 43/12 通用 63/37 | 0 |
| normal | kaltsit | 4 | 25.8 | 2.5% | A 24/10 B 5/3 C 18/6 D 26/10 E 23/4 F 5/2 G 29/14 H 50/18 通用 64/37 | 0 |
| normal | logos | 4 | 22.0 | 1.0% | A 16/3 B 6/3 C 21/4 D 26/7 E 28/9 F 6/2 G 23/7 H 43/17 通用 55/36 | 0 |
| normal | lumen | 4 | 23.5 | 3.5% | A 24/5 B 11/4 C 21/8 D 29/7 E 30/12 F 4/2 G 34/8 H 65/15 通用 70/33 | 0 |
| normal | saria | 4 | 28.0 | 2.3% | A 39/14 B 11/4 C 42/11 D 39/12 E 16/4 F 3/2 G 33/5 H 54/17 通用 78/43 | 0 |
| normal | skadi | 4 | 25.0 | 0.3% | A 50/15 B 11/3 C 24/7 D 20/4 E 19/4 F 5/2 G 16/9 H 40/14 通用 73/43 | 0 |
| normal | specter_unchained | 4 | 24.8 | 5.8% | A 21/9 B 12/4 C 28/8 D 35/13 E 21/2 F 6/0 G 25/7 H 53/15 通用 67/41 | 0 |
| normal | suzuran | 4 | 28.8 | 2.1% | A 22/10 B 8/1 C 26/9 D 25/9 E 32/10 F 6/2 G 38/14 H 58/15 通用 73/45 | 0 |
| normal | ulpianus | 4 | 34.8 | 3.7% | A 54/17 B 33/10 C 36/11 D 44/11 E 19/1 F 8/3 G 34/7 H 77/27 通用 117/53 | 0 |
| normal | wisadel | 4 | 28.8 | 0.8% | A 30/13 B 10/5 C 25/10 D 30/10 E 34/6 F 8/3 G 35/13 H 59/17 通用 72/38 | 0 |
| 合计 | | | | | A 756/236 B 315/141 C 705/292 D 729/220 E 626/156 F 179/82 G 642/222 H 1384/419 通用 1819/928 | |

拿取最多（出现 / 拿取）：“观望” 0/90，“犹疑” 0/82，“决心” 0/70，深蓝之心 0/50，《大静谧》 153/48，凯旋号角 175/43，“黑夜呢喃” 152/43，老近卫军之锋 164/43，镶金骨骰 181/43，显圣吊坠 164/41，皇帝的收藏 159/41，羽兽肝酱 178/40
耗时 1810s
写入 build/cloud/rm2-A-share/rm2_share_A_0926_1838.{json,md}
=== ELAPSED: 1848s ===
=== RUN_STATUS: 0 ===
=== PUSH_STATUS: 0 ===
