跑 128 局（4 流派 × 2 机器人 × 4 编队 × 4 seed），并行 4（全机上限 4），源文件摘要 f69d4fbb4acb51d1
### 按流派汇总

| 流派 | 机器人 | 局数 | 胜率 | 平均存活 | 3:30 / 5:00 存活 | 终局等级 | 击杀 | Boss1 / Boss2 / 终局 用时 均·中（击杀/出场） | 终 Boss 剩余 | 承伤/分 全程 · 8:00 后 | 该流派藏品 5:00 / 末 | 藏品数 | 藏品直接伤害 |
|---|---|---|---|---|---|---|---|---|---|---|---|---|---|
| B 追击·召唤 | expert | 16 | 100% | 10:44 | 100% / 100% | 32.7 | 6573 | 57s·中40s（16/16） / 27s·中21s（28/28） / 44s·中39s（16/16） | - | 57 · 127 | 0.8 / 2.3 | 29.8 | 3.8% |
| C 控制·技能循环 | expert | 16 | 93% | 10:40 | 100% / 100% | 32.6 | 6516 | 55s·中39s（16/16） / 28s·中21s（22/22） / 44s·中44s（15/15） | 70% | 55 · 121 | 1.8 / 5.6 | 29.3 | 5.4% |
| D 收割·弱点 | expert | 16 | 87% | 10:02 | 100% / 100% | 30.6 | 5971 | 45s·中37s（16/16） / 17s·中18s（20/22） / 32s·中23s（14/14） | 19% | 48 · 91 | 1.8 / 4.2 | 28.6 | 2.9% |
| H 守护·续航 | expert | 16 | 100% | 10:50 | 100% / 100% | 32.4 | 6631 | 66s·中45s（16/16） / 31s·中29s（27/27） / 50s·中53s（16/16） | - | 58 · 127 | 2.9 / 9.2 | 29.4 | 4.1% |
| B 追击·召唤 | normal | 16 | 50% | 9:02 | 100% / 87% | 26.9 | 5011 | 45s·中35s（14/16） / 36s·中32s（14/16） / 41s·中47s（8/8） | 68% | 88 · 200 | 0.8 / 1.9 | 21.9 | 2.4% |
| C 控制·技能循环 | normal | 16 | 43% | 8:44 | 100% / 87% | 26.0 | 4824 | 44s·中36s（15/16） / 22s·中21s（14/18） / 57s·中54s（7/7） | 22% | 84 · 235 | 1.9 / 4.1 | 20.5 | 2.9% |
| D 收割·弱点 | normal | 16 | 50% | 9:09 | 100% / 93% | 27.6 | 5180 | 39s·中31s（15/16） / 39s·中30s（15/17） / 38s·中38s（8/9） | 40% | 82 · 163 | 1.7 / 3.5 | 22.4 | 2.1% |
| H 守护·续航 | normal | 16 | 37% | 8:47 | 100% / 93% | 25.9 | 4759 | 47s·中37s（13/16） / 40s·中28s（15/22） / 41s·中45s（6/7） | 51% | 97 · 302 | 2.7 / 6.6 | 20.6 | 5.2% |

### 按机器人汇总

| 机器人 | 局数 | 胜率 | 平均存活 | 3:30 存活 | 平均终局等级 | 平均击杀 | 目标（胜率 / 存活） | 判定 |
|---|---|---|---|---|---|---|---|---|
| normal | 64 | 45% | 8:55 | 100% | 26.6 | 4944 | 30–55% / 7:00–13:00 | **达标** |
| expert | 64 | 95% | 10:34 | 100% | 32.1 | 6423 | 70–95% / 9:00–13:00 | **偏易** |

### 明细

| 编队 | n | 胜率 | 存活(均/最短) | 托底(次/首次) | Lv 2:00/5:00/8:00/末 | 终Boss剩余 | 精二占比 | 灯火 | 击杀 | 主要伤害来源 | 治疗来源(总量/无人机Lv) | 主要死因 |
|---|---|---|---|---|---|---|---|---|---|---|---|---|
| {B} [expert] wisadel | 4 | 100% | 10:28 / 10:14 | 0.0 / - | 8 / 16 / 25 / 32 | - | 100% | 88 | 6418 | 殉爆 17% 余震 17% 锯刃 9% 饱和炮击 9% | 拾取 47% 凯尔希 24% 水月 23% (95 / 1.2) | bullet |
| {B} [expert] eyjafjalla | 4 | 100% | 10:45 / 10:24 | 0.0 / - | 7 / 16 / 26 / 33 | - | 100% | 60 | 6624 | 火山弹 29% 火山 12% 熔岩天降 9% 大剑 9% | 塞雷娅 44% 流明 24% 铃兰 15% (596 / 0.5) | bullet |
| {B} [expert] skadi | 4 | 100% | 10:45 / 10:34 | 0.0 / - | 8 / 16 / 25 / 32 | - | 100% | 77 | 6572 | 大剑 33% 言 7% 潮涌斩 6% 殉爆 5% | 凯尔希 47% 流明 24% 无人机 20% (308 / 1.0) | bullet |
| {B} [expert] saria | 4 | 100% | 10:57 / 10:31 | 0.0 / - | 6 / 16 / 24 / 33 | - | 100% | 73 | 6676 | Mon3tr · 真伤 15% Mon3tr 14% 藏品 7% 言 6% | 塞雷娅 58% 凯尔希 36% 拾取 2% (813 / 0.0) | bullet |
| {B} [normal] wisadel | 4 | 50% | 9:58 / 9:03 | 0.0 / - | 7 / 16 / 24 / 30 | 52% | 41% | 66 | 5743 | 余震 20% 殉爆 18% Mon3tr 13% 炮击 11% | 凯尔希 30% 拾取 29% 流明 19% (711 / 0.2) | shock |
| {B} [normal] eyjafjalla | 4 | 0% | 6:01 / 3:41 | 0.0 / - | 7 / 14 / 25 / 18 | 66% | 0% | 31 | 2478 | 火山弹 30% 大剑 13% 刺剑 6% 锚击 4% | 拾取 61% 水月 13% (57 / 0.0) | shock |
| {B} [normal] skadi | 4 | 50% | 9:23 / 8:13 | 0.0 / - | 6 / 16 / 24 / 28 | 90% | 33% | 56 | 5229 | 大剑 28% 火山弹 10% Mon3tr 9% 狐火 9% | 拾取 53% 铃兰 22% 流明 13% (371 / 0.0) | bullet |
| {B} [normal] saria | 4 | 100% | 10:44 / 10:28 | 0.0 / - | 6 / 16 / 24 / 32 | - | 50% | 91 | 6594 | Mon3tr 21% 大剑 19% 拳击 6% 伞击 6% | 塞雷娅 54% 凯尔希 27% 水月 15% (1096 / 0.8) | shock |
| {C} [expert] wisadel | 4 | 100% | 10:34 / 10:10 | 0.0 / - | 8 / 16 / 25 / 33 | - | 100% | 84 | 6529 | 殉爆 19% 余震 17% 饱和炮击 11% 触手 7% | 拾取 33% 凯尔希 25% 水月 24% (144 / 0.8) | bullet |
| {C} [expert] eyjafjalla | 4 | 75% | 10:20 / 9:44 | 0.0 / - | 7 / 16 / 25 / 32 | 70% | 92% | 50 | 6242 | 火山弹 14% 火山 14% 锯刃 8% 熔岩天降 7% | 塞雷娅 48% 无人机 20% 铃兰 15% (394 / 0.8) | bullet |
| {C} [expert] skadi | 4 | 100% | 10:55 / 10:39 | 0.0 / - | 8 / 16 / 25 / 33 | - | 100% | 64 | 6757 | 大剑 16% 言 7% 殉爆 7% 余震 5% | 凯尔希 49% 拾取 22% 流明 21% (350 / 0.2) | bullet |
| {C} [expert] saria | 4 | 100% | 10:52 / 10:44 | 0.0 / - | 5 / 15 / 24 / 32 | - | 100% | 30 | 6538 | Mon3tr 13% Mon3tr · 真伤 11% 言 10% 提喻 7% | 塞雷娅 76% 凯尔希 20% 铃兰 2% (814 / 0.0) | bullet |
| {C} [normal] wisadel | 4 | 25% | 8:08 / 4:48 | 0.0 / - | 8 / 16 / 24 / 25 | 13% | 16% | 54 | 4284 | 余震 18% 殉爆 12% 锯刃 12% 炮击 12% | 拾取 84% 水月 15% 藏品 0% (110 / 0.0) | bullet |
| {C} [normal] eyjafjalla | 4 | 0% | 5:46 / 3:45 | 0.0 / - | 7 / 14 / 0 / 17 | 31% | 0% | 26 | 2198 | 火山弹 29% 大剑 14% 狐火 9% 火星 7% | 拾取 67% 塞雷娅 25% 藏品 7% (68 / 0.0) | bullet |
| {C} [normal] skadi | 4 | 50% | 9:58 / 9:00 | 0.0 / - | 7 / 16 / 25 / 30 | 18% | 66% | 62 | 5866 | 大剑 27% 锚击 10% 狐火 8% 火山弹 7% | 拾取 37% 无人机 21% 凯尔希 20% (266 / 1.0) | bullet |
| {C} [normal] saria | 4 | 100% | 11:03 / 10:23 | 0.0 / - | 6 / 15 / 24 / 32 | - | 75% | 76 | 6949 | 大剑 14% 伞击 10% Mon3tr 9% 火山弹 6% | 塞雷娅 55% 水月 24% 凯尔希 14% (1587 / 0.5) | zone |
| {D} [expert] wisadel | 4 | 100% | 10:27 / 10:06 | 0.0 / - | 8 / 16 / 26 / 32 | - | 100% | 88 | 6418 | 殉爆 18% 余震 16% 锯刃 9% 饱和炮击 8% | 拾取 29% 无人机 24% 凯尔希 24% (161 / 1.0) | bullet |
| {D} [expert] eyjafjalla | 4 | 75% | 9:43 / 7:34 | 0.0 / - | 7 / 16 / 25 / 30 | 19% | 100% | 58 | 5591 | 火山弹 26% 火山 10% 熔岩天降 9% 火星 7% | 塞雷娅 37% 流明 23% 铃兰 14% (333 / 0.0) | bullet |
| {D} [expert] skadi | 4 | 75% | 9:19 / 5:30 | 0.0 / - | 8 / 16 / 24 / 28 | - | 83% | 69 | 5346 | 大剑 25% 言 7% 殉爆 6% 提喻 5% | 拾取 31% 凯尔希 24% 流明 24% (276 / 0.2) | bullet |
| {D} [expert] saria | 4 | 100% | 10:40 / 10:12 | 0.0 / - | 6 / 15 / 25 / 32 | - | 100% | 50 | 6528 | 言 11% Mon3tr 10% 提喻 9% 锚击 8% | 塞雷娅 65% 凯尔希 32% 拾取 0% (447 / 0.0) | bullet |
| {D} [normal] wisadel | 4 | 75% | 9:58 / 7:14 | 0.0 / - | 7 / 16 / 25 / 30 | 5% | 41% | 40 | 5910 | 余震 17% Mon3tr 13% 殉爆 12% 炮击 11% | 水月 44% 流明 31% 凯尔希 17% (580 / 0.2) | bullet |
| {D} [normal] eyjafjalla | 4 | 0% | 6:22 / 3:41 | 0.0 / - | 7 / 15 / 24 / 19 | 79% | 0% | 37 | 2723 | 火山弹 34% 刺剑 6% 火星 6% 伞击 5% | 拾取 53% 藏品 25% 水月 10% (252 / 0.2) | bullet |
| {D} [normal] skadi | 4 | 25% | 9:46 / 8:55 | 0.0 / - | 7 / 16 / 25 / 30 | 36% | 58% | 58 | 5690 | 大剑 25% 锚击 12% 狐火 9% 殉爆 7% | 拾取 52% 无人机 30% 铃兰 11% (219 / 1.0) | bullet |
| {D} [normal] saria | 4 | 100% | 10:29 / 10:21 | 0.0 / - | 6 / 16 / 24 / 31 | - | 58% | 59 | 6399 | Mon3tr 22% 大剑 21% 拳击 6% 提喻 6% | 塞雷娅 54% 凯尔希 27% 水月 15% (934 / 0.2) | bullet |
| {H} [expert] wisadel | 4 | 100% | 10:28 / 10:06 | 0.0 / - | 8 / 16 / 26 / 33 | - | 100% | 78 | 6427 | 余震 13% 殉爆 13% 言 11% 提喻 9% | 拾取 54% 凯尔希 24% 水月 21% (147 / 0.0) | bullet |
| {H} [expert] eyjafjalla | 4 | 100% | 11:02 / 10:53 | 0.0 / - | 7 / 16 / 24 / 32 | - | 100% | 50 | 6849 | 火山弹 27% 火山 8% 熔岩天降 7% 大剑 6% | 塞雷娅 43% 流明 21% 铃兰 19% (512 / 0.5) | bullet |
| {H} [expert] skadi | 4 | 100% | 10:44 / 10:25 | 0.0 / - | 7 / 15 / 24 / 32 | - | 100% | 71 | 6478 | 大剑 28% Mon3tr · 真伤 7% 跃浪 6% 余震 5% | 凯尔希 47% 流明 24% 无人机 17% (356 / 0.5) | bullet |
| {H} [expert] saria | 4 | 100% | 11:08 / 10:33 | 0.0 / - | 6 / 15 / 24 / 32 | - | 100% | 64 | 6770 | Mon3tr 17% Mon3tr · 真伤 11% 锚击 8% 殉爆 5% | 塞雷娅 61% 凯尔希 34% 铃兰 2% (770 / 0.0) | bullet |
| {H} [normal] wisadel | 4 | 50% | 8:30 / 5:19 | 0.0 / - | 7 / 16 / 24 / 25 | 64% | 41% | 70 | 4491 | 余震 19% 炮击 15% 殉爆 8% 火山弹 6% | 拾取 48% 凯尔希 15% 流明 7% (199 / 0.0) | bullet |
| {H} [normal] eyjafjalla | 4 | 0% | 5:55 / 3:41 | 0.0 / - | 7 / 14 / 0 / 18 | 72% | 0% | 42 | 2278 | 火山弹 32% 余震 8% 炮击 7% 大剑 7% | 拾取 100% (34 / 0.0) | contact_ripper |
| {H} [normal] skadi | 4 | 50% | 10:34 / 9:41 | 0.0 / - | 7 / 16 / 24 / 31 | 45% | 41% | 48 | 6257 | 大剑 28% 锚击 12% 余震 5% 火山弹 5% | 拾取 51% 流明 24% 铃兰 10% (498 / 0.2) | bullet |
| {H} [normal] saria | 4 | 50% | 10:10 / 9:29 | 0.0 / - | 6 / 16 / 24 / 30 | 2% | 41% | 50 | 6009 | 大剑 18% Mon3tr 17% 食腐 12% 伞击 5% | 塞雷娅 50% 凯尔希 30% 水月 14% (1196 / 0.0) | shock |

### 机器人指标（docs/29）

| 机器人 · 开局 | n | 胜率 | 存活 均/最短 | 3:30 存活 | 5:00 存活 | 首次招募 | 首次精一 / 精二 | 中期 Boss 击杀数 / 平均用时 | 受击/分 | 承伤/分 | 低血(<35%)秒 | 熄灯秒 | 静止% | 开局干员 伤害占比 / 每分钟 | 主要死因 |
|---|---|---|---|---|---|---|---|---|---|---|---|---|---|---|---|
| {B} [expert] wisadel | 4 | 100% | 10:28 / 10:14 | 100% | 100% | 1:11 | 0:48 / 3:32 | 2.8 / 20s | 5.7 | 16 | 0 | 0 | 17 | 51% / 46991 | - |
| {B} [expert] eyjafjalla | 4 | 100% | 10:45 / 10:24 | 100% | 100% | 1:41 | 0:51 / 2:30 | 2.8 / 32s | 16.1 | 74 | 4 | 4 | 16 | 66% / 58949 | - |
| {B} [expert] skadi | 4 | 100% | 10:45 / 10:34 | 100% | 100% | 1:20 | 0:51 / 3:35 | 2.5 / 30s | 14.2 | 51 | 0 | 0 | 16 | 46% / 38830 | - |
| {B} [expert] saria | 4 | 100% | 10:57 / 10:31 | 100% | 100% | 1:42 | 0:46 / 3:43 | 3.0 / 66s | 34.4 | 86 | 0 | 2 | 21 | 10% / 8829 | - |
| {B} [normal] wisadel | 4 | 50% | 9:58 / 9:03 | 100% | 100% | 1:17 | 4:07 / 7:53 | 2.2 / 44s | 49.2 | 94 | 0 | 0 | 0 | 56% / 35323 | shock |
| {B} [normal] eyjafjalla | 4 | 0% | 6:01 / 3:41 | 100% | 50% | 1:16 | 4:34 / - | 1.0 / 63s | 31.3 | 50 | 30 | 1 | 0 | 38% / 6966 | corrode |
| {B} [normal] skadi | 4 | 50% | 9:23 / 8:13 | 100% | 100% | 1:24 | 3:51 / 8:15 | 1.8 / 30s | 49.4 | 96 | 2 | 0 | 0 | 41% / 25660 | zone |
| {B} [normal] saria | 4 | 100% | 10:44 / 10:28 | 100% | 100% | 1:14 | 3:24 / 7:51 | 2.0 / 34s | 55.5 | 112 | 0 | 19 | 0 | 10% / 8065 | - |
| {C} [expert] wisadel | 4 | 100% | 10:34 / 10:10 | 100% | 100% | 1:11 | 0:48 / 3:17 | 2.5 / 19s | 6.1 | 26 | 4 | 0 | 16 | 55% / 54572 | - |
| {C} [expert] eyjafjalla | 4 | 75% | 10:20 / 9:44 | 100% | 100% | 1:41 | 0:51 / 3:11 | 2.5 / 39s | 14.8 | 57 | 3 | 0 | 12 | 48% / 41255 | mire |
| {C} [expert] skadi | 4 | 100% | 10:55 / 10:39 | 100% | 100% | 1:20 | 0:51 / 3:50 | 2.0 / 37s | 12.4 | 56 | 0 | 0 | 18 | 27% / 22743 | - |
| {C} [expert] saria | 4 | 100% | 10:52 / 10:44 | 100% | 100% | 1:46 | 0:46 / 3:25 | 2.5 / 62s | 26.2 | 79 | 0 | 24 | 21 | 9% / 7326 | - |
| {C} [normal] wisadel | 4 | 25% | 8:08 / 4:48 | 100% | 75% | 1:16 | 3:20 / 3:57 | 1.5 / 29s | 37.2 | 61 | 18 | 10 | 0 | 48% / 23440 | zone |
| {C} [normal] eyjafjalla | 4 | 0% | 5:46 / 3:45 | 100% | 75% | 1:16 | 3:50 / - | 0.8 / 78s | 22.2 | 56 | 20 | 0 | 0 | 42% / 8132 | zone |
| {C} [normal] skadi | 4 | 50% | 9:58 / 9:00 | 100% | 100% | 1:24 | 4:02 / 7:22 | 2.8 / 27s | 31.6 | 71 | 3 | 0 | 0 | 37% / 27655 | bullet |
| {C} [normal] saria | 4 | 100% | 11:03 / 10:23 | 100% | 100% | 1:14 | 3:34 / 8:05 | 2.2 / 30s | 84.5 | 148 | 1 | 35 | 0 | 10% / 8016 | - |
| {D} [expert] wisadel | 4 | 100% | 10:27 / 10:06 | 100% | 100% | 1:11 | 0:48 / 3:32 | 3.0 / 13s | 6.8 | 26 | 0 | 0 | 14 | 53% / 36675 | - |
| {D} [expert] eyjafjalla | 4 | 75% | 9:43 / 7:34 | 100% | 100% | 1:41 | 0:51 / 2:51 | 1.8 / 44s | 13.8 | 51 | 2 | 2 | 14 | 60% / 30002 | corrode |
| {D} [expert] skadi | 4 | 75% | 9:19 / 5:30 | 100% | 100% | 1:20 | 0:51 / 3:23 | 2.0 / 36s | 12.6 | 64 | 6 | 0 | 16 | 36% / 16708 | mire |
| {D} [expert] saria | 4 | 100% | 10:40 / 10:12 | 100% | 100% | 1:42 | 0:46 / 4:08 | 2.2 / 35s | 19.0 | 50 | 0 | 0 | 20 | 7% / 5351 | - |
| {D} [normal] wisadel | 4 | 75% | 9:58 / 7:14 | 100% | 100% | 1:19 | 3:04 / 7:58 | 1.8 / 28s | 40.1 | 85 | 0 | 3 | 0 | 46% / 25762 | zone |
| {D} [normal] eyjafjalla | 4 | 0% | 6:22 / 3:41 | 100% | 75% | 1:16 | 3:41 / - | 1.0 / 67s | 32.2 | 75 | 26 | 0 | 0 | 45% / 8558 | corrode |
| {D} [normal] skadi | 4 | 25% | 9:46 / 8:55 | 100% | 100% | 1:24 | 3:24 / 6:36 | 2.2 / 38s | 35.9 | 74 | 3 | 3 | 0 | 33% / 17365 | bullet |
| {D} [normal] saria | 4 | 100% | 10:29 / 10:21 | 100% | 100% | 1:14 | 3:14 / 8:19 | 2.5 / 36s | 54.9 | 95 | 0 | 24 | 0 | 10% / 6967 | - |
| {H} [expert] wisadel | 4 | 100% | 10:28 / 10:06 | 100% | 100% | 1:11 | 0:48 / 3:37 | 3.0 / 17s | 7.1 | 32 | 4 | 0 | 18 | 42% / 39151 | - |
| {H} [expert] eyjafjalla | 4 | 100% | 11:02 / 10:53 | 100% | 100% | 1:41 | 0:51 / 2:48 | 2.5 / 40s | 16.4 | 67 | 0 | 0 | 18 | 57% / 52463 | - |
| {H} [expert] skadi | 4 | 100% | 10:44 / 10:25 | 100% | 100% | 1:20 | 0:51 / 4:33 | 2.8 / 49s | 13.1 | 53 | 0 | 0 | 15 | 43% / 35392 | - |
| {H} [expert] saria | 4 | 100% | 11:08 / 10:33 | 100% | 100% | 1:42 | 0:46 / 3:39 | 2.5 / 76s | 27.9 | 80 | 0 | 0 | 22 | 9% / 8186 | - |
| {H} [normal] wisadel | 4 | 50% | 8:30 / 5:19 | 100% | 100% | 1:18 | 4:12 / 6:51 | 1.2 / 29s | 40.1 | 56 | 10 | 0 | 0 | 47% / 25367 | contact_slider |
| {H} [normal] eyjafjalla | 4 | 0% | 5:55 / 3:41 | 100% | 75% | 1:16 | 3:31 / - | 0.5 / 121s | 50.5 | 70 | 34 | 0 | 0 | 42% / 8266 | corrode |
| {H} [normal] skadi | 4 | 50% | 10:34 / 9:41 | 100% | 100% | 1:24 | 3:44 / 8:18 | 2.5 / 38s | 71.0 | 126 | 4 | 0 | 0 | 37% / 28215 | zone |
| {H} [normal] saria | 4 | 50% | 10:10 / 9:29 | 100% | 100% | 1:14 | 3:01 / 7:28 | 2.8 / 40s | 58.2 | 136 | 2 | 8 | 0 | 7% / 4849 | bullet |

### 藏品（docs/35）

| 机器人 | 开局 | 局数 | 平均藏品数 | 藏品直接伤害 | 各流派 出现 / 拿取 | 无效拿取 |
|---|---|---|---|---|---|---|
| expert | eyjafjalla | 16 | 32.1 | 4.1% | A 177/42 B 66/38 C 103/61 D 153/52 E 152/39 F 25/12 G 115/39 H 229/97 通用 295/138 | 0 |
| expert | saria | 16 | 25.2 | 6.2% | A 140/31 B 41/20 C 108/49 D 100/40 E 92/7 F 28/9 G 85/28 H 246/98 通用 305/122 | 0 |
| expert | skadi | 16 | 30.4 | 2.7% | A 132/24 B 54/30 C 111/62 D 126/49 E 130/28 F 26/13 G 97/44 H 240/97 通用 310/142 | 0 |
| expert | wisadel | 16 | 29.4 | 3.2% | A 127/26 B 61/30 C 105/58 D 103/35 E 155/28 F 30/13 G 93/35 H 263/112 通用 315/139 | 0 |
| normal | eyjafjalla | 16 | 9.7 | 0.9% | A 23/4 B 14/7 C 19/12 D 35/17 E 60/15 F 4/1 G 32/6 H 54/21 通用 120/73 | 0 |
| normal | saria | 16 | 25.6 | 4.9% | A 121/31 B 31/17 C 113/44 D 93/44 E 109/34 F 28/15 G 97/20 H 189/67 通用 247/142 | 0 |
| normal | skadi | 16 | 28.1 | 3.5% | A 121/31 B 47/25 C 106/44 D 98/43 E 112/20 F 21/6 G 96/20 H 219/104 通用 335/157 | 0 |
| normal | wisadel | 16 | 22.1 | 3.1% | A 68/22 B 31/19 C 88/40 D 90/43 E 101/28 F 18/6 G 76/27 H 174/62 通用 229/109 | 0 |
| 合计 | | | | | A 909/211 B 345/186 C 753/370 D 798/323 E 911/199 F 180/75 G 691/219 H 1614/658 通用 2156/1022 | |

拿取最多（出现 / 拿取）：“犹疑” 0/114，“观望” 0/110，“决心” 0/84，《大静谧》 185/72，散轶诗简 163/68，羽兽肝酱 172/68，“黑夜呢喃” 159/67，凯旋号角 185/64，残破合影 175/60，深蓝之心 0/58，镶金骨骰 179/56，设计师量尺 134/55
耗时 1133s
写入 build/cloud/ea-base-e/ea_base_lanes_b_0926_1416.{json,md}
ELAPSED_SECONDS=1133
