跑 84 局（1 流派 × 2 机器人 × 7 编队 × 6 seed），并行 4（全机上限 4），源文件摘要 4628075e701d6e5c
### 最终 Boss（按类型；上面的「终局」列是四种混算）

| 机器人 | 最终 Boss | 结局 | 出场 | 击杀 | 用时 均 / 中 / P90 / 最短–最长（出现起算） | 中 / P90（可受伤起算） | 阶段护盾秒 / 过卡点数 均 | 未击杀时剩余血量 |
|---|---|---|---|---|---|---|---|---|
| expert | 伊祖米克 | deep 20 | 20 | 14 | 88s / 83s / 133s / 49–170s | 50s / 113s | 3.5 / 1.6 | 52% |
| expert | 最后的骑士 | knight 12 | 12 | 9 | 90s / 85s / 143s / 47–143s | 85s / 143s | 2.2 / 1.7 | 60% |
| expert | 偏执泡影 | standard 6 | 6 | 6 | 75s / 61s / 143s / 56–143s | 62s / 143s | 3.2 / 2.0 | - |
| expert | 伊莎玛拉 | resolve 4 | 4 | 2 | 58s / 58s / 72s / 44–72s | 58s / 72s | 3.0 / 1.2 | 73% |
| normal | 偏执泡影 | standard 14 | 14 | 10 | 95s / 90s / 156s / 39–156s | 90s / 156s | 1.9 / 1.6 | 67% |
| normal | 伊祖米克 | deep 14 | 14 | 11 | 80s / 70s / 106s / 53–179s | 50s / 86s | 2.3 / 1.7 | 71% |
| normal | 最后的骑士 | knight 8 | 8 | 7 | 87s / 76s / 145s / 54–145s | 76s / 145s | 2.3 / 1.9 | 61% |
| normal | 伊莎玛拉 | resolve 6 | 6 | 6 | 79s / 69s / 140s / 48–140s | 70s / 140s | 3.1 / 2.0 | - |

### 难度 / 缩圈 / 同屏峰值

#### 前 3 分钟

| 机器人 | 难度 | 局数 | 3:00 前死亡 | 前 3 分钟承伤 均 / 中 | 3:00 时生命 |
|---|---|---|---|---|---|
| expert | 0 | 42 | 0% | 21 / 20 | 100% |
| normal | 0 | 42 | 0% | 25 / 18 | 99% |

#### 死因 × 缩圈阶段 × Boss 在场（失败的局）

| 机器人 | 难度 | 死因 | 缩圈（第几轮 · 阶段） | 圈外 | Boss 在场 | 局数 | 平均死亡时间 |
|---|---|---|---|---|---|---|---|
| expert | 0 | mire | 第 1 轮 · 稳定 | 否 | 是 | 2 | 13:00 |
| expert | 0 | contact_tracer | 第 2 轮 · 稳定 | 否 | 是 | 1 | 13:00 |
| expert | 0 | bullet | 第 3 轮 · 预告 | 否 | 是 | 1 | 13:00 |
| expert | 0 | shock | 第 4 轮 · 收缩 | 否 | 是 | 1 | 13:00 |
| expert | 0 | bullet | 第 2 轮 · 收缩 | 否 | 是 | 1 | 13:00 |
| expert | 0 | corrode | 第 2 轮 · 稳定 | 否 | 是 | 1 | 13:00 |
| expert | 0 | contact_tracer | 第 3 轮 · 收缩 | 否 | 是 | 1 | 13:00 |
| expert | 0 | bullet | 第 1 轮 · 稳定 | 否 | 是 | 1 | 13:00 |
| expert | 0 | bullet | 第 2 轮 · 稳定 | 否 | 是 | 1 | 13:00 |
| expert | 0 | shock | 第 1 轮 · 稳定 | 否 | 是 | 1 | 13:00 |
| normal | 0 | bullet | 第 1 轮 · 稳定 | 否 | 是 | 2 | 13:00 |
| normal | 0 | bullet | 第 2 轮 · 预告 | 否 | 是 | 1 | 13:00 |
| normal | 0 | contact_tracer | 第 2 轮 · 稳定 | 否 | 是 | 1 | 13:00 |
| normal | 0 | bullet | 第 2 轮 · 收缩 | 否 | 是 | 1 | 13:00 |
| normal | 0 | boss_tracer | 第 3 轮 · 稳定 | 否 | 是 | 1 | 13:00 |
| normal | 0 | corrode | 第 1 轮 · 稳定 | 否 | 是 | 1 | 13:00 |
| normal | 0 | corrode | 第 4 轮 · 收缩 | 否 | 是 | 1 | 13:00 |

#### 同屏数量峰值（每局峰值的 平均 / 最大）

| 机器人 | 难度 | 局数 | 范围 | 敌人 | 敌方弹幕（含抛射） | 我方子弹 | 特效 | 飘字 |
|---|---|---|---|---|---|---|---|---|
| expert | 0 | 42 | 全程 | 268 / 478 | 55 / 91 | 3 / 12 | 394 / 503 | 46 / 48 |
| expert | 0 | 42 | 8:00–10:00 | 253 / 354 | 45 / 68 | 2 / 9 | 378 / 467 | 41 / 48 |
| normal | 0 | 42 | 全程 | 297 / 507 | 61 / 141 | 3 / 9 | 399 / 468 | 46 / 48 |
| normal | 0 | 42 | 8:00–10:00 | 279 / 507 | 54 / 128 | 2 / 9 | 387 / 466 | 41 / 48 |

### 大群（按第几次）

| 机器人 | 第几次 | 出现 | 时间 | 数量 | 清 80% 用时 均 / 中（清完/出现） | 20 秒内掉血 均 / 最大 | 30 秒内死亡 | 编成 |
|---|---|---|---|---|---|---|---|---|
| expert | 1 | 42 | 1:15 | 26 | 16s / 12s（42/42） | 3 / 16 | 0 | bone/slider/stone ×22；bone/slider ×20 |
| expert | 2 | 42 | 2:45 | 33 | 19s / 12s（42/42） | 3 / 8 | 0 | bone/slider ×22；bone/slider/stone ×20 |
| expert | 3 | 42 | 4:37 | 43 | 21s / 13s（42/42） | 6 / 35 | 0 | bone/offspring/ripper/slider/spitter ×9；bone/floater/ripper/runner/slider/tracer ×9；bone/ripper/slider/stone ×8 |
| expert | 4 | 42 | 5:52 | 49 | 16s / 12s（42/42） | 12 / 57 | 0 | bone/floater/ripper/runner/slider/tracer ×18；bone/offspring/ripper/slider/spitter ×13；bone/burrower/ripper/slider ×11 |
| expert | 5 | 42 | 7:32 | 57 | 14s / 11s（42/42） | 18 / 72 | 0 | bone/floater/founder/nest/ripper/runner/slider ×16；burrower/ripper/slider/spitter ×14；bone/burrower/offspring/ripper/slider/stone ×12 |
| expert | 6 | 41 | 8:43 | 63 | 16s / 14s（41/41） | 35 / 132 | 0 | burrower/offspring/ripper/slider/spitter/stone ×11；burrower/hulk/ripper/slider/spitter ×8；bone/burrower/offspring/ripper/slider/stone ×7 |
| expert | 7 | 4 | 9:16 | 66 | 12s / 9s（4/4） | 32 / 61 | 0 | burrower/offspring/ripper/slider/spitter/stone ×3；burrower/floater/founder/nest/reaper/ripper/runner/slider/tracer ×1 |
| normal | 1 | 42 | 1:15 | 26 | 10s / 9s（42/42） | 7 / 30 | 0 | bone/slider ×22；bone/slider/stone ×20 |
| normal | 2 | 42 | 2:45 | 33 | 16s / 14s（42/42） | 7 / 26 | 0 | bone/slider/stone ×22；bone/slider ×20 |
| normal | 3 | 42 | 4:34 | 42 | 27s / 21s（42/42） | 11 / 61 | 0 | bone/ripper/slider/stone ×15；bone/floater/ripper/runner/slider/tracer ×9；bone/burrower/ripper/slider ×7 |
| normal | 4 | 42 | 5:53 | 49 | 31s / 15s（42/42） | 24 / 87 | 0 | bone/offspring/ripper/slider/spitter ×21；bone/burrower/ripper/slider ×12；bone/floater/ripper/runner/slider/tracer ×9 |
| normal | 5 | 42 | 7:39 | 58 | 25s / 15s（42/42） | 33 / 80 | 0 | bone/floater/founder/nest/ripper/runner/slider ×18；burrower/ripper/slider/spitter ×13；bone/burrower/offspring/ripper/slider/stone ×11 |
| normal | 6 | 41 | 8:42 | 63 | 26s / 14s（41/41） | 45 / 197 | 0 | burrower/hulk/ripper/slider/spitter ×9；burrower/floater/founder/nest/reaper/ripper/runner/slider/tracer ×9；burrower/ripper/slider/spitter ×7 |
| normal | 7 | 7 | 9:20 | 66 | 13s / 12s（7/7） | 70 / 124 | 0 | burrower/floater/founder/nest/reaper/ripper/runner/slider/tracer ×4；burrower/offspring/ripper/slider/spitter/stone ×2；burrower/hulk/ripper/slider/spitter ×1 |

### 按机器人汇总

| 机器人 | 局数 | 胜率 | 平均存活 | 3:30 存活 | 平均终局等级 | 平均击杀 | 目标（胜率 / 存活） | 判定 |
|---|---|---|---|---|---|---|---|---|
| normal | 42 | 80% | 11:43 | 100% | 34.5 | 7431 | 30–55% / 7:00–13:00 | **偏易** |
| expert | 42 | 73% | 11:49 | 100% | 35.1 | 7467 | 70–95% / 9:00–13:00 | **达标** |

### 明细

| 编队 | n | 胜率 | 存活(均/最短) | 托底(次/首次) | Lv 2:00/5:00/8:00/末 | 终Boss剩余 | 精二占比 | 灯火 | 击杀 | 主要伤害来源 | 治疗来源(总量/无人机Lv) | 主要死因 |
|---|---|---|---|---|---|---|---|---|---|---|---|---|
| [expert] wisadel | 6 | 100% | 11:20 / 11:12 | 0.0 / - | 7 / 16 / 26 / 35 | - | 100% | 49 | 7117 | 殉爆 25% 余震 22% 饱和炮击 10% 炮击 5% | 凯尔希 41% 塞雷娅 21% 水月 16% (568 / 0.3) | bullet |
| [expert] eyjafjalla | 6 | 83% | 11:52 / 10:56 | 0.5 / 9:03 | 6 / 16 / 25 / 36 | 66% | 100% | 50 | 7607 | 火山弹 23% 火山 8% 熔岩天降 7% 锚击 5% | 塞雷娅 45% 拾取 28% 凯尔希 16% (998 / 0.2) | bullet |
| [expert] skadi | 6 | 33% | 12:23 / 10:54 | 0.2 / 8:50 | 7 / 15 / 25 / 36 | 42% | 100% | 67 | 7882 | 大剑 23% Mon3tr 13% Mon3tr · 真伤 8% 跃浪 5% | 凯尔希 33% 拾取 28% 塞雷娅 21% (722 / 0.5) | bullet |
| [expert] mizuki | 6 | 100% | 11:14 / 10:44 | 0.0 / - | 7 / 16 / 26 / 34 | - | 100% | 69 | 7035 | 触手 26% 伞击 17% 大剑 9% 技能 7% | 水月 70% 塞雷娅 13% 流明 7% (598 / 0.3) | bullet |
| [expert] saria | 6 | 83% | 11:45 / 10:47 | 0.2 / 8:56 | 5 / 16 / 26 / 35 | 40% | 100% | 60 | 7336 | 火山弹 5% 言 5% 大剑 5% Mon3tr 5% | 塞雷娅 80% 流明 9% 凯尔希 8% (1115 / 0.0) | bullet |
| [expert] kaltsit | 6 | 83% | 11:44 / 10:49 | 0.0 / - | 6 / 16 / 25 / 35 | 90% | 100% | 72 | 7387 | Mon3tr · 真伤 18% Mon3tr 12% 锯刃 5% 触手 4% | 凯尔希 65% 流明 18% 水月 7% (885 / 0.0) | bullet |
| [expert] suzuran | 6 | 33% | 12:28 / 11:22 | 0.2 / 9:39 | 7 / 14 / 25 / 35 | 69% | 100% | 68 | 7903 | Mon3tr 13% 狐火 12% Mon3tr · 真伤 11% 火山弹 8% | 凯尔希 27% 塞雷娅 27% 铃兰 20% (765 / 0.0) | bullet |
| [normal] wisadel | 6 | 100% | 11:13 / 11:01 | 2.2 / 9:09 | 7 / 15 / 25 / 34 | - | 77% | 59 | 7030 | 余震 21% 殉爆 21% 炮击 9% 大剑 6% | 拾取 38% 凯尔希 29% 流明 29% (1286 / 0.5) | shock |
| [normal] eyjafjalla | 6 | 66% | 11:53 / 10:48 | 4.2 / 8:21 | 6 / 15 / 24 / 34 | 58% | 55% | 39 | 7524 | 火山弹 25% 大剑 5% 火星 5% 余震 5% | 塞雷娅 31% 拾取 30% 无人机 24% (1253 / 1.3) | shock |
| [normal] skadi | 6 | 100% | 11:20 / 10:53 | 1.2 / 9:27 | 7 / 16 / 25 / 34 | - | 55% | 32 | 7115 | 大剑 32% 锚击 9% 刺剑 4% 跃浪 4% | 拾取 53% 无人机 31% 凯尔希 8% (558 / 1.2) | shock |
| [normal] mizuki | 6 | 83% | 11:45 / 11:12 | 0.2 / 10:46 | 7 / 16 / 25 / 35 | 96% | 77% | 72 | 7409 | 伞击 21% 触手 21% 技能 6% Mon3tr 6% | 水月 53% 凯尔希 17% 流明 14% (1312 / 0.5) | bullet |
| [normal] saria | 6 | 83% | 11:52 / 11:06 | 0.7 / 8:58 | 6 / 16 / 25 / 34 | 63% | 66% | 42 | 7530 | 大剑 16% 火山弹 9% 拳击 7% 言 6% | 塞雷娅 83% 拾取 6% 水月 6% (1902 / 0.8) | bullet |
| [normal] kaltsit | 6 | 83% | 11:45 / 10:39 | 0.0 / - | 7 / 16 / 25 / 34 | 53% | 61% | 78 | 7486 | Mon3tr 29% Mon3tr · 真伤 13% 食腐 9% 伞击 5% | 凯尔希 69% 水月 14% 塞雷娅 6% (1474 / 0.5) | bullet |
| [normal] suzuran | 6 | 50% | 12:15 / 11:00 | 3.2 / 9:41 | 7 / 15 / 24 / 35 | 70% | 22% | 72 | 7919 | 狐火 24% Mon3tr 11% 大剑 7% 伞击 6% | 凯尔希 21% 流明 20% 拾取 20% (1651 / 0.8) | shock |

### 机器人指标（docs/29）

| 机器人 · 开局 | n | 胜率 | 存活 均/最短 | 3:30 存活 | 5:00 存活 | 首次招募 | 首次精一 / 精二 | 中期 Boss 击杀数 / 平均用时 | 受击/分 | 承伤/分 | 低血(<35%)秒 | 熄灯秒 | 静止% | 开局干员 伤害占比 / 每分钟 | 主要死因 |
|---|---|---|---|---|---|---|---|---|---|---|---|---|---|---|---|
| [expert] wisadel | 6 | 100% | 11:20 / 11:12 | 100% | 100% | 1:18 | 0:50 / 3:08 | 2.5 / 25s | 20.3 | 66 | 0 | 3 | 19 | 67% / 67101 | - |
| [expert] eyjafjalla | 6 | 83% | 11:52 / 10:56 | 100% | 100% | 1:32 | 0:53 / 2:56 | 2.2 / 49s | 40.0 | 139 | 0 | 18 | 16 | 53% / 52686 | contact_tracer |
| [expert] skadi | 6 | 33% | 12:23 / 10:54 | 100% | 100% | 1:17 | 0:51 / 3:19 | 1.7 / 95s | 20.1 | 116 | 0 | 6 | 12 | 35% / 37239 | bullet |
| [expert] mizuki | 6 | 100% | 11:14 / 10:44 | 100% | 100% | 1:19 | 0:51 / 2:32 | 2.3 / 34s | 13.6 | 59 | 0 | 9 | 14 | 55% / 59209 | - |
| [expert] saria | 6 | 83% | 11:45 / 10:47 | 100% | 100% | 2:03 | 0:47 / 3:18 | 2.0 / 67s | 26.1 | 111 | 0 | 8 | 13 | 8% / 8401 | corrode |
| [expert] kaltsit | 6 | 83% | 11:44 / 10:49 | 100% | 100% | 1:34 | 1:17 / 3:56 | 2.0 / 49s | 31.4 | 84 | 0 | 4 | 16 | 35% / 34043 | contact_tracer |
| [expert] suzuran | 6 | 33% | 12:28 / 11:22 | 100% | 100% | 1:36 | 0:59 / 3:14 | 1.3 / 94s | 22.2 | 90 | 0 | 3 | 13 | 16% / 15800 | bullet |
| [normal] wisadel | 6 | 100% | 11:13 / 11:01 | 100% | 100% | 1:19 | 4:25 / 8:36 | 2.2 / 59s | 69.2 | 273 | 0 | 26 | 0 | 58% / 57724 | - |
| [normal] eyjafjalla | 6 | 66% | 11:53 / 10:48 | 100% | 100% | 1:19 | 4:15 / 8:55 | 2.0 / 88s | 85.8 | 305 | 0 | 60 | 0 | 43% / 36072 | contact_tracer |
| [normal] skadi | 6 | 100% | 11:20 / 10:53 | 100% | 100% | 1:25 | 3:52 / 8:13 | 2.5 / 48s | 50.1 | 226 | 0 | 27 | 0 | 46% / 45140 | - |
| [normal] mizuki | 6 | 83% | 11:45 / 11:12 | 100% | 100% | 1:19 | 3:31 / 6:09 | 2.0 / 62s | 51.1 | 137 | 0 | 12 | 0 | 55% / 49640 | bullet |
| [normal] saria | 6 | 83% | 11:52 / 11:06 | 100% | 100% | 1:18 | 4:00 / 9:05 | 1.7 / 21s | 65.1 | 216 | 0 | 49 | 0 | 12% / 11585 | bullet |
| [normal] kaltsit | 6 | 83% | 11:45 / 10:39 | 100% | 100% | 1:30 | 3:25 / 7:20 | 2.3 / 62s | 78.5 | 141 | 0 | 23 | 0 | 44% / 46840 | boss_tracer |
| [normal] suzuran | 6 | 50% | 12:15 / 11:00 | 100% | 100% | 1:23 | 4:28 / 5:40 | 1.7 / 65s | 84.6 | 300 | 0 | 64 | 0 | 26% / 24181 | corrode |

### 藏品（docs/35）

| 机器人 | 开局 | 局数 | 平均藏品数 | 藏品直接伤害 | 各流派 出现 / 拿取 | 无效拿取 |
|---|---|---|---|---|---|---|
| expert | eyjafjalla | 6 | 35.5 | 1.1% | A 76/23 B 16/10 C 40/19 D 52/19 E 62/17 F 11/7 G 57/27 H 106/34 通用 155/59 | 0 |
| expert | kaltsit | 6 | 36.5 | 2.0% | A 51/17 B 28/16 C 50/18 D 64/16 E 68/16 F 11/10 G 46/17 H 129/38 通用 171/74 | 0 |
| expert | mizuki | 6 | 34.5 | 2.7% | A 56/21 B 23/12 C 55/27 D 57/15 E 40/7 F 21/16 G 32/9 H 132/44 通用 127/59 | 0 |
| expert | saria | 6 | 33.8 | 1.9% | A 71/15 B 26/13 C 58/28 D 46/13 E 45/4 F 17/4 G 45/17 H 120/33 通用 149/76 | 0 |
| expert | skadi | 6 | 35.3 | 2.1% | A 85/15 B 34/12 C 65/28 D 54/10 E 54/5 F 16/9 G 55/23 H 143/51 通用 164/61 | 0 |
| expert | suzuran | 6 | 29.3 | 1.7% | A 47/11 B 10/6 C 46/24 D 31/6 E 59/12 F 8/3 G 49/25 H 89/31 通用 115/58 | 0 |
| expert | wisadel | 6 | 34.5 | 0.4% | A 58/18 B 27/13 C 50/27 D 65/16 E 70/14 F 16/9 G 37/13 H 108/32 通用 151/66 | 0 |
| normal | eyjafjalla | 6 | 27.8 | 1.4% | A 34/8 B 17/6 C 26/6 D 38/21 E 56/14 F 14/6 G 47/15 H 97/34 通用 135/58 | 0 |
| normal | kaltsit | 6 | 26.3 | 9.9% | A 53/16 B 16/6 C 36/11 D 43/13 E 41/9 F 12/5 G 45/12 H 100/40 通用 101/47 | 0 |
| normal | mizuki | 6 | 30.0 | 2.2% | A 54/17 B 17/6 C 48/15 D 37/11 E 35/11 F 12/3 G 59/18 H 111/36 通用 107/63 | 0 |
| normal | saria | 6 | 24.5 | 2.5% | A 46/16 B 19/4 C 33/10 D 36/11 E 35/11 F 11/3 G 34/14 H 80/27 通用 102/51 | 0 |
| normal | skadi | 6 | 29.7 | 0.7% | A 48/21 B 27/10 C 45/12 D 60/20 E 52/11 F 14/3 G 35/10 H 101/36 通用 126/56 | 0 |
| normal | suzuran | 6 | 28.8 | 0.4% | A 42/7 B 27/6 C 40/14 D 44/15 E 71/24 F 12/5 G 44/18 H 91/28 通用 131/58 | 0 |
| normal | wisadel | 6 | 26.8 | 1.9% | A 34/11 B 10/4 C 30/12 D 36/13 E 51/19 F 11/4 G 38/12 H 72/20 通用 97/66 | 0 |
| 合计 | | | | | A 755/216 B 297/124 C 622/251 D 663/199 E 739/174 F 186/87 G 623/230 H 1479/484 通用 1831/852 | |

拿取最多（出现 / 拿取）：“观望” 0/80，“犹疑” 0/77，“决心” 0/67，设计师量尺 129/46，“黑夜呢喃” 150/45，教母的信物 135/39，羽兽肝酱 162/38，异铁小圆盾 97/38，佣兵保单 76/38，聚火源石虫 122/37，残破合影 143/37，阿卡胡拉饭碗 119/37
耗时 1354s
写入 build/cloud/integ-r10a/ig_r10_0926_1731.{json,md}
