跑 56 局（1 流派 × 2 机器人 × 7 编队 × 4 seed），并行 4（全机上限 4），源文件摘要 c21d0ad1f76b9f7f
### 最终 Boss（按类型；上面的「终局」列是四种混算）

| 机器人 | 最终 Boss | 结局 | 出场 | 击杀 | 用时 均 / 中 / P90 / 最短–最长（出现起算） | 中 / P90（可受伤起算） | 阶段护盾秒 / 过卡点数 均 | 未击杀时剩余血量 |
|---|---|---|---|---|---|---|---|---|
| expert | 伊祖米克 | deep 8 | 8 | 4 | 166s / 101s / 379s / 84–379s | 86s / 367s | 2.7 / 1.6 | 41% |
| expert | 最后的骑士 | knight 7 | 7 | 5 | 150s / 159s / 197s / 111–197s | 159s / 197s | 0.0 / 1.6 | 65% |
| expert | 偏执泡影 | standard 4 | 4 | 2 | 123s / 123s / 125s / 122–125s | 124s / 125s | 0.0 / 1.0 | 95% |
| normal | 伊祖米克 | deep 1 | 1 | 0 | - | - | 0.0 / 0.0 | 99% |
| normal | 最后的骑士 | knight 1 | 1 | 0 | - | - | 0.0 / 0.0 | 82% |

### 难度 / 缩圈 / 同屏峰值

#### 前 3 分钟

| 机器人 | 难度 | 局数 | 3:00 前死亡 | 前 3 分钟承伤 均 / 中 | 3:00 时生命 |
|---|---|---|---|---|---|
| expert | 0 | 28 | 0% | 39 / 31 | 100% |
| normal | 0 | 28 | 0% | 44 / 31 | 97% |

#### 死因 × 缩圈阶段 × Boss 在场（失败的局）

| 机器人 | 难度 | 死因 | 缩圈（第几轮 · 阶段） | 圈外 | Boss 在场 | 局数 | 平均死亡时间 |
|---|---|---|---|---|---|---|---|
| expert | 0 | wound | 第 3 轮 · 稳定 | 否 | 是 | 5 | 13:11 |
| expert | 0 | wound | 第 1 轮 · 稳定 | 否 | 是 | 3 | 10:59 |
| expert | 0 | wound | 第 4 轮 · 稳定 | 否 | 是 | 2 | 10:46 |
| expert | 0 | mire | 第 3 轮 · 预告 | 否 | 否 | 1 | 6:30 |
| expert | 0 | wound | 第 3 轮 · 收缩 | 否 | 是 | 1 | 7:24 |
| expert | 0 | contact_slider | 第 2 轮 · 收缩 | 否 | 否 | 1 | 5:58 |
| expert | 0 | bullet | 第 3 轮 · 收缩 | 否 | 否 | 1 | 6:20 |
| expert | 0 | atk_reaper | 第 2 轮 · 稳定 | 否 | 否 | 1 | 6:39 |
| expert | 0 | mire | 第 4 轮 · 收缩 | 否 | 否 | 1 | 8:14 |
| expert | 0 | corrode | 第 2 轮 · 稳定 | 否 | 否 | 1 | 6:00 |
| normal | 0 | wound | 第 1 轮 · 稳定 | 否 | 是 | 5 | 8:01 |
| normal | 0 | corrode | 第 1 轮 · 稳定 | 否 | 是 | 3 | 5:13 |
| normal | 0 | corrode | 第 2 轮 · 稳定 | 否 | 否 | 2 | 5:21 |
| normal | 0 | contact_slider | 第 1 轮 · 稳定 | 否 | 是 | 2 | 4:19 |
| normal | 0 | corrode | 第 3 轮 · 稳定 | 否 | 是 | 1 | 7:45 |
| normal | 0 | bullet | 第 1 轮 · 稳定 | 否 | 否 | 1 | 4:43 |
| normal | 0 | boss_path | 第 1 轮 · 稳定 | 否 | 是 | 1 | 5:04 |
| normal | 0 | dark | 第 1 轮 · 稳定 | 否 | 是 | 1 | 5:07 |
| normal | 0 | corrode | 第 2 轮 · 收缩 | 否 | 否 | 1 | 5:37 |
| normal | 0 | wound | 第 2 轮 · 稳定 | 否 | 是 | 1 | 8:52 |
| normal | 0 | atk_reaper | 第 1 轮 · 稳定 | 否 | 是 | 1 | 5:47 |
| normal | 0 | mire | 第 3 轮 · 收缩 | 否 | 是 | 1 | 9:34 |
| normal | 0 | contact_tracer | 第 1 轮 · 稳定 | 否 | 是 | 1 | 5:09 |
| normal | 0 | wound | 第 3 轮 · 预告 | 否 | 是 | 1 | 7:28 |
| normal | 0 | contact_slider | 第 2 轮 · 收缩 | 否 | 否 | 1 | 5:51 |
| normal | 0 | mire | 第 2 轮 · 预告 | 否 | 否 | 1 | 5:07 |
| normal | 0 | wound | 第 4 轮 · 稳定 | 否 | 是 | 1 | 10:34 |
| normal | 0 | shock | 第 1 轮 · 稳定 | 否 | 是 | 1 | 3:55 |
| normal | 0 | atk_nest | 第 1 轮 · 稳定 | 否 | 是 | 1 | 5:45 |
| normal | 0 | atk_tracer | 第 3 轮 · 预告 | 否 | 否 | 1 | 6:26 |

#### 同屏数量峰值（每局峰值的 平均 / 最大）

| 机器人 | 难度 | 局数 | 范围 | 敌人 | 敌方弹幕（含抛射） | 我方子弹 | 特效 | 飘字 |
|---|---|---|---|---|---|---|---|---|
| expert | 0 | 28 | 全程 | 277 / 454 | 90 / 156 | 2 / 8 | 391 / 515 | 45 / 48 |
| expert | 0 | 21 | 8:00–10:00 | 271 / 454 | 62 / 93 | 1 / 5 | 379 / 453 | 37 / 48 |
| normal | 0 | 28 | 全程 | 277 / 510 | 49 / 148 | 3 / 9 | 338 / 507 | 31 / 48 |
| normal | 0 | 4 | 8:00–10:00 | 415 / 510 | 58 / 76 | 1 / 5 | 431 / 503 | 27 / 48 |

### 大群（按第几次）

| 机器人 | 第几次 | 出现 | 时间 | 数量 | 清 80% 用时 均 / 中（清完/出现） | 20 秒内掉血 均 / 最大 | 30 秒内死亡 | 编成 |
|---|---|---|---|---|---|---|---|---|
| expert | 1 | 28 | 1:15 | 28 | 14s / 13s（28/28） | 2 / 14 | 0 | bone/slider/stone ×14；bone/slider ×14 |
| expert | 2 | 28 | 2:45 | 36 | 12s / 12s（28/28） | 3 / 18 | 0 | bone/slider ×14；bone/slider/stone ×14 |
| expert | 3 | 28 | 4:41 | 47 | 24s / 18s（28/28） | 15 / 79 | 0 | bone/offspring/slider/spitter ×8；bone/floater/runner/slider/tracer ×7；bone/slider/stone ×5 |
| expert | 4 | 27 | 6:00 | 54 | 19s / 15s（25/27） | 29 / 96 | 2 | bone/slider ×14；bone/floater/runner/slider/tracer ×9；bone/offspring/slider/spitter ×4 |
| expert | 5 | 22 | 7:47 | 64 | 15s / 10s（22/22） | 36 / 85 | 1 | bone/offspring/slider/stone ×10；slider/spitter ×7；bone/floater/founder/nest/runner/slider ×5 |
| expert | 6 | 16 | 8:47 | 70 | 13s / 10s（16/16） | 34 / 98 | 0 | floater/founder/nest/reaper/runner/slider/tracer ×6；slider/spitter ×4；offspring/slider/spitter/stone ×3 |
| expert | 7 | 5 | 9:16 | 72 | 13s / 13s（5/5） | 13 / 41 | 0 | floater/founder/nest/reaper/runner/slider/tracer ×2；offspring/slider/spitter/stone ×2；slider/spitter ×1 |
| normal | 1 | 28 | 1:15 | 28 | 9s / 9s（28/28） | 4 / 17 | 0 | bone/slider ×16；bone/slider/stone ×12 |
| normal | 2 | 28 | 2:45 | 36 | 12s / 12s（28/28） | 7 / 49 | 0 | bone/slider/stone ×16；bone/slider ×12 |
| normal | 3 | 25 | 4:45 | 47 | 26s / 21s（19/25） | 32 / 185 | 6 | bone/slider ×8；bone/floater/runner/slider/tracer ×6；bone/slider/stone ×3 |
| normal | 4 | 12 | 6:05 | 55 | 24s / 25s（12/12） | 36 / 115 | 0 | bone/offspring/slider/spitter ×5；bone/slider ×5；bone/floater/runner/slider/tracer ×2 |
| normal | 5 | 6 | 7:36 | 62 | 22s / 20s（4/6） | 33 / 119 | 2 | slider/spitter ×3；bone/offspring/slider/stone ×3 |
| normal | 6 | 4 | 8:55 | 70 | 21s / 16s（3/4） | 82 / 181 | 2 | slider/spitter ×3；floater/founder/nest/reaper/runner/slider/tracer ×1 |

### 按机器人汇总

| 机器人 | 局数 | 胜率 | 平均存活 | 3:30 存活 | 平均终局等级 | 平均击杀 | 目标（胜率 / 存活） | 判定 |
|---|---|---|---|---|---|---|---|---|
| normal | 28 | 0% | 6:21 | 100% | 17.2 | 2841 | 30–55% / 7:00–13:00 | **偏难** |
| expert | 28 | 39% | 10:54 | 100% | 25.9 | 7043 | 70–95% / 9:00–13:00 | **偏难** |

### 明细

| 编队 | n | 胜率 | 存活(均/最短) | 托底(次/首次) | Lv 2:00/5:00/8:00/末 | 终Boss剩余 | 精二占比 | 灯火 | 击杀 | 主要伤害来源 | 治疗来源(总量/无人机Lv) | 主要死因 |
|---|---|---|---|---|---|---|---|---|---|---|---|---|
| [expert] wisadel | 4 | 25% | 8:25 / 6:30 | 0.0 / - | 7 / 15 / 22 / 22 | 19% | 75% | 8 | 4540 | 殉爆 20% 余震 18% Mon3tr 7% 炮击 7% | 凯尔希 49% 拾取 39% 无人机 9% (406 / 0.5) | contact_tracer |
| [expert] eyjafjalla | 4 | 0% | 7:24 / 5:58 | 0.0 / - | 6 / 15 / 21 / 20 | 94% | 66% | 21 | 3630 | 火山弹 26% 熔岩天降 8% 火山 8% 锚击 7% | 流明 43% 拾取 40% 事件 14% (422 / 0.0) | bullet |
| [expert] skadi | 4 | 50% | 13:06 / 11:06 | 0.0 / - | 6 / 15 / 22 / 30 | 45% | 100% | 45 | 9378 | 大剑 30% 延展敏锐 13% Mon3tr 7% 余震 3% | 凯尔希 46% 塞雷娅 44% 拾取 7% (2142 / 0.0) | bullet |
| [expert] mizuki | 4 | 100% | 13:14 / 11:51 | 0.0 / - | 6 / 14 / 22 / 30 | - | 100% | 55 | 9574 | 触手 17% 伞击 12% Mon3tr 11% 锯刃 10% | 水月 60% 凯尔希 27% 塞雷娅 10% (1883 / 0.0) | bullet |
| [expert] saria | 4 | 50% | 13:17 / 11:35 | 0.0 / - | 5 / 14 / 22 / 30 | 55% | 100% | 44 | 8939 | 狐火 9% 殉爆 9% 锯刃 9% 余震 8% | 塞雷娅 66% 水月 14% 流明 10% (2042 / 0.0) | bullet |
| [expert] kaltsit | 4 | 50% | 10:33 / 7:55 | 0.0 / - | 6 / 14 / 22 / 26 | 75% | 100% | 17 | 6753 | Mon3tr · 真伤 18% Mon3tr 18% 锚击 11% 锯刃 6% | 凯尔希 96% 拾取 2% 事件 0% (1470 / 0.0) | bullet |
| [expert] suzuran | 4 | 0% | 10:18 / 6:00 | 0.0 / - | 6 / 14 / 22 / 24 | 47% | 83% | 32 | 6486 | 狐火 14% Mon3tr · 真伤 13% Mon3tr 10% 藏品 5% | 铃兰 49% 凯尔希 33% 流明 10% (1335 / 0.0) | wound |
| [normal] wisadel | 4 | 0% | 5:02 / 3:33 | 0.0 / - | 7 / 15 / 0 / 14 | 60% | 0% | 12 | 2014 | 炮击 21% 余震 20% 殉爆 10% 火山弹 10% | 事件 26% 凯尔希 22% 塞雷娅 20% (286 / 0.0) | contact_slider |
| [normal] eyjafjalla | 4 | 0% | 4:59 / 4:43 | 0.0 / - | 7 / 14 / 0 / 14 | 51% | 0% | 4 | 1760 | 火山弹 32% Mon3tr 10% 刺剑 10% 火星 9% | 事件 26% 无人机 25% 凯尔希 23% (133 / 0.5) | contact_slider |
| [normal] skadi | 4 | 0% | 6:15 / 4:55 | 0.0 / - | 6 / 14 / 21 / 17 | 81% | 0% | 12 | 2689 | 大剑 31% 火山弹 12% 余震 11% 炮击 7% | 拾取 75% 流明 19% 无人机 4% (276 / 0.5) | atk_reaper |
| [normal] mizuki | 4 | 0% | 7:06 / 5:09 | 0.0 / - | 6 / 14 / 21 / 18 | 66% | 16% | 22 | 3277 | 伞击 20% Mon3tr 11% 余震 11% 炮击 10% | 水月 36% 流明 24% 无人机 18% (755 / 0.8) | contact_slider |
| [normal] saria | 4 | 0% | 8:02 / 6:46 | 0.0 / - | 6 / 14 / 21 / 20 | 92% | 16% | 2 | 4045 | 拳击 14% 锤击 11% 刺剑 11% 锯刃 8% | 塞雷娅 84% 流明 11% 拾取 4% (893 / 0.0) | bullet |
| [normal] kaltsit | 4 | 0% | 6:22 / 5:07 | 0.0 / - | 6 / 15 / 0 / 18 | 73% | 8% | 10 | 2913 | Mon3tr 41% 狐火 18% 骑士 6% 火山弹 6% | 凯尔希 87% 流明 8% 铃兰 3% (990 / 0.0) | contact_slider |
| [normal] suzuran | 4 | 0% | 6:40 / 3:55 | 0.0 / - | 6 / 15 / 21 / 18 | 74% | 25% | 12 | 3188 | 狐火 30% 火山弹 12% 大剑 10% 殉爆 7% | 拾取 38% 铃兰 21% 塞雷娅 15% (564 / 0.2) | wound |

### 机器人指标（docs/29）

| 机器人 · 开局 | n | 胜率 | 存活 均/最短 | 3:30 存活 | 5:00 存活 | 首次招募 | 首次精一 / 精二 | 中期 Boss 击杀数 / 平均用时 | 受击/分 | 承伤/分 | 低血(<35%)秒 | 熄灯秒 | 静止% | 开局干员 伤害占比 / 每分钟 | 主要死因 |
|---|---|---|---|---|---|---|---|---|---|---|---|---|---|---|---|
| [expert] wisadel | 4 | 25% | 8:25 / 6:30 | 100% | 100% | 1:10 | 1:04 / 3:36 | 1.8 / 62s | 74.2 | 76 | 6 | 22 | 4 | 55% / 27802 | wound |
| [expert] eyjafjalla | 4 | 0% | 7:24 / 5:58 | 100% | 100% | 1:27 | 0:57 / 3:20 | 1.0 / 62s | 70.5 | 91 | 21 | 2 | 4 | 58% / 21336 | atk_reaper |
| [expert] skadi | 4 | 50% | 13:06 / 11:06 | 100% | 100% | 1:05 | 1:11 / 3:48 | 2.2 / 66s | 292.3 | 196 | 4 | 38 | 5 | 39% / 52485 | wound |
| [expert] mizuki | 4 | 100% | 13:14 / 11:51 | 100% | 100% | 1:10 | 0:57 / 3:06 | 2.5 / 75s | 236.0 | 148 | 0 | 80 | 6 | 39% / 49931 | - |
| [expert] saria | 4 | 50% | 13:17 / 11:35 | 100% | 100% | 1:27 | 0:52 / 3:11 | 2.0 / 121s | 272.3 | 170 | 7 | 32 | 4 | 9% / 9690 | wound |
| [expert] kaltsit | 4 | 50% | 10:33 / 7:55 | 100% | 100% | 1:43 | 1:25 / 4:47 | 1.8 / 86s | 191.2 | 145 | 6 | 83 | 6 | 40% / 30701 | wound |
| [expert] suzuran | 4 | 0% | 10:18 / 6:00 | 100% | 100% | 1:18 | 1:02 / 3:51 | 1.2 / 40s | 196.6 | 147 | 9 | 2 | 6 | 18% / 11219 | wound |
| [normal] wisadel | 4 | 0% | 5:02 / 3:33 | 100% | 50% | 1:07 | 3:46 / - | 0.5 / 28s | 41.5 | 87 | 8 | 43 | 0 | 54% / 10143 | corrode |
| [normal] eyjafjalla | 4 | 0% | 4:59 / 4:43 | 100% | 75% | 1:05 | 2:03 / - | 0.2 / 46s | 30.1 | 81 | 23 | 25 | 0 | 47% / 5793 | boss_path |
| [normal] skadi | 4 | 0% | 6:15 / 4:55 | 100% | 75% | 0:55 | 3:14 / - | 0.8 / 59s | 50.0 | 104 | 23 | 5 | 0 | 40% / 8317 | corrode |
| [normal] mizuki | 4 | 0% | 7:06 / 5:09 | 100% | 100% | 1:04 | 3:24 / 6:34 | 0.2 / 49s | 80.2 | 132 | 6 | 35 | 0 | 36% / 11498 | wound |
| [normal] saria | 4 | 0% | 8:02 / 6:46 | 100% | 100% | 0:50 | 3:46 / 8:07 | 0.2 / 36s | 103.7 | 126 | 20 | 84 | 0 | 21% / 7635 | wound |
| [normal] kaltsit | 4 | 0% | 6:22 / 5:07 | 100% | 100% | 1:08 | 4:01 / 5:54 | 0.8 / 70s | 82.3 | 172 | 6 | 80 | 0 | 41% / 12346 | contact_slider |
| [normal] suzuran | 4 | 0% | 6:40 / 3:55 | 100% | 75% | 0:56 | 1:52 / 6:32 | 0.8 / 49s | 83.1 | 110 | 21 | 4 | 0 | 32% / 8366 | atk_nest |

### 藏品（docs/35）

| 机器人 | 开局 | 局数 | 平均藏品数 | 藏品直接伤害 | 各流派 出现 / 拿取 | 无效拿取 |
|---|---|---|---|---|---|---|
| expert | eyjafjalla | 4 | 7.8 | 1.2% | A 7/4 B 4/3 C 6/5 D 7/2 E 3/2 F 1/0 G 10/1 H 10/1 通用 15/13 | 0 |
| expert | kaltsit | 4 | 10.8 | 0.0% | A 8/1 B 2/1 C 6/5 D 16/8 E 5/2 F 4/2 G 11/5 H 24/8 通用 14/11 | 0 |
| expert | mizuki | 4 | 10.8 | 3.0% | A 12/6 B 5/3 C 6/6 D 12/3 E 11/4 F 2/2 G 12/2 H 27/5 通用 19/14 | 0 |
| expert | saria | 4 | 10.2 | 4.2% | A 20/7 B 4/3 C 7/5 D 9/3 E 12/3 F 4/1 G 8/1 H 20/5 通用 17/13 | 0 |
| expert | skadi | 4 | 11.8 | 0.4% | A 14/6 B 8/6 C 11/7 D 7/4 E 9/1 F 4/3 G 14/2 H 25/5 通用 19/15 | 0 |
| expert | suzuran | 4 | 10.8 | 10.2% | A 5/3 B 3/1 C 8/5 D 11/2 E 4/1 G 15/4 H 29/9 通用 18/18 | 0 |
| expert | wisadel | 4 | 10.8 | 1.4% | A 14/4 B 2/2 C 10/8 D 2/0 E 6/0 F 3/1 G 6/1 H 29/12 通用 13/15 | 0 |
| normal | eyjafjalla | 4 | 2.2 | 0.0% | B 1/0 C 4/2 D 5/2 E 1/0 F 1/1 G 2/1 H 1/0 通用 3/3 | 0 |
| normal | kaltsit | 4 | 3.8 | 0.0% | A 1/0 B 2/1 D 2/0 E 4/2 F 1/0 G 2/1 H 3/1 通用 12/10 | 0 |
| normal | mizuki | 4 | 2.5 | 0.0% | A 4/1 B 2/0 C 1/1 D 2/1 G 5/2 H 5/2 通用 5/3 | 0 |
| normal | saria | 4 | 5.5 | 5.7% | A 2/0 B 1/1 C 3/0 D 4/0 E 4/2 G 3/0 H 11/4 通用 9/15 | 0 |
| normal | skadi | 4 | 3.2 | 0.6% | A 3/2 B 2/0 C 2/2 D 4/2 E 4/1 G 2/0 H 8/3 通用 8/3 | 0 |
| normal | suzuran | 4 | 5.8 | 1.3% | A 2/1 B 5/2 C 4/1 D 8/3 E 5/2 F 2/0 G 7/3 H 8/3 通用 11/9 | 0 |
| normal | wisadel | 4 | 2.0 | 2.5% | A 1/0 B 1/0 C 1/1 D 2/2 E 2/1 G 4/0 H 6/3 通用 1/1 | 0 |
| 合计 | | | | | A 93/35 B 42/23 C 69/48 D 91/32 E 70/21 F 22/10 G 101/23 H 206/61 通用 164/143 | |

拿取最多（出现 / 拿取）：海潮的气息 0/27，深蓝之心 0/17，“决心” 0/13，“观望” 0/11，散轶诗简 15/9，退行的罗辛南特 0/9，“犹疑” 0/8，黑色郁金香 10/8，恐鱼干 24/8，羽兽肝酱 9/7，阿卡胡拉饭碗 16/7，凯旋号角 10/7
耗时 915s
写入 build/cloud/close3-t0h/close3-t0h_0929_1353.{json,md}
