跑 28 局（1 流派 × 1 机器人 × 7 编队 × 4 seed），并行 4（全机上限 4），源文件摘要 2a117aa3a489f3e6
### 最终 Boss（按类型；上面的「终局」列是四种混算）

| 机器人 | 最终 Boss | 结局 | 出场 | 击杀 | 用时 均 / 中 / 最短–最长 | 未击杀时剩余血量 |
|---|---|---|---|---|---|---|
| expert | 伊祖米克 | deep 14 | 14 | 13 | 48s / 40s / 20–101s | 83% |
| expert | 偏执泡影 | standard 5 | 5 | 5 | 55s / 47s / 37–83s | - |
| expert | 最后的骑士 | knight 4 | 4 | 4 | 90s / 92s / 12–166s | - |
| expert | 伊莎玛拉 | resolve 3 | 3 | 3 | 44s / 53s / 23–56s | - |

### 难度 / 缩圈 / 同屏峰值

#### 前 3 分钟

| 机器人 | 难度 | 局数 | 3:00 前死亡 | 前 3 分钟承伤 均 / 中 | 3:00 时生命 |
|---|---|---|---|---|---|
| expert | 0 | 28 | 0% | 15 / 14 | 100% |

#### 死因 × 缩圈阶段 × Boss 在场（失败的局）

| 机器人 | 难度 | 死因 | 缩圈（第几轮 · 阶段） | 圈外 | Boss 在场 | 局数 | 平均死亡时间 |
|---|---|---|---|---|---|---|---|
| expert | 0 | bullet | 第 1 轮 · 稳定 | 否 | 是 | 1 | 13:00 |
| expert | 0 | mire | 第 4 轮 · 稳定 | 否 | 否 | 1 | 8:57 |
| expert | 0 | contact_hulk | 第 3 轮 · 收缩 | 否 | 否 | 1 | 9:03 |

#### 同屏数量峰值（每局峰值的 平均 / 最大）

| 机器人 | 难度 | 局数 | 范围 | 敌人 | 敌方弹幕（含抛射） | 我方子弹 | 特效 | 飘字 |
|---|---|---|---|---|---|---|---|---|
| expert | 0 | 28 | 全程 | 246 / 450 | 48 / 108 | 3 / 10 | 398 / 453 | 48 / 48 |
| expert | 0 | 28 | 8:00–10:00 | 224 / 296 | 40 / 64 | 3 / 9 | 380 / 437 | 48 / 48 |

### 大群（按第几次）

| 机器人 | 第几次 | 出现 | 时间 | 数量 | 清 80% 用时 均 / 中（清完/出现） | 20 秒内掉血 均 / 最大 | 30 秒内死亡 | 编成 |
|---|---|---|---|---|---|---|---|---|
| expert | 1 | 28 | 1:15 | 26 | 19s / 10s（28/28） | 2 / 12 | 0 | bone/slider ×14；bone/slider/stone ×14 |
| expert | 2 | 28 | 2:45 | 33 | 12s / 12s（27/28） | 3 / 8 | 0 | bone/slider/stone ×14；bone/slider ×14 |
| expert | 3 | 26 | 4:48 | 44 | 13s / 11s（26/26） | 4 / 23 | 0 | bone/offspring/ripper/slider/stone ×6；bone/floater/ripper/runner/slider/tracer ×6；bone/floater/ripper/runner/slider ×5 |
| expert | 4 | 26 | 5:44 | 48 | 14s / 12s（26/26） | 7 / 32 | 0 | bone/burrower/ripper/slider ×11；bone/offspring/ripper/slider/spitter ×7；bone/floater/ripper/runner/slider/tracer ×6 |
| expert | 5 | 26 | 7:13 | 56 | 12s / 10s（26/26） | 16 / 55 | 0 | bone/burrower/offspring/ripper/slider/stone ×11；bone/floater/founder/nest/ripper/runner/slider ×10；burrower/ripper/slider/spitter ×5 |
| expert | 6 | 24 | 8:08 | 60 | 11s / 9s（24/24） | 12 / 48 | 0 | burrower/ripper/slider/spitter ×10；bone/floater/founder/nest/ripper/runner/slider ×9；bone/burrower/offspring/ripper/slider/stone ×5 |
| expert | 7 | 22 | 9:17 | 66 | 9s / 8s（22/22） | 18 / 84 | 0 | burrower/hulk/ripper/slider/spitter ×8；burrower/floater/founder/nest/reaper/ripper/runner/slider/tracer ×7；burrower/offspring/ripper/slider/spitter/stone ×7 |

| 编队 | n | 胜率 | 存活(均/最短) | 托底(次/首次) | Lv 2:00/5:00/8:00/末 | 终Boss剩余 | 精二占比 | 灯火 | 击杀 | 主要伤害来源 | 治疗来源(总量/无人机Lv) | 主要死因 |
|---|---|---|---|---|---|---|---|---|---|---|---|---|
| [expert] wisadel | 4 | 100% | 10:57 / 10:49 | 0.0 / - | 7 / 16 / 26 / 35 | - | 100% | 61 | 6736 | 殉爆 21% 余震 18% 饱和炮击 11% 言 4% | 流明 46% 无人机 22% 拾取 17% (272 / 1.5) | bullet |
| [expert] eyjafjalla | 4 | 100% | 10:56 / 10:36 | 0.0 / - | 6 / 16 / 26 / 34 | - | 100% | 67 | 6628 | 火山弹 20% 火山 12% 熔岩天降 9% 触手 5% | 塞雷娅 45% 凯尔希 24% 水月 17% (629 / 0.0) | bullet |
| [expert] skadi | 4 | 75% | 11:26 / 10:35 | 0.0 / - | 7 / 15 / 24 / 34 | 83% | 100% | 77 | 6653 | 大剑 27% 锯刃 9% 触手 5% 跃浪 5% | 流明 35% 无人机 24% 水月 23% (405 / 1.0) | bullet |
| [expert] mizuki | 4 | 75% | 10:07 / 8:57 | 0.0 / - | 7 / 16 / 26 / 32 | - | 100% | 75 | 5936 | 触手 26% 伞击 11% 锯刃 8% 火山弹 6% | 水月 64% 流明 20% 拾取 6% (423 / 0.5) | bullet |
| [expert] saria | 4 | 100% | 11:00 / 10:37 | 0.0 / - | 5 / 15 / 25 / 34 | - | 100% | 82 | 6376 | 锯刃 19% 锚击 8% 火山弹 7% 伞击 5% | 塞雷娅 74% 水月 12% 凯尔希 11% (797 / 0.0) | bullet |
| [expert] kaltsit | 4 | 100% | 10:54 / 10:12 | 0.0 / - | 4 / 15 / 25 / 34 | - | 100% | 79 | 6435 | Mon3tr 13% Mon3tr · 真伤 9% 触手 9% 大剑 6% | 凯尔希 75% 水月 11% 流明 10% (625 / 0.0) | bullet |
| [expert] suzuran | 4 | 75% | 10:44 / 9:03 | 0.0 / - | 6 / 15 / 24 / 32 | 2% | 100% | 72 | 5983 | 锚击 23% 狐火 11% 掷锚 8% 必须开辟 7% | 塞雷娅 40% 流明 38% 铃兰 14% (856 / 0.0) | bullet |

### 机器人指标（docs/29）

| 机器人 · 开局 | n | 胜率 | 存活 均/最短 | 3:30 存活 | 5:00 存活 | 首次招募 | 首次精一 / 精二 | 中期 Boss 击杀数 / 平均用时 | 受击/分 | 承伤/分 | 低血(<35%)秒 | 熄灯秒 | 静止% | 开局干员 伤害占比 / 每分钟 | 主要死因 |
|---|---|---|---|---|---|---|---|---|---|---|---|---|---|---|---|
| [expert] wisadel | 4 | 100% | 10:57 / 10:49 | 100% | 100% | 1:20 | 0:57 / 2:39 | 2.8 / 19s | 7.5 | 38 | 0 | 0 | 17 | 58% / 64464 | - |
| [expert] eyjafjalla | 4 | 100% | 10:56 / 10:36 | 100% | 100% | 1:39 | 0:59 / 3:08 | 2.0 / 49s | 19.1 | 68 | 0 | 8 | 15 | 57% / 61760 | - |
| [expert] skadi | 4 | 75% | 11:26 / 10:35 | 100% | 100% | 0:56 | 0:42 / 5:03 | 2.2 / 125s | 15.8 | 60 | 1 | 0 | 12 | 39% / 37792 | bullet |
| [expert] mizuki | 4 | 75% | 10:07 / 8:57 | 100% | 100% | 1:19 | 0:52 / 3:54 | 2.8 / 36s | 10.3 | 48 | 1 | 0 | 16 | 45% / 42012 | mire |
| [expert] saria | 4 | 100% | 11:00 / 10:37 | 100% | 100% | 2:11 | 0:49 / 3:48 | 2.2 / 108s | 24.8 | 83 | 4 | 10 | 12 | 7% / 7400 | - |
| [expert] kaltsit | 4 | 100% | 10:54 / 10:12 | 100% | 100% | 1:58 | 1:47 / 3:06 | 2.0 / 52s | 17.0 | 66 | 0 | 0 | 16 | 24% / 24555 | - |
| [expert] suzuran | 4 | 75% | 10:44 / 9:03 | 100% | 100% | 1:54 | 1:03 / 3:15 | 2.2 / 104s | 37.5 | 102 | 2 | 0 | 12 | 18% / 16611 | contact_hulk |

### 藏品（docs/35）

| 机器人 | 开局 | 局数 | 平均藏品数 | 藏品直接伤害 | 各流派 出现 / 拿取 | 无效拿取 |
|---|---|---|---|---|---|---|
| expert | eyjafjalla | 4 | 33.2 | 5.3% | A 36/13 B 12/6 C 40/17 D 30/7 E 24/5 F 10/6 G 27/11 H 77/23 通用 96/47 | 0 |
| expert | kaltsit | 4 | 28.5 | 5.0% | A 45/14 B 16/9 C 29/14 D 25/7 E 34/8 F 6/1 G 25/9 H 58/20 通用 59/33 | 0 |
| expert | mizuki | 4 | 30.0 | 7.6% | A 24/7 B 10/4 C 22/7 D 32/6 E 33/11 F 2/0 G 28/18 H 69/24 通用 78/43 | 0 |
| expert | saria | 4 | 26.0 | 8.7% | A 38/10 B 14/4 C 32/16 D 23/4 E 30/5 F 7/4 G 26/11 H 63/16 通用 70/35 | 0 |
| expert | skadi | 4 | 27.2 | 1.7% | A 43/15 B 11/6 C 20/10 D 19/2 E 26/3 F 12/5 G 23/9 H 71/24 通用 70/36 | 0 |
| expert | suzuran | 4 | 27.8 | 7.2% | A 43/10 B 19/10 C 32/14 D 34/8 E 23/7 F 9/5 G 28/9 H 67/17 通用 74/33 | 0 |
| expert | wisadel | 4 | 33.0 | 3.3% | A 28/9 B 10/6 C 42/20 D 28/7 E 48/12 F 12/5 G 29/12 H 58/20 通用 79/42 | 0 |
| 合计 | | | | | A 257/78 B 92/45 C 217/98 D 191/41 E 218/51 F 58/26 G 186/79 H 463/144 通用 526/269 | |

拿取最多（出现 / 拿取）：“犹疑” 0/29，“观望” 0/29，“决心” 0/20，深蓝之心 0/17，老蒲扇 20/15，古高卢银币 24/14，游戏室管理员权限卡 24/14，凯旋号角 64/13，演出用香水 20/13，海潮的气息 0/12，涡旋座 36/11，贵族刺剑 66/11
耗时 415s
写入 build/cloud/early3-v3x/e3_v3x_0926_1545.{json,md}
