跑 28 局（1 流派 × 1 机器人 × 7 编队 × 4 seed），并行 4（全机上限 4），源文件摘要 0a755506b2731277
### 最终 Boss（按类型；上面的「终局」列是四种混算）

| 机器人 | 最终 Boss | 结局 | 出场 | 击杀 | 用时 均 / 中 / 最短–最长 | 未击杀时剩余血量 |
|---|---|---|---|---|---|---|
| normal | 偏执泡影 | standard 1 | 1 | 1 | 25s / 25s / 25–25s | - |

### 难度 / 缩圈 / 同屏峰值

#### 前 3 分钟

| 机器人 | 难度 | 局数 | 3:00 前死亡 | 前 3 分钟承伤 均 / 中 | 3:00 时生命 |
|---|---|---|---|---|---|
| normal | 6 | 28 | 0% | 30 / 22 | 99% |

#### 死因 × 缩圈阶段 × Boss 在场（失败的局）

| 机器人 | 难度 | 死因 | 缩圈（第几轮 · 阶段） | 圈外 | Boss 在场 | 局数 | 平均死亡时间 |
|---|---|---|---|---|---|---|---|
| normal | 6 | corrode | 第 2 轮 · 稳定 | 否 | 否 | 3 | 4:59 |
| normal | 6 | boss_tracer | 第 3 轮 · 稳定 | 否 | 否 | 2 | 6:30 |
| normal | 6 | corrode | 第 4 轮 · 收缩 | 否 | 是 | 2 | 7:26 |
| normal | 6 | mire | 第 3 轮 · 收缩 | 否 | 否 | 2 | 5:59 |
| normal | 6 | corrode | 第 4 轮 · 预告 | 否 | 是 | 2 | 7:14 |
| normal | 6 | mire | 第 1 轮 · 稳定 | 否 | 是 | 1 | 3:40 |
| normal | 6 | boss_carmen | 第 4 轮 · 预告 | 否 | 是 | 1 | 7:12 |
| normal | 6 | contact_tracer | 第 3 轮 · 预告 | 否 | 否 | 1 | 5:34 |
| normal | 6 | bullet | 第 2 轮 · 稳定 | 否 | 是 | 1 | 4:49 |
| normal | 6 | contact_mimic | 第 1 轮 · 稳定 | 否 | 是 | 1 | 3:40 |
| normal | 6 | shock | 第 4 轮 · 预告 | 否 | 是 | 1 | 7:01 |
| normal | 6 | contact_mimic | 第 3 轮 · 稳定 | 否 | 否 | 1 | 6:33 |
| normal | 6 | boss_tracer | 第 4 轮 · 收缩 | 否 | 是 | 1 | 7:32 |
| normal | 6 | corrode | 第 2 轮 · 稳定 | 否 | 是 | 1 | 5:04 |
| normal | 6 | contact_tracer | 第 2 轮 · 稳定 | 否 | 是 | 1 | 5:04 |
| normal | 6 | mire | 第 4 轮 · 预告 | 否 | 是 | 1 | 7:16 |
| normal | 6 | shock | 第 3 轮 · 稳定 | 否 | 否 | 1 | 6:47 |
| normal | 6 | bullet | 第 4 轮 · 收缩 | 否 | 是 | 1 | 7:29 |
| normal | 6 | contact_tracer | 第 3 轮 · 预告 | 否 | 是 | 1 | 5:39 |
| normal | 6 | mire | 第 3 轮 · 预告 | 否 | 否 | 1 | 5:32 |
| normal | 6 | boss_burrower | 第 3 轮 · 收缩 | 否 | 否 | 1 | 5:56 |

#### 同屏数量峰值（每局峰值的 平均 / 最大）

| 机器人 | 难度 | 局数 | 范围 | 敌人 | 敌方弹幕（含抛射） | 我方子弹 | 特效 | 飘字 |
|---|---|---|---|---|---|---|---|---|
| normal | 6 | 28 | 全程 | 243 / 366 | 31 / 55 | 3 / 8 | 313 / 437 | 42 / 48 |
| normal | 6 | 1 | 8:00–10:00 | 196 / 196 | 31 / 31 | 5 / 5 | 393 / 393 | 48 / 48 |

| 编队 | n | 胜率 | 存活(均/最短) | 托底(次/首次) | Lv 2:00/5:00/8:00/末 | 终Boss剩余 | 精二占比 | 灯火 | 击杀 | 主要伤害来源 | 治疗来源(总量/无人机Lv) | 主要死因 |
|---|---|---|---|---|---|---|---|---|---|---|---|---|
| wisadel | 4 | 0% | 5:37 / 3:40 | 0.0 / - | 7 / 17 / 0 / 17 | 81% | 0% | 51 | 2200 | 余震 20% 炮击 20% 殉爆 12% 狐火 12% | 拾取 29% 流明 23% 商店 13% (138 / 0.0) | boss_tracer |
| eyjafjalla | 4 | 0% | 5:16 / 3:40 | 0.0 / - | 7 / 14 / 0 / 14 | 70% | 0% | 49 | 1706 | 火山弹 38% 锯刃 13% 火星 8% 大剑 7% | 拾取 51% 流明 34% 塞雷娅 11% (233 / 0.2) | shock |
| skadi | 4 | 0% | 6:40 / 5:04 | 0.0 / - | 7 / 15 / 0 / 20 | 72% | 0% | 5 | 2746 | 大剑 26% 余震 14% 炮击 8% 火山弹 7% | 无人机 27% 拾取 25% 塞雷娅 21% (207 / 0.8) | bullet |
| mizuki | 4 | 25% | 7:31 / 5:04 | 0.0 / - | 6 / 15 / 26 / 23 | 76% | 8% | 10 | 3528 | 伞击 17% 触手 15% 大剑 11% 锯刃 8% | 水月 62% 凯尔希 19% 塞雷娅 7% (398 / 0.0) | bullet |
| saria | 4 | 0% | 6:41 / 6:03 | 0.0 / - | 6 / 15 / 0 / 20 | 100% | 8% | 22 | 2614 | 锤击 17% 锯刃 14% 拳击 13% 骑士 8% | 塞雷娅 94% 无人机 4% 拾取 1% (667 / 0.5) | shock |
| kaltsit | 4 | 0% | 5:48 / 4:55 | 0.0 / - | 7 / 15 / 0 / 18 | 22% | 0% | 0 | 2170 | Mon3tr 49% 大剑 10% 狐火 7% 骑士 6% | 凯尔希 88% 流明 7% 铃兰 1% (483 / 0.2) | contact_ripper |
| suzuran | 4 | 0% | 6:03 / 5:01 | 0.0 / - | 6 / 15 / 0 / 18 | 91% | 0% | 13 | 2349 | 狐火 40% 锚击 11% 掷锚 7% 伞击 7% | 铃兰 54% 拾取 28% 塞雷娅 17% (111 / 0.0) | bullet |

### 机器人指标（docs/29）

| 机器人 · 开局 | n | 胜率 | 存活 均/最短 | 3:30 存活 | 5:00 存活 | 首次招募 | 首次精一 / 精二 | 中期 Boss 击杀数 / 平均用时 | 受击/分 | 承伤/分 | 低血(<35%)秒 | 熄灯秒 | 静止% | 开局干员 伤害占比 / 每分钟 | 主要死因 |
|---|---|---|---|---|---|---|---|---|---|---|---|---|---|---|---|
| wisadel | 4 | 0% | 5:37 / 3:40 | 100% | 75% | 1:19 | 3:12 / - | 0.8 / 33s | 21.6 | 62 | 4 | 0 | 0 | 58% / 15440 | mire |
| eyjafjalla | 4 | 0% | 5:16 / 3:40 | 100% | 50% | 1:17 | 4:18 / - | 0.2 / 54s | 16.7 | 76 | 8 | 0 | 0 | 52% / 9481 | bullet |
| skadi | 4 | 0% | 6:40 / 5:04 | 100% | 100% | 1:14 | 3:32 / - | 0.8 / 47s | 29.4 | 98 | 6 | 4 | 0 | 39% / 13571 | corrode |
| mizuki | 4 | 25% | 7:31 / 5:04 | 100% | 100% | 1:28 | 4:07 / 6:05 | 1.2 / 73s | 34.6 | 87 | 14 | 9 | 0 | 40% / 22248 | contact_tracer |
| saria | 4 | 0% | 6:41 / 6:03 | 100% | 100% | 1:19 | 3:45 / 6:53 | 0.8 / 73s | 22.5 | 108 | 2 | 55 | 0 | 19% / 5378 | bullet |
| kaltsit | 4 | 0% | 5:48 / 4:55 | 100% | 75% | 1:20 | 3:32 / - | 0.8 / 73s | 61.3 | 112 | 2 | 21 | 0 | 50% / 11809 | corrode |
| suzuran | 4 | 0% | 6:03 / 5:01 | 100% | 100% | 1:32 | 3:25 / - | 1.0 / 51s | 14.8 | 62 | 8 | 1 | 0 | 40% / 9929 | corrode |

### 藏品（docs/35）

| 机器人 | 开局 | 局数 | 平均藏品数 | 藏品直接伤害 | 各流派 出现 / 拿取 | 无效拿取 |
|---|---|---|---|---|---|---|
| normal | eyjafjalla | 4 | 5.2 | 0.1% | A 5/1 B 2/1 C 4/3 D 6/2 E 5/2 G 5/1 H 8/2 通用 16/9 | 0 |
| normal | kaltsit | 4 | 7.0 | 0.4% | A 9/2 B 2/0 C 5/2 D 9/3 E 10/5 F 1/0 G 3/1 H 14/4 通用 16/11 | 0 |
| normal | mizuki | 4 | 13.8 | 2.2% | A 23/8 B 6/1 C 18/7 D 10/5 E 13/5 G 13/4 H 18/2 通用 36/23 | 0 |
| normal | saria | 4 | 7.5 | 0.0% | A 9/5 B 3/0 C 3/1 D 6/2 E 6/0 F 1/1 G 14/5 H 12/3 通用 22/13 | 0 |
| normal | skadi | 4 | 11.2 | 0.5% | A 15/7 B 6/2 C 6/4 D 8/2 E 7/2 F 1/1 G 13/5 H 14/5 通用 26/17 | 0 |
| normal | suzuran | 4 | 9.2 | 0.5% | A 11/3 B 5/3 C 4/1 D 8/4 E 10/1 F 2/1 G 8/3 H 14/5 通用 22/16 | 0 |
| normal | wisadel | 4 | 10.8 | 0.0% | A 9/5 B 1/0 C 14/7 D 9/1 E 5/2 F 1/0 G 11/2 H 17/7 通用 29/19 | 0 |
| 合计 | | | | | A 81/31 B 25/7 C 54/25 D 56/19 E 56/17 F 6/3 G 67/21 H 97/28 通用 167/108 | |

拿取最多（出现 / 拿取）：海潮的气息 0/10，古旧钱币 15/10，羽兽肝酱 14/10，老近卫军之锋 16/9，制式防暴用具 13/8，“犹疑” 0/8，凯旋号角 12/7，镶金骨骰 15/7，皇帝的收藏 13/7，皇帝的恩宠 13/7，显圣吊坠 16/6，聚火源石虫 13/6
耗时 180s
写入 build/cloud/dcn-b/dcn_d6_0926_1531.{json,md}
跑 28 局（1 流派 × 1 机器人 × 7 编队 × 4 seed），并行 4（全机上限 4），源文件摘要 0a755506b2731277
### 最终 Boss（按类型；上面的「终局」列是四种混算）

| 机器人 | 最终 Boss | 结局 | 出场 | 击杀 | 用时 均 / 中 / 最短–最长 | 未击杀时剩余血量 |
|---|---|---|---|---|---|---|
| normal | 偏执泡影 | standard 3 | 3 | 2 | 33s / 33s / 23–43s | 13% |
| normal | 最后的骑士 | knight 3 | 3 | 3 | 41s / 43s / 23–57s | - |
| normal | 伊祖米克 | deep 2 | 2 | 2 | 85s / 85s / 60–111s | - |
| normal | 伊莎玛拉 | resolve 1 | 1 | 1 | 58s / 58s / 58–58s | - |

### 难度 / 缩圈 / 同屏峰值

#### 前 3 分钟

| 机器人 | 难度 | 局数 | 3:00 前死亡 | 前 3 分钟承伤 均 / 中 | 3:00 时生命 |
|---|---|---|---|---|---|
| normal | 8 | 28 | 0% | 31 / 28 | 98% |

#### 死因 × 缩圈阶段 × Boss 在场（失败的局）

| 机器人 | 难度 | 死因 | 缩圈（第几轮 · 阶段） | 圈外 | Boss 在场 | 局数 | 平均死亡时间 |
|---|---|---|---|---|---|---|---|
| normal | 8 | boss_iberia | 第 2 轮 · 稳定 | 否 | 是 | 2 | 4:55 |
| normal | 8 | mire | 第 3 轮 · 稳定 | 否 | 否 | 2 | 6:20 |
| normal | 8 | corrode | 第 2 轮 · 稳定 | 否 | 是 | 2 | 5:14 |
| normal | 8 | mire | 第 2 轮 · 稳定 | 否 | 否 | 1 | 5:18 |
| normal | 8 | contact_slider | 第 2 轮 · 稳定 | 否 | 否 | 1 | 5:10 |
| normal | 8 | corrode | 第 5 轮 · 稳定 | 否 | 是 | 1 | 10:21 |
| normal | 8 | corrode | 第 4 轮 · 收缩 | 否 | 是 | 1 | 7:35 |
| normal | 8 | contact_tracer | 第 3 轮 · 预告 | 否 | 是 | 1 | 5:45 |
| normal | 8 | bullet | 第 3 轮 · 稳定 | 否 | 否 | 1 | 6:57 |
| normal | 8 | contact_tracer | 第 3 轮 · 稳定 | 否 | 否 | 1 | 6:22 |
| normal | 8 | corrode | 第 1 轮 · 稳定 | 否 | 是 | 1 | 3:52 |
| normal | 8 | corrode | 第 4 轮 · 稳定 | 否 | 是 | 1 | 7:52 |
| normal | 8 | mire | 第 3 轮 · 收缩 | 否 | 否 | 1 | 6:14 |
| normal | 8 | mire | 第 3 轮 · 收缩 | 否 | 是 | 1 | 5:59 |
| normal | 8 | bullet | 第 4 轮 · 收缩 | 否 | 是 | 1 | 7:35 |
| normal | 8 | bullet | 第 4 轮 · 稳定 | 否 | 是 | 1 | 7:58 |
| normal | 8 | boss_reaper | 第 2 轮 · 稳定 | 否 | 是 | 1 | 5:03 |

#### 同屏数量峰值（每局峰值的 平均 / 最大）

| 机器人 | 难度 | 局数 | 范围 | 敌人 | 敌方弹幕（含抛射） | 我方子弹 | 特效 | 飘字 |
|---|---|---|---|---|---|---|---|---|
| normal | 8 | 28 | 全程 | 278 / 438 | 38 / 133 | 3 / 9 | 340 / 479 | 45 / 48 |
| normal | 8 | 9 | 8:00–10:00 | 263 / 321 | 49 / 90 | 2 / 9 | 364 / 425 | 48 / 48 |

| 编队 | n | 胜率 | 存活(均/最短) | 托底(次/首次) | Lv 2:00/5:00/8:00/末 | 终Boss剩余 | 精二占比 | 灯火 | 击杀 | 主要伤害来源 | 治疗来源(总量/无人机Lv) | 主要死因 |
|---|---|---|---|---|---|---|---|---|---|---|---|---|
| wisadel | 4 | 0% | 6:27 / 5:01 | 0.0 / - | 7 / 16 / 26 / 20 | 46% | 8% | 36 | 2934 | 余震 26% 殉爆 19% 炮击 17% 骑士 6% | 拾取 45% 塞雷娅 42% 流明 7% (105 / 0.0) | bullet |
| eyjafjalla | 4 | 0% | 6:16 / 4:49 | 0.0 / - | 7 / 14 / 0 / 18 | 92% | 0% | 23 | 2322 | 火山弹 41% 刺剑 8% 大剑 8% 拳击 6% | 塞雷娅 35% 商店 25% 无人机 19% (255 / 0.5) | bullet |
| skadi | 4 | 75% | 9:36 / 6:22 | 0.0 / - | 7 / 16 / 26 / 30 | - | 50% | 52 | 5667 | 大剑 22% 锯刃 15% Mon3tr 7% 火山弹 6% | 拾取 54% 流明 19% 凯尔希 12% (683 / 0.8) | bullet |
| mizuki | 4 | 25% | 6:25 / 3:52 | 0.0 / - | 6 / 15 / 25 / 20 | 63% | 9% | 24 | 2918 | 伞击 22% 触手 18% 骑士 10% 锯刃 9% | 水月 39% 塞雷娅 25% 凯尔希 10% (329 / 0.0) | bullet |
| saria | 4 | 50% | 9:15 / 6:20 | 0.0 / - | 7 / 14 / 24 / 28 | 11% | 25% | 40 | 4961 | Mon3tr 18% 刺剑 12% 拳击 11% 锚击 8% | 塞雷娅 77% 凯尔希 11% 流明 4% (1163 / 0.2) | bullet |
| kaltsit | 4 | 25% | 7:07 / 5:20 | 0.0 / - | 6 / 15 / 25 / 22 | 51% | 33% | 20 | 3436 | Mon3tr 39% 刺剑 10% Mon3tr · 真伤 7% 掷锚 6% | 凯尔希 87% 塞雷娅 11% 拾取 0% (1073 / 0.0) | boss_tracer |
| suzuran | 4 | 25% | 7:49 / 5:03 | 0.0 / - | 7 / 15 / 24 / 24 | 85% | 25% | 28 | 3766 | 狐火 30% 大剑 24% Mon3tr 8% 锤击 5% | 铃兰 34% 塞雷娅 23% 凯尔希 14% (639 / 0.2) | bullet |

### 机器人指标（docs/29）

| 机器人 · 开局 | n | 胜率 | 存活 均/最短 | 3:30 存活 | 5:00 存活 | 首次招募 | 首次精一 / 精二 | 中期 Boss 击杀数 / 平均用时 | 受击/分 | 承伤/分 | 低血(<35%)秒 | 熄灯秒 | 静止% | 开局干员 伤害占比 / 每分钟 | 主要死因 |
|---|---|---|---|---|---|---|---|---|---|---|---|---|---|---|---|
| wisadel | 4 | 0% | 6:27 / 5:01 | 100% | 100% | 1:18 | 2:22 / 7:06 | 1.0 / 32s | 19.9 | 61 | 15 | 2 | 0 | 70% / 31997 | contact_slider |
| eyjafjalla | 4 | 0% | 6:16 / 4:49 | 100% | 75% | 1:18 | 4:17 / - | 0.2 / 79s | 35.7 | 88 | 21 | 4 | 0 | 53% / 12992 | bullet |
| skadi | 4 | 75% | 9:36 / 6:22 | 100% | 100% | 1:18 | 3:06 / 7:35 | 2.2 / 37s | 34.0 | 105 | 2 | 26 | 0 | 32% / 25678 | contact_tracer |
| mizuki | 4 | 25% | 6:25 / 3:52 | 100% | 75% | 1:29 | 4:14 / 5:46 | 1.0 / 42s | 29.0 | 73 | 2 | 4 | 0 | 50% / 13811 | corrode |
| saria | 4 | 50% | 9:15 / 6:20 | 100% | 100% | 1:16 | 4:02 / 5:55 | 2.0 / 147s | 55.5 | 140 | 3 | 14 | 0 | 15% / 11333 | mire |
| kaltsit | 4 | 25% | 7:07 / 5:20 | 100% | 100% | 1:25 | 3:53 / 6:10 | 1.0 / 46s | 59.0 | 150 | 1 | 33 | 0 | 49% / 25454 | mire |
| suzuran | 4 | 25% | 7:49 / 5:03 | 100% | 100% | 1:19 | 4:01 / 7:08 | 1.0 / 91s | 31.1 | 101 | 16 | 7 | 0 | 31% / 11651 | bullet |

### 藏品（docs/35）

| 机器人 | 开局 | 局数 | 平均藏品数 | 藏品直接伤害 | 各流派 出现 / 拿取 | 无效拿取 |
|---|---|---|---|---|---|---|
| normal | eyjafjalla | 4 | 7.2 | 3.9% | A 7/3 B 8/3 C 7/3 D 8/1 E 9/5 F 2/1 G 4/1 H 10/3 通用 15/9 | 0 |
| normal | kaltsit | 4 | 12.0 | 0.1% | A 17/7 B 4/0 C 8/2 D 6/2 E 13/2 F 2/0 G 11/5 H 26/14 通用 34/16 | 0 |
| normal | mizuki | 4 | 10.8 | 0.0% | A 15/6 B 6/1 C 7/0 D 16/3 E 8/1 F 1/1 G 11/4 H 23/10 通用 37/17 | 0 |
| normal | saria | 4 | 26.0 | 0.5% | A 39/8 B 14/3 C 37/14 D 25/8 E 31/6 F 8/6 G 27/10 H 52/13 通用 74/38 | 0 |
| normal | skadi | 4 | 27.5 | 1.1% | A 35/8 B 9/3 C 40/11 D 27/13 E 23/6 F 9/2 G 34/8 H 58/22 通用 68/37 | 0 |
| normal | suzuran | 4 | 14.5 | 7.9% | A 20/6 B 8/1 C 10/6 D 8/5 E 10/5 F 5/0 G 10/0 H 35/12 通用 38/23 | 0 |
| normal | wisadel | 4 | 9.5 | 0.0% | A 10/4 B 1/0 C 14/6 D 5/0 E 13/6 F 4/2 G 11/3 H 17/7 通用 20/10 | 0 |
| 合计 | | | | | A 143/42 B 50/11 C 123/42 D 95/32 E 107/31 F 31/12 G 108/31 H 221/81 通用 286/150 | |

拿取最多（出现 / 拿取）：“观望” 0/15，凯旋号角 32/14，难闻的止血剂 23/12，“决心” 0/11，贵族刺剑 29/11，教母的信物 23/11，海潮的气息 0/10，老近卫军之锋 25/10，显圣吊坠 27/9，镶金骨骰 25/9，涡旋座 23/9，指路鳞 16/9
耗时 233s
写入 build/cloud/dcn-b/dcn_d8_0926_1535.{json,md}
跑 28 局（1 流派 × 1 机器人 × 7 编队 × 4 seed），并行 4（全机上限 4），源文件摘要 0a755506b2731277
### 最终 Boss（按类型；上面的「终局」列是四种混算）

| 机器人 | 最终 Boss | 结局 | 出场 | 击杀 | 用时 均 / 中 / 最短–最长 | 未击杀时剩余血量 |
|---|---|---|---|---|---|---|
| normal | 伊祖米克 | deep 1 | 1 | 1 | 50s / 50s / 50–50s | - |
| normal | 偏执泡影 | standard 1 | 1 | 1 | 69s / 69s / 69–69s | - |

### 难度 / 缩圈 / 同屏峰值

#### 前 3 分钟

| 机器人 | 难度 | 局数 | 3:00 前死亡 | 前 3 分钟承伤 均 / 中 | 3:00 时生命 |
|---|---|---|---|---|---|
| normal | 10 | 28 | 0% | 42 / 31 | 97% |

#### 死因 × 缩圈阶段 × Boss 在场（失败的局）

| 机器人 | 难度 | 死因 | 缩圈（第几轮 · 阶段） | 圈外 | Boss 在场 | 局数 | 平均死亡时间 |
|---|---|---|---|---|---|---|---|
| normal | 10 | bullet | 第 4 轮 · 预告 | 否 | 是 | 3 | 7:07 |
| normal | 10 | corrode | 第 2 轮 · 稳定 | 否 | 是 | 2 | 4:50 |
| normal | 10 | shock | 第 2 轮 · 稳定 | 否 | 是 | 2 | 4:50 |
| normal | 10 | boss_tracer | 第 3 轮 · 预告 | 否 | 否 | 2 | 5:43 |
| normal | 10 | boss_tracer | 第 2 轮 · 稳定 | 否 | 是 | 1 | 5:14 |
| normal | 10 | bullet | 第 1 轮 · 稳定 | 否 | 是 | 1 | 3:38 |
| normal | 10 | bullet | 第 2 轮 · 稳定 | 否 | 是 | 1 | 4:56 |
| normal | 10 | mire | 第 2 轮 · 稳定 | 否 | 是 | 1 | 4:58 |
| normal | 10 | corrode | 第 2 轮 · 收缩 | 否 | 是 | 1 | 4:21 |
| normal | 10 | bullet | 第 2 轮 · 稳定 | 否 | 否 | 1 | 4:55 |
| normal | 10 | boss_tracer | 第 4 轮 · 预告 | 否 | 是 | 1 | 7:10 |
| normal | 10 | corrode | 第 3 轮 · 收缩 | 否 | 是 | 1 | 5:59 |
| normal | 10 | contact_slider | 第 3 轮 · 预告 | 否 | 否 | 1 | 5:32 |
| normal | 10 | mire | 第 3 轮 · 收缩 | 否 | 是 | 1 | 6:00 |
| normal | 10 | contact_iberia | 第 1 轮 · 稳定 | 否 | 是 | 1 | 3:37 |
| normal | 10 | contact_slider | 第 3 轮 · 收缩 | 否 | 是 | 1 | 6:07 |
| normal | 10 | boss_tracer | 第 3 轮 · 稳定 | 否 | 否 | 1 | 6:38 |
| normal | 10 | boss_iberia | 第 2 轮 · 预告 | 否 | 是 | 1 | 4:16 |
| normal | 10 | dark | 第 2 轮 · 稳定 | 否 | 是 | 1 | 5:16 |
| normal | 10 | mire | 第 3 轮 · 收缩 | 否 | 否 | 1 | 5:56 |
| normal | 10 | dark | 第 2 轮 · 稳定 | 否 | 否 | 1 | 5:15 |

#### 同屏数量峰值（每局峰值的 平均 / 最大）

| 机器人 | 难度 | 局数 | 范围 | 敌人 | 敌方弹幕（含抛射） | 我方子弹 | 特效 | 飘字 |
|---|---|---|---|---|---|---|---|---|
| normal | 10 | 28 | 全程 | 254 / 473 | 23 / 59 | 2 / 9 | 301 / 431 | 40 / 48 |
| normal | 10 | 2 | 8:00–10:00 | 237 / 266 | 50 / 55 | 0 / 0 | 370 / 376 | 48 / 48 |

| 编队 | n | 胜率 | 存活(均/最短) | 托底(次/首次) | Lv 2:00/5:00/8:00/末 | 终Boss剩余 | 精二占比 | 灯火 | 击杀 | 主要伤害来源 | 治疗来源(总量/无人机Lv) | 主要死因 |
|---|---|---|---|---|---|---|---|---|---|---|---|---|
| wisadel | 4 | 25% | 6:53 / 4:48 | 0.0 / - | 8 / 16 / 26 / 21 | 63% | 25% | 25 | 3320 | 余震 20% 炮击 13% 殉爆 13% 狐火 10% | 塞雷娅 47% 拾取 27% 流明 15% (245 / 0.2) | bullet |
| eyjafjalla | 4 | 0% | 4:53 / 3:38 | 0.0 / - | 6 / 14 / 0 / 14 | 70% | 0% | 35 | 1549 | 火山弹 39% 狐火 9% 锯刃 8% 余震 8% | 流明 20% 塞雷娅 16% 拾取 9% (81 / 0.0) | bullet |
| skadi | 4 | 0% | 5:40 / 4:52 | 0.0 / - | 7 / 14 / 0 / 17 | 53% | 0% | 20 | 2016 | 大剑 29% 火山弹 9% Mon3tr 8% 余震 7% | 藏品 26% 塞雷娅 20% 凯尔希 13% (265 / 0.0) | boss_tracer |
| mizuki | 4 | 0% | 5:36 / 4:21 | 0.0 / - | 6 / 14 / 0 / 17 | 67% | 16% | 1 | 2116 | 锯刃 19% 伞击 15% 骑士 14% 触手 13% | 水月 61% 拾取 28% 流明 7% (259 / 0.0) | shock |
| saria | 4 | 0% | 5:52 / 4:51 | 0.0 / - | 7 / 15 / 0 / 17 | 77% | 25% | 21 | 2074 | 拳击 23% 锤击 10% 刺剑 10% 锚击 7% | 塞雷娅 84% 流明 11% 拾取 4% (318 / 0.0) | bullet |
| kaltsit | 4 | 25% | 6:52 / 3:37 | 0.0 / - | 7 / 15 / 24 / 21 | 89% | 33% | 32 | 3218 | Mon3tr 29% 大剑 8% 锯刃 7% 刺剑 7% | 凯尔希 75% 塞雷娅 12% 流明 8% (717 / 0.2) | bullet |
| suzuran | 4 | 0% | 5:10 / 4:16 | 0.0 / - | 6 / 15 / 0 / 16 | 61% | 8% | 25 | 1826 | 狐火 35% 锯刃 18% Mon3tr 13% 骑士 9% | 铃兰 49% 凯尔希 23% 拾取 13% (94 / 0.0) | bullet |

### 机器人指标（docs/29）

| 机器人 · 开局 | n | 胜率 | 存活 均/最短 | 3:30 存活 | 5:00 存活 | 首次招募 | 首次精一 / 精二 | 中期 Boss 击杀数 / 平均用时 | 受击/分 | 承伤/分 | 低血(<35%)秒 | 熄灯秒 | 静止% | 开局干员 伤害占比 / 每分钟 | 主要死因 |
|---|---|---|---|---|---|---|---|---|---|---|---|---|---|---|---|
| wisadel | 4 | 25% | 6:53 / 4:48 | 100% | 50% | 1:17 | 2:47 / 5:15 | 0.8 / 33s | 21.0 | 59 | 11 | 0 | 0 | 51% / 35599 | shock |
| eyjafjalla | 4 | 0% | 4:53 / 3:38 | 100% | 50% | 1:21 | 3:35 / - | 0.2 / 70s | 27.7 | 60 | 19 | 0 | 0 | 50% / 7641 | boss_tracer |
| skadi | 4 | 0% | 5:40 / 4:52 | 100% | 50% | 1:15 | 4:25 / - | 0.2 / 56s | 14.9 | 81 | 16 | 8 | 0 | 38% / 10124 | mire |
| mizuki | 4 | 0% | 5:36 / 4:21 | 100% | 50% | 1:24 | 3:05 / 6:12 | 0.5 / 65s | 15.2 | 65 | 8 | 7 | 0 | 35% / 10150 | corrode |
| saria | 4 | 0% | 5:52 / 4:51 | 100% | 75% | 1:24 | 3:51 / 4:54 | 0.5 / 51s | 17.9 | 80 | 8 | 17 | 0 | 28% / 5944 | contact_slider |
| kaltsit | 4 | 25% | 6:52 / 3:37 | 100% | 75% | 1:23 | 2:59 / 7:05 | 0.8 / 75s | 39.0 | 110 | 5 | 3 | 0 | 36% / 18686 | contact_slider |
| suzuran | 4 | 0% | 5:10 / 4:16 | 100% | 75% | 1:18 | 3:08 / 5:47 | 0.5 / 39s | 17.4 | 49 | 5 | 8 | 0 | 36% / 7499 | dark |

### 藏品（docs/35）

| 机器人 | 开局 | 局数 | 平均藏品数 | 藏品直接伤害 | 各流派 出现 / 拿取 | 无效拿取 |
|---|---|---|---|---|---|---|
| normal | eyjafjalla | 4 | 5.2 | 0.0% | A 7/1 B 2/0 C 1/1 D 4/2 E 1/1 F 2/1 G 11/4 H 9/4 通用 11/7 | 0 |
| normal | kaltsit | 4 | 13.8 | 0.0% | A 17/5 B 10/2 C 17/5 D 15/8 E 11/5 F 5/1 G 15/4 H 35/11 通用 35/14 | 0 |
| normal | mizuki | 4 | 6.8 | 7.0% | A 8/1 B 4/1 C 5/0 D 9/2 E 4/0 F 1/0 G 4/2 H 15/9 通用 15/12 | 0 |
| normal | saria | 4 | 6.8 | 0.5% | A 8/3 B 5/2 C 5/1 D 5/1 E 8/3 G 11/3 H 9/4 通用 18/10 | 0 |
| normal | skadi | 4 | 8.0 | 0.0% | A 9/3 B 4/1 C 5/2 D 5/3 E 6/3 F 1/0 G 7/2 H 17/5 通用 24/13 | 0 |
| normal | suzuran | 4 | 7.5 | 4.8% | A 5/0 B 4/1 C 7/3 D 4/1 E 5/2 F 1/0 G 7/2 H 13/9 通用 15/12 | 0 |
| normal | wisadel | 4 | 17.0 | 3.6% | A 11/4 B 9/4 C 14/7 D 8/1 E 16/5 F 4/0 G 16/7 H 39/13 通用 34/27 | 0 |
| 合计 | | | | | A 65/17 B 38/11 C 54/19 D 50/18 E 51/19 F 14/2 G 71/24 H 137/55 通用 152/95 | |

拿取最多（出现 / 拿取）：海潮的气息 0/13，“黑夜呢喃” 13/8，贵族刺剑 16/7，“决心” 0/7，损坏的左轮弹巢 17/7，“犹疑” 0/7，舞者手链 13/6，“观望” 0/6，奇渊面具 8/5，散轶诗简 21/5，老蒲扇 13/5，演员的首饰盒 14/5
耗时 170s
写入 build/cloud/dcn-b/dcn_d10_0926_1537.{json,md}
BATCH_DONE_EXIT=0
