跑 84 局（1 流派 × 2 机器人 × 7 编队 × 6 seed），并行 4（全机上限 4），源文件摘要 4628075e701d6e5c
### 最终 Boss（按类型；上面的「终局」列是四种混算）

| 机器人 | 最终 Boss | 结局 | 出场 | 击杀 | 用时 均 / 中 / P90 / 最短–最长（出现起算） | 中 / P90（可受伤起算） | 阶段护盾秒 / 过卡点数 均 | 未击杀时剩余血量 |
|---|---|---|---|---|---|---|---|---|
| expert | 最后的骑士 | knight 14 | 14 | 13 | 57s / 49s / 75s / 41–122s | 49s / 75s | 11.9 / 1.9 | 52% |
| expert | 伊莎玛拉 | resolve 11 | 11 | 9 | 44s / 45s / 52s / 39–52s | 45s / 52s | 10.4 / 1.8 | 53% |
| expert | 伊祖米克 | deep 9 | 9 | 9 | 72s / 71s / 103s / 58–103s | 31s / 81s | 15.6 / 2.0 | - |
| expert | 偏执泡影 | standard 8 | 8 | 8 | 50s / 47s / 77s / 38–77s | 48s / 77s | 15.0 / 2.0 | - |
| normal | 伊祖米克 | deep 18 | 18 | 18 | 87s / 80s / 154s / 50–179s | 32s / 137s | 12.4 / 2.0 | - |
| normal | 偏执泡影 | standard 13 | 13 | 9 | 57s / 44s / 116s / 39–116s | 44s / 116s | 9.3 / 1.5 | 78% |
| normal | 最后的骑士 | knight 9 | 9 | 8 | 68s / 56s / 125s / 47–125s | 56s / 125s | 9.8 / 2.0 | 4% |
| normal | 伊莎玛拉 | resolve 2 | 2 | 2 | 55s / 55s / 72s / 39–72s | 56s / 72s | 17.7 / 2.0 | - |

### 难度 / 缩圈 / 同屏峰值

#### 前 3 分钟

| 机器人 | 难度 | 局数 | 3:00 前死亡 | 前 3 分钟承伤 均 / 中 | 3:00 时生命 |
|---|---|---|---|---|---|
| expert | 0 | 42 | 0% | 23 / 21 | 100% |
| normal | 0 | 42 | 0% | 26 / 20 | 99% |

#### 死因 × 缩圈阶段 × Boss 在场（失败的局）

| 机器人 | 难度 | 死因 | 缩圈（第几轮 · 阶段） | 圈外 | Boss 在场 | 局数 | 平均死亡时间 |
|---|---|---|---|---|---|---|---|
| expert | 0 | bullet | 第 3 轮 · 预告 | 否 | 是 | 2 | 13:00 |
| expert | 0 | bullet | 第 1 轮 · 稳定 | 否 | 是 | 1 | 13:00 |
| normal | 0 | bullet | 第 1 轮 · 稳定 | 否 | 是 | 2 | 13:00 |
| normal | 0 | boss_tracer | 第 1 轮 · 稳定 | 否 | 是 | 1 | 13:00 |
| normal | 0 | bullet | 第 3 轮 · 稳定 | 否 | 是 | 1 | 13:00 |
| normal | 0 | blast_runner | 第 1 轮 · 稳定 | 否 | 是 | 1 | 13:00 |

#### 同屏数量峰值（每局峰值的 平均 / 最大）

| 机器人 | 难度 | 局数 | 范围 | 敌人 | 敌方弹幕（含抛射） | 我方子弹 | 特效 | 飘字 |
|---|---|---|---|---|---|---|---|---|
| expert | 0 | 42 | 全程 | 234 / 450 | 46 / 98 | 3 / 10 | 389 / 464 | 47 / 48 |
| expert | 0 | 42 | 8:00–10:00 | 217 / 450 | 36 / 71 | 3 / 10 | 366 / 434 | 45 / 48 |
| normal | 0 | 42 | 全程 | 282 / 472 | 53 / 88 | 3 / 11 | 398 / 525 | 46 / 48 |
| normal | 0 | 42 | 8:00–10:00 | 260 / 472 | 45 / 64 | 3 / 8 | 373 / 494 | 43 / 48 |

### 大群（按第几次）

| 机器人 | 第几次 | 出现 | 时间 | 数量 | 清 80% 用时 均 / 中（清完/出现） | 20 秒内掉血 均 / 最大 | 30 秒内死亡 | 编成 |
|---|---|---|---|---|---|---|---|---|
| expert | 1 | 42 | 1:15 | 26 | 15s / 12s（42/42） | 2 / 12 | 0 | bone/slider ×23；bone/slider/stone ×19 |
| expert | 2 | 42 | 2:45 | 33 | 12s / 12s（42/42） | 4 / 28 | 0 | bone/slider/stone ×23；bone/slider ×19 |
| expert | 3 | 42 | 4:34 | 42 | 18s / 13s（42/42） | 9 / 71 | 0 | bone/floater/ripper/runner/slider ×9；bone/burrower/ripper/slider ×9；bone/ripper/slider/stone ×7 |
| expert | 4 | 42 | 5:54 | 49 | 13s / 11s（42/42） | 10 / 45 | 0 | bone/offspring/ripper/slider/spitter ×14；bone/floater/ripper/runner/slider/tracer ×14；bone/burrower/ripper/slider ×14 |
| expert | 5 | 42 | 7:37 | 58 | 11s / 9s（42/42） | 19 / 111 | 0 | bone/floater/founder/nest/ripper/runner/slider ×18；bone/burrower/offspring/ripper/slider/stone ×17；burrower/ripper/slider/spitter ×7 |
| expert | 6 | 40 | 8:41 | 63 | 11s / 8s（40/40） | 9 / 39 | 0 | burrower/hulk/ripper/slider/spitter ×9；burrower/offspring/ripper/slider/spitter/stone ×8；bone/floater/founder/nest/ripper/runner/slider ×8 |
| expert | 7 | 5 | 9:19 | 66 | 9s / 7s（5/5） | 38 / 88 | 0 | burrower/hulk/ripper/slider/spitter ×2；burrower/offspring/ripper/slider/spitter/stone ×2；burrower/floater/founder/nest/reaper/ripper/runner/slider/tracer ×1 |
| normal | 1 | 42 | 1:15 | 26 | 9s / 9s（42/42） | 7 / 20 | 0 | bone/slider ×24；bone/slider/stone ×18 |
| normal | 2 | 42 | 2:45 | 33 | 16s / 14s（42/42） | 6 / 23 | 0 | bone/slider/stone ×24；bone/slider ×18 |
| normal | 3 | 42 | 4:36 | 43 | 26s / 20s（42/42） | 15 / 94 | 0 | bone/offspring/ripper/slider/stone ×12；bone/offspring/ripper/slider/spitter ×8；bone/ripper/slider/stone ×7 |
| normal | 4 | 42 | 5:55 | 49 | 21s / 18s（42/42） | 20 / 59 | 0 | bone/burrower/ripper/slider ×16；bone/floater/ripper/runner/slider/tracer ×15；bone/offspring/ripper/slider/spitter ×11 |
| normal | 5 | 42 | 7:37 | 58 | 21s / 13s（42/42） | 35 / 131 | 0 | bone/burrower/offspring/ripper/slider/stone ×16；bone/floater/founder/nest/ripper/runner/slider ×14；burrower/ripper/slider/spitter ×12 |
| normal | 6 | 41 | 8:42 | 63 | 19s / 9s（41/41） | 47 / 130 | 0 | bone/burrower/offspring/ripper/slider/stone ×8；burrower/ripper/slider/spitter ×7；burrower/offspring/ripper/slider/spitter/stone ×7 |
| normal | 7 | 3 | 9:17 | 66 | 14s / 12s（3/3） | 74 / 86 | 0 | burrower/floater/founder/nest/reaper/ripper/runner/slider/tracer ×2；burrower/offspring/ripper/slider/spitter/stone ×1 |

### 按机器人汇总

| 机器人 | 局数 | 胜率 | 平均存活 | 3:30 存活 | 平均终局等级 | 平均击杀 | 目标（胜率 / 存活） | 判定 |
|---|---|---|---|---|---|---|---|---|
| normal | 42 | 88% | 11:26 | 100% | 34.5 | 7213 | 30–55% / 7:00–13:00 | **偏易** |
| expert | 42 | 92% | 11:05 | 100% | 34.0 | 6855 | 70–95% / 9:00–13:00 | **达标** |

### 明细

| 编队 | n | 胜率 | 存活(均/最短) | 托底(次/首次) | Lv 2:00/5:00/8:00/末 | 终Boss剩余 | 精二占比 | 灯火 | 击杀 | 主要伤害来源 | 治疗来源(总量/无人机Lv) | 主要死因 |
|---|---|---|---|---|---|---|---|---|---|---|---|---|
| [expert] wisadel | 6 | 100% | 10:47 / 10:38 | 0.0 / - | 7 / 16 / 26 / 34 | - | 100% | 66 | 6640 | 余震 17% 殉爆 17% 饱和炮击 8% 藏品 6% | 凯尔希 39% 水月 25% 无人机 21% (224 / 1.0) | bullet |
| [expert] eyjafjalla | 6 | 100% | 10:51 / 10:40 | 0.5 / 9:22 | 7 / 17 / 26 / 34 | - | 100% | 82 | 6682 | 火山弹 16% 火山 14% 触手 11% 熔岩天降 8% | 流明 38% 水月 32% 拾取 11% (495 / 0.7) | bullet |
| [expert] skadi | 6 | 100% | 10:59 / 10:39 | 0.0 / - | 7 / 15 / 26 / 34 | - | 100% | 79 | 6802 | 大剑 17% 言 10% 殉爆 7% 提喻 6% | 拾取 39% 塞雷娅 25% 凯尔希 23% (300 / 0.7) | bullet |
| [expert] mizuki | 6 | 100% | 11:02 / 10:47 | 0.0 / - | 7 / 15 / 26 / 34 | - | 100% | 82 | 6808 | 触手 27% 伞击 11% 大剑 6% 技能 4% | 水月 78% 流明 7% 塞雷娅 5% (423 / 0.5) | bullet |
| [expert] saria | 6 | 83% | 11:31 / 10:45 | 0.2 / 9:19 | 6 / 15 / 25 / 34 | 23% | 100% | 70 | 7182 | 锚击 10% 殉爆 10% 余震 9% 大剑 6% | 塞雷娅 78% 流明 16% 铃兰 2% (808 / 0.0) | bullet |
| [expert] kaltsit | 6 | 100% | 10:48 / 10:38 | 0.0 / - | 4 / 16 / 26 / 34 | - | 100% | 82 | 6613 | 锯刃 11% Mon3tr · 真伤 9% 殉爆 9% 余震 7% | 凯尔希 76% 流明 10% 塞雷娅 8% (378 / 0.0) | bullet |
| [expert] suzuran | 6 | 66% | 11:37 / 10:41 | 0.0 / - | 6 / 15 / 26 / 34 | 67% | 100% | 78 | 7255 | 藏品 11% 狐火 11% 火山弹 6% Mon3tr 5% | 铃兰 42% 塞雷娅 13% 水月 11% (538 / 1.0) | bullet |
| [normal] wisadel | 6 | 100% | 11:03 / 10:39 | 0.3 / 9:38 | 6 / 16 / 26 / 34 | - | 72% | 63 | 6951 | 殉爆 22% 余震 21% 炮击 7% 饱和炮击 7% | 拾取 30% 水月 20% 流明 14% (711 / 0.5) | shock |
| [normal] eyjafjalla | 6 | 83% | 11:17 / 10:39 | 3.2 / 8:17 | 6 / 16 / 25 / 34 | 85% | 55% | 49 | 7283 | 火山弹 22% 火山 10% 刺剑 8% 锯刃 6% | 拾取 40% 无人机 28% 水月 15% (735 / 0.8) | shock |
| [normal] skadi | 6 | 100% | 11:11 / 10:47 | 1.0 / 8:45 | 7 / 16 / 26 / 34 | - | 42% | 56 | 6999 | 大剑 31% 余震 6% 锚击 6% 锯刃 5% | 拾取 41% 塞雷娅 16% 铃兰 15% (584 / 1.0) | bullet |
| [normal] mizuki | 6 | 100% | 11:28 / 10:44 | 0.0 / - | 7 / 15 / 25 / 35 | - | 55% | 50 | 7183 | 触手 19% 伞击 15% 大剑 9% 技能·法术 6% | 水月 69% 流明 21% 无人机 5% (992 / 0.8) | shock |
| [normal] saria | 6 | 83% | 11:44 / 10:50 | 0.0 / - | 6 / 15 / 24 / 34 | 63% | 50% | 84 | 7301 | 锯刃 20% 拳击 10% Mon3tr 9% 大剑 8% | 塞雷娅 69% 流明 10% 拾取 5% (2220 / 0.8) | shock |
| [normal] kaltsit | 6 | 83% | 11:29 / 10:53 | 0.0 / - | 7 / 15 / 25 / 34 | 65% | 66% | 58 | 7256 | Mon3tr 21% 大剑 14% 锯刃 12% Mon3tr · 真伤 6% | 凯尔希 87% 流明 5% 水月 4% (1529 / 0.3) | bullet |
| [normal] suzuran | 6 | 66% | 11:53 / 10:39 | 3.5 / 7:33 | 7 / 15 / 25 / 34 | 51% | 61% | 54 | 7519 | 狐火 16% 锯刃 12% 锚击 9% 刺剑 8% | 铃兰 42% 流明 26% 无人机 18% (967 / 1.0) | shock |

### 机器人指标（docs/29）

| 机器人 · 开局 | n | 胜率 | 存活 均/最短 | 3:30 存活 | 5:00 存活 | 首次招募 | 首次精一 / 精二 | 中期 Boss 击杀数 / 平均用时 | 受击/分 | 承伤/分 | 低血(<35%)秒 | 熄灯秒 | 静止% | 开局干员 伤害占比 / 每分钟 | 主要死因 |
|---|---|---|---|---|---|---|---|---|---|---|---|---|---|---|---|
| [expert] wisadel | 6 | 100% | 10:47 / 10:38 | 100% | 100% | 1:20 | 0:52 / 3:11 | 2.3 / 21s | 13.2 | 35 | 0 | 0 | 16 | 51% / 58027 | - |
| [expert] eyjafjalla | 6 | 100% | 10:51 / 10:40 | 100% | 100% | 1:33 | 0:53 / 3:41 | 2.5 / 43s | 12.9 | 68 | 0 | 0 | 15 | 52% / 55784 | - |
| [expert] skadi | 6 | 100% | 10:59 / 10:39 | 100% | 100% | 1:12 | 0:48 / 2:42 | 2.3 / 47s | 15.9 | 56 | 0 | 3 | 14 | 26% / 25986 | - |
| [expert] mizuki | 6 | 100% | 11:02 / 10:47 | 100% | 100% | 1:23 | 0:52 / 3:47 | 2.3 / 34s | 12.1 | 46 | 0 | 0 | 15 | 47% / 48530 | - |
| [expert] saria | 6 | 83% | 11:31 / 10:45 | 100% | 100% | 1:51 | 0:49 / 3:25 | 2.2 / 90s | 14.2 | 88 | 0 | 0 | 12 | 7% / 7497 | bullet |
| [expert] kaltsit | 6 | 100% | 10:48 / 10:38 | 100% | 100% | 2:05 | 1:42 / 3:01 | 2.3 / 33s | 17.8 | 42 | 0 | 0 | 18 | 18% / 18231 | - |
| [expert] suzuran | 6 | 66% | 11:37 / 10:41 | 100% | 100% | 1:43 | 0:58 / 2:58 | 1.8 / 46s | 21.9 | 72 | 0 | 0 | 14 | 15% / 14941 | bullet |
| [normal] wisadel | 6 | 100% | 11:03 / 10:39 | 100% | 100% | 1:23 | 3:51 / 6:19 | 2.5 / 50s | 47.1 | 160 | 0 | 28 | 0 | 63% / 61116 | - |
| [normal] eyjafjalla | 6 | 83% | 11:17 / 10:39 | 100% | 100% | 1:22 | 3:19 / 7:30 | 2.7 / 103s | 114.1 | 380 | 0 | 68 | 0 | 53% / 53565 | boss_tracer |
| [normal] skadi | 6 | 100% | 11:11 / 10:47 | 100% | 100% | 1:20 | 3:58 / 8:06 | 2.5 / 60s | 50.1 | 160 | 0 | 2 | 0 | 44% / 41922 | - |
| [normal] mizuki | 6 | 100% | 11:28 / 10:44 | 100% | 100% | 1:22 | 3:26 / 7:09 | 2.2 / 90s | 29.0 | 126 | 0 | 11 | 0 | 46% / 40230 | - |
| [normal] saria | 6 | 83% | 11:44 / 10:50 | 100% | 100% | 1:25 | 3:27 / 7:41 | 1.7 / 104s | 47.3 | 249 | 0 | 16 | 0 | 16% / 14110 | bullet |
| [normal] kaltsit | 6 | 83% | 11:29 / 10:53 | 100% | 100% | 1:23 | 3:31 / 7:39 | 2.2 / 74s | 54.7 | 165 | 0 | 13 | 0 | 30% / 27538 | bullet |
| [normal] suzuran | 6 | 66% | 11:53 / 10:39 | 100% | 100% | 1:27 | 3:13 / 7:00 | 2.0 / 52s | 60.7 | 236 | 0 | 23 | 0 | 20% / 18716 | blast_runner |

### 藏品（docs/35）

| 机器人 | 开局 | 局数 | 平均藏品数 | 藏品直接伤害 | 各流派 出现 / 拿取 | 无效拿取 |
|---|---|---|---|---|---|---|
| expert | eyjafjalla | 6 | 33.7 | 3.0% | A 51/17 B 24/10 C 41/23 D 56/18 E 55/22 F 14/9 G 47/21 H 83/25 通用 121/59 | 0 |
| expert | kaltsit | 6 | 28.8 | 6.1% | A 36/9 B 22/11 C 54/25 D 45/10 E 61/17 F 9/4 G 45/20 H 98/25 通用 123/53 | 0 |
| expert | mizuki | 6 | 33.7 | 3.3% | A 67/18 B 26/17 C 49/14 D 60/15 E 60/12 F 14/7 G 42/21 H 114/41 通用 131/60 | 0 |
| expert | saria | 6 | 28.3 | 5.8% | A 76/19 B 22/8 C 48/22 D 48/12 E 34/4 F 11/8 G 32/15 H 85/28 通用 128/56 | 0 |
| expert | skadi | 6 | 31.5 | 3.0% | A 62/18 B 26/12 C 48/26 D 49/11 E 44/9 F 20/14 G 35/16 H 82/31 通用 107/56 | 0 |
| expert | suzuran | 6 | 32.8 | 14.1% | A 67/20 B 23/9 C 70/34 D 51/12 E 62/13 F 11/7 G 44/18 H 109/27 通用 150/59 | 0 |
| expert | wisadel | 6 | 34.0 | 7.8% | A 65/18 B 26/11 C 52/25 D 45/7 E 68/22 F 16/5 G 50/23 H 93/30 通用 113/64 | 0 |
| normal | eyjafjalla | 6 | 23.3 | 1.7% | A 51/16 B 12/4 C 43/10 D 38/12 E 40/17 F 12/3 G 35/10 H 75/21 通用 84/47 | 0 |
| normal | kaltsit | 6 | 30.2 | 0.9% | A 48/16 B 20/2 C 38/12 D 62/22 E 46/17 F 8/2 G 52/17 H 98/26 通用 132/68 | 0 |
| normal | mizuki | 6 | 27.3 | 0.9% | A 38/15 B 11/2 C 37/7 D 42/19 E 33/12 F 13/2 G 46/16 H 90/29 通用 124/62 | 0 |
| normal | saria | 6 | 29.2 | 1.2% | A 64/17 B 25/9 C 36/7 D 58/23 E 39/9 F 14/7 G 61/18 H 113/23 通用 127/64 | 0 |
| normal | skadi | 6 | 28.7 | 1.9% | A 66/15 B 22/8 C 44/14 D 37/10 E 49/18 F 13/4 G 42/11 H 96/28 通用 116/65 | 0 |
| normal | suzuran | 6 | 28.7 | 1.4% | A 41/12 B 12/4 C 49/17 D 47/11 E 62/19 F 14/4 G 36/12 H 103/31 通用 98/62 | 0 |
| normal | wisadel | 6 | 27.0 | 0.7% | A 50/17 B 18/2 C 41/16 D 49/10 E 49/15 F 12/5 G 36/9 H 86/29 通用 98/60 | 0 |
| 合计 | | | | | A 782/227 B 289/109 C 650/252 D 687/192 E 702/206 F 181/81 G 603/227 H 1325/394 通用 1652/835 | |

拿取最多（出现 / 拿取）：“观望” 0/85，“决心” 0/73，“犹疑” 0/68，镶金骨骰 165/41，银餐叉 146/39，海潮的气息 0/37，羽兽肝酱 160/36，“黑夜呢喃” 161/36，显圣吊坠 150/36，皇帝的收藏 113/35，《大静谧》 134/35，残破合影 151/35
耗时 1044s
写入 build/cloud/integ-fullb/ig_full_0926_1725.{json,md}
RUN_EXIT_CODE=0
