跑 32 局（1 流派 × 2 机器人 × 1 编队 × 16 seed），并行 4（全机上限 4），源文件摘要 f8aa27b9ccb696b2
### 最终 Boss（按类型；上面的「终局」列是四种混算）

| 机器人 | 最终 Boss | 结局 | 出场 | 击杀 | 用时 均 / 中 / P90 / 最短–最长（出现起算） | 中 / P90（可受伤起算） | 阶段护盾秒 / 过卡点数 均 | 未击杀时剩余血量 |
|---|---|---|---|---|---|---|---|---|
| expert | 伊祖米克 | deep 8 | 8 | 8 | 63s / 64s / 78s / 47–78s | 30s / 31s | 16.5 / 2.0 | - |
| expert | 伊莎玛拉 | resolve 4 | 4 | 4 | 48s / 41s / 72s / 39–72s | 41s / 72s | 10.4 / 2.0 | - |
| expert | 最后的骑士 | knight 3 | 3 | 3 | 45s / 45s / 48s / 43–48s | 45s / 48s | 22.3 / 2.0 | - |
| expert | 偏执泡影 | standard 1 | 1 | 1 | 47s / 47s / 47s / 47–47s | 47s / 47s | 0.0 / 2.0 | - |
| normal | 偏执泡影 | standard 4 | 4 | 4 | 43s / 41s / 51s / 39–51s | 42s / 51s | 7.4 / 2.0 | - |
| normal | 伊莎玛拉 | resolve 1 | 1 | 1 | 45s / 45s / 45s / 45–45s | 45s / 45s | 12.7 / 2.0 | - |

### 难度 / 缩圈 / 同屏峰值

#### 前 3 分钟

| 机器人 | 难度 | 局数 | 3:00 前死亡 | 前 3 分钟承伤 均 / 中 | 3:00 时生命 |
|---|---|---|---|---|---|
| expert | 0 | 16 | 0% | 33 / 27 | 100% |
| normal | 0 | 16 | 6% | 96 / 96 | 91% |

#### 死因 × 缩圈阶段 × Boss 在场（失败的局）

| 机器人 | 难度 | 死因 | 缩圈（第几轮 · 阶段） | 圈外 | Boss 在场 | 局数 | 平均死亡时间 |
|---|---|---|---|---|---|---|---|
| expert | 0 | （全部胜利） | | | | 0 | |
| normal | 0 | corrode | 第 3 轮 · 稳定 | 否 | 是 | 2 | 7:08 |
| normal | 0 | corrode | 第 1 轮 · 稳定 | 否 | 是 | 2 | 4:25 |
| normal | 0 | mire | 第 3 轮 · 稳定 | 否 | 是 | 1 | 7:06 |
| normal | 0 | contact_slider | 第 2 轮 · 收缩 | 否 | 否 | 1 | 5:01 |
| normal | 0 | dark | 第 1 轮 · 预告 | 否 | 否 | 1 | 2:35 |
| normal | 0 | boss_tracer | 第 3 轮 · 稳定 | 否 | 是 | 1 | 7:31 |
| normal | 0 | dark | 第 1 轮 · 收缩 | 否 | 否 | 1 | 3:08 |
| normal | 0 | mire | 第 3 轮 · 预告 | 否 | 否 | 1 | 6:03 |
| normal | 0 | corrode | 第 2 轮 · 收缩 | 否 | 否 | 1 | 5:03 |

#### 同屏数量峰值（每局峰值的 平均 / 最大）

| 机器人 | 难度 | 局数 | 范围 | 敌人 | 敌方弹幕（含抛射） | 我方子弹 | 特效 | 飘字 |
|---|---|---|---|---|---|---|---|---|
| expert | 0 | 16 | 全程 | 280 / 353 | 49 / 68 | 2 / 8 | 393 / 461 | 48 / 48 |
| expert | 0 | 16 | 8:00–10:00 | 214 / 300 | 45 / 59 | 2 / 6 | 369 / 440 | 48 / 48 |
| normal | 0 | 16 | 全程 | 271 / 503 | 32 / 58 | 2 / 8 | 312 / 414 | 38 / 48 |
| normal | 0 | 5 | 8:00–10:00 | 278 / 503 | 44 / 56 | 3 / 6 | 368 / 387 | 48 / 48 |

### 大群（按第几次）

| 机器人 | 第几次 | 出现 | 时间 | 数量 | 清 80% 用时 均 / 中（清完/出现） | 20 秒内掉血 均 / 最大 | 30 秒内死亡 | 编成 |
|---|---|---|---|---|---|---|---|---|
| expert | 1 | 16 | 1:15 | 26 | 52s / 48s（16/16） | 3 / 7 | 0 | bone/slider ×10；bone/slider/stone ×6 |
| expert | 2 | 16 | 2:45 | 33 | 21s / 20s（16/16） | 3 / 11 | 0 | bone/slider/stone ×10；bone/slider ×6 |
| expert | 3 | 16 | 4:16 | 41 | 11s / 10s（16/16） | 3 / 16 | 0 | bone/ripper/slider/stone ×6；bone/floater/ripper/runner/slider ×6；bone/offspring/ripper/slider/stone ×3 |
| expert | 4 | 16 | 5:41 | 48 | 10s / 8s（16/16） | 8 / 46 | 0 | bone/floater/ripper/runner/slider/tracer ×6；bone/burrower/ripper/slider ×5；bone/offspring/ripper/slider/spitter ×5 |
| expert | 5 | 16 | 7:35 | 58 | 11s / 9s（16/16） | 12 / 37 | 0 | bone/floater/founder/nest/ripper/runner/slider ×6；bone/burrower/offspring/ripper/slider/stone ×5；burrower/ripper/slider/spitter ×5 |
| expert | 6 | 16 | 8:39 | 63 | 10s / 9s（16/16） | 12 / 39 | 0 | burrower/ripper/slider/spitter ×4；burrower/offspring/ripper/slider/spitter/stone ×3；bone/burrower/offspring/ripper/slider/stone ×3 |
| expert | 7 | 1 | 9:20 | 66 | 7s / 7s（1/1） | 16 / 16 | 0 | burrower/offspring/ripper/slider/spitter/stone ×1 |
| normal | 1 | 16 | 1:15 | 26 | 14s / 12s（16/16） | 11 / 25 | 0 | bone/slider ×10；bone/slider/stone ×6 |
| normal | 2 | 15 | 2:45 | 33 | 13s / 10s（15/15） | 14 / 74 | 1 | bone/slider/stone ×9；bone/slider ×6 |
| normal | 3 | 13 | 4:21 | 41 | 27s / 20s（12/13） | 13 / 85 | 1 | bone/offspring/ripper/slider/stone ×5；bone/floater/ripper/runner/slider ×4；bone/ripper/slider/stone ×2 |
| normal | 4 | 10 | 5:43 | 48 | 26s / 10s（10/10） | 21 / 80 | 1 | bone/offspring/ripper/slider/spitter ×5；bone/floater/ripper/runner/slider/tracer ×5 |
| normal | 5 | 5 | 7:37 | 58 | 35s / 15s（5/5） | 39 / 102 | 0 | bone/floater/founder/nest/ripper/runner/slider ×3；burrower/ripper/slider/spitter ×2 |
| normal | 6 | 5 | 8:28 | 62 | 19s / 10s（5/5） | 3 / 7 | 0 | burrower/ripper/slider/spitter ×3；burrower/offspring/ripper/slider/spitter/stone ×1；bone/burrower/offspring/ripper/slider/stone ×1 |
| normal | 7 | 2 | 9:24 | 66 | 7s / 7s（2/2） | 52 / 83 | 0 | burrower/hulk/ripper/slider/spitter ×1；burrower/floater/founder/nest/reaper/ripper/runner/slider/tracer ×1 |

### 按机器人汇总

| 机器人 | 局数 | 胜率 | 平均存活 | 3:30 存活 | 平均终局等级 | 平均击杀 | 目标（胜率 / 存活） | 判定 |
|---|---|---|---|---|---|---|---|---|
| normal | 16 | 31% | 7:04 | 87% | 21.5 | 3516 | 30–55% / 7:00–13:00 | **偏难** |
| expert | 16 | 100% | 10:55 | 100% | 34.5 | 6726 | 70–95% / 9:00–13:00 | **偏易** |

### 明细

| 编队 | n | 胜率 | 存活(均/最短) | 托底(次/首次) | Lv 2:00/5:00/8:00/末 | 终Boss剩余 | 精二占比 | 灯火 | 击杀 | 主要伤害来源 | 治疗来源(总量/无人机Lv) | 主要死因 |
|---|---|---|---|---|---|---|---|---|---|---|---|---|
| [expert] logos | 16 | 100% | 10:55 / 10:39 | 0.0 / - | 3 / 17 / 27 / 34 | - | 97% | 75 | 6726 | 延展敏锐 25% 提喻 11% 言 5% 藏品 4% | 凯尔希 35% 塞雷娅 21% 流明 13% (326 / 0.4) | bullet |
| [normal] logos | 16 | 31% | 7:04 / 2:35 | 0.0 / - | 6 / 16 / 25 / 22 | 53% | 34% | 34 | 3516 | 言 12% 提喻 10% 狐火 7% 延展敏锐 7% | 塞雷娅 19% 拾取 18% 无人机 14% (343 / 0.3) | boss_tracer |

### 机器人指标（docs/29）

| 机器人 · 开局 | n | 胜率 | 存活 均/最短 | 3:30 存活 | 5:00 存活 | 首次招募 | 首次精一 / 精二 | 中期 Boss 击杀数 / 平均用时 | 受击/分 | 承伤/分 | 低血(<35%)秒 | 熄灯秒 | 静止% | 开局干员 伤害占比 / 每分钟 | 主要死因 |
|---|---|---|---|---|---|---|---|---|---|---|---|---|---|---|---|
| [expert] logos | 16 | 100% | 10:55 / 10:39 | 100% | 100% | 2:38 | 2:11 / 3:25 | 2.6 / 28s | 16.9 | 43 | 0 | 2 | 14 | 49% / 51285 | - |
| [normal] logos | 16 | 31% | 7:04 / 2:35 | 87% | 81% | 1:26 | 2:49 / 6:24 | 1.3 / 42s | 62.5 | 85 | 10 | 19 | 0 | 43% / 15455 | corrode |

### 藏品（docs/35）

| 机器人 | 开局 | 局数 | 平均藏品数 | 藏品直接伤害 | 各流派 出现 / 拿取 | 无效拿取 |
|---|---|---|---|---|---|---|
| expert | logos | 16 | 33.6 | 7.5% | A 133/36 B 69/43 C 135/62 D 139/29 E 227/68 F 45/25 G 146/45 H 304/83 通用 286/156 | 0 |
| normal | logos | 16 | 13.5 | 2.5% | A 43/15 B 26/4 C 34/14 D 44/14 E 86/38 F 15/4 G 50/18 H 83/26 通用 126/83 | 0 |
| 合计 | | | | | A 176/51 B 95/47 C 169/76 D 183/43 E 313/106 F 60/29 G 196/63 H 387/109 通用 412/239 | |

拿取最多（出现 / 拿取）：“观望” 0/23，显圣吊坠 60/21，“决心” 0/21，“犹疑” 0/20，洁白的舞鞋 28/17，断杖-织法者 49/16，老蒲扇 25/15，深蓝之心 0/13，海潮的气息 0/13，制式防暴用具 40/12，古旧钱币 19/11，羽兽肝酱 42/11
耗时 361s
写入 build/cloud/logos-r2-new/lr2_new_0926_1858.{json,md}
