跑 56 局（1 流派 × 2 机器人 × 7 编队 × 4 seed），并行 4（全机上限 4），源文件摘要 bb2f2f0d94ab7885
### 最终 Boss（按类型；上面的「终局」列是四种混算）

| 机器人 | 最终 Boss | 结局 | 出场 | 击杀 | 用时 均 / 中 / P90 / 最短–最长（出现起算） | 中 / P90（可受伤起算） | 阶段护盾秒 / 过卡点数 均 | 未击杀时剩余血量 |
|---|---|---|---|---|---|---|---|---|
| expert | 最后的骑士 | knight 7 | 7 | 2 | 93s / 93s / 103s / 84–103s | 94s / 103s | 0.4 / 1.7 | 35% |
| expert | 偏执泡影 | standard 6 | 6 | 0 | - | - | 0.0 / 0.2 | 78% |
| expert | 伊祖米克 | deep 4 | 4 | 1 | 52s / 52s / 52s / 52–52s | 35s / 35s | 1.1 / 0.8 | 68% |
| normal | 偏执泡影 | standard 2 | 2 | 0 | - | - | 0.0 / 0.0 | 91% |
| normal | 伊祖米克 | deep 1 | 1 | 0 | - | - | 0.0 / 0.0 | 94% |
| normal | 最后的骑士 | knight 1 | 1 | 0 | - | - | 0.0 / 2.0 | 36% |

### 难度 / 缩圈 / 同屏峰值

#### 前 3 分钟

| 机器人 | 难度 | 局数 | 3:00 前死亡 | 前 3 分钟承伤 均 / 中 | 3:00 时生命 |
|---|---|---|---|---|---|
| expert | 0 | 28 | 0% | 38 / 29 | 100% |
| normal | 0 | 28 | 0% | 30 / 21 | 100% |

#### 死因 × 缩圈阶段 × Boss 在场（失败的局）

| 机器人 | 难度 | 死因 | 缩圈（第几轮 · 阶段） | 圈外 | Boss 在场 | 局数 | 平均死亡时间 |
|---|---|---|---|---|---|---|---|
| expert | 0 | corrode | 第 3 轮 · 稳定 | 否 | 是 | 5 | 12:29 |
| expert | 0 | corrode | 第 1 轮 · 稳定 | 否 | 是 | 3 | 13:00 |
| expert | 0 | corrode | 第 4 轮 · 稳定 | 否 | 是 | 2 | 11:59 |
| expert | 0 | dark | 第 1 轮 · 稳定 | 否 | 是 | 1 | 7:53 |
| expert | 0 | boss_bishop | 第 3 轮 · 预告 | 否 | 是 | 1 | 7:53 |
| expert | 0 | corrode | 第 3 轮 · 预告 | 否 | 是 | 1 | 9:03 |
| expert | 0 | corrode | 第 2 轮 · 稳定 | 否 | 是 | 1 | 11:01 |
| expert | 0 | boss_knight_boss | 第 3 轮 · 稳定 | 否 | 是 | 1 | 13:00 |
| expert | 0 | corrode | 第 2 轮 · 预告 | 否 | 否 | 1 | 5:14 |
| expert | 0 | corrode | 第 3 轮 · 收缩 | 否 | 是 | 1 | 9:29 |
| expert | 0 | mire | 第 3 轮 · 收缩 | 否 | 是 | 1 | 7:04 |
| expert | 0 | shock | 第 1 轮 · 稳定 | 否 | 是 | 1 | 13:00 |
| expert | 0 | bullet | 第 2 轮 · 预告 | 否 | 否 | 1 | 8:15 |
| expert | 0 | corrode | 第 2 轮 · 收缩 | 否 | 是 | 1 | 8:49 |
| expert | 0 | atk_tracer | 第 3 轮 · 收缩 | 否 | 是 | 1 | 7:13 |
| expert | 0 | atk_reaper | 第 1 轮 · 稳定 | 否 | 是 | 1 | 9:58 |
| expert | 0 | atk_reaper | 第 3 轮 · 收缩 | 否 | 否 | 1 | 6:45 |
| expert | 0 | contact_knight_boss | 第 4 轮 · 稳定 | 否 | 是 | 1 | 13:00 |
| normal | 0 | bullet | 第 1 轮 · 稳定 | 否 | 是 | 3 | 5:24 |
| normal | 0 | corrode | 第 1 轮 · 稳定 | 否 | 是 | 3 | 10:05 |
| normal | 0 | shock | 第 1 轮 · 稳定 | 否 | 是 | 2 | 6:59 |
| normal | 0 | corrode | 第 3 轮 · 稳定 | 否 | 是 | 1 | 8:08 |
| normal | 0 | dark | 第 2 轮 · 稳定 | 否 | 否 | 1 | 5:44 |
| normal | 0 | contact_slider | 第 2 轮 · 收缩 | 否 | 否 | 1 | 5:00 |
| normal | 0 | contact_path | 第 1 轮 · 稳定 | 否 | 是 | 1 | 4:44 |
| normal | 0 | atk_tracer | 第 1 轮 · 稳定 | 否 | 否 | 1 | 4:50 |
| normal | 0 | atk_reaper | 第 1 轮 · 稳定 | 否 | 否 | 1 | 4:44 |
| normal | 0 | mire | 第 1 轮 · 稳定 | 是 | 是 | 1 | 3:48 |
| normal | 0 | contact_tracer | 第 3 轮 · 收缩 | 否 | 是 | 1 | 7:35 |
| normal | 0 | mire | 第 3 轮 · 稳定 | 否 | 是 | 1 | 9:53 |
| normal | 0 | contact_reaper | 第 1 轮 · 稳定 | 否 | 是 | 1 | 5:40 |
| normal | 0 | corrode | 第 3 轮 · 收缩 | 否 | 是 | 1 | 7:43 |
| normal | 0 | atk_tracer | 第 1 轮 · 稳定 | 否 | 是 | 1 | 4:58 |
| normal | 0 | contact_tracer | 第 1 轮 · 稳定 | 否 | 否 | 1 | 5:27 |
| normal | 0 | contact_tracer | 第 3 轮 · 稳定 | 否 | 是 | 1 | 13:00 |
| normal | 0 | mire | 第 3 轮 · 稳定 | 否 | 否 | 1 | 8:51 |
| normal | 0 | contact_slider | 第 3 轮 · 收缩 | 否 | 是 | 1 | 8:44 |
| normal | 0 | contact_knight_boss | 第 3 轮 · 稳定 | 否 | 是 | 1 | 13:00 |
| normal | 0 | contact_slider | 第 1 轮 · 稳定 | 否 | 是 | 1 | 5:30 |
| normal | 0 | bullet | 第 2 轮 · 收缩 | 否 | 否 | 1 | 5:12 |
| normal | 0 | atk_tracer | 第 2 轮 · 收缩 | 否 | 否 | 1 | 5:14 |

#### 同屏数量峰值（每局峰值的 平均 / 最大）

| 机器人 | 难度 | 局数 | 范围 | 敌人 | 敌方弹幕（含抛射） | 我方子弹 | 特效 | 飘字 |
|---|---|---|---|---|---|---|---|---|
| expert | 0 | 28 | 全程 | 317 / 465 | 90 / 145 | 4 / 10 | 398 / 507 | 43 / 48 |
| expert | 0 | 22 | 8:00–10:00 | 317 / 465 | 65 / 88 | 3 / 9 | 385 / 507 | 29 / 48 |
| normal | 0 | 28 | 全程 | 292 / 450 | 55 / 143 | 2 / 9 | 338 / 449 | 33 / 48 |
| normal | 0 | 8 | 8:00–10:00 | 296 / 386 | 79 / 104 | 1 / 5 | 328 / 429 | 19 / 48 |

### 大群（按第几次）

| 机器人 | 第几次 | 出现 | 时间 | 数量 | 清 80% 用时 均 / 中（清完/出现） | 20 秒内掉血 均 / 最大 | 30 秒内死亡 | 编成 |
|---|---|---|---|---|---|---|---|---|
| expert | 1 | 28 | 1:15 | 33 | 13s / 11s（28/28） | 3 / 16 | 0 | bone/slider ×17；bone/slider/stone ×11 |
| expert | 2 | 28 | 2:45 | 42 | 14s / 12s（28/28） | 6 / 41 | 0 | bone/slider/stone ×17；bone/slider ×11 |
| expert | 3 | 28 | 4:45 | 56 | 20s / 18s（28/28） | 21 / 148 | 1 | bone/slider ×9；bone/floater/runner/slider/tracer ×6；bone/slider/stone ×6 |
| expert | 4 | 27 | 6:06 | 65 | 21s / 21s（27/27） | 22 / 114 | 0 | bone/offspring/slider/spitter ×13；bone/floater/runner/slider/tracer ×8；bone/slider ×6 |
| expert | 5 | 23 | 7:47 | 76 | 16s / 13s（23/23） | 22 / 85 | 1 | bone/offspring/slider/stone ×9；bone/floater/founder/nest/runner/slider ×8；slider/spitter ×6 |
| expert | 6 | 18 | 8:56 | 83 | 11s / 9s（18/18） | 41 / 180 | 1 | slider/spitter ×7；offspring/slider/spitter/stone ×5；floater/founder/nest/reaper/runner/slider/tracer ×4 |
| expert | 7 | 2 | 9:20 | 86 | 10s / 10s（2/2） | 24 / 36 | 0 | slider/spitter ×1；floater/founder/nest/reaper/runner/slider/tracer ×1 |
| normal | 1 | 28 | 1:15 | 33 | 10s / 9s（28/28） | 5 / 35 | 0 | bone/slider/stone ×16；bone/slider ×12 |
| normal | 2 | 28 | 2:45 | 42 | 13s / 12s（28/28） | 4 / 27 | 0 | bone/slider ×16；bone/slider/stone ×12 |
| normal | 3 | 24 | 4:41 | 55 | 21s / 13s（19/24） | 23 / 72 | 3 | bone/offspring/slider/spitter ×5；bone/floater/runner/slider/tracer ×5；bone/offspring/slider/stone ×4 |
| normal | 4 | 14 | 6:01 | 65 | 21s / 22s（12/14） | 39 / 158 | 2 | bone/slider ×8；bone/offspring/slider/spitter ×4；bone/floater/runner/slider/tracer ×2 |
| normal | 5 | 8 | 7:49 | 76 | 15s / 11s（8/8） | 56 / 162 | 1 | bone/floater/founder/nest/runner/slider ×4；bone/offspring/slider/stone ×2；slider/spitter ×2 |
| normal | 6 | 5 | 8:58 | 83 | 12s / 11s（5/5） | 63 / 146 | 0 | slider/spitter ×3；offspring/slider/spitter/stone ×1；floater/founder/nest/reaper/runner/slider/tracer ×1 |

### 按机器人汇总

| 机器人 | 局数 | 胜率 | 平均存活 | 3:30 存活 | 平均终局等级 | 平均击杀 | 目标（胜率 / 存活） | 判定 |
|---|---|---|---|---|---|---|---|---|
| normal | 28 | 0% | 7:04 | 100% | 18.5 | 3550 | 30–55% / 7:00–13:00 | **偏难** |
| expert | 28 | 10% | 10:36 | 100% | 25.6 | 6790 | 70–95% / 9:00–13:00 | **偏难** |

### 明细

| 编队 | n | 胜率 | 存活(均/最短) | 托底(次/首次) | Lv 2:00/5:00/8:00/末 | 终Boss剩余 | 精二占比 | 灯火 | 击杀 | 主要伤害来源 | 治疗来源(总量/无人机Lv) | 主要死因 |
|---|---|---|---|---|---|---|---|---|---|---|---|---|
| [expert] wisadel | 4 | 0% | 9:27 / 7:53 | 0.0 / - | 7 / 15 / 21 / 24 | 63% | 100% | 40 | 5561 | 殉爆 29% 余震 22% 炮击 7% 火山弹 6% | 塞雷娅 44% 铃兰 28% 流明 24% (834 / 0.0) | bullet |
| [expert] eyjafjalla | 4 | 0% | 10:33 / 5:14 | 0.0 / - | 6 / 15 / 21 / 25 | 53% | 83% | 53 | 6934 | 火山弹 20% 火山 10% 余震 8% 熔岩天降 8% | 塞雷娅 36% 拾取 23% 凯尔希 23% (1298 / 0.0) | bullet |
| [expert] skadi | 4 | 25% | 10:19 / 7:04 | 0.0 / - | 7 / 15 / 21 / 25 | 60% | 91% | 22 | 6289 | 大剑 28% Mon3tr 8% 跃浪 5% 余震 4% | 塞雷娅 32% 拾取 32% 凯尔希 16% (641 / 0.0) | bullet |
| [expert] mizuki | 4 | 25% | 10:46 / 8:15 | 0.0 / - | 7 / 14 / 22 / 27 | 36% | 100% | 41 | 6866 | 触手 22% 伞击 17% 技能 7% 殉爆 6% | 水月 69% 塞雷娅 16% 凯尔希 9% (1070 / 0.8) | bullet |
| [expert] saria | 4 | 0% | 11:19 / 8:49 | 0.0 / - | 6 / 14 / 21 / 27 | 58% | 100% | 17 | 7519 | 延展敏锐 12% 大剑 8% 火山弹 7% 地雷 7% | 塞雷娅 77% 水月 11% 拾取 6% (1398 / 0.0) | bullet |
| [expert] kaltsit | 4 | 25% | 11:09 / 7:13 | 0.0 / - | 5 / 15 / 22 / 27 | 76% | 100% | 18 | 7536 | Mon3tr 18% Mon3tr · 真伤 15% 火山弹 11% 锯刃 10% | 凯尔希 71% 水月 13% 塞雷娅 12% (2108 / 0.0) | bullet |
| [expert] suzuran | 4 | 0% | 10:40 / 6:45 | 0.0 / - | 6 / 15 / 21 / 25 | 52% | 91% | 39 | 6826 | 狐火 12% 大剑 12% Mon3tr 9% 殉爆 8% | 凯尔希 39% 铃兰 38% 流明 18% (1187 / 0.0) | bullet |
| [normal] wisadel | 4 | 0% | 5:49 / 4:26 | 0.0 / - | 7 / 15 / 21 / 16 | 43% | 8% | 0 | 2397 | 余震 17% 炮击 17% 狐火 15% 殉爆 10% | 无人机 36% 事件 26% 商店 25% (108 / 0.8) | contact_slider |
| [normal] eyjafjalla | 4 | 0% | 4:31 / 3:48 | 0.0 / - | 7 / 0 / 0 / 13 | 45% | 8% | 26 | 1531 | 火山弹 30% 大剑 13% 火星 8% 锯刃 6% | 拾取 59% 事件 15% 商店 0% (27 / 0.0) | contact_slider |
| [normal] skadi | 4 | 0% | 7:38 / 5:40 | 0.0 / - | 7 / 15 / 22 / 20 | 68% | 8% | 42 | 3723 | 大剑 38% 余震 10% 炮击 7% 跃浪 6% | 流明 70% 拾取 4% 事件 0% (541 / 0.0) | bullet |
| [normal] mizuki | 4 | 0% | 5:45 / 4:55 | 0.0 / - | 6 / 14 / 0 / 16 | 42% | 8% | 2 | 2312 | 伞击 19% 锚击 10% 余震 10% 炮击 9% | 塞雷娅 33% 水月 16% 凯尔希 14% (354 / 0.0) | contact_slider |
| [normal] saria | 4 | 0% | 9:09 / 6:04 | 0.0 / - | 7 / 15 / 22 / 24 | 37% | 16% | 17 | 5405 | 大剑 17% 余震 9% 拳击 9% 锚击 7% | 塞雷娅 90% 拾取 7% 无人机 2% (1921 / 0.2) | atk_reaper |
| [normal] kaltsit | 4 | 0% | 10:56 / 6:33 | 0.0 / - | 6 / 15 / 22 / 26 | 68% | 33% | 24 | 7315 | Mon3tr 36% Mon3tr · 真伤 12% 食腐 5% 余震 4% | 凯尔希 64% 塞雷娅 16% 水月 11% (2448 / 0.2) | bullet |
| [normal] suzuran | 4 | 0% | 5:42 / 5:12 | 0.0 / - | 7 / 14 / 0 / 16 | 49% | 0% | 20 | 2171 | 狐火 46% 火山弹 14% 大剑 9% 骑士 6% | 铃兰 38% 凯尔希 18% 流明 16% (203 / 0.2) | contact_tracer |

### 机器人指标（docs/29）

| 机器人 · 开局 | n | 胜率 | 存活 均/最短 | 3:30 存活 | 5:00 存活 | 首次招募 | 首次精一 / 精二 | 中期 Boss 击杀数 / 平均用时 | 受击/分 | 承伤/分 | 低血(<35%)秒 | 熄灯秒 | 静止% | 开局干员 伤害占比 / 每分钟 | 主要死因 |
|---|---|---|---|---|---|---|---|---|---|---|---|---|---|---|---|
| [expert] wisadel | 4 | 0% | 9:27 / 7:53 | 100% | 100% | 1:19 | 0:57 / 3:22 | 0.8 / 60s | 77.8 | 109 | 5 | 23 | 5 | 68% / 44952 | corrode |
| [expert] eyjafjalla | 4 | 0% | 10:33 / 5:14 | 100% | 100% | 1:26 | 0:58 / 3:15 | 1.8 / 121s | 70.3 | 126 | 9 | 68 | 4 | 54% / 48943 | corrode |
| [expert] skadi | 4 | 25% | 10:19 / 7:04 | 100% | 100% | 1:05 | 0:56 / 3:26 | 1.2 / 81s | 76.1 | 95 | 5 | 14 | 4 | 40% / 35596 | shock |
| [expert] mizuki | 4 | 25% | 10:46 / 8:15 | 100% | 100% | 1:10 | 0:58 / 3:17 | 2.2 / 74s | 86.5 | 114 | 2 | 11 | 6 | 50% / 52428 | corrode |
| [expert] saria | 4 | 0% | 11:19 / 8:49 | 100% | 100% | 1:23 | 0:53 / 4:50 | 1.0 / 113s | 132.2 | 130 | 20 | 87 | 4 | 8% / 7666 | corrode |
| [expert] kaltsit | 4 | 25% | 11:09 / 7:13 | 100% | 100% | 1:49 | 1:21 / 3:56 | 1.2 / 63s | 102.5 | 170 | 6 | 144 | 5 | 37% / 34202 | corrode |
| [expert] suzuran | 4 | 0% | 10:40 / 6:45 | 100% | 100% | 1:31 | 0:58 / 4:25 | 0.8 / 43s | 85.6 | 124 | 4 | 61 | 4 | 15% / 12188 | atk_reaper |
| [normal] wisadel | 4 | 0% | 5:49 / 4:26 | 100% | 75% | 0:58 | 2:58 / 5:39 | 0.8 / 34s | 29.8 | 71 | 30 | 13 | 0 | 49% / 12973 | bullet |
| [normal] eyjafjalla | 4 | 0% | 4:31 / 3:48 | 100% | 0% | 1:06 | 1:52 / 4:01 | 0.5 / 67s | 26.0 | 62 | 6 | 11 | 0 | 45% / 6111 | atk_reaper |
| [normal] skadi | 4 | 0% | 7:38 / 5:40 | 100% | 100% | 0:57 | 3:10 / 4:05 | 0.5 / 47s | 42.8 | 123 | 18 | 7 | 0 | 53% / 23991 | contact_tracer |
| [normal] mizuki | 4 | 0% | 5:45 / 4:55 | 100% | 50% | 1:09 | 4:17 / 7:32 | 0.5 / 74s | 43.3 | 90 | 8 | 24 | 0 | 34% / 7336 | atk_tracer |
| [normal] saria | 4 | 0% | 9:09 / 6:04 | 100% | 100% | 1:01 | 3:25 / 4:39 | 1.2 / 72s | 98.6 | 200 | 12 | 134 | 0 | 16% / 9093 | contact_tracer |
| [normal] kaltsit | 4 | 0% | 10:56 / 6:33 | 100% | 100% | 1:10 | 4:15 / 6:56 | 0.8 / 126s | 105.1 | 209 | 12 | 154 | 0 | 51% / 46562 | corrode |
| [normal] suzuran | 4 | 0% | 5:42 / 5:12 | 100% | 100% | 0:50 | 3:02 / - | 0.5 / 41s | 31.4 | 77 | 15 | 22 | 0 | 46% / 9679 | bullet |

### 藏品（docs/35）

| 机器人 | 开局 | 局数 | 平均藏品数 | 藏品直接伤害 | 各流派 出现 / 拿取 | 无效拿取 |
|---|---|---|---|---|---|---|
| expert | eyjafjalla | 4 | 11.0 | 0.6% | A 12/4 B 9/4 C 8/3 D 14/6 E 9/4 F 2/2 G 14/3 H 25/5 通用 16/15 | 0 |
| expert | kaltsit | 4 | 7.2 | 3.2% | A 2/1 B 6/3 C 13/6 D 8/1 E 1/0 F 2/2 G 7/0 H 26/4 通用 18/13 | 0 |
| expert | mizuki | 4 | 10.0 | 5.8% | A 10/2 B 9/6 C 7/6 D 10/5 E 9/3 F 5/3 G 5/3 H 21/2 通用 14/11 | 0 |
| expert | saria | 4 | 8.2 | 7.7% | A 7/2 B 1/0 C 6/4 D 9/1 E 7/2 F 1/1 G 10/3 H 14/4 通用 18/16 | 0 |
| expert | skadi | 4 | 11.2 | 0.6% | A 4/2 B 3/2 C 5/1 D 6/1 E 5/2 F 2/1 G 14/4 H 28/14 通用 15/18 | 0 |
| expert | suzuran | 4 | 8.5 | 1.3% | A 5/1 B 1/0 C 6/4 D 3/0 E 5/1 F 1/1 G 12/5 H 18/4 通用 14/18 | 0 |
| expert | wisadel | 4 | 7.8 | 1.4% | A 5/0 B 3/3 C 1/0 D 5/3 E 7/0 F 4/3 G 11/4 H 17/5 通用 17/15 | 0 |
| normal | eyjafjalla | 4 | 2.5 | 0.3% | A 1/1 B 1/1 C 4/1 D 1/0 E 4/2 G 3/0 H 6/3 通用 1/2 | 0 |
| normal | kaltsit | 4 | 6.0 | 5.2% | A 4/2 B 2/1 C 5/3 D 3/0 E 5/1 F 1/1 G 13/4 H 15/3 通用 14/9 | 0 |
| normal | mizuki | 4 | 2.0 | 0.0% | A 3/0 C 1/1 D 1/0 E 2/1 H 5/2 通用 3/4 | 0 |
| normal | saria | 4 | 7.0 | 0.0% | A 10/3 B 2/1 C 6/0 D 5/2 E 9/5 F 5/1 G 8/0 H 13/6 通用 7/10 | 0 |
| normal | skadi | 4 | 5.5 | 0.7% | A 3/1 B 3/1 C 3/0 D 6/2 E 2/1 F 1/1 G 6/3 H 10/4 通用 12/10 | 0 |
| normal | suzuran | 4 | 4.0 | 0.0% | A 5/4 B 2/0 D 1/1 E 4/1 F 1/1 G 2/1 H 9/1 通用 9/7 | 0 |
| normal | wisadel | 4 | 5.2 | 0.0% | A 4/2 B 1/1 C 2/0 D 3/0 E 1/1 G 11/4 H 4/2 通用 13/11 | 0 |
| 合计 | | | | | A 75/25 B 43/23 C 67/29 D 75/22 E 70/24 F 25/17 G 116/34 H 211/59 通用 171/159 | |

拿取最多（出现 / 拿取）：海潮的气息 0/26，“犹疑” 0/22，“观望” 0/14，“决心” 0/13，深蓝之心 0/12，游戏室管理员权限卡 18/7，军团护心镜 12/7，银餐叉 10/7，几丁质刺刃 14/6，老蒲扇 15/6，舞者手链 14/6，药枚 10/6
耗时 1182s
写入 build/cloud/close2-t0a-2/close2-t0a_0929_1320.{json,md}
