跑 96 局（3 流派 × 2 机器人 × 4 编队 × 4 seed），并行 4（全机上限 4），源文件摘要 f69d4fbb4acb51d1
### 按流派汇总

| 流派 | 机器人 | 局数 | 胜率 | 平均存活 | 3:30 / 5:00 存活 | 终局等级 | 击杀 | Boss1 / Boss2 / 终局 用时 均·中（击杀/出场） | 终 Boss 剩余 | 承伤/分 全程 · 8:00 后 | 该流派藏品 5:00 / 末 | 藏品数 | 藏品直接伤害 |
|---|---|---|---|---|---|---|---|---|---|---|---|---|---|
| E 远程·火力 | expert | 16 | 100% | 10:45 | 100% / 100% | 32.9 | 6639 | 44s·中40s（16/16） / 29s·中21s（22/22） / 45s·中45s（16/16） | - | 61 · 137 | 2.1 / 5.2 | 28.4 | 2.8% |
| F 深蓝·低灯火 | expert | 16 | 100% | 10:42 | 100% / 100% | 32.5 | 6558 | 59s·中40s（16/16） / 32s·中25s（25/25） / 42s·中45s（16/16） | - | 60 · 130 | 0.2 / 1.6 | 29.8 | 4.3% |
| G 编队·协同 | expert | 16 | 75% | 10:33 | 100% / 100% | 32.0 | 6405 | 50s·中38s（16/16） / 31s·中23s（26/26） / 57s·中51s（12/14） | 44% | 64 · 136 | 2.2 / 4.4 | 28.6 | 6.2% |
| E 远程·火力 | normal | 16 | 43% | 9:04 | 100% / 93% | 27.0 | 5045 | 32s·中25s（15/16） / 38s·中28s（17/24） / 57s·中48s（7/8） | 62% | 101 · 269 | 2.1 / 3.7 | 21.8 | 2.9% |
| F 深蓝·低灯火 | normal | 16 | 50% | 9:07 | 100% / 93% | 26.6 | 5053 | 48s·中35s（14/16） / 44s·中25s（14/16） / 57s·中55s（8/9） | 66% | 97 · 275 | 0.3 / 1.1 | 19.9 | 2.3% |
| G 编队·协同 | normal | 16 | 37% | 8:37 | 100% / 93% | 25.5 | 4542 | 46s·中37s（14/16） / 30s·中23s（13/17） / 43s·中38s（6/6） | 39% | 88 · 300 | 0.6 / 3.1 | 17.6 | 2.2% |

### 按机器人汇总

| 机器人 | 局数 | 胜率 | 平均存活 | 3:30 存活 | 平均终局等级 | 平均击杀 | 目标（胜率 / 存活） | 判定 |
|---|---|---|---|---|---|---|---|---|
| normal | 48 | 43% | 8:56 | 100% | 26.4 | 4880 | 30–55% / 7:00–13:00 | **达标** |
| expert | 48 | 91% | 10:40 | 100% | 32.5 | 6534 | 70–95% / 9:00–13:00 | **达标** |

### 明细

| 编队 | n | 胜率 | 存活(均/最短) | 托底(次/首次) | Lv 2:00/5:00/8:00/末 | 终Boss剩余 | 精二占比 | 灯火 | 击杀 | 主要伤害来源 | 治疗来源(总量/无人机Lv) | 主要死因 |
|---|---|---|---|---|---|---|---|---|---|---|---|---|
| {E} [expert] wisadel | 4 | 100% | 10:43 / 10:17 | 0.0 / - | 8 / 16 / 25 / 34 | - | 100% | 67 | 6692 | 殉爆 15% 余震 13% 言 13% 提喻 9% | 无人机 35% 凯尔希 25% 拾取 21% (165 / 1.8) | bullet |
| {E} [expert] eyjafjalla | 4 | 100% | 10:54 / 10:41 | 0.0 / - | 7 / 16 / 25 / 33 | - | 100% | 60 | 6775 | 火山弹 29% 火山 12% 熔岩天降 9% 火星 5% | 塞雷娅 63% 流明 20% 拾取 12% (561 / 0.0) | bullet |
| {E} [expert] skadi | 4 | 100% | 10:38 / 10:12 | 0.0 / - | 8 / 15 / 24 / 32 | - | 100% | 60 | 6504 | 大剑 21% 言 9% Mon3tr · 真伤 8% 殉爆 6% | 凯尔希 49% 流明 24% 无人机 24% (402 / 0.5) | bullet |
| {E} [expert] saria | 4 | 100% | 10:44 / 10:26 | 0.0 / - | 6 / 15 / 24 / 33 | - | 100% | 60 | 6584 | Mon3tr 11% 言 11% Mon3tr · 真伤 10% 提喻 8% | 塞雷娅 72% 凯尔希 24% 铃兰 1% (782 / 0.0) | bullet |
| {E} [normal] wisadel | 4 | 75% | 9:55 / 5:27 | 0.0 / - | 7 / 16 / 24 / 29 | - | 33% | 92 | 5914 | 余震 19% 殉爆 14% 炮击 13% Mon3tr 7% | 水月 43% 拾取 30% 凯尔希 15% (907 / 0.2) | mire |
| {E} [normal] eyjafjalla | 4 | 25% | 7:50 / 4:06 | 0.0 / - | 7 / 15 / 25 / 24 | 74% | 8% | 59 | 3990 | 火山弹 28% 狐火 12% 大剑 8% 锚击 7% | 拾取 35% 铃兰 20% 水月 16% (97 / 0.2) | bullet |
| {E} [normal] skadi | 4 | 50% | 9:48 / 7:25 | 0.0 / - | 7 / 16 / 25 / 30 | 41% | 33% | 66 | 5756 | 大剑 29% 火山弹 11% 锚击 7% 刺剑 6% | 拾取 40% 塞雷娅 24% 流明 23% (841 / 0.5) | bullet |
| {E} [normal] saria | 4 | 25% | 8:43 / 7:03 | 0.0 / - | 6 / 15 / 24 / 26 | 67% | 8% | 39 | 4520 | 拳击 13% 大剑 11% 火山弹 10% 食腐 7% | 塞雷娅 55% 水月 18% 凯尔希 14% (689 / 0.8) | bullet |
| {F} [expert] wisadel | 4 | 100% | 10:23 / 10:04 | 0.0 / - | 8 / 16 / 26 / 32 | - | 100% | 77 | 6368 | 余震 16% 殉爆 15% 饱和炮击 10% 锯刃 9% | 拾取 35% 凯尔希 24% 水月 24% (158 / 1.0) | bullet |
| {F} [expert] eyjafjalla | 4 | 100% | 10:40 / 10:30 | 0.0 / - | 7 / 16 / 24 / 32 | - | 100% | 55 | 6560 | 火山弹 25% 火山 12% 熔岩天降 9% 火星 6% | 塞雷娅 44% 流明 24% 铃兰 20% (449 / 0.0) | bullet |
| {F} [expert] skadi | 4 | 100% | 10:45 / 10:17 | 0.0 / - | 8 / 16 / 25 / 33 | - | 100% | 67 | 6624 | 大剑 26% 言 8% 殉爆 6% 提喻 6% | 凯尔希 44% 流明 23% 拾取 19% (399 / 0.2) | bullet |
| {F} [expert] saria | 4 | 100% | 11:01 / 10:31 | 0.0 / - | 6 / 15 / 24 / 33 | - | 92% | 84 | 6679 | Mon3tr · 真伤 17% Mon3tr 9% 藏品 8% 言 6% | 塞雷娅 63% 凯尔希 31% 拾取 2% (801 / 0.0) | bullet |
| {F} [normal] wisadel | 4 | 75% | 10:14 / 6:52 | 0.0 / - | 7 / 16 / 24 / 30 | - | 50% | 66 | 6000 | 余震 21% 炮击 11% Mon3tr 10% 殉爆 10% | 凯尔希 27% 流明 21% 水月 19% (1039 / 0.2) | zone |
| {F} [normal] eyjafjalla | 4 | 0% | 5:59 / 3:41 | 0.0 / - | 7 / 14 / 0 / 18 | 73% | 0% | 36 | 2198 | 火山弹 31% 大剑 14% 刺剑 6% 骑士 5% | 拾取 67% 藏品 7% (33 / 0.0) | bullet |
| {F} [normal] skadi | 4 | 50% | 8:49 / 6:56 | 0.0 / - | 7 / 16 / 26 / 26 | 84% | 25% | 46 | 4774 | 大剑 29% 锚击 11% 狐火 8% 火山弹 7% | 拾取 38% 流明 20% 无人机 19% (127 / 0.5) | bullet |
| {F} [normal] saria | 4 | 75% | 11:27 / 10:43 | 0.0 / - | 7 / 16 / 24 / 32 | 33% | 41% | 62 | 7239 | 大剑 25% Mon3tr 15% 伞击 7% 拳击 7% | 塞雷娅 57% 凯尔希 22% 水月 14% (1571 / 0.8) | zone |
| {G} [expert] wisadel | 4 | 75% | 10:48 / 10:24 | 0.0 / - | 8 / 16 / 26 / 34 | 64% | 100% | 63 | 6712 | 殉爆 17% 余震 16% 言 9% 饱和炮击 8% | 水月 23% 拾取 23% 无人机 16% (193 / 1.2) | bullet |
| {G} [expert] eyjafjalla | 4 | 75% | 9:59 / 8:14 | 0.0 / - | 7 / 16 / 25 / 30 | 9% | 92% | 57 | 5915 | 火山弹 27% 火山 12% 熔岩天降 8% 狐火 7% | 塞雷娅 44% 铃兰 33% 拾取 16% (398 / 0.2) | bullet |
| {G} [expert] skadi | 4 | 50% | 10:03 / 8:40 | 0.0 / - | 8 / 15 / 24 / 31 | 51% | 100% | 46 | 5926 | 大剑 25% 言 7% Mon3tr · 真伤 6% Mon3tr 5% | 凯尔希 48% 流明 22% 拾取 4% (490 / 0.0) | bullet |
| {G} [expert] saria | 4 | 100% | 11:22 / 10:33 | 0.0 / - | 6 / 15 / 24 / 33 | - | 100% | 45 | 7069 | Mon3tr 11% Mon3tr · 真伤 9% 锚击 9% 藏品 8% | 塞雷娅 62% 凯尔希 32% 铃兰 2% (865 / 0.0) | bullet |
| {G} [normal] wisadel | 4 | 50% | 9:05 / 6:09 | 0.0 / - | 7 / 15 / 25 / 27 | 48% | 66% | 47 | 4949 | 余震 23% 殉爆 15% 炮击 14% 刺剑 6% | 拾取 63% 流明 12% 凯尔希 11% (225 / 0.2) | bullet |
| {G} [normal] eyjafjalla | 4 | 25% | 7:10 / 4:56 | 0.0 / - | 7 / 14 / 23 / 22 | - | 0% | 34 | 3293 | 火山弹 29% 大剑 14% 火星 6% 锚击 4% | 拾取 48% 塞雷娅 20% 流明 19% (485 / 0.8) | bullet |
| {G} [normal] skadi | 4 | 25% | 8:14 / 5:34 | 0.0 / - | 7 / 15 / 25 / 24 | 19% | 33% | 87 | 4179 | 大剑 28% 火山弹 15% 锚击 7% 余震 6% | 无人机 40% 拾取 36% 流明 22% (191 / 0.8) | bullet |
| {G} [normal] saria | 4 | 50% | 10:01 / 9:00 | 0.0 / - | 6 / 16 / 24 / 29 | 81% | 50% | 43 | 5748 | Mon3tr 21% 拳击 7% 伞击 5% 提喻 5% | 塞雷娅 49% 凯尔希 32% 水月 16% (1090 / 0.2) | bullet |

### 机器人指标（docs/29）

| 机器人 · 开局 | n | 胜率 | 存活 均/最短 | 3:30 存活 | 5:00 存活 | 首次招募 | 首次精一 / 精二 | 中期 Boss 击杀数 / 平均用时 | 受击/分 | 承伤/分 | 低血(<35%)秒 | 熄灯秒 | 静止% | 开局干员 伤害占比 / 每分钟 | 主要死因 |
|---|---|---|---|---|---|---|---|---|---|---|---|---|---|---|---|
| {E} [expert] wisadel | 4 | 100% | 10:43 / 10:17 | 100% | 100% | 1:11 | 0:48 / 3:33 | 2.2 / 13s | 9.2 | 35 | 10 | 0 | 16 | 46% / 45149 | - |
| {E} [expert] eyjafjalla | 4 | 100% | 10:54 / 10:41 | 100% | 100% | 1:41 | 0:51 / 3:17 | 2.8 / 34s | 15.8 | 65 | 1 | 0 | 15 | 66% / 69302 | - |
| {E} [expert] skadi | 4 | 100% | 10:38 / 10:12 | 100% | 100% | 1:20 | 0:51 / 3:23 | 2.2 / 42s | 15.4 | 65 | 8 | 2 | 19 | 29% / 22760 | - |
| {E} [expert] saria | 4 | 100% | 10:44 / 10:26 | 100% | 100% | 1:42 | 0:46 / 3:42 | 2.2 / 51s | 24.5 | 79 | 0 | 6 | 22 | 8% / 7495 | - |
| {E} [normal] wisadel | 4 | 75% | 9:55 / 5:27 | 100% | 100% | 1:17 | 3:40 / 7:58 | 2.2 / 39s | 57.1 | 103 | 4 | 1 | 0 | 53% / 40573 | mire |
| {E} [normal] eyjafjalla | 4 | 25% | 7:50 / 4:06 | 100% | 75% | 1:16 | 3:43 / 7:47 | 1.5 / 31s | 44.8 | 55 | 8 | 0 | 0 | 41% / 16071 | zone |
| {E} [normal] skadi | 4 | 50% | 9:48 / 7:25 | 100% | 100% | 1:27 | 4:44 / 9:15 | 2.5 / 26s | 70.3 | 146 | 11 | 20 | 0 | 40% / 24726 | corrode |
| {E} [normal] saria | 4 | 25% | 8:43 / 7:03 | 100% | 100% | 1:10 | 5:41 / 6:44 | 1.8 / 47s | 57.9 | 101 | 3 | 1 | 0 | 16% / 7952 | zone |
| {F} [expert] wisadel | 4 | 100% | 10:23 / 10:04 | 100% | 100% | 1:11 | 0:48 / 3:37 | 2.8 / 17s | 7.0 | 23 | 0 | 0 | 18 | 50% / 45640 | - |
| {F} [expert] eyjafjalla | 4 | 100% | 10:40 / 10:30 | 100% | 100% | 1:41 | 0:51 / 2:34 | 2.5 / 40s | 20.5 | 64 | 1 | 10 | 16 | 63% / 58400 | - |
| {F} [expert] skadi | 4 | 100% | 10:45 / 10:17 | 100% | 100% | 1:20 | 0:51 / 3:32 | 2.0 / 33s | 19.5 | 70 | 2 | 2 | 18 | 37% / 31694 | - |
| {F} [expert] saria | 4 | 100% | 11:01 / 10:31 | 100% | 100% | 1:42 | 0:46 / 3:51 | 3.0 / 74s | 41.7 | 83 | 0 | 0 | 22 | 10% / 9103 | - |
| {F} [normal] wisadel | 4 | 75% | 10:14 / 6:52 | 100% | 100% | 1:17 | 3:54 / 7:16 | 2.2 / 59s | 74.7 | 120 | 10 | 2 | 0 | 48% / 35454 | contact_slider |
| {F} [normal] eyjafjalla | 4 | 0% | 5:59 / 3:41 | 100% | 75% | 1:16 | 4:26 / - | 0.5 / 92s | 35.3 | 60 | 46 | 0 | 0 | 41% / 7448 | corrode |
| {F} [normal] skadi | 4 | 50% | 8:49 / 6:56 | 100% | 100% | 1:24 | 3:23 / 7:02 | 2.0 / 21s | 31.0 | 64 | 10 | 4 | 0 | 37% / 21376 | mire |
| {F} [normal] saria | 4 | 75% | 11:27 / 10:43 | 100% | 100% | 1:14 | 4:33 / 6:55 | 2.2 / 44s | 106.9 | 142 | 0 | 28 | 0 | 11% / 8459 | zone |
| {G} [expert] wisadel | 4 | 75% | 10:48 / 10:24 | 100% | 100% | 1:11 | 0:48 / 3:27 | 2.8 / 27s | 11.8 | 34 | 0 | 0 | 16 | 50% / 46248 | mire |
| {G} [expert] eyjafjalla | 4 | 75% | 9:59 / 8:14 | 100% | 100% | 1:41 | 0:51 / 2:34 | 2.8 / 30s | 24.4 | 62 | 2 | 2 | 16 | 62% / 50655 | corrode |
| {G} [expert] skadi | 4 | 50% | 10:03 / 8:40 | 100% | 100% | 1:20 | 0:51 / 3:18 | 2.8 / 36s | 18.0 | 78 | 6 | 2 | 18 | 36% / 28883 | contact_knight_boss |
| {G} [expert] saria | 4 | 100% | 11:22 / 10:33 | 100% | 100% | 1:42 | 0:46 / 3:43 | 2.2 / 66s | 40.9 | 82 | 0 | 3 | 21 | 11% / 9983 | - |
| {G} [normal] wisadel | 4 | 50% | 9:05 / 6:09 | 100% | 100% | 1:16 | 3:50 / 6:34 | 1.8 / 32s | 26.4 | 57 | 20 | 0 | 0 | 60% / 35166 | bullet |
| {G} [normal] eyjafjalla | 4 | 25% | 7:10 / 4:56 | 100% | 75% | 1:16 | 5:08 / - | 1.2 / 66s | 45.4 | 95 | 23 | 1 | 0 | 42% / 16185 | corrode |
| {G} [normal] skadi | 4 | 25% | 8:14 / 5:34 | 100% | 100% | 1:27 | 4:01 / 7:12 | 1.8 / 22s | 37.7 | 74 | 10 | 0 | 0 | 36% / 16275 | bullet |
| {G} [normal] saria | 4 | 50% | 10:01 / 9:00 | 100% | 100% | 1:14 | 3:39 / 6:29 | 2.0 / 41s | 102.0 | 127 | 2 | 21 | 0 | 12% / 8125 | corrode |

### 藏品（docs/35）

| 机器人 | 开局 | 局数 | 平均藏品数 | 藏品直接伤害 | 各流派 出现 / 拿取 | 无效拿取 |
|---|---|---|---|---|---|---|
| expert | eyjafjalla | 12 | 31.9 | 3.5% | A 119/21 B 47/19 C 93/46 D 105/12 E 133/60 F 26/17 G 79/42 H 186/53 通用 268/117 | 0 |
| expert | saria | 12 | 26.9 | 8.2% | A 105/28 B 29/15 C 91/41 D 81/17 E 85/32 F 20/13 G 68/29 H 194/49 通用 264/102 | 0 |
| expert | skadi | 12 | 27.8 | 2.1% | A 101/30 B 30/21 C 75/35 D 69/22 E 93/51 F 14/8 G 61/25 H 166/39 通用 185/105 | 0 |
| expert | wisadel | 12 | 29.1 | 3.9% | A 97/22 B 29/13 C 81/42 D 90/22 E 128/47 F 25/10 G 60/31 H 192/59 通用 221/106 | 0 |
| normal | eyjafjalla | 12 | 13.9 | 0.4% | A 35/11 B 16/3 C 28/9 D 31/10 E 50/31 F 7/3 G 41/16 H 60/18 通用 108/67 | 0 |
| normal | saria | 12 | 21.2 | 6.2% | A 93/27 B 19/8 C 52/14 D 66/15 E 71/29 F 15/7 G 65/27 H 138/44 通用 179/86 | 0 |
| normal | skadi | 12 | 21.3 | 1.9% | A 93/25 B 36/10 C 62/20 D 45/12 E 59/38 F 10/5 G 52/20 H 135/33 通用 154/93 | 0 |
| normal | wisadel | 12 | 22.6 | 1.2% | A 67/18 B 34/11 C 81/25 D 60/18 E 71/45 F 15/6 G 54/30 H 127/38 通用 160/81 | 0 |
| 合计 | | | | | A 710/182 B 240/100 C 563/232 D 547/128 E 690/333 F 132/69 G 480/220 H 1198/333 通用 1539/757 | |

拿取最多（出现 / 拿取）：“观望” 0/84，显圣吊坠 131/71，“犹疑” 0/68，“决心” 0/65，损坏的左轮弹巢 131/54，银餐叉 132/52，深蓝之心 0/48，断杖-织法者 76/39，洁白的舞鞋 74/38，凯旋号角 146/36，羽兽肝酱 131/36，散轶诗简 128/33
耗时 995s
写入 build/cloud/ea-base-f/ea_base_lanes_c_0926_1415.{json,md}
EXITCODE=0
