跑 112 局（1 流派 × 2 机器人 × 7 编队 × 8 seed），并行 4（全机上限 4），源文件摘要 8b1e7474027b260f
### 最终 Boss（按类型；上面的「终局」列是四种混算）

| 机器人 | 最终 Boss | 结局 | 出场 | 击杀 | 用时 均 / 中 / 最短–最长 | 未击杀时剩余血量 |
|---|---|---|---|---|---|---|
| expert | 伊祖米克 | deep 19 | 19 | 14 | 52s / 53s / 25–75s | 65% |
| expert | 偏执泡影 | standard 15 | 15 | 12 | 54s / 52s / 16–126s | 83% |
| expert | 伊莎玛拉 | resolve 9 | 9 | 8 | 33s / 31s / 5–88s | 99% |
| expert | 最后的骑士 | knight 9 | 9 | 6 | 48s / 41s / 35–76s | 43% |
| normal | 偏执泡影 | standard 11 | 11 | 10 | 57s / 42s / 9–153s | 94% |
| normal | 伊祖米克 | deep 6 | 6 | 4 | 52s / 58s / 32–60s | 100% |
| normal | 最后的骑士 | knight 4 | 4 | 2 | 27s / 27s / 11–43s | 40% |
| normal | 伊莎玛拉 | resolve 3 | 3 | 2 | 62s / 62s / 10–114s | 99% |

### 难度 / 缩圈 / 同屏峰值

#### 前 3 分钟

| 机器人 | 难度 | 局数 | 3:00 前死亡 | 前 3 分钟承伤 均 / 中 | 3:00 时生命 |
|---|---|---|---|---|---|
| expert | 0 | 56 | 0% | 22 / 20 | 100% |
| normal | 0 | 56 | 0% | 25 / 20 | 99% |

#### 死因 × 缩圈阶段 × Boss 在场（失败的局）

| 机器人 | 难度 | 死因 | 缩圈（第几轮 · 阶段） | 圈外 | Boss 在场 | 局数 | 平均死亡时间 |
|---|---|---|---|---|---|---|---|
| expert | 0 | bullet | 第 1 轮 · 稳定 | 否 | 是 | 3 | 13:00 |
| expert | 0 | shock | 第 3 轮 · 预告 | 否 | 是 | 2 | 11:50 |
| expert | 0 | bullet | 第 3 轮 · 预告 | 否 | 是 | 1 | 13:00 |
| expert | 0 | bullet | 第 2 轮 · 收缩 | 否 | 是 | 1 | 13:00 |
| expert | 0 | mire | 第 4 轮 · 稳定 | 否 | 否 | 1 | 8:50 |
| expert | 0 | bullet | 第 3 轮 · 稳定 | 否 | 是 | 1 | 13:00 |
| expert | 0 | boss_paranoia | 第 1 轮 · 稳定 | 否 | 是 | 1 | 13:00 |
| expert | 0 | contact_tracer | 第 2 轮 · 收缩 | 否 | 是 | 1 | 8:49 |
| expert | 0 | corrode | 第 1 轮 · 稳定 | 否 | 是 | 1 | 13:00 |
| expert | 0 | boss_carmen | 第 1 轮 · 稳定 | 否 | 是 | 1 | 8:52 |
| expert | 0 | mire | 第 1 轮 · 稳定 | 否 | 是 | 1 | 13:00 |
| expert | 0 | contact_tracer | 第 1 轮 · 稳定 | 否 | 是 | 1 | 10:28 |
| expert | 0 | corrode | 第 2 轮 · 预告 | 否 | 否 | 1 | 7:48 |
| normal | 0 | mire | 第 3 轮 · 稳定 | 否 | 是 | 3 | 7:35 |
| normal | 0 | corrode | 第 3 轮 · 收缩 | 否 | 是 | 3 | 8:01 |
| normal | 0 | corrode | 第 2 轮 · 稳定 | 否 | 否 | 2 | 6:13 |
| normal | 0 | mire | 第 1 轮 · 稳定 | 否 | 是 | 2 | 4:38 |
| normal | 0 | mire | 第 4 轮 · 稳定 | 否 | 否 | 2 | 9:09 |
| normal | 0 | corrode | 第 1 轮 · 稳定 | 否 | 是 | 2 | 7:56 |
| normal | 0 | contact_tracer | 第 3 轮 · 收缩 | 否 | 是 | 1 | 7:41 |
| normal | 0 | contact_tracer | 第 3 轮 · 预告 | 否 | 否 | 1 | 6:09 |
| normal | 0 | corrode | 第 4 轮 · 预告 | 否 | 否 | 1 | 9:04 |
| normal | 0 | boss_burrower | 第 1 轮 · 稳定 | 否 | 是 | 1 | 6:33 |
| normal | 0 | contact_slider | 第 2 轮 · 稳定 | 否 | 否 | 1 | 5:36 |
| normal | 0 | shock | 第 3 轮 · 收缩 | 否 | 是 | 1 | 7:54 |
| normal | 0 | bullet | 第 1 轮 · 稳定 | 否 | 是 | 1 | 13:00 |
| normal | 0 | mire | 第 2 轮 · 稳定 | 否 | 是 | 1 | 11:42 |
| normal | 0 | shock | 第 1 轮 · 稳定 | 否 | 是 | 1 | 3:36 |
| normal | 0 | mire | 第 3 轮 · 收缩 | 否 | 是 | 1 | 7:19 |
| normal | 0 | bullet | 第 4 轮 · 稳定 | 否 | 是 | 1 | 10:23 |
| normal | 0 | bullet | 第 3 轮 · 稳定 | 否 | 是 | 1 | 7:21 |
| normal | 0 | corrode | 第 3 轮 · 预告 | 否 | 是 | 1 | 7:29 |
| normal | 0 | contact_slider | 第 4 轮 · 收缩 | 否 | 否 | 1 | 8:55 |
| normal | 0 | mire | 第 3 轮 · 稳定 | 否 | 否 | 1 | 9:15 |
| normal | 0 | contact_founder | 第 3 轮 · 稳定 | 否 | 否 | 1 | 8:09 |
| normal | 0 | mire | 第 3 轮 · 预告 | 否 | 是 | 1 | 8:50 |
| normal | 0 | shock | 第 2 轮 · 稳定 | 否 | 否 | 1 | 8:48 |
| normal | 0 | corrode | 第 4 轮 · 收缩 | 否 | 否 | 1 | 9:02 |
| normal | 0 | corrode | 第 3 轮 · 稳定 | 否 | 是 | 1 | 7:13 |
| normal | 0 | corrode | 第 2 轮 · 稳定 | 否 | 是 | 1 | 12:27 |
| normal | 0 | contact_tracer | 第 2 轮 · 稳定 | 否 | 是 | 1 | 11:37 |
| normal | 0 | boss_burrower | 第 4 轮 · 稳定 | 否 | 否 | 1 | 8:49 |
| normal | 0 | contact_slider | 第 3 轮 · 稳定 | 否 | 是 | 1 | 7:16 |

#### 同屏数量峰值（每局峰值的 平均 / 最大）

| 机器人 | 难度 | 局数 | 范围 | 敌人 | 敌方弹幕（含抛射） | 我方子弹 | 特效 | 飘字 |
|---|---|---|---|---|---|---|---|---|
| expert | 0 | 56 | 全程 | 243 / 384 | 46 / 114 | 3 / 12 | 386 / 482 | 48 / 48 |
| expert | 0 | 55 | 8:00–10:00 | 218 / 357 | 38 / 80 | 2 / 10 | 354 / 447 | 48 / 48 |
| normal | 0 | 56 | 全程 | 283 / 454 | 44 / 77 | 2 / 11 | 366 / 527 | 47 / 48 |
| normal | 0 | 37 | 8:00–10:00 | 265 / 450 | 46 / 77 | 2 / 8 | 361 / 527 | 47 / 48 |

### 大群（按第几次）

| 机器人 | 第几次 | 出现 | 时间 | 数量 | 清 80% 用时 均 / 中（清完/出现） | 20 秒内掉血 均 / 最大 | 30 秒内死亡 | 编成 |
|---|---|---|---|---|---|---|---|---|
| expert | 1 | 56 | 1:15 | 26 | 16s / 12s（56/56） | 3 / 16 | 0 | bone/slider/stone ×29；bone/slider ×27 |
| expert | 2 | 56 | 2:45 | 33 | 15s / 12s（56/56） | 3 / 9 | 0 | bone/slider ×29；bone/slider/stone ×27 |
| expert | 3 | 49 | 4:48 | 44 | 15s / 12s（49/49） | 8 / 40 | 1 | bone/floater/ripper/runner/slider ×12；bone/burrower/ripper/slider ×9；bone/offspring/ripper/slider/stone ×8 |
| expert | 4 | 45 | 5:59 | 50 | 13s / 11s（45/45） | 12 / 53 | 0 | bone/floater/ripper/runner/slider/tracer ×18；bone/offspring/ripper/slider/spitter ×13；bone/burrower/ripper/slider ×13 |
| expert | 5 | 41 | 7:46 | 58 | 12s / 12s（41/41） | 10 / 60 | 0 | bone/floater/founder/nest/ripper/runner/slider ×14；bone/burrower/offspring/ripper/slider/stone ×12；burrower/ripper/slider/spitter ×12 |
| expert | 6 | 38 | 8:49 | 64 | 9s / 8s（38/38） | 12 / 91 | 1 | burrower/floater/founder/nest/reaper/ripper/runner/slider/tracer ×15；burrower/hulk/ripper/slider/spitter ×7；bone/floater/founder/nest/ripper/runner/slider ×6 |
| normal | 1 | 56 | 1:15 | 26 | 10s / 9s（56/56） | 7 / 30 | 0 | bone/slider/stone ×28；bone/slider ×28 |
| normal | 2 | 56 | 2:45 | 33 | 16s / 14s（56/56） | 6 / 26 | 0 | bone/slider ×28；bone/slider/stone ×28 |
| normal | 3 | 49 | 4:49 | 44 | 33s / 26s（48/49） | 11 / 52 | 0 | bone/offspring/ripper/slider/stone ×11；bone/floater/ripper/runner/slider ×11；bone/floater/ripper/runner/slider/tracer ×8 |
| normal | 4 | 44 | 6:08 | 50 | 24s / 19s（41/44） | 22 / 88 | 2 | bone/burrower/ripper/slider ×18；bone/offspring/ripper/slider/spitter ×11；bone/floater/ripper/runner/slider/tracer ×10 |
| normal | 5 | 23 | 7:51 | 59 | 16s / 11s（23/23） | 31 / 130 | 0 | burrower/ripper/slider/spitter ×8；bone/floater/founder/nest/ripper/runner/slider ×7；bone/burrower/offspring/ripper/slider/stone ×7 |
| normal | 6 | 17 | 8:47 | 63 | 11s / 10s（14/17） | 56 / 211 | 4 | burrower/hulk/ripper/slider/spitter ×4；burrower/offspring/ripper/slider/spitter/stone ×4；burrower/floater/founder/nest/reaper/ripper/runner/slider/tracer ×3 |

### 按机器人汇总

| 机器人 | 局数 | 胜率 | 平均存活 | 3:30 存活 | 平均终局等级 | 平均击杀 | 目标（胜率 / 存活） | 判定 |
|---|---|---|---|---|---|---|---|---|
| normal | 56 | 32% | 8:58 | 100% | 26.4 | 4630 | 30–55% / 7:00–13:00 | **达标** |
| expert | 56 | 71% | 11:02 | 100% | 32.8 | 6424 | 70–95% / 9:00–13:00 | **达标** |

### 明细

| 编队 | n | 胜率 | 存活(均/最短) | 托底(次/首次) | Lv 2:00/5:00/8:00/末 | 终Boss剩余 | 精二占比 | 灯火 | 击杀 | 主要伤害来源 | 治疗来源(总量/无人机Lv) | 主要死因 |
|---|---|---|---|---|---|---|---|---|---|---|---|---|
| [expert] wisadel | 8 | 100% | 10:37 / 10:05 | 0.0 / - | 7 / 16 / 26 / 33 | - | 100% | 68 | 6388 | 殉爆 24% 余震 22% 饱和炮击 11% 炮击 5% | 凯尔希 49% 水月 18% 塞雷娅 15% (291 / 0.2) | bullet |
| [expert] eyjafjalla | 8 | 87% | 10:56 / 10:16 | 0.0 / - | 7 / 16 / 25 / 34 | 60% | 100% | 68 | 6516 | 火山弹 21% 火山 11% 熔岩天降 8% 锚击 4% | 塞雷娅 36% 流明 24% 拾取 15% (513 / 0.6) | bullet |
| [expert] skadi | 8 | 37% | 11:40 / 8:50 | 0.0 / - | 7 / 14 / 24 / 34 | 54% | 100% | 48 | 6804 | 大剑 24% Mon3tr 13% Mon3tr · 真伤 7% 跃浪 5% | 塞雷娅 34% 凯尔希 31% 拾取 23% (522 / 0.1) | bullet |
| [expert] mizuki | 8 | 100% | 10:43 / 10:16 | 0.0 / - | 7 / 16 / 25 / 33 | - | 100% | 82 | 6387 | 触手 29% 伞击 13% 技能 5% 藏品 5% | 水月 79% 塞雷娅 7% 流明 5% (383 / 0.1) | bullet |
| [expert] saria | 8 | 37% | 11:07 / 8:49 | 0.0 / - | 5 / 15 / 23 / 31 | 74% | 100% | 62 | 6108 | 殉爆 12% 余震 10% 火山弹 5% 大剑 5% | 塞雷娅 74% 流明 9% 凯尔希 7% (876 / 0.0) | bullet |
| [expert] kaltsit | 8 | 87% | 11:07 / 10:35 | 0.0 / - | 6 / 16 / 25 / 33 | 35% | 100% | 79 | 6624 | Mon3tr · 真伤 15% 锯刃 10% Mon3tr 9% 殉爆 5% | 凯尔希 68% 流明 18% 水月 7% (636 / 0.0) | bullet |
| [expert] suzuran | 8 | 50% | 11:01 / 7:48 | 0.0 / - | 7 / 14 / 24 / 31 | 66% | 100% | 52 | 6140 | 狐火 12% 大剑 8% Mon3tr 7% 火山弹 6% | 铃兰 30% 凯尔希 25% 塞雷娅 14% (633 / 0.4) | bullet |
| [normal] wisadel | 8 | 37% | 8:36 / 6:09 | 0.0 / - | 7 / 15 / 25 / 26 | 30% | 25% | 53 | 4400 | 余震 25% 殉爆 15% 炮击 14% Mon3tr 7% | 凯尔希 35% 流明 22% 拾取 12% (450 / 0.5) | bullet |
| [normal] eyjafjalla | 8 | 0% | 7:47 / 3:36 | 0.0 / - | 6 / 14 / 22 / 21 | 77% | 8% | 50 | 3436 | 火山弹 32% 火星 7% 拳击 6% 余震 4% | 拾取 39% 塞雷娅 25% 流明 20% (594 / 0.5) | shock |
| [normal] skadi | 8 | 12% | 7:38 / 3:44 | 0.0 / - | 7 / 15 / 25 / 23 | 39% | 21% | 58 | 3698 | 大剑 36% 刺剑 7% 潮涌斩 6% 跃浪 6% | 拾取 37% 塞雷娅 24% 凯尔希 6% (173 / 0.4) | bullet |
| [normal] mizuki | 8 | 37% | 9:52 / 8:09 | 0.0 / - | 7 / 15 / 23 / 29 | 55% | 33% | 66 | 5129 | 伞击 20% 触手 20% 技能·法术 8% 骑士 6% | 水月 51% 流明 26% 塞雷娅 8% (983 / 0.8) | shock |
| [normal] saria | 8 | 50% | 9:38 / 7:17 | 0.0 / - | 6 / 15 / 24 / 29 | 34% | 33% | 36 | 5225 | 锯刃 16% 大剑 12% 拳击 9% 火山弹 6% | 塞雷娅 90% 无人机 4% 拾取 3% (987 / 0.9) | bullet |
| [normal] kaltsit | 8 | 75% | 9:59 / 5:30 | 0.0 / - | 7 / 15 / 25 / 29 | 82% | 50% | 59 | 5690 | Mon3tr 29% Mon3tr · 真伤 11% 锯刃 8% 食腐 5% | 凯尔希 71% 流明 9% 水月 8% (1008 / 0.8) | bullet |
| [normal] suzuran | 8 | 12% | 9:18 / 7:16 | 0.0 / - | 7 / 15 / 24 / 27 | 65% | 37% | 52 | 4828 | 狐火 25% 骑士 6% 伞击 5% Mon3tr 5% | 铃兰 24% 流明 21% 无人机 19% (660 / 0.9) | bullet |

### 机器人指标（docs/29）

| 机器人 · 开局 | n | 胜率 | 存活 均/最短 | 3:30 存活 | 5:00 存活 | 首次招募 | 首次精一 / 精二 | 中期 Boss 击杀数 / 平均用时 | 受击/分 | 承伤/分 | 低血(<35%)秒 | 熄灯秒 | 静止% | 开局干员 伤害占比 / 每分钟 | 主要死因 |
|---|---|---|---|---|---|---|---|---|---|---|---|---|---|---|---|
| [expert] wisadel | 8 | 100% | 10:37 / 10:05 | 100% | 100% | 1:17 | 0:51 / 2:58 | 2.5 / 26s | 15.7 | 36 | 0 | 0 | 14 | 67% / 66988 | - |
| [expert] eyjafjalla | 8 | 87% | 10:56 / 10:16 | 100% | 100% | 1:32 | 0:52 / 2:58 | 2.5 / 58s | 16.9 | 65 | 1 | 0 | 14 | 55% / 54643 | shock |
| [expert] skadi | 8 | 37% | 11:40 / 8:50 | 100% | 100% | 1:16 | 0:50 / 3:19 | 2.4 / 92s | 24.0 | 70 | 1 | 4 | 11 | 36% / 31515 | bullet |
| [expert] mizuki | 8 | 100% | 10:43 / 10:16 | 100% | 100% | 1:21 | 0:51 / 2:58 | 2.5 / 43s | 10.9 | 41 | 0 | 2 | 13 | 50% / 50727 | - |
| [expert] saria | 8 | 37% | 11:07 / 8:49 | 100% | 100% | 2:03 | 0:48 / 3:30 | 1.5 / 105s | 33.5 | 84 | 0 | 30 | 9 | 9% / 6756 | bullet |
| [expert] kaltsit | 8 | 87% | 11:07 / 10:35 | 100% | 100% | 1:44 | 1:28 / 3:50 | 2.5 / 58s | 14.9 | 66 | 0 | 0 | 16 | 27% / 27247 | shock |
| [expert] suzuran | 8 | 50% | 11:01 / 7:48 | 100% | 100% | 1:41 | 1:01 / 3:20 | 1.9 / 82s | 26.2 | 76 | 2 | 4 | 12 | 16% / 13295 | contact_tracer |
| [normal] wisadel | 8 | 37% | 8:36 / 6:09 | 100% | 100% | 1:19 | 4:23 / 8:07 | 1.5 / 39s | 26.9 | 90 | 8 | 4 | 0 | 60% / 36044 | contact_tracer |
| [normal] eyjafjalla | 8 | 0% | 7:47 / 3:36 | 100% | 87% | 1:20 | 4:25 / 9:16 | 0.9 / 125s | 34.3 | 95 | 7 | 4 | 0 | 45% / 13747 | corrode |
| [normal] skadi | 8 | 12% | 7:38 / 3:44 | 100% | 87% | 1:24 | 3:45 / 6:33 | 1.4 / 39s | 19.6 | 68 | 16 | 0 | 0 | 53% / 23937 | mire |
| [normal] mizuki | 8 | 37% | 9:52 / 8:09 | 100% | 100% | 1:20 | 3:36 / 7:05 | 2.2 / 86s | 23.8 | 118 | 4 | 9 | 0 | 53% / 31279 | mire |
| [normal] saria | 8 | 50% | 9:38 / 7:17 | 100% | 100% | 1:19 | 4:03 / 7:14 | 2.2 / 61s | 40.1 | 128 | 6 | 21 | 0 | 14% / 8273 | mire |
| [normal] kaltsit | 8 | 75% | 9:59 / 5:30 | 100% | 100% | 1:28 | 3:52 / 7:39 | 2.1 / 45s | 68.3 | 116 | 1 | 6 | 0 | 43% / 33655 | corrode |
| [normal] suzuran | 8 | 12% | 9:18 / 7:16 | 100% | 100% | 1:21 | 3:59 / 6:40 | 1.6 / 64s | 33.4 | 102 | 14 | 11 | 0 | 29% / 14951 | corrode |

### 藏品（docs/35）

| 机器人 | 开局 | 局数 | 平均藏品数 | 藏品直接伤害 | 各流派 出现 / 拿取 | 无效拿取 |
|---|---|---|---|---|---|---|
| expert | eyjafjalla | 8 | 32.2 | 2.0% | A 77/18 B 31/13 C 55/25 D 63/19 E 85/31 F 17/5 G 58/30 H 101/43 通用 144/76 | 0 |
| expert | kaltsit | 8 | 25.2 | 3.2% | A 44/14 B 23/14 C 55/27 D 51/12 E 47/10 F 11/8 G 31/13 H 119/34 通用 165/73 | 0 |
| expert | mizuki | 8 | 27.9 | 7.0% | A 74/23 B 25/12 C 53/27 D 49/9 E 41/12 F 21/15 G 62/21 H 110/31 通用 123/76 | 0 |
| expert | saria | 8 | 17.0 | 2.0% | A 38/11 B 15/4 C 30/14 D 42/12 E 21/5 F 8/3 G 30/15 H 54/15 通用 89/59 | 0 |
| expert | skadi | 8 | 22.8 | 4.8% | A 58/15 B 22/10 C 43/19 D 41/13 E 43/9 F 14/7 G 36/13 H 101/40 通用 121/57 | 0 |
| expert | suzuran | 8 | 19.6 | 7.3% | A 34/15 B 16/6 C 38/23 D 21/2 E 38/14 F 8/4 G 37/14 H 67/16 通用 105/64 | 0 |
| expert | wisadel | 8 | 29.1 | 3.5% | A 48/12 B 27/13 C 44/26 D 60/18 E 69/16 F 13/7 G 46/19 H 119/44 通用 153/80 | 0 |
| normal | eyjafjalla | 8 | 8.4 | 0.5% | A 10/5 B 4/2 C 11/5 D 10/9 E 16/5 F 5/2 G 10/2 H 24/6 通用 41/31 | 0 |
| normal | kaltsit | 8 | 19.5 | 5.3% | A 36/9 B 14/5 C 34/11 D 35/12 E 35/10 F 13/2 G 41/13 H 78/30 通用 112/64 | 0 |
| normal | mizuki | 8 | 14.5 | 0.0% | A 21/7 B 11/2 C 25/10 D 29/15 E 20/8 F 7/2 G 23/10 H 47/12 通用 77/50 | 0 |
| normal | saria | 8 | 16.1 | 0.1% | A 34/12 B 6/3 C 32/11 D 27/12 E 30/9 F 5/3 G 30/10 H 52/19 通用 75/50 | 0 |
| normal | skadi | 8 | 13.4 | 0.5% | A 29/9 B 16/8 C 27/12 D 30/7 E 19/3 F 8/3 G 27/4 H 50/14 通用 81/48 | 0 |
| normal | suzuran | 8 | 16.4 | 1.2% | A 21/4 B 14/2 C 23/12 D 22/4 E 46/17 F 6/1 G 26/9 H 59/24 通用 71/58 | 0 |
| normal | wisadel | 8 | 18.0 | 1.8% | A 38/14 B 10/4 C 28/11 D 36/10 E 31/12 F 6/3 G 30/13 H 74/22 通用 107/55 | 0 |
| 合计 | | | | | A 562/168 B 234/98 C 498/233 D 516/154 E 541/161 F 142/65 G 487/186 H 1055/350 通用 1464/841 | |

拿取最多（出现 / 拿取）：“犹疑” 0/89，“观望” 0/87，“决心” 0/77，深蓝之心 0/48，海潮的气息 0/44，凯旋号角 135/37，镶金骨骰 109/35，皇帝的收藏 104/35，羽兽肝酱 118/33，古高卢银币 46/33，奇渊面具 110/31，夜阳花 111/31
耗时 1304s
写入 build/cloud/b0rev-new/b0r_new_0926_1659.{json,md}
