跑 112 局（1 流派 × 2 机器人 × 7 编队 × 8 seed），并行 4（全机上限 4），源文件摘要 b3ae26b60406b77a
### 最终 Boss（按类型；上面的「终局」列是四种混算）

| 机器人 | 最终 Boss | 结局 | 出场 | 击杀 | 用时 均 / 中 / P90 / 最短–最长（出现起算） | 中 / P90（可受伤起算） | 阶段护盾秒 / 过卡点数 均 | 未击杀时剩余血量 |
|---|---|---|---|---|---|---|---|---|
| expert | 伊祖米克 | deep 25 | 25 | 22 | 74s / 66s / 108s / 45–176s | 36s / 90s | 9.6 / 1.9 | 42% |
| expert | 偏执泡影 | standard 11 | 11 | 10 | 86s / 87s / 151s / 29–151s | 87s / 151s | 2.0 / 1.7 | 22% |
| expert | 伊莎玛拉 | resolve 11 | 11 | 8 | 45s / 41s / 71s / 39–71s | 41s / 71s | 10.1 / 1.8 | 32% |
| expert | 最后的骑士 | knight 9 | 9 | 9 | 64s / 55s / 137s / 42–137s | 55s / 137s | 10.9 / 2.0 | - |
| normal | 最后的骑士 | knight 13 | 13 | 13 | 63s / 60s / 84s / 44–127s | 60s / 84s | 10.9 / 2.0 | - |
| normal | 偏执泡影 | standard 13 | 13 | 13 | 82s / 76s / 156s / 39–156s | 76s / 156s | 7.3 / 1.9 | - |
| normal | 伊祖米克 | deep 6 | 6 | 4 | 86s / 70s / 155s / 50–155s | 46s / 137s | 6.1 / 1.2 | 87% |
| normal | 伊莎玛拉 | resolve 2 | 2 | 2 | 45s / 45s / 51s / 40–51s | 46s / 51s | 20.1 / 2.0 | - |

### 难度 / 缩圈 / 同屏峰值

#### 前 3 分钟

| 机器人 | 难度 | 局数 | 3:00 前死亡 | 前 3 分钟承伤 均 / 中 | 3:00 时生命 |
|---|---|---|---|---|---|
| expert | 0 | 56 | 0% | 23 / 18 | 100% |
| normal | 0 | 56 | 0% | 34 / 25 | 100% |

#### 死因 × 缩圈阶段 × Boss 在场（失败的局）

| 机器人 | 难度 | 死因 | 缩圈（第几轮 · 阶段） | 圈外 | Boss 在场 | 局数 | 平均死亡时间 |
|---|---|---|---|---|---|---|---|
| expert | 0 | corrode | 第 3 轮 · 稳定 | 否 | 是 | 2 | 13:00 |
| expert | 0 | contact_slider | 第 3 轮 · 稳定 | 否 | 是 | 1 | 13:00 |
| expert | 0 | mire | 第 3 轮 · 稳定 | 否 | 是 | 1 | 13:00 |
| expert | 0 | bullet | 第 3 轮 · 稳定 | 否 | 是 | 1 | 13:00 |
| expert | 0 | bullet | 第 1 轮 · 稳定 | 否 | 是 | 1 | 13:00 |
| expert | 0 | atk_burrower | 第 3 轮 · 稳定 | 否 | 是 | 1 | 13:00 |
| normal | 0 | corrode | 第 3 轮 · 稳定 | 否 | 是 | 5 | 7:41 |
| normal | 0 | corrode | 第 2 轮 · 稳定 | 否 | 否 | 3 | 5:47 |
| normal | 0 | corrode | 第 1 轮 · 稳定 | 否 | 是 | 3 | 6:55 |
| normal | 0 | bullet | 第 3 轮 · 稳定 | 否 | 是 | 2 | 13:00 |
| normal | 0 | atk_tracer | 第 3 轮 · 收缩 | 否 | 是 | 1 | 7:48 |
| normal | 0 | dark | 第 3 轮 · 稳定 | 否 | 否 | 1 | 6:57 |
| normal | 0 | atk_reaper | 第 2 轮 · 收缩 | 否 | 否 | 1 | 5:43 |
| normal | 0 | corrode | 第 3 轮 · 预告 | 否 | 否 | 1 | 6:18 |
| normal | 0 | bullet | 第 2 轮 · 收缩 | 否 | 否 | 1 | 5:27 |
| normal | 0 | contact_tracer | 第 2 轮 · 收缩 | 否 | 否 | 1 | 5:20 |
| normal | 0 | contact_tracer | 第 3 轮 · 收缩 | 否 | 是 | 1 | 8:34 |
| normal | 0 | corrode | 第 3 轮 · 收缩 | 否 | 是 | 1 | 8:23 |
| normal | 0 | mire | 第 3 轮 · 稳定 | 是 | 是 | 1 | 7:12 |
| normal | 0 | mire | 第 3 轮 · 收缩 | 否 | 否 | 1 | 6:53 |
| normal | 0 | mire | 第 3 轮 · 稳定 | 否 | 是 | 1 | 7:42 |

#### 同屏数量峰值（每局峰值的 平均 / 最大）

| 机器人 | 难度 | 局数 | 范围 | 敌人 | 敌方弹幕（含抛射） | 我方子弹 | 特效 | 飘字 |
|---|---|---|---|---|---|---|---|---|
| expert | 0 | 56 | 全程 | 271 / 510 | 54 / 125 | 3 / 10 | 394 / 498 | 47 / 48 |
| expert | 0 | 56 | 8:00–10:00 | 255 / 427 | 46 / 107 | 3 / 10 | 377 / 480 | 43 / 48 |
| normal | 0 | 56 | 全程 | 302 / 454 | 52 / 121 | 3 / 9 | 374 / 465 | 46 / 48 |
| normal | 0 | 39 | 8:00–10:00 | 291 / 454 | 50 / 98 | 2 / 7 | 356 / 442 | 40 / 48 |

### 大群（按第几次）

| 机器人 | 第几次 | 出现 | 时间 | 数量 | 清 80% 用时 均 / 中（清完/出现） | 20 秒内掉血 均 / 最大 | 30 秒内死亡 | 编成 |
|---|---|---|---|---|---|---|---|---|
| expert | 1 | 56 | 1:15 | 33 | 14s / 13s（56/56） | 2 / 25 | 0 | bone/slider ×33；bone/slider/stone ×23 |
| expert | 2 | 56 | 2:45 | 42 | 19s / 12s（56/56） | 2 / 17 | 0 | bone/slider/stone ×33；bone/slider ×23 |
| expert | 3 | 56 | 4:37 | 55 | 25s / 14s（56/56） | 6 / 27 | 0 | bone/floater/ripper/runner/slider ×11；bone/offspring/ripper/slider/stone ×11；bone/offspring/ripper/slider/spitter ×10 |
| expert | 4 | 56 | 5:55 | 64 | 17s / 12s（55/56） | 10 / 35 | 0 | bone/offspring/ripper/slider/spitter ×20；bone/floater/ripper/runner/slider/tracer ×19；bone/burrower/ripper/slider ×17 |
| expert | 5 | 56 | 7:38 | 75 | 17s / 11s（56/56） | 10 / 72 | 0 | burrower/ripper/slider/spitter ×21；bone/floater/founder/nest/ripper/runner/slider ×21；bone/burrower/offspring/ripper/slider/stone ×14 |
| expert | 6 | 55 | 8:44 | 82 | 14s / 9s（55/55） | 10 / 93 | 0 | burrower/hulk/ripper/slider/spitter ×12；burrower/floater/founder/nest/reaper/ripper/runner/slider/tracer ×11；bone/burrower/offspring/ripper/slider/stone ×11 |
| expert | 7 | 10 | 9:16 | 85 | 17s / 10s（10/10） | 5 / 8 | 0 | burrower/hulk/ripper/slider/spitter ×5；burrower/offspring/ripper/slider/spitter/stone ×4；burrower/floater/founder/nest/reaper/ripper/runner/slider/tracer ×1 |
| normal | 1 | 56 | 1:15 | 33 | 9s / 9s（56/56） | 4 / 42 | 0 | bone/slider ×28；bone/slider/stone ×28 |
| normal | 2 | 56 | 2:45 | 42 | 13s / 10s（56/56） | 5 / 43 | 0 | bone/slider/stone ×28；bone/slider ×28 |
| normal | 3 | 56 | 4:30 | 54 | 30s / 26s（56/56） | 13 / 119 | 0 | bone/ripper/slider/stone ×18；bone/floater/ripper/runner/slider ×12；bone/offspring/ripper/slider/stone ×8 |
| normal | 4 | 50 | 5:52 | 63 | 28s / 22s（47/50） | 26 / 225 | 3 | bone/floater/ripper/runner/slider/tracer ×21；bone/offspring/ripper/slider/spitter ×16；bone/burrower/ripper/slider ×13 |
| normal | 5 | 41 | 7:42 | 75 | 27s / 15s（37/41） | 33 / 186 | 6 | burrower/ripper/slider/spitter ×16；bone/burrower/offspring/ripper/slider/stone ×13；bone/floater/founder/nest/ripper/runner/slider ×12 |
| normal | 6 | 34 | 8:47 | 82 | 18s / 13s（33/34） | 25 / 89 | 0 | burrower/hulk/ripper/slider/spitter ×13；burrower/ripper/slider/spitter ×5；burrower/offspring/ripper/slider/spitter/stone ×5 |
| normal | 7 | 5 | 9:20 | 86 | 14s / 10s（5/5） | 34 / 136 | 0 | burrower/offspring/ripper/slider/spitter/stone ×3；burrower/floater/founder/nest/reaper/ripper/runner/slider/tracer ×2 |

### 按机器人汇总

| 机器人 | 局数 | 胜率 | 平均存活 | 3:30 存活 | 平均终局等级 | 平均击杀 | 目标（胜率 / 存活） | 判定 |
|---|---|---|---|---|---|---|---|---|
| normal | 56 | 57% | 9:36 | 100% | 28.7 | 5580 | 30–55% / 7:00–13:00 | **偏易** |
| expert | 56 | 87% | 11:24 | 100% | 34.4 | 7193 | 70–95% / 9:00–13:00 | **达标** |

### 明细

| 编队 | n | 胜率 | 存活(均/最短) | 托底(次/首次) | Lv 2:00/5:00/8:00/末 | 终Boss剩余 | 精二占比 | 灯火 | 击杀 | 主要伤害来源 | 治疗来源(总量/无人机Lv) | 主要死因 |
|---|---|---|---|---|---|---|---|---|---|---|---|---|
| [expert] wisadel | 8 | 100% | 11:02 / 10:29 | 0.0 / - | 7 / 16 / 26 / 34 | - | 96% | 82 | 6931 | 殉爆 19% 余震 17% 锯刃 10% 饱和炮击 8% | 凯尔希 48% 流明 17% 塞雷娅 17% (202 / 0.1) | bullet |
| [expert] eyjafjalla | 8 | 100% | 11:19 / 10:39 | 0.0 / - | 6 / 16 / 26 / 34 | - | 96% | 71 | 7179 | 火山弹 17% 火山 15% 熔岩天降 8% 熔岩 6% | 凯尔希 38% 塞雷娅 24% 流明 19% (417 / 0.5) | bullet |
| [expert] skadi | 8 | 100% | 11:20 / 10:43 | 0.0 / - | 7 / 15 / 25 / 34 | - | 100% | 70 | 7139 | 大剑 23% 触手 10% 伞击 7% 跃浪 5% | 塞雷娅 42% 水月 25% 凯尔希 22% (433 / 0.5) | bullet |
| [expert] mizuki | 8 | 100% | 11:12 / 10:47 | 0.0 / - | 7 / 16 / 26 / 35 | - | 96% | 73 | 7064 | 触手 25% 伞击 13% 言 9% 技能 6% | 水月 65% 塞雷娅 13% 流明 13% (428 / 0.6) | bullet |
| [expert] saria | 8 | 50% | 12:05 / 10:55 | 0.0 / - | 6 / 15 / 24 / 35 | 19% | 92% | 80 | 7573 | 火山弹 8% Mon3tr · 真伤 6% 锚击 6% 拳击 5% | 塞雷娅 73% 流明 12% 凯尔希 7% (766 / 0.0) | bullet |
| [expert] kaltsit | 8 | 100% | 10:58 / 10:39 | 0.0 / - | 6 / 16 / 26 / 34 | - | 100% | 76 | 6893 | Mon3tr 12% 言 8% 火山弹 8% Mon3tr · 真伤 7% | 凯尔希 91% 流明 6% 拾取 1% (411 / 0.0) | bullet |
| [expert] suzuran | 8 | 62% | 11:49 / 10:39 | 0.0 / - | 7 / 15 / 25 / 34 | 56% | 100% | 80 | 7570 | 狐火 10% Mon3tr · 真伤 8% 刺剑 7% 藏品 5% | 铃兰 30% 凯尔希 28% 塞雷娅 28% (437 / 0.5) | bullet |
| [normal] wisadel | 8 | 50% | 9:11 / 5:38 | 0.0 / - | 7 / 16 / 25 / 28 | 53% | 45% | 40 | 5232 | 余震 20% 殉爆 13% 炮击 10% 刺剑 6% | 拾取 33% 无人机 22% 塞雷娅 21% (477 / 0.8) | contact_slider |
| [normal] eyjafjalla | 8 | 12% | 6:35 / 5:20 | 0.0 / - | 7 / 16 / 27 / 20 | 19% | 20% | 17 | 2981 | 火山弹 23% Mon3tr 8% 骑士 8% 大剑 7% | 拾取 38% 凯尔希 26% 事件 12% (249 / 0.2) | contact_ripper |
| [normal] skadi | 8 | 87% | 10:43 / 8:03 | 0.0 / - | 7 / 16 / 25 / 32 | 13% | 66% | 72 | 6604 | 大剑 27% Mon3tr 7% 狐火 7% 锚击 5% | 凯尔希 24% 水月 23% 无人机 17% (588 / 0.5) | bullet |
| [normal] mizuki | 8 | 62% | 10:14 / 7:54 | 0.0 / - | 7 / 15 / 24 / 30 | 72% | 37% | 60 | 6034 | 伞击 17% 触手 13% 技能·法术 8% 余震 6% | 水月 68% 流明 16% 塞雷娅 5% (994 / 1.1) | contact_slider |
| [normal] saria | 8 | 62% | 11:29 / 8:23 | 0.0 / - | 7 / 15 / 24 / 33 | 87% | 79% | 77 | 7069 | 大剑 13% Mon3tr 12% 拳击 8% 狐火 6% | 塞雷娅 53% 流明 29% 凯尔希 12% (1020 / 0.5) | bullet |
| [normal] kaltsit | 8 | 75% | 9:57 / 6:06 | 0.0 / - | 7 / 16 / 25 / 30 | 8% | 50% | 70 | 6071 | Mon3tr 33% 大剑 8% 锯刃 8% 锚击 5% | 凯尔希 68% 水月 12% 流明 7% (1006 / 1.0) | contact_ripper |
| [normal] suzuran | 8 | 50% | 9:02 / 6:53 | 0.0 / - | 7 / 16 / 26 / 28 | 43% | 58% | 54 | 5070 | 狐火 21% Mon3tr 7% 骑士 5% 言 5% | 铃兰 28% 凯尔希 23% 塞雷娅 20% (419 / 0.0) | bullet |

### 机器人指标（docs/29）

| 机器人 · 开局 | n | 胜率 | 存活 均/最短 | 3:30 存活 | 5:00 存活 | 首次招募 | 首次精一 / 精二 | 中期 Boss 击杀数 / 平均用时 | 受击/分 | 承伤/分 | 低血(<35%)秒 | 熄灯秒 | 静止% | 开局干员 伤害占比 / 每分钟 | 主要死因 |
|---|---|---|---|---|---|---|---|---|---|---|---|---|---|---|---|
| [expert] wisadel | 8 | 100% | 11:02 / 10:29 | 100% | 100% | 1:09 | 1:01 / 3:53 | 2.4 / 32s | 10.6 | 25 | 0 | 0 | 16 | 53% / 68474 | - |
| [expert] eyjafjalla | 8 | 100% | 11:19 / 10:39 | 100% | 100% | 1:20 | 0:58 / 3:46 | 2.4 / 67s | 16.5 | 48 | 0 | 5 | 13 | 54% / 73933 | - |
| [expert] skadi | 8 | 100% | 11:20 / 10:43 | 100% | 100% | 1:05 | 0:55 / 3:41 | 2.2 / 97s | 16.8 | 48 | 0 | 2 | 11 | 34% / 42116 | - |
| [expert] mizuki | 8 | 100% | 11:12 / 10:47 | 100% | 100% | 1:08 | 0:57 / 3:18 | 1.9 / 37s | 9.5 | 41 | 0 | 2 | 13 | 49% / 68924 | - |
| [expert] saria | 8 | 50% | 12:05 / 10:55 | 100% | 100% | 1:21 | 0:50 / 4:03 | 1.8 / 79s | 24.9 | 73 | 0 | 10 | 13 | 10% / 12231 | bullet |
| [expert] kaltsit | 8 | 100% | 10:58 / 10:39 | 100% | 100% | 1:34 | 1:17 / 3:43 | 2.5 / 44s | 26.7 | 47 | 0 | 2 | 16 | 20% / 26298 | - |
| [expert] suzuran | 8 | 62% | 11:49 / 10:39 | 100% | 100% | 1:17 | 0:57 / 3:15 | 1.9 / 70s | 23.3 | 43 | 0 | 15 | 16 | 14% / 17954 | corrode |
| [normal] wisadel | 8 | 50% | 9:11 / 5:38 | 100% | 100% | 0:57 | 4:00 / 7:23 | 1.6 / 63s | 42.8 | 83 | 8 | 28 | 0 | 48% / 40161 | corrode |
| [normal] eyjafjalla | 8 | 12% | 6:35 / 5:20 | 100% | 100% | 0:58 | 3:02 / 5:57 | 1.1 / 36s | 47.7 | 78 | 14 | 18 | 0 | 39% / 15917 | corrode |
| [normal] skadi | 8 | 87% | 10:43 / 8:03 | 100% | 100% | 1:03 | 3:19 / 7:06 | 2.2 / 63s | 43.6 | 88 | 4 | 13 | 0 | 40% / 41968 | corrode |
| [normal] mizuki | 8 | 62% | 10:14 / 7:54 | 100% | 100% | 1:00 | 3:26 / 7:57 | 1.4 / 79s | 44.4 | 118 | 1 | 4 | 0 | 41% / 39515 | corrode |
| [normal] saria | 8 | 62% | 11:29 / 8:23 | 100% | 100% | 0:55 | 3:35 / 6:53 | 1.9 / 72s | 41.5 | 105 | 0 | 12 | 0 | 14% / 14108 | bullet |
| [normal] kaltsit | 8 | 75% | 9:57 / 6:06 | 100% | 100% | 1:00 | 3:46 / 7:45 | 1.9 / 60s | 65.2 | 119 | 2 | 31 | 0 | 39% / 39905 | corrode |
| [normal] suzuran | 8 | 50% | 9:02 / 6:53 | 100% | 100% | 1:03 | 2:48 / 6:21 | 1.6 / 30s | 33.2 | 67 | 9 | 16 | 0 | 23% / 16390 | mire |

### 藏品（docs/35）

| 机器人 | 开局 | 局数 | 平均藏品数 | 藏品直接伤害 | 各流派 出现 / 拿取 | 无效拿取 |
|---|---|---|---|---|---|---|
| expert | eyjafjalla | 8 | 34.6 | 5.4% | A 57/11 B 31/15 C 94/40 D 66/19 E 75/18 F 18/9 G 71/31 H 155/53 通用 154/83 | 0 |
| expert | kaltsit | 8 | 31.4 | 4.8% | A 67/19 B 42/21 C 61/27 D 61/13 E 94/23 F 24/9 G 57/23 H 147/43 通用 149/75 | 0 |
| expert | mizuki | 8 | 29.2 | 7.4% | A 60/22 B 37/15 C 64/24 D 59/10 E 74/17 F 7/3 G 73/29 H 140/37 通用 146/78 | 0 |
| expert | saria | 8 | 23.1 | 4.5% | A 67/23 B 20/8 C 40/19 D 44/11 E 54/9 F 11/3 G 43/19 H 119/36 通用 99/58 | 0 |
| expert | skadi | 8 | 27.5 | 2.9% | A 84/20 B 29/17 C 52/30 D 58/8 E 44/13 F 18/12 G 51/19 H 107/34 通用 125/71 | 0 |
| expert | suzuran | 8 | 28.2 | 8.3% | A 78/29 B 17/6 C 60/30 D 58/12 E 90/22 F 19/7 G 40/7 H 110/43 通用 137/73 | 0 |
| expert | wisadel | 8 | 31.6 | 9.6% | A 66/23 B 20/11 C 74/40 D 62/17 E 83/23 F 13/7 G 60/26 H 145/40 通用 142/70 | 0 |
| normal | eyjafjalla | 8 | 11.8 | 1.2% | A 16/7 B 14/5 C 20/5 D 19/6 E 20/8 F 6/1 G 12/3 H 25/11 通用 44/48 | 0 |
| normal | kaltsit | 8 | 18.0 | 4.7% | A 43/16 B 14/3 C 30/8 D 42/14 E 40/13 F 7/3 G 39/13 H 70/25 通用 89/50 | 0 |
| normal | mizuki | 8 | 18.1 | 1.0% | A 43/16 B 10/1 C 34/10 D 43/16 E 38/15 F 3/1 G 40/13 H 72/19 通用 72/54 | 0 |
| normal | saria | 8 | 23.5 | 4.6% | A 64/15 B 22/7 C 35/12 D 43/12 E 41/16 F 8/2 G 54/17 H 101/37 通用 100/70 | 0 |
| normal | skadi | 8 | 24.4 | 5.1% | A 65/20 B 25/11 C 59/20 D 58/16 E 62/18 F 16/4 G 45/18 H 83/21 通用 113/68 | 0 |
| normal | suzuran | 8 | 19.8 | 3.9% | A 31/14 B 7/4 C 46/18 D 29/10 E 51/17 F 9/1 G 36/16 H 65/29 通用 78/49 | 0 |
| normal | wisadel | 8 | 19.5 | 1.4% | A 47/17 B 19/7 C 29/6 D 36/8 E 36/13 F 11/4 G 43/10 H 79/25 通用 93/68 | 0 |
| 合计 | | | | | A 788/252 B 307/131 C 698/289 D 678/172 E 802/225 F 170/66 G 664/244 H 1418/453 通用 1541/915 | |

拿取最多（出现 / 拿取）：“观望” 0/96，“决心” 0/86，“犹疑” 0/84，海潮的气息 0/57，显圣吊坠 173/50，深蓝之心 0/46，贵族刺剑 162/44，教母的信物 138/42，皇帝的恩宠 157/41，老近卫军之锋 159/41，羽兽肝酱 180/41，洁白的舞鞋 80/41
耗时 2471s
写入 build/cloud/close1-t0b/c1_t0b_0926_1955.{json,md}
