跑 56 局（1 流派 × 2 机器人 × 7 编队 × 4 seed），并行 4（全机上限 4），源文件摘要 bb2f2f0d94ab7885
### 最终 Boss（按类型；上面的「终局」列是四种混算）

| 机器人 | 最终 Boss | 结局 | 出场 | 击杀 | 用时 均 / 中 / P90 / 最短–最长（出现起算） | 中 / P90（可受伤起算） | 阶段护盾秒 / 过卡点数 均 | 未击杀时剩余血量 |
|---|---|---|---|---|---|---|---|---|
| expert | 伊祖米克 | deep 7 | 7 | 4 | 102s / 93s / 148s / 75–148s | 80s / 134s | 0.3 / 1.1 | 84% |
| expert | 最后的骑士 | knight 5 | 5 | 0 | - | - | 0.0 / 1.6 | 34% |
| expert | 偏执泡影 | standard 5 | 5 | 1 | 140s / 140s / 140s / 140–140s | 140s / 140s | 0.6 / 1.2 | 56% |
| normal | 偏执泡影 | standard 2 | 2 | 0 | - | - | 0.0 / 0.5 | 67% |

### 难度 / 缩圈 / 同屏峰值

#### 前 3 分钟

| 机器人 | 难度 | 局数 | 3:00 前死亡 | 前 3 分钟承伤 均 / 中 | 3:00 时生命 |
|---|---|---|---|---|---|
| expert | 0 | 28 | 0% | 35 / 26 | 100% |
| normal | 0 | 28 | 0% | 51 / 36 | 99% |

#### 死因 × 缩圈阶段 × Boss 在场（失败的局）

| 机器人 | 难度 | 死因 | 缩圈（第几轮 · 阶段） | 圈外 | Boss 在场 | 局数 | 平均死亡时间 |
|---|---|---|---|---|---|---|---|
| expert | 0 | corrode | 第 1 轮 · 稳定 | 否 | 是 | 4 | 11:01 |
| expert | 0 | corrode | 第 3 轮 · 收缩 | 否 | 是 | 2 | 9:31 |
| expert | 0 | contact_slider | 第 3 轮 · 收缩 | 否 | 否 | 1 | 6:49 |
| expert | 0 | mire | 第 5 轮 · 稳定 | 否 | 是 | 1 | 13:00 |
| expert | 0 | dark | 第 3 轮 · 预告 | 否 | 否 | 1 | 6:04 |
| expert | 0 | contact_pocket | 第 2 轮 · 稳定 | 否 | 否 | 1 | 6:35 |
| expert | 0 | dark | 第 3 轮 · 预告 | 否 | 是 | 1 | 7:10 |
| expert | 0 | atk_tracer | 第 1 轮 · 稳定 | 否 | 是 | 1 | 8:05 |
| expert | 0 | atk_tracer | 第 3 轮 · 收缩 | 否 | 是 | 1 | 7:31 |
| expert | 0 | corrode | 第 3 轮 · 稳定 | 否 | 是 | 1 | 13:00 |
| expert | 0 | atk_stone | 第 3 轮 · 稳定 | 否 | 是 | 1 | 13:00 |
| expert | 0 | atk_tracer | 第 3 轮 · 稳定 | 否 | 是 | 1 | 13:00 |
| expert | 0 | shock | 第 1 轮 · 稳定 | 否 | 是 | 1 | 10:43 |
| expert | 0 | atk_tracer | 第 2 轮 · 稳定 | 否 | 是 | 1 | 13:00 |
| expert | 0 | mire | 第 1 轮 · 稳定 | 否 | 是 | 1 | 13:00 |
| expert | 0 | atk_tracer | 第 2 轮 · 收缩 | 否 | 否 | 1 | 5:21 |
| expert | 0 | mire | 第 3 轮 · 稳定 | 否 | 是 | 1 | 13:00 |
| expert | 0 | bullet | 第 3 轮 · 稳定 | 否 | 是 | 1 | 13:00 |
| expert | 0 | dark | 第 3 轮 · 稳定 | 否 | 是 | 1 | 7:14 |
| normal | 0 | corrode | 第 1 轮 · 稳定 | 否 | 是 | 5 | 8:23 |
| normal | 0 | contact_slider | 第 1 轮 · 稳定 | 否 | 是 | 4 | 5:20 |
| normal | 0 | contact_tracer | 第 3 轮 · 稳定 | 否 | 是 | 1 | 7:07 |
| normal | 0 | contact_reaper | 第 2 轮 · 稳定 | 否 | 否 | 1 | 6:07 |
| normal | 0 | dark | 第 2 轮 · 稳定 | 否 | 否 | 1 | 5:39 |
| normal | 0 | bullet | 第 1 轮 · 稳定 | 否 | 是 | 1 | 4:50 |
| normal | 0 | atk_tracer | 第 3 轮 · 收缩 | 否 | 否 | 1 | 6:37 |
| normal | 0 | boss_iberia | 第 1 轮 · 稳定 | 否 | 是 | 1 | 8:50 |
| normal | 0 | dark | 第 1 轮 · 稳定 | 否 | 是 | 1 | 5:10 |
| normal | 0 | mire | 第 2 轮 · 稳定 | 否 | 是 | 1 | 8:42 |
| normal | 0 | corrode | 第 3 轮 · 收缩 | 否 | 是 | 1 | 7:08 |
| normal | 0 | corrode | 第 3 轮 · 预告 | 否 | 否 | 1 | 6:36 |
| normal | 0 | corrode | 第 3 轮 · 稳定 | 否 | 是 | 1 | 13:00 |
| normal | 0 | mire | 第 3 轮 · 收缩 | 否 | 是 | 1 | 8:31 |
| normal | 0 | corrode | 第 3 轮 · 稳定 | 是 | 是 | 1 | 7:51 |
| normal | 0 | dark | 第 3 轮 · 收缩 | 否 | 是 | 1 | 9:33 |
| normal | 0 | contact_tracer | 第 1 轮 · 稳定 | 否 | 是 | 1 | 6:22 |
| normal | 0 | corrode | 第 3 轮 · 稳定 | 否 | 否 | 1 | 9:46 |
| normal | 0 | corrode | 第 2 轮 · 收缩 | 否 | 否 | 1 | 5:18 |
| normal | 0 | contact_slider | 第 2 轮 · 稳定 | 否 | 否 | 1 | 5:35 |
| normal | 0 | corrode | 第 2 轮 · 稳定 | 否 | 否 | 1 | 5:39 |

#### 同屏数量峰值（每局峰值的 平均 / 最大）

| 机器人 | 难度 | 局数 | 范围 | 敌人 | 敌方弹幕（含抛射） | 我方子弹 | 特效 | 飘字 |
|---|---|---|---|---|---|---|---|---|
| expert | 0 | 28 | 全程 | 311 / 509 | 93 / 164 | 4 / 8 | 403 / 528 | 42 / 48 |
| expert | 0 | 20 | 8:00–10:00 | 333 / 509 | 69 / 137 | 3 / 5 | 406 / 528 | 24 / 48 |
| normal | 0 | 28 | 全程 | 326 / 493 | 53 / 145 | 3 / 9 | 332 / 487 | 37 / 48 |
| normal | 0 | 9 | 8:00–10:00 | 386 / 493 | 83 / 126 | 1 / 5 | 383 / 487 | 22 / 48 |

### 大群（按第几次）

| 机器人 | 第几次 | 出现 | 时间 | 数量 | 清 80% 用时 均 / 中（清完/出现） | 20 秒内掉血 均 / 最大 | 30 秒内死亡 | 编成 |
|---|---|---|---|---|---|---|---|---|
| expert | 1 | 28 | 1:15 | 37 | 16s / 15s（28/28） | 3 / 20 | 0 | bone/slider ×16；bone/slider/stone ×12 |
| expert | 2 | 28 | 2:45 | 47 | 13s / 11s（28/28） | 4 / 10 | 0 | bone/slider/stone ×16；bone/slider ×12 |
| expert | 3 | 28 | 4:42 | 62 | 21s / 15s（28/28） | 20 / 136 | 1 | bone/floater/runner/slider/tracer ×7；bone/offspring/slider/spitter ×6；bone/slider ×6 |
| expert | 4 | 26 | 6:02 | 72 | 20s / 17s（25/26） | 30 / 114 | 2 | bone/slider ×11；bone/floater/runner/slider/tracer ×8；bone/offspring/slider/spitter ×7 |
| expert | 5 | 20 | 7:42 | 84 | 18s / 14s（19/20） | 27 / 132 | 1 | bone/floater/founder/nest/runner/slider ×10；bone/offspring/slider/stone ×6；slider/spitter ×4 |
| expert | 6 | 18 | 8:54 | 92 | 18s / 7s（17/18） | 49 / 151 | 1 | slider/spitter ×12；offspring/slider/spitter/stone ×6 |
| expert | 7 | 1 | 9:28 | 97 | 7s / 7s（1/1） | 45 / 45 | 0 | floater/founder/nest/reaper/runner/slider/tracer ×1 |
| normal | 1 | 28 | 1:15 | 37 | 10s / 10s（28/28） | 5 / 21 | 0 | bone/slider/stone ×17；bone/slider ×11 |
| normal | 2 | 28 | 2:45 | 47 | 13s / 12s（28/28） | 7 / 19 | 0 | bone/slider ×17；bone/slider/stone ×11 |
| normal | 3 | 26 | 4:39 | 61 | 22s / 20s（22/26） | 31 / 111 | 5 | bone/floater/runner/slider/tracer ×6；bone/floater/runner/slider ×5；bone/slider ×5 |
| normal | 4 | 16 | 5:58 | 71 | 35s / 26s（13/16） | 40 / 150 | 2 | bone/floater/runner/slider/tracer ×8；bone/slider ×5；bone/offspring/slider/spitter ×3 |
| normal | 5 | 10 | 7:44 | 84 | 25s / 24s（8/10） | 35 / 140 | 1 | bone/offspring/slider/stone ×4；slider/spitter ×3；bone/floater/founder/nest/runner/slider ×3 |
| normal | 6 | 6 | 8:55 | 92 | 32s / 25s（5/6） | 42 / 98 | 1 | offspring/slider/spitter/stone ×3；floater/founder/nest/reaper/runner/slider/tracer ×2；slider/spitter ×1 |

### 按机器人汇总

| 机器人 | 局数 | 胜率 | 平均存活 | 3:30 存活 | 平均终局等级 | 平均击杀 | 目标（胜率 / 存活） | 判定 |
|---|---|---|---|---|---|---|---|---|
| normal | 28 | 0% | 7:12 | 100% | 19.0 | 3596 | 30–55% / 7:00–13:00 | **偏难** |
| expert | 28 | 17% | 10:25 | 100% | 25.0 | 6597 | 70–95% / 9:00–13:00 | **偏难** |

### 明细

| 编队 | n | 胜率 | 存活(均/最短) | 托底(次/首次) | Lv 2:00/5:00/8:00/末 | 终Boss剩余 | 精二占比 | 灯火 | 击杀 | 主要伤害来源 | 治疗来源(总量/无人机Lv) | 主要死因 |
|---|---|---|---|---|---|---|---|---|---|---|---|---|
| [expert] wisadel | 4 | 25% | 9:35 / 6:04 | 0.0 / - | 7 / 16 / 22 / 24 | 12% | 75% | 23 | 5818 | 殉爆 23% 余震 21% 饱和炮击 8% 狐火 6% | 塞雷娅 24% 铃兰 21% 凯尔希 19% (769 / 0.0) | bullet |
| [expert] eyjafjalla | 4 | 0% | 7:01 / 5:05 | 0.0 / - | 6 / 15 / 22 / 19 | 56% | 66% | 0 | 3446 | 火山弹 22% Mon3tr 11% 锯刃 10% 火山 6% | 凯尔希 48% 塞雷娅 24% 拾取 23% (535 / 0.0) | atk_reaper |
| [expert] skadi | 4 | 0% | 10:24 / 7:31 | 0.0 / - | 7 / 14 / 21 / 25 | 68% | 91% | 73 | 6369 | 大剑 25% 火山弹 9% 锚击 9% 藏品 5% | 塞雷娅 42% 拾取 27% 商店 24% (666 / 0.0) | bullet |
| [expert] mizuki | 4 | 50% | 12:11 / 11:15 | 0.0 / - | 7 / 15 / 22 / 28 | 38% | 100% | 49 | 8387 | 触手 19% 伞击 16% 技能 7% 刺剑 5% | 水月 67% 流明 10% 凯尔希 9% (2136 / 0.5) | contact_tracer |
| [expert] saria | 4 | 25% | 12:05 / 10:43 | 0.0 / - | 6 / 14 / 21 / 28 | 66% | 100% | 0 | 8007 | 锯刃 21% 殉爆 6% 狐火 6% Mon3tr 6% | 塞雷娅 72% 凯尔希 13% 铃兰 7% (1916 / 0.0) | bullet |
| [expert] kaltsit | 4 | 25% | 10:55 / 5:21 | 0.0 / - | 5 / 14 / 21 / 25 | 65% | 91% | 22 | 7272 | Mon3tr 23% Mon3tr · 真伤 15% 触手 6% 伞击 6% | 凯尔希 67% 水月 28% 铃兰 1% (1693 / 0.0) | bullet |
| [expert] suzuran | 4 | 0% | 10:45 / 7:14 | 0.0 / - | 6 / 15 / 21 / 26 | 54% | 84% | 36 | 6876 | 狐火 14% Mon3tr 12% 锯刃 10% 殉爆 7% | 塞雷娅 30% 铃兰 29% 流明 19% (1187 / 0.0) | bullet |
| [normal] wisadel | 4 | 0% | 7:58 / 5:39 | 0.0 / - | 6 / 15 / 22 / 20 | 66% | 25% | 14 | 4352 | 余震 20% 殉爆 17% 炮击 12% 狐火 10% | 拾取 41% 凯尔希 21% 水月 17% (1092 / 0.8) | contact_tracer |
| [normal] eyjafjalla | 4 | 0% | 4:49 / 4:11 | 0.0 / - | 6 / 14 / 0 / 14 | 69% | 0% | 1 | 1660 | 火山弹 31% 锯刃 14% Mon3tr 13% 火星 8% | 拾取 45% 凯尔希 25% 商店 23% (153 / 0.0) | contact_slider |
| [normal] skadi | 4 | 0% | 8:48 / 6:37 | 0.0 / - | 7 / 14 / 20 / 23 | 98% | 25% | 48 | 4677 | 大剑 39% 骑士 9% 狐火 7% 跃浪 6% | 拾取 28% 水月 23% 塞雷娅 21% (776 / 0.2) | bullet |
| [normal] mizuki | 4 | 0% | 6:54 / 5:10 | 0.0 / - | 6 / 15 / 21 / 18 | 61% | 16% | 1 | 3193 | 伞击 18% 大剑 17% 狐火 13% 触手 8% | 水月 25% 事件 25% 凯尔希 14% (773 / 0.2) | contact_slider |
| [normal] saria | 4 | 0% | 8:51 / 6:05 | 0.0 / - | 7 / 15 / 21 / 22 | 65% | 16% | 2 | 5138 | 锚击 17% 余震 17% 拳击 13% 炮击 9% | 塞雷娅 87% 凯尔希 10% 拾取 2% (1901 / 0.0) | atk_tracer |
| [normal] kaltsit | 4 | 0% | 7:44 / 5:18 | 0.0 / - | 6 / 15 / 22 / 21 | 69% | 8% | 0 | 4212 | Mon3tr 46% 大剑 11% 锯刃 7% 刺剑 6% | 凯尔希 93% 流明 4% 无人机 1% (1643 / 0.2) | contact_slider |
| [normal] suzuran | 4 | 0% | 5:18 / 4:59 | 0.0 / - | 7 / 14 / 0 / 15 | 63% | 0% | 3 | 1944 | 狐火 36% 火山弹 14% 大剑 14% 刺剑 12% | 无人机 23% 铃兰 22% 拾取 15% (62 / 0.8) | bullet |

### 机器人指标（docs/29）

| 机器人 · 开局 | n | 胜率 | 存活 均/最短 | 3:30 存活 | 5:00 存活 | 首次招募 | 首次精一 / 精二 | 中期 Boss 击杀数 / 平均用时 | 受击/分 | 承伤/分 | 低血(<35%)秒 | 熄灯秒 | 静止% | 开局干员 伤害占比 / 每分钟 | 主要死因 |
|---|---|---|---|---|---|---|---|---|---|---|---|---|---|---|---|
| [expert] wisadel | 4 | 25% | 9:35 / 6:04 | 100% | 100% | 1:14 | 0:53 / 3:11 | 1.8 / 30s | 59.3 | 88 | 8 | 15 | 5 | 61% / 59657 | contact_slider |
| [expert] eyjafjalla | 4 | 0% | 7:01 / 5:05 | 100% | 100% | 1:21 | 1:14 / 4:36 | 0.8 / 65s | 55.8 | 110 | 12 | 26 | 4 | 47% / 23446 | corrode |
| [expert] skadi | 4 | 0% | 10:24 / 7:31 | 100% | 100% | 1:06 | 0:56 / 4:23 | 0.5 / 49s | 89.9 | 96 | 16 | 13 | 3 | 35% / 33519 | corrode |
| [expert] mizuki | 4 | 50% | 12:11 / 11:15 | 100% | 100% | 1:12 | 0:52 / 3:25 | 1.8 / 95s | 101.5 | 177 | 2 | 80 | 5 | 45% / 58862 | atk_stone |
| [expert] saria | 4 | 25% | 12:05 / 10:43 | 100% | 100% | 1:24 | 0:53 / 3:37 | 0.8 / 127s | 145.2 | 159 | 8 | 112 | 4 | 8% / 9942 | corrode |
| [expert] kaltsit | 4 | 25% | 10:55 / 5:21 | 100% | 100% | 1:52 | 1:28 / 3:46 | 1.0 / 148s | 88.2 | 144 | 2 | 86 | 5 | 42% / 40067 | atk_tracer |
| [expert] suzuran | 4 | 0% | 10:45 / 7:14 | 100% | 100% | 1:25 | 1:06 / 3:30 | 1.0 / 51s | 83.7 | 124 | 6 | 52 | 5 | 18% / 17619 | bullet |
| [normal] wisadel | 4 | 0% | 7:58 / 5:39 | 100% | 100% | 0:59 | 3:08 / 7:59 | 0.8 / 40s | 70.2 | 131 | 24 | 117 | 0 | 55% / 32929 | corrode |
| [normal] eyjafjalla | 4 | 0% | 4:49 / 4:11 | 100% | 50% | 0:59 | 3:15 / - | 0.0 / - | 43.8 | 80 | 9 | 25 | 0 | 43% / 6713 | contact_slider |
| [normal] skadi | 4 | 0% | 8:48 / 6:37 | 100% | 100% | 0:56 | 2:26 / 6:12 | 1.0 / 153s | 53.3 | 127 | 7 | 38 | 0 | 55% / 32237 | corrode |
| [normal] mizuki | 4 | 0% | 6:54 / 5:10 | 100% | 100% | 1:03 | 4:35 / 5:45 | 0.8 / 75s | 60.1 | 137 | 36 | 60 | 0 | 34% / 15318 | corrode |
| [normal] saria | 4 | 0% | 8:51 / 6:05 | 100% | 100% | 1:01 | 2:27 / 6:05 | 0.8 / 50s | 99.1 | 206 | 9 | 88 | 0 | 20% / 11754 | corrode |
| [normal] kaltsit | 4 | 0% | 7:44 / 5:18 | 100% | 100% | 1:09 | 3:03 / 6:52 | 1.0 / 69s | 68.0 | 226 | 16 | 104 | 0 | 47% / 22399 | corrode |
| [normal] suzuran | 4 | 0% | 5:18 / 4:59 | 100% | 75% | 0:51 | 4:00 / - | 0.5 / 37s | 32.7 | 57 | 7 | 9 | 0 | 36% / 7411 | contact_slider |

### 藏品（docs/35）

| 机器人 | 开局 | 局数 | 平均藏品数 | 藏品直接伤害 | 各流派 出现 / 拿取 | 无效拿取 |
|---|---|---|---|---|---|---|
| expert | eyjafjalla | 4 | 3.8 | 0.2% | A 6/2 B 1/1 C 3/2 D 3/0 E 2/0 F 1/0 G 3/0 H 4/1 通用 7/9 | 0 |
| expert | kaltsit | 4 | 9.2 | 5.9% | A 14/6 B 4/3 C 10/5 D 9/2 E 6/1 F 3/2 G 11/5 H 29/6 通用 14/9 | 0 |
| expert | mizuki | 4 | 14.2 | 4.8% | A 13/5 B 2/2 C 9/3 D 16/5 E 7/4 F 3/3 G 19/5 H 24/5 通用 31/25 | 0 |
| expert | saria | 4 | 8.8 | 2.3% | A 11/5 B 4/3 C 4/1 D 6/1 E 5/3 F 1/0 G 18/3 H 18/6 通用 11/14 | 0 |
| expert | skadi | 4 | 10.2 | 6.1% | A 13/5 B 8/3 C 13/9 D 9/3 E 7/1 F 3/2 G 8/3 H 25/4 通用 13/13 | 0 |
| expert | suzuran | 4 | 10.5 | 0.0% | A 6/3 B 4/1 C 4/3 D 6/2 E 5/0 F 1/0 G 15/5 H 17/1 通用 25/27 | 0 |
| expert | wisadel | 4 | 11.5 | 1.6% | A 8/2 B 5/2 C 8/4 D 7/2 E 12/5 F 2/2 G 16/7 H 23/9 通用 13/13 | 0 |
| normal | eyjafjalla | 4 | 2.8 | 0.0% | A 1/0 B 1/0 C 1/1 D 6/1 E 2/0 G 3/1 H 2/0 通用 11/8 | 0 |
| normal | kaltsit | 4 | 5.0 | 0.0% | A 6/1 C 3/1 D 2/0 E 2/1 F 1/1 G 8/2 H 8/3 通用 9/11 | 0 |
| normal | mizuki | 4 | 2.8 | 0.3% | A 2/0 B 1/1 C 1/0 D 1/0 E 1/0 G 3/2 H 8/4 通用 7/4 | 0 |
| normal | saria | 4 | 4.5 | 0.0% | A 8/2 B 3/1 C 3/1 D 5/2 E 2/0 F 1/1 G 9/3 H 7/4 通用 8/5 | 0 |
| normal | skadi | 4 | 6.8 | 0.0% | A 3/1 B 2/2 C 4/1 D 5/2 E 5/0 F 1/0 G 5/1 H 11/4 通用 10/16 | 0 |
| normal | suzuran | 4 | 2.8 | 0.0% | A 2/1 C 2/1 D 1/0 E 4/2 F 2/1 G 2/0 H 3/1 通用 5/5 | 0 |
| normal | wisadel | 4 | 5.0 | 0.0% | A 4/2 B 3/1 C 5/1 D 3/0 E 3/1 F 2/2 G 8/4 H 5/2 通用 14/8 | 0 |
| 合计 | | | | | A 97/35 B 38/20 C 70/33 D 79/20 E 63/18 F 21/14 G 128/41 H 184/50 通用 178/167 | |

拿取最多（出现 / 拿取）：海潮的气息 0/26，“犹疑” 0/16，“观望” 0/15，“决心” 0/15，深蓝之心 0/11，退行的罗辛南特 0/9，开裂的束缚带 28/8，皇帝的恩宠 27/7，制式防暴用具 12/7，演员的首饰盒 19/6，活玫瑰 21/5，老近卫军之锋 8/5
耗时 902s
写入 build/cloud/close2-t0b-2/close2-t0b_0929_1315.{json,md}
