跑 84 局（1 流派 × 2 机器人 × 7 编队 × 6 seed），并行 4（全机上限 4），源文件摘要 227fb25104210743
### 最终 Boss（按类型；上面的「终局」列是四种混算）

| 机器人 | 最终 Boss | 结局 | 出场 | 击杀 | 用时 均 / 中 / 最短–最长 | 未击杀时剩余血量 |
|---|---|---|---|---|---|---|
| expert | 伊莎玛拉 | resolve 14 | 14 | 11 | 55s / 45s / 33–98s | 56% |
| expert | 伊祖米克 | deep 11 | 11 | 8 | 88s / 83s / 65–119s | 55% |
| expert | 最后的骑士 | knight 10 | 10 | 10 | 99s / 99s / 34–179s | - |
| expert | 偏执泡影 | standard 7 | 7 | 6 | 81s / 79s / 62–104s | 100% |
| normal | 伊祖米克 | deep 11 | 11 | 6 | 73s / 62s / 47–140s | 59% |
| normal | 偏执泡影 | standard 11 | 11 | 8 | 59s / 47s / 34–149s | 69% |
| normal | 伊莎玛拉 | resolve 10 | 10 | 9 | 77s / 77s / 33–138s | 93% |
| normal | 最后的骑士 | knight 10 | 10 | 8 | 92s / 83s / 54–175s | 75% |

### 难度 / 缩圈 / 同屏峰值

#### 前 3 分钟

| 机器人 | 难度 | 局数 | 3:00 前死亡 | 前 3 分钟承伤 均 / 中 | 3:00 时生命 |
|---|---|---|---|---|---|
| expert | 0 | 42 | 0% | 23 / 21 | 100% |
| normal | 0 | 42 | 0% | 26 / 20 | 99% |

#### 死因 × 缩圈阶段 × Boss 在场（失败的局）

| 机器人 | 难度 | 死因 | 缩圈（第几轮 · 阶段） | 圈外 | Boss 在场 | 局数 | 平均死亡时间 |
|---|---|---|---|---|---|---|---|
| expert | 0 | bullet | 第 1 轮 · 稳定 | 否 | 是 | 2 | 13:00 |
| expert | 0 | bullet | 第 4 轮 · 收缩 | 否 | 是 | 1 | 13:00 |
| expert | 0 | bullet | 第 3 轮 · 收缩 | 否 | 是 | 1 | 13:00 |
| expert | 0 | bullet | 第 2 轮 · 稳定 | 否 | 是 | 1 | 13:00 |
| expert | 0 | boss_tracer | 第 1 轮 · 稳定 | 否 | 是 | 1 | 13:00 |
| expert | 0 | bullet | 第 3 轮 · 预告 | 否 | 是 | 1 | 13:00 |
| normal | 0 | corrode | 第 1 轮 · 稳定 | 否 | 是 | 2 | 13:00 |
| normal | 0 | corrode | 第 3 轮 · 预告 | 否 | 是 | 1 | 13:00 |
| normal | 0 | shock | 第 4 轮 · 收缩 | 否 | 是 | 1 | 13:00 |
| normal | 0 | bullet | 第 1 轮 · 稳定 | 否 | 是 | 1 | 13:00 |
| normal | 0 | bullet | 第 3 轮 · 预告 | 否 | 是 | 1 | 13:00 |
| normal | 0 | boss_reaper | 第 1 轮 · 稳定 | 否 | 是 | 1 | 13:00 |
| normal | 0 | boss_tracer | 第 1 轮 · 稳定 | 否 | 是 | 1 | 13:00 |
| normal | 0 | contact_slider | 第 1 轮 · 稳定 | 否 | 是 | 1 | 13:00 |
| normal | 0 | corrode | 第 3 轮 · 稳定 | 否 | 是 | 1 | 13:00 |
| normal | 0 | contact_burrower | 第 1 轮 · 稳定 | 否 | 是 | 1 | 13:00 |

#### 同屏数量峰值（每局峰值的 平均 / 最大）

| 机器人 | 难度 | 局数 | 范围 | 敌人 | 敌方弹幕（含抛射） | 我方子弹 | 特效 | 飘字 |
|---|---|---|---|---|---|---|---|---|
| expert | 0 | 42 | 全程 | 250 / 450 | 54 / 136 | 3 / 10 | 392 / 522 | 48 / 48 |
| expert | 0 | 42 | 8:00–10:00 | 234 / 450 | 47 / 92 | 2 / 9 | 359 / 463 | 48 / 48 |
| normal | 0 | 42 | 全程 | 276 / 454 | 58 / 101 | 3 / 10 | 394 / 546 | 48 / 48 |
| normal | 0 | 42 | 8:00–10:00 | 254 / 453 | 50 / 78 | 3 / 7 | 359 / 546 | 48 / 48 |

### 大群（按第几次）

| 机器人 | 第几次 | 出现 | 时间 | 数量 | 清 80% 用时 均 / 中（清完/出现） | 20 秒内掉血 均 / 最大 | 30 秒内死亡 | 编成 |
|---|---|---|---|---|---|---|---|---|
| expert | 1 | 42 | 1:15 | 26 | 15s / 12s（42/42） | 2 / 12 | 0 | bone/slider ×23；bone/slider/stone ×19 |
| expert | 2 | 42 | 2:45 | 33 | 12s / 12s（42/42） | 4 / 28 | 0 | bone/slider/stone ×23；bone/slider ×19 |
| expert | 3 | 38 | 4:48 | 44 | 14s / 11s（38/38） | 10 / 116 | 0 | bone/offspring/ripper/slider/stone ×9；bone/ripper/slider/stone ×7；bone/floater/ripper/runner/slider ×6 |
| expert | 4 | 37 | 6:06 | 50 | 15s / 12s（37/37） | 12 / 60 | 0 | bone/burrower/ripper/slider ×13；bone/floater/ripper/runner/slider/tracer ×11；bone/offspring/ripper/slider/spitter ×10 |
| expert | 5 | 32 | 7:49 | 59 | 12s / 10s（32/32） | 27 / 131 | 0 | bone/burrower/offspring/ripper/slider/stone ×12；bone/floater/founder/nest/ripper/runner/slider ×9；burrower/ripper/slider/spitter ×9 |
| expert | 6 | 28 | 8:51 | 64 | 11s / 10s（28/28） | 35 / 191 | 0 | burrower/offspring/ripper/slider/spitter/stone ×7；burrower/hulk/ripper/slider/spitter ×6；burrower/floater/founder/nest/reaper/ripper/runner/slider/tracer ×6 |
| normal | 1 | 42 | 1:15 | 26 | 9s / 9s（42/42） | 7 / 20 | 0 | bone/slider ×24；bone/slider/stone ×18 |
| normal | 2 | 42 | 2:45 | 33 | 22s / 14s（42/42） | 6 / 23 | 0 | bone/slider/stone ×24；bone/slider ×18 |
| normal | 3 | 35 | 4:38 | 43 | 24s / 20s（35/35） | 14 / 71 | 0 | bone/ripper/slider/stone ×10；bone/offspring/ripper/slider/stone ×9；bone/floater/ripper/runner/slider ×8 |
| normal | 4 | 35 | 6:06 | 50 | 19s / 13s（35/35） | 28 / 92 | 0 | bone/floater/ripper/runner/slider/tracer ×15；bone/burrower/ripper/slider ×9；bone/offspring/ripper/slider/spitter ×8 |
| normal | 5 | 28 | 7:51 | 59 | 13s / 11s（28/28） | 44 / 173 | 0 | bone/burrower/offspring/ripper/slider/stone ×10；bone/floater/founder/nest/ripper/runner/slider ×10；burrower/ripper/slider/spitter ×4 |
| normal | 6 | 22 | 8:45 | 63 | 11s / 10s（22/22） | 43 / 154 | 0 | burrower/offspring/ripper/slider/spitter/stone ×7；burrower/ripper/slider/spitter ×5；bone/floater/founder/nest/ripper/runner/slider ×3 |

### 按机器人汇总

| 机器人 | 局数 | 胜率 | 平均存活 | 3:30 存活 | 平均终局等级 | 平均击杀 | 目标（胜率 / 存活） | 判定 |
|---|---|---|---|---|---|---|---|---|
| normal | 42 | 73% | 11:43 | 100% | 33.5 | 7013 | 30–55% / 7:00–13:00 | **偏易** |
| expert | 42 | 83% | 11:36 | 100% | 33.9 | 6913 | 70–95% / 9:00–13:00 | **达标** |

### 明细

| 编队 | n | 胜率 | 存活(均/最短) | 托底(次/首次) | Lv 2:00/5:00/8:00/末 | 终Boss剩余 | 精二占比 | 灯火 | 击杀 | 主要伤害来源 | 治疗来源(总量/无人机Lv) | 主要死因 |
|---|---|---|---|---|---|---|---|---|---|---|---|---|
| [expert] wisadel | 6 | 100% | 10:55 / 10:33 | 0.5 / 9:10 | 7 / 16 / 26 / 34 | - | 100% | 59 | 6643 | 余震 16% 殉爆 15% 饱和炮击 7% 炮击 5% | 凯尔希 35% 水月 26% 拾取 25% (408 / 0.7) | bullet |
| [expert] eyjafjalla | 6 | 100% | 11:35 / 10:44 | 1.0 / 8:46 | 7 / 16 / 25 / 35 | - | 100% | 73 | 7058 | 火山弹 20% 火山 10% 熔岩天降 8% 触手 7% | 流明 40% 水月 32% 拾取 11% (1043 / 0.7) | bullet |
| [expert] skadi | 6 | 83% | 11:20 / 10:36 | 0.0 / - | 7 / 15 / 25 / 33 | 69% | 100% | 34 | 6765 | 大剑 26% Mon3tr 7% 言 7% 提喻 5% | 拾取 45% 塞雷娅 30% 凯尔希 18% (694 / 0.2) | bullet |
| [expert] mizuki | 6 | 100% | 11:26 / 10:34 | 0.8 / 8:59 | 7 / 15 / 25 / 34 | - | 100% | 63 | 6940 | 触手 18% 伞击 13% 锚击 8% 大剑 5% | 水月 74% 流明 7% 塞雷娅 6% (1064 / 0.8) | bullet |
| [expert] saria | 6 | 33% | 12:43 / 11:24 | 0.7 / 11:06 | 6 / 14 / 23 / 34 | 44% | 100% | 66 | 7294 | 殉爆 10% 锚击 9% 余震 9% 大剑 6% | 塞雷娅 79% 流明 16% 铃兰 2% (1169 / 0.0) | bullet |
| [expert] kaltsit | 6 | 100% | 11:15 / 10:34 | 0.0 / - | 4 / 15 / 25 / 34 | - | 100% | 66 | 6790 | Mon3tr · 真伤 11% Mon3tr 9% 殉爆 9% 余震 9% | 凯尔希 79% 流明 8% 塞雷娅 6% (676 / 0.0) | bullet |
| [expert] suzuran | 6 | 66% | 11:59 / 11:01 | 1.0 / 8:27 | 6 / 15 / 24 / 33 | 94% | 100% | 38 | 6902 | 狐火 15% 锯刃 8% 火山弹 7% Mon3tr 6% | 铃兰 41% 塞雷娅 14% 水月 13% (671 / 0.3) | bullet |
| [normal] wisadel | 6 | 100% | 10:52 / 10:34 | 2.5 / 8:05 | 6 / 16 / 25 / 33 | - | 50% | 64 | 6545 | 余震 19% 殉爆 19% 炮击 8% 触手 5% | 流明 29% 拾取 27% 水月 21% (603 / 0.8) | shock |
| [normal] eyjafjalla | 6 | 83% | 11:47 / 11:03 | 2.2 / 8:40 | 6 / 15 / 25 / 34 | 96% | 55% | 45 | 7280 | 火山弹 24% 火山 9% 熔岩天降 6% 刺剑 5% | 拾取 55% 流明 15% 水月 14% (1212 / 0.5) | contact_ripper |
| [normal] skadi | 6 | 66% | 11:37 / 10:33 | 0.2 / 10:34 | 7 / 15 / 25 / 34 | 8% | 72% | 71 | 7010 | 大剑 31% 锯刃 6% 火山弹 5% 跃浪 5% | 拾取 22% 无人机 15% 塞雷娅 15% (1387 / 1.2) | shock |
| [normal] mizuki | 6 | 66% | 11:39 / 10:41 | 0.0 / - | 7 / 15 / 24 / 33 | 84% | 44% | 79 | 6826 | 伞击 20% 触手 16% 技能·法术 8% 大剑 5% | 水月 69% 流明 19% 塞雷娅 6% (1500 / 0.2) | bullet |
| [normal] saria | 6 | 66% | 11:58 / 10:41 | 2.0 / 8:55 | 6 / 14 / 23 / 33 | 99% | 61% | 25 | 6858 | 锯刃 20% 拳击 11% 火山弹 8% 大剑 8% | 塞雷娅 77% 流明 8% 水月 7% (2264 / 0.0) | shock |
| [normal] kaltsit | 6 | 83% | 11:44 / 11:02 | 6.2 / 9:21 | 7 / 15 / 24 / 34 | 98% | 38% | 38 | 7182 | Mon3tr 32% 锯刃 14% 大剑 14% 刺剑 5% | 凯尔希 83% 流明 10% 无人机 3% (3159 / 0.8) | contact_ripper |
| [normal] suzuran | 6 | 50% | 12:24 / 10:54 | 8.5 / 8:46 | 7 / 15 / 24 / 34 | 57% | 72% | 41 | 7388 | 狐火 15% 锯刃 13% 锚击 10% 刺剑 6% | 铃兰 32% 流明 28% 拾取 21% (1479 / 1.0) | shock |

### 机器人指标（docs/29）

| 机器人 · 开局 | n | 胜率 | 存活 均/最短 | 3:30 存活 | 5:00 存活 | 首次招募 | 首次精一 / 精二 | 中期 Boss 击杀数 / 平均用时 | 受击/分 | 承伤/分 | 低血(<35%)秒 | 熄灯秒 | 静止% | 开局干员 伤害占比 / 每分钟 | 主要死因 |
|---|---|---|---|---|---|---|---|---|---|---|---|---|---|---|---|
| [expert] wisadel | 6 | 100% | 10:55 / 10:33 | 100% | 100% | 1:20 | 0:52 / 3:03 | 2.5 / 24s | 15.0 | 83 | 0 | 4 | 16 | 46% / 48619 | - |
| [expert] eyjafjalla | 6 | 100% | 11:35 / 10:44 | 100% | 100% | 1:33 | 0:53 / 3:41 | 2.2 / 59s | 16.7 | 126 | 0 | 12 | 15 | 53% / 57150 | - |
| [expert] skadi | 6 | 83% | 11:20 / 10:36 | 100% | 100% | 1:12 | 0:48 / 2:45 | 2.3 / 60s | 19.8 | 127 | 0 | 10 | 14 | 36% / 35981 | bullet |
| [expert] mizuki | 6 | 100% | 11:26 / 10:34 | 100% | 100% | 1:23 | 0:52 / 3:52 | 2.3 / 38s | 21.8 | 122 | 0 | 0 | 15 | 39% / 42147 | - |
| [expert] saria | 6 | 33% | 12:43 / 11:24 | 100% | 100% | 1:51 | 0:49 / 3:24 | 1.7 / 183s | 18.3 | 116 | 0 | 11 | 10 | 9% / 8454 | bullet |
| [expert] kaltsit | 6 | 100% | 11:15 / 10:34 | 100% | 100% | 2:05 | 1:42 / 3:06 | 2.5 / 46s | 32.2 | 70 | 0 | 3 | 17 | 23% / 24669 | - |
| [expert] suzuran | 6 | 66% | 11:59 / 11:01 | 100% | 100% | 1:43 | 0:58 / 2:55 | 1.8 / 102s | 24.6 | 124 | 0 | 8 | 13 | 20% / 15482 | bullet |
| [normal] wisadel | 6 | 100% | 10:52 / 10:34 | 100% | 100% | 1:23 | 3:54 / 7:29 | 2.3 / 37s | 41.4 | 156 | 0 | 9 | 0 | 56% / 48929 | - |
| [normal] eyjafjalla | 6 | 83% | 11:47 / 11:03 | 100% | 100% | 1:22 | 3:24 / 5:43 | 2.2 / 100s | 123.1 | 515 | 0 | 101 | 0 | 54% / 50717 | corrode |
| [normal] skadi | 6 | 66% | 11:37 / 10:33 | 100% | 100% | 1:20 | 3:55 / 8:31 | 2.3 / 67s | 43.5 | 205 | 0 | 8 | 0 | 45% / 45976 | corrode |
| [normal] mizuki | 6 | 66% | 11:39 / 10:41 | 100% | 100% | 1:22 | 3:46 / 7:18 | 2.0 / 65s | 44.2 | 169 | 0 | 4 | 0 | 49% / 40682 | bullet |
| [normal] saria | 6 | 66% | 11:58 / 10:41 | 100% | 100% | 1:25 | 3:26 / 8:17 | 1.8 / 75s | 85.9 | 278 | 0 | 75 | 0 | 16% / 11889 | boss_reaper |
| [normal] kaltsit | 6 | 83% | 11:44 / 11:02 | 100% | 100% | 1:23 | 3:41 / 9:39 | 2.0 / 50s | 113.6 | 492 | 0 | 73 | 0 | 37% / 32797 | contact_slider |
| [normal] suzuran | 6 | 50% | 12:24 / 10:54 | 100% | 100% | 1:27 | 3:14 / 7:10 | 1.8 / 137s | 91.5 | 489 | 0 | 77 | 0 | 20% / 19145 | corrode |

### 藏品（docs/35）

| 机器人 | 开局 | 局数 | 平均藏品数 | 藏品直接伤害 | 各流派 出现 / 拿取 | 无效拿取 |
|---|---|---|---|---|---|---|
| expert | eyjafjalla | 6 | 30.3 | 4.1% | A 40/14 B 25/16 C 40/21 D 33/7 E 46/11 F 14/10 G 36/12 H 86/31 通用 119/63 | 0 |
| expert | kaltsit | 6 | 27.8 | 6.1% | A 42/11 B 22/12 C 48/22 D 36/3 E 40/16 F 11/11 G 37/17 H 94/28 通用 126/50 | 0 |
| expert | mizuki | 6 | 28.5 | 3.9% | A 46/10 B 15/7 C 33/20 D 41/6 E 34/9 F 14/5 G 52/20 H 105/39 通用 119/56 | 0 |
| expert | saria | 6 | 17.2 | 0.1% | A 28/9 B 9/6 C 27/9 D 20/6 E 16/4 F 6/2 G 18/8 H 43/15 通用 62/45 | 0 |
| expert | skadi | 6 | 30.5 | 2.8% | A 59/18 B 27/13 C 41/27 D 40/11 E 45/15 F 13/11 G 38/16 H 84/23 通用 102/52 | 0 |
| expert | suzuran | 6 | 22.0 | 2.3% | A 31/9 B 18/11 C 26/10 D 26/6 E 38/11 F 5/3 G 29/12 H 56/20 通用 86/51 | 0 |
| expert | wisadel | 6 | 29.8 | 2.0% | A 48/15 B 11/6 C 28/15 D 46/20 E 51/19 F 12/5 G 23/8 H 80/30 通用 93/61 | 0 |
| normal | eyjafjalla | 6 | 20.2 | 0.1% | A 31/6 B 9/3 C 29/11 D 30/14 E 35/13 F 7/4 G 19/3 H 63/16 通用 68/52 | 0 |
| normal | kaltsit | 6 | 19.5 | 0.6% | A 26/8 B 2/0 C 17/8 D 26/9 E 19/5 F 6/4 G 28/12 H 62/23 通用 78/48 | 0 |
| normal | mizuki | 6 | 20.8 | 1.9% | A 36/11 B 13/4 C 27/10 D 44/18 E 24/6 F 3/1 G 33/11 H 55/20 通用 100/44 | 0 |
| normal | saria | 6 | 13.0 | 0.5% | A 29/11 B 3/0 C 13/6 D 13/3 E 17/4 F 2/1 G 16/5 H 24/9 通用 42/39 | 0 |
| normal | skadi | 6 | 27.5 | 0.0% | A 56/16 B 26/11 C 25/9 D 43/12 E 43/11 F 11/5 G 40/12 H 86/29 通用 101/61 | 0 |
| normal | suzuran | 6 | 18.7 | 0.0% | A 30/14 B 9/4 C 22/8 D 17/4 E 36/10 F 3/3 G 27/13 H 47/19 通用 64/37 | 0 |
| normal | wisadel | 6 | 22.2 | 1.8% | A 34/14 B 12/1 C 35/12 D 32/13 E 30/13 F 11/4 G 25/3 H 59/20 通用 82/53 | 0 |
| 合计 | | | | | A 536/166 B 201/94 C 411/188 D 447/132 E 474/147 F 118/69 G 421/152 H 944/322 通用 1242/712 | |

拿取最多（出现 / 拿取）：“决心” 0/87，“犹疑” 0/84，“观望” 0/62，皇帝的恩宠 105/36，海潮的气息 0/35，凯旋号角 101/34，深蓝之心 0/34，老近卫军之锋 119/31，镶金骨骰 117/31，损坏的左轮弹巢 94/31，羽兽肝酱 106/28，散轶诗简 95/28
耗时 1177s
写入 build/cloud/b1-cal-r10b/b1_r10_0926_1626.{json,md}
RUN_EXIT_CODE=0
