跑 112 局（1 流派 × 2 机器人 × 7 编队 × 8 seed），并行 4（全机上限 4），源文件摘要 5aa23738bd4fdf61
### 最终 Boss（按类型；上面的「终局」列是四种混算）

| 机器人 | 最终 Boss | 结局 | 出场 | 击杀 | 用时 均 / 中 / 最短–最长 | 未击杀时剩余血量 |
|---|---|---|---|---|---|---|
| expert | 伊祖米克 | deep 29 resolve 1 | 30 | 23 | 70s / 69s / 38–112s | 74% |
| expert | 偏执泡影 | standard 9 | 9 | 8 | 58s / 59s / 27–83s | 80% |
| expert | 最后的骑士 | knight 8 | 8 | 7 | 66s / 46s / 36–167s | 42% |
| expert | 伊莎玛拉 | resolve 4 | 4 | 3 | 37s / 40s / 28–45s | 94% |
| normal | 伊祖米克 | deep 9 | 9 | 8 | 58s / 55s / 42–79s | 0% |
| normal | 偏执泡影 | standard 8 | 8 | 5 | 68s / 53s / 33–153s | 60% |
| normal | 最后的骑士 | knight 3 | 3 | 2 | 76s / 76s / 44–109s | 34% |
| normal | 伊莎玛拉 | resolve 2 | 2 | 2 | 41s / 41s / 34–49s | - |

### 难度 / 缩圈 / 同屏峰值

#### 前 3 分钟

| 机器人 | 难度 | 局数 | 3:00 前死亡 | 前 3 分钟承伤 均 / 中 | 3:00 时生命 |
|---|---|---|---|---|---|
| expert | 0 | 56 | 0% | 22 / 20 | 100% |
| normal | 0 | 56 | 0% | 25 / 20 | 99% |

#### 死因 × 缩圈阶段 × Boss 在场（失败的局）

| 机器人 | 难度 | 死因 | 缩圈（第几轮 · 阶段） | 圈外 | Boss 在场 | 局数 | 平均死亡时间 |
|---|---|---|---|---|---|---|---|
| expert | 0 | bullet | 第 1 轮 · 稳定 | 否 | 是 | 7 | 11:58 |
| expert | 0 | bullet | 第 4 轮 · 预告 | 否 | 否 | 1 | 8:00 |
| expert | 0 | bullet | 第 3 轮 · 收缩 | 否 | 是 | 1 | 7:24 |
| expert | 0 | shock | 第 1 轮 · 稳定 | 否 | 是 | 1 | 13:00 |
| expert | 0 | bullet | 第 3 轮 · 稳定 | 否 | 否 | 1 | 7:50 |
| expert | 0 | contact_tracer | 第 3 轮 · 预告 | 否 | 是 | 1 | 13:00 |
| expert | 0 | bullet | 第 3 轮 · 稳定 | 否 | 是 | 1 | 13:00 |
| expert | 0 | boss_tracer | 第 2 轮 · 预告 | 否 | 是 | 1 | 13:00 |
| expert | 0 | corrode | 第 1 轮 · 稳定 | 否 | 是 | 1 | 5:06 |
| normal | 0 | corrode | 第 1 轮 · 稳定 | 否 | 是 | 6 | 5:47 |
| normal | 0 | mire | 第 3 轮 · 稳定 | 否 | 是 | 3 | 7:27 |
| normal | 0 | mire | 第 3 轮 · 收缩 | 否 | 是 | 2 | 8:13 |
| normal | 0 | mire | 第 3 轮 · 预告 | 否 | 是 | 2 | 9:02 |
| normal | 0 | corrode | 第 3 轮 · 稳定 | 否 | 是 | 2 | 7:13 |
| normal | 0 | contact_tracer | 第 3 轮 · 预告 | 否 | 是 | 1 | 7:48 |
| normal | 0 | blast_runner | 第 3 轮 · 稳定 | 否 | 是 | 1 | 7:15 |
| normal | 0 | corrode | 第 2 轮 · 稳定 | 否 | 否 | 1 | 6:04 |
| normal | 0 | contact_tracer | 第 3 轮 · 稳定 | 否 | 否 | 1 | 7:54 |
| normal | 0 | bullet | 第 4 轮 · 稳定 | 否 | 否 | 1 | 9:11 |
| normal | 0 | bullet | 第 1 轮 · 稳定 | 否 | 是 | 1 | 13:00 |
| normal | 0 | contact_ripper | 第 3 轮 · 预告 | 否 | 是 | 1 | 7:16 |
| normal | 0 | mire | 第 1 轮 · 稳定 | 否 | 否 | 1 | 4:56 |
| normal | 0 | mire | 第 3 轮 · 预告 | 否 | 否 | 1 | 6:15 |
| normal | 0 | bullet | 第 4 轮 · 收缩 | 否 | 否 | 1 | 9:02 |
| normal | 0 | boss_tracer | 第 4 轮 · 收缩 | 否 | 否 | 1 | 8:23 |
| normal | 0 | contact_tracer | 第 1 轮 · 稳定 | 否 | 是 | 1 | 13:00 |
| normal | 0 | corrode | 第 3 轮 · 收缩 | 否 | 是 | 1 | 7:43 |
| normal | 0 | corrode | 第 3 轮 · 预告 | 否 | 是 | 1 | 7:44 |
| normal | 0 | boss_nest | 第 1 轮 · 稳定 | 否 | 是 | 1 | 13:00 |
| normal | 0 | mire | 第 4 轮 · 稳定 | 否 | 否 | 1 | 9:20 |
| normal | 0 | bullet | 第 4 轮 · 稳定 | 否 | 是 | 1 | 13:00 |
| normal | 0 | contact_slider | 第 1 轮 · 稳定 | 否 | 是 | 1 | 7:29 |
| normal | 0 | bullet | 第 5 轮 · 预告 | 否 | 否 | 1 | 9:08 |
| normal | 0 | mire | 第 2 轮 · 稳定 | 否 | 是 | 1 | 9:42 |
| normal | 0 | bullet | 第 3 轮 · 收缩 | 否 | 是 | 1 | 7:10 |
| normal | 0 | corrode | 第 3 轮 · 收缩 | 否 | 否 | 1 | 9:10 |
| normal | 0 | shock | 第 3 轮 · 预告 | 否 | 是 | 1 | 13:00 |
| normal | 0 | contact_reaper | 第 2 轮 · 预告 | 否 | 否 | 1 | 4:56 |

#### 同屏数量峰值（每局峰值的 平均 / 最大）

| 机器人 | 难度 | 局数 | 范围 | 敌人 | 敌方弹幕（含抛射） | 我方子弹 | 特效 | 飘字 |
|---|---|---|---|---|---|---|---|---|
| expert | 0 | 56 | 全程 | 256 / 444 | 45 / 83 | 3 / 12 | 379 / 479 | 48 / 48 |
| expert | 0 | 53 | 8:00–10:00 | 240 / 444 | 37 / 71 | 2 / 9 | 356 / 479 | 47 / 48 |
| normal | 0 | 56 | 全程 | 283 / 475 | 44 / 92 | 3 / 12 | 381 / 554 | 46 / 48 |
| normal | 0 | 32 | 8:00–10:00 | 277 / 475 | 48 / 80 | 2 / 10 | 381 / 554 | 48 / 48 |

### 大群（按第几次）

| 机器人 | 第几次 | 出现 | 时间 | 数量 | 清 80% 用时 均 / 中（清完/出现） | 20 秒内掉血 均 / 最大 | 30 秒内死亡 | 编成 |
|---|---|---|---|---|---|---|---|---|
| expert | 1 | 56 | 1:15 | 26 | 16s / 12s（56/56） | 3 / 16 | 0 | bone/slider/stone ×29；bone/slider ×27 |
| expert | 2 | 56 | 2:45 | 33 | 16s / 12s（56/56） | 3 / 9 | 0 | bone/slider ×29；bone/slider/stone ×27 |
| expert | 3 | 56 | 4:36 | 43 | 18s / 12s（55/56） | 10 / 123 | 1 | bone/ripper/slider/stone ×12；bone/floater/ripper/runner/slider ×11；bone/offspring/ripper/slider/stone ×9 |
| expert | 4 | 55 | 5:56 | 49 | 17s / 11s（55/55） | 12 / 62 | 0 | bone/floater/ripper/runner/slider/tracer ×21；bone/burrower/ripper/slider ×18；bone/offspring/ripper/slider/spitter ×16 |
| expert | 5 | 54 | 7:37 | 58 | 15s / 12s（54/54） | 15 / 84 | 2 | burrower/ripper/slider/spitter ×20；bone/burrower/offspring/ripper/slider/stone ×17；bone/floater/founder/nest/ripper/runner/slider ×17 |
| expert | 6 | 51 | 8:43 | 63 | 15s / 11s（51/51） | 18 / 79 | 0 | burrower/offspring/ripper/slider/spitter/stone ×12；burrower/hulk/ripper/slider/spitter ×12；bone/floater/founder/nest/ripper/runner/slider ×9 |
| expert | 7 | 4 | 9:16 | 66 | 10s / 8s（4/4） | 5 / 9 | 0 | burrower/floater/founder/nest/reaper/ripper/runner/slider/tracer ×2；burrower/hulk/ripper/slider/spitter ×1；burrower/offspring/ripper/slider/spitter/stone ×1 |
| normal | 1 | 56 | 1:15 | 26 | 10s / 9s（56/56） | 7 / 30 | 0 | bone/slider/stone ×28；bone/slider ×28 |
| normal | 2 | 56 | 2:45 | 33 | 16s / 14s（56/56） | 6 / 26 | 0 | bone/slider ×28；bone/slider/stone ×28 |
| normal | 3 | 54 | 4:36 | 43 | 25s / 19s（53/54） | 14 / 95 | 2 | bone/floater/ripper/runner/slider/tracer ×11；bone/burrower/ripper/slider ×11；bone/floater/ripper/runner/slider ×11 |
| normal | 4 | 51 | 5:58 | 50 | 28s / 22s（49/51） | 21 / 133 | 2 | bone/offspring/ripper/slider/spitter ×20；bone/burrower/ripper/slider ×17；bone/floater/ripper/runner/slider/tracer ×14 |
| normal | 5 | 34 | 7:41 | 58 | 24s / 12s（31/34） | 38 / 195 | 2 | bone/floater/founder/nest/ripper/runner/slider ×13；bone/burrower/offspring/ripper/slider/stone ×13；burrower/ripper/slider/spitter ×8 |
| normal | 6 | 27 | 8:44 | 63 | 13s / 9s（25/27） | 37 / 165 | 2 | burrower/hulk/ripper/slider/spitter ×7；burrower/floater/founder/nest/reaper/ripper/runner/slider/tracer ×7；bone/burrower/offspring/ripper/slider/stone ×5 |
| normal | 7 | 3 | 9:19 | 66 | 8s / 8s（3/3） | 11 / 13 | 0 | burrower/offspring/ripper/slider/spitter/stone ×1；burrower/floater/founder/nest/reaper/ripper/runner/slider/tracer ×1；burrower/hulk/ripper/slider/spitter ×1 |

### 按机器人汇总

| 机器人 | 局数 | 胜率 | 平均存活 | 3:30 存活 | 平均终局等级 | 平均击杀 | 目标（胜率 / 存活） | 判定 |
|---|---|---|---|---|---|---|---|---|
| normal | 56 | 30% | 9:01 | 100% | 27.1 | 4937 | 30–55% / 7:00–13:00 | **达标** |
| expert | 56 | 73% | 11:02 | 100% | 33.3 | 6790 | 70–95% / 9:00–13:00 | **达标** |

### 明细

| 编队 | n | 胜率 | 存活(均/最短) | 托底(次/首次) | Lv 2:00/5:00/8:00/末 | 终Boss剩余 | 精二占比 | 灯火 | 击杀 | 主要伤害来源 | 治疗来源(总量/无人机Lv) | 主要死因 |
|---|---|---|---|---|---|---|---|---|---|---|---|---|
| [expert] wisadel | 8 | 100% | 11:09 / 10:41 | 0.0 / - | 7 / 16 / 26 / 35 | - | 100% | 63 | 6950 | 殉爆 24% 余震 20% 饱和炮击 11% 炮击 5% | 凯尔希 48% 水月 17% 塞雷娅 16% (296 / 0.5) | bullet |
| [expert] eyjafjalla | 8 | 75% | 10:10 / 7:24 | 0.0 / - | 7 / 16 / 26 / 32 | 45% | 100% | 62 | 6095 | 火山弹 23% 火山 11% 熔岩天降 8% 火星 5% | 塞雷娅 36% 流明 24% 拾取 17% (478 / 0.0) | bullet |
| [expert] skadi | 8 | 37% | 11:33 / 7:50 | 0.0 / - | 7 / 15 / 25 / 33 | 72% | 100% | 56 | 7131 | 大剑 25% Mon3tr 11% Mon3tr · 真伤 8% 跃浪 5% | 塞雷娅 34% 凯尔希 32% 拾取 19% (480 / 0.1) | bullet |
| [expert] mizuki | 8 | 100% | 11:02 / 10:27 | 0.0 / - | 7 / 16 / 26 / 34 | - | 96% | 58 | 6838 | 触手 30% 伞击 11% 技能 5% 大剑 4% | 水月 76% 塞雷娅 10% 流明 5% (428 / 1.0) | bullet |
| [expert] saria | 8 | 75% | 11:32 / 10:33 | 0.0 / - | 5 / 15 / 25 / 34 | 96% | 100% | 47 | 7153 | 殉爆 14% 余震 11% 刺剑 6% 火山弹 5% | 塞雷娅 76% 流明 13% 凯尔希 6% (922 / 0.0) | bullet |
| [expert] kaltsit | 8 | 87% | 11:08 / 10:38 | 0.0 / - | 6 / 16 / 25 / 34 | 87% | 100% | 68 | 6898 | Mon3tr · 真伤 14% Mon3tr 12% 锯刃 9% 殉爆 4% | 凯尔希 66% 流明 20% 水月 8% (520 / 0.0) | bullet |
| [expert] suzuran | 8 | 37% | 10:43 / 5:06 | 0.0 / - | 7 / 15 / 25 / 31 | 69% | 91% | 49 | 6464 | 狐火 16% Mon3tr 11% 大剑 8% Mon3tr · 真伤 7% | 铃兰 31% 凯尔希 22% 塞雷娅 19% (543 / 0.4) | bullet |
| [normal] wisadel | 8 | 50% | 8:53 / 4:50 | 0.0 / - | 7 / 15 / 26 / 27 | 48% | 25% | 62 | 4926 | 余震 22% 炮击 15% 殉爆 14% 狐火 7% | 凯尔希 23% 流明 23% 拾取 12% (503 / 0.6) | bullet |
| [normal] eyjafjalla | 8 | 0% | 7:08 / 3:42 | 0.0 / - | 6 / 15 / 24 / 21 | 76% | 26% | 56 | 3303 | 火山弹 30% 火星 5% 骑士 5% 拳击 4% | 拾取 40% 塞雷娅 23% 流明 12% (317 / 0.1) | shock |
| [normal] skadi | 8 | 37% | 8:57 / 6:15 | 0.0 / - | 7 / 15 / 25 / 28 | 50% | 37% | 73 | 4819 | 大剑 36% 潮涌斩 6% 刺剑 5% 锚击 5% | 拾取 33% 塞雷娅 23% 凯尔希 16% (561 / 0.4) | bullet |
| [normal] mizuki | 8 | 37% | 9:44 / 7:10 | 0.0 / - | 7 / 16 / 24 / 29 | 49% | 45% | 68 | 5498 | 伞击 20% 触手 19% 技能·法术 7% 骑士 6% | 水月 54% 流明 17% 商店 12% (753 / 0.2) | bullet |
| [normal] saria | 8 | 50% | 9:47 / 7:12 | 0.0 / - | 6 / 16 / 25 / 29 | 61% | 48% | 24 | 5628 | 锯刃 14% 大剑 13% 拳击 7% 火山弹 5% | 塞雷娅 80% 水月 8% 无人机 4% (993 / 0.6) | bullet |
| [normal] kaltsit | 8 | 37% | 10:14 / 7:29 | 0.0 / - | 7 / 16 / 25 / 31 | 38% | 50% | 58 | 6076 | Mon3tr 37% Mon3tr · 真伤 10% 食腐 4% 大剑 3% | 凯尔希 74% 流明 9% 水月 8% (1401 / 0.2) | bullet |
| [normal] suzuran | 8 | 0% | 8:21 / 4:56 | 0.0 / - | 7 / 16 / 24 / 25 | 17% | 37% | 62 | 4308 | 狐火 28% 伞击 6% 大剑 6% 触手 6% | 铃兰 28% 水月 22% 拾取 15% (642 / 0.5) | shock |

### 机器人指标（docs/29）

| 机器人 · 开局 | n | 胜率 | 存活 均/最短 | 3:30 存活 | 5:00 存活 | 首次招募 | 首次精一 / 精二 | 中期 Boss 击杀数 / 平均用时 | 受击/分 | 承伤/分 | 低血(<35%)秒 | 熄灯秒 | 静止% | 开局干员 伤害占比 / 每分钟 | 主要死因 |
|---|---|---|---|---|---|---|---|---|---|---|---|---|---|---|---|
| [expert] wisadel | 8 | 100% | 11:09 / 10:41 | 100% | 100% | 1:17 | 0:51 / 2:57 | 2.6 / 30s | 18.6 | 37 | 0 | 0 | 14 | 65% / 63334 | - |
| [expert] eyjafjalla | 8 | 75% | 10:10 / 7:24 | 100% | 100% | 1:32 | 0:52 / 2:57 | 2.0 / 45s | 14.2 | 66 | 4 | 8 | 12 | 57% / 49288 | bullet |
| [expert] skadi | 8 | 37% | 11:33 / 7:50 | 100% | 100% | 1:16 | 0:50 / 3:19 | 2.0 / 183s | 21.8 | 66 | 5 | 1 | 9 | 36% / 30266 | bullet |
| [expert] mizuki | 8 | 100% | 11:02 / 10:27 | 100% | 100% | 1:21 | 0:51 / 2:51 | 2.1 / 40s | 9.2 | 45 | 0 | 0 | 15 | 49% / 56287 | - |
| [expert] saria | 8 | 75% | 11:32 / 10:33 | 100% | 100% | 2:03 | 0:48 / 3:16 | 2.0 / 103s | 15.4 | 96 | 3 | 2 | 13 | 8% / 7309 | bullet |
| [expert] kaltsit | 8 | 87% | 11:08 / 10:38 | 100% | 100% | 1:44 | 1:28 / 3:47 | 2.1 / 45s | 14.3 | 55 | 0 | 0 | 16 | 29% / 28587 | contact_tracer |
| [expert] suzuran | 8 | 37% | 10:43 / 5:06 | 100% | 100% | 1:41 | 1:01 / 3:19 | 1.6 / 119s | 11.0 | 62 | 0 | 0 | 13 | 20% / 13454 | bullet |
| [normal] wisadel | 8 | 50% | 8:53 / 4:50 | 100% | 87% | 1:19 | 4:17 / 8:07 | 1.5 / 42s | 29.1 | 99 | 16 | 7 | 0 | 56% / 35198 | corrode |
| [normal] eyjafjalla | 8 | 0% | 7:08 / 3:42 | 100% | 75% | 1:20 | 3:56 / 8:15 | 1.0 / 107s | 20.7 | 72 | 23 | 4 | 0 | 45% / 13289 | corrode |
| [normal] skadi | 8 | 37% | 8:57 / 6:15 | 100% | 100% | 1:24 | 3:56 / 5:54 | 1.9 / 71s | 32.8 | 95 | 10 | 4 | 0 | 50% / 33610 | mire |
| [normal] mizuki | 8 | 37% | 9:44 / 7:10 | 100% | 100% | 1:20 | 3:39 / 6:20 | 1.8 / 112s | 28.6 | 92 | 5 | 0 | 0 | 53% / 38404 | corrode |
| [normal] saria | 8 | 50% | 9:47 / 7:12 | 100% | 100% | 1:19 | 3:30 / 7:35 | 1.8 / 92s | 35.8 | 118 | 3 | 17 | 0 | 12% / 7076 | corrode |
| [normal] kaltsit | 8 | 37% | 10:14 / 7:29 | 100% | 100% | 1:28 | 3:39 / 6:56 | 2.2 / 46s | 57.8 | 159 | 4 | 12 | 0 | 50% / 39096 | mire |
| [normal] suzuran | 8 | 0% | 8:21 / 4:56 | 100% | 87% | 1:21 | 3:27 / 6:47 | 1.4 / 85s | 25.0 | 98 | 5 | 0 | 0 | 31% / 14289 | mire |

### 藏品（docs/35）

| 机器人 | 开局 | 局数 | 平均藏品数 | 藏品直接伤害 | 各流派 出现 / 拿取 | 无效拿取 |
|---|---|---|---|---|---|---|
| expert | eyjafjalla | 8 | 27.0 | 2.8% | A 56/16 B 24/15 C 41/23 D 51/17 E 62/21 F 7/4 G 45/18 H 98/31 通用 150/72 | 0 |
| expert | kaltsit | 8 | 27.8 | 5.9% | A 67/16 B 22/11 C 49/20 D 65/15 E 50/18 F 16/11 G 44/18 H 123/36 通用 161/78 | 0 |
| expert | mizuki | 8 | 31.0 | 4.1% | A 85/27 B 21/13 C 54/26 D 53/11 E 44/7 F 23/13 G 53/27 H 100/35 通用 152/93 | 0 |
| expert | saria | 8 | 18.6 | 3.4% | A 40/9 B 13/6 C 29/15 D 37/14 E 29/6 F 7/3 G 31/16 H 66/20 通用 87/60 | 0 |
| expert | skadi | 8 | 19.4 | 0.9% | A 54/15 B 9/6 C 33/17 D 39/13 E 32/8 F 7/6 G 33/13 H 72/25 通用 94/53 | 0 |
| expert | suzuran | 8 | 18.8 | 1.9% | A 38/11 B 9/0 C 24/15 D 37/10 E 30/6 F 10/5 G 36/17 H 71/27 通用 81/59 | 0 |
| expert | wisadel | 8 | 32.4 | 6.7% | A 53/16 B 31/15 C 67/35 D 80/28 E 65/16 F 22/10 G 57/20 H 136/43 通用 161/78 | 0 |
| normal | eyjafjalla | 8 | 9.0 | 0.4% | A 18/5 B 8/4 C 9/2 D 11/6 E 21/6 F 4/2 G 8/1 H 26/9 通用 52/38 | 0 |
| normal | kaltsit | 8 | 18.5 | 5.4% | A 40/15 B 21/9 C 29/7 D 36/13 E 42/13 F 16/4 G 33/8 H 76/21 通用 95/59 | 0 |
| normal | mizuki | 8 | 15.0 | 0.8% | A 25/4 B 11/5 C 25/12 D 26/10 E 27/10 F 7/3 G 23/7 H 61/22 通用 71/48 | 0 |
| normal | saria | 8 | 16.5 | 2.6% | A 43/17 B 8/2 C 36/15 D 31/15 E 33/10 F 6/1 G 24/10 H 52/21 通用 64/42 | 0 |
| normal | skadi | 8 | 15.9 | 0.7% | A 34/18 B 13/7 C 29/10 D 35/11 E 19/7 F 9/4 G 16/3 H 67/22 通用 87/46 | 0 |
| normal | suzuran | 8 | 14.2 | 1.0% | A 20/4 B 13/2 C 24/10 D 21/8 E 40/18 F 6/1 G 21/7 H 54/18 通用 75/46 | 0 |
| normal | wisadel | 8 | 18.9 | 4.7% | A 28/5 B 15/6 C 36/16 D 49/12 E 43/14 F 8/5 G 36/13 H 81/20 通用 102/60 | 0 |
| 合计 | | | | | A 601/178 B 218/101 C 485/223 D 571/183 E 537/160 F 148/72 G 460/178 H 1083/350 通用 1432/832 | |

拿取最多（出现 / 拿取）：“观望” 0/93，“犹疑” 0/86，“决心” 0/73，深蓝之心 0/54，镶金骨骰 123/42，海潮的气息 0/42，残破合影 132/38，凯旋号角 121/37，“黑夜呢喃” 132/36，制式防暴用具 108/35，皇帝的恩宠 108/34，难闻的止血剂 108/34
耗时 2422s
写入 build/cloud/b1h-new/b1h_new_0926_1644.{json,md}
