跑 32 局（1 流派 × 2 机器人 × 1 编队 × 16 seed），并行 4（全机上限 4），源文件摘要 5310518217619342
### 最终 Boss（按类型；上面的「终局」列是四种混算）

| 机器人 | 最终 Boss | 结局 | 出场 | 击杀 | 用时 均 / 中 / P90 / 最短–最长（出现起算） | 中 / P90（可受伤起算） | 阶段护盾秒 / 过卡点数 均 | 未击杀时剩余血量 |
|---|---|---|---|---|---|---|---|---|
| expert | 偏执泡影 | standard 4 | 4 | 4 | 41s / 41s / 46s / 39–46s | 41s / 46s | 13.1 / 2.0 | - |
| expert | 伊祖米克 | deep 4 | 4 | 4 | 48s / 47s / 56s / 44–56s | 30s / 32s | 14.8 / 2.0 | - |
| expert | 最后的骑士 | knight 3 | 3 | 2 | 43s / 43s / 44s / 42–44s | 43s / 44s | 20.0 / 2.0 | 4% |
| expert | 伊莎玛拉 | resolve 2 | 2 | 2 | 38s / 38s / 39s / 38–39s | 38s / 39s | 31.2 / 2.0 | - |
| normal | 偏执泡影 | standard 1 | 1 | 1 | 40s / 40s / 40s / 40–40s | 40s / 40s | 25.6 / 2.0 | - |

### 难度 / 缩圈 / 同屏峰值

#### 前 3 分钟

| 机器人 | 难度 | 局数 | 3:00 前死亡 | 前 3 分钟承伤 均 / 中 | 3:00 时生命 |
|---|---|---|---|---|---|
| expert | 0 | 16 | 0% | 19 / 16 | 100% |
| normal | 0 | 16 | 0% | 37 / 25 | 99% |

#### 死因 × 缩圈阶段 × Boss 在场（失败的局）

| 机器人 | 难度 | 死因 | 缩圈（第几轮 · 阶段） | 圈外 | Boss 在场 | 局数 | 平均死亡时间 |
|---|---|---|---|---|---|---|---|
| expert | 0 | mire | 第 4 轮 · 稳定 | 否 | 否 | 1 | 8:58 |
| expert | 0 | contact_knight_boss | 第 5 轮 · 稳定 | 否 | 是 | 1 | 10:41 |
| expert | 0 | shock | 第 3 轮 · 稳定 | 否 | 否 | 1 | 8:01 |
| expert | 0 | mire | 第 3 轮 · 稳定 | 否 | 是 | 1 | 7:11 |
| normal | 0 | corrode | 第 3 轮 · 预告 | 否 | 否 | 2 | 6:26 |
| normal | 0 | corrode | 第 3 轮 · 收缩 | 否 | 否 | 2 | 6:32 |
| normal | 0 | boss_tracer | 第 4 轮 · 预告 | 否 | 否 | 1 | 9:10 |
| normal | 0 | corrode | 第 4 轮 · 收缩 | 否 | 否 | 1 | 7:59 |
| normal | 0 | boss_burrower | 第 3 轮 · 稳定 | 否 | 是 | 1 | 7:35 |
| normal | 0 | boss_burrower | 第 2 轮 · 稳定 | 否 | 否 | 1 | 5:30 |
| normal | 0 | contact_tracer | 第 3 轮 · 预告 | 否 | 否 | 1 | 6:15 |
| normal | 0 | corrode | 第 2 轮 · 稳定 | 是 | 否 | 1 | 6:05 |
| normal | 0 | mire | 第 3 轮 · 稳定 | 否 | 是 | 1 | 7:05 |
| normal | 0 | mire | 第 3 轮 · 收缩 | 否 | 是 | 1 | 8:03 |
| normal | 0 | corrode | 第 2 轮 · 稳定 | 否 | 否 | 1 | 5:48 |
| normal | 0 | shock | 第 3 轮 · 稳定 | 否 | 否 | 1 | 6:58 |
| normal | 0 | bullet | 第 4 轮 · 预告 | 否 | 否 | 1 | 7:30 |

#### 同屏数量峰值（每局峰值的 平均 / 最大）

| 机器人 | 难度 | 局数 | 范围 | 敌人 | 敌方弹幕（含抛射） | 我方子弹 | 特效 | 飘字 |
|---|---|---|---|---|---|---|---|---|
| expert | 0 | 16 | 全程 | 204 / 264 | 72 / 118 | 1 / 9 | 374 / 466 | 47 / 48 |
| expert | 0 | 15 | 8:00–10:00 | 199 / 258 | 55 / 118 | 1 / 6 | 325 / 399 | 47 / 48 |
| normal | 0 | 16 | 全程 | 283 / 427 | 44 / 134 | 1 / 7 | 347 / 429 | 45 / 48 |
| normal | 0 | 3 | 8:00–10:00 | 204 / 219 | 54 / 78 | 0 / 0 | 291 / 372 | 32 / 48 |

### 大群（按第几次）

| 机器人 | 第几次 | 出现 | 时间 | 数量 | 清 80% 用时 均 / 中（清完/出现） | 20 秒内掉血 均 / 最大 | 30 秒内死亡 | 编成 |
|---|---|---|---|---|---|---|---|---|
| expert | 1 | 16 | 1:15 | 26 | 23s / 20s（16/16） | 2 / 7 | 0 | bone/slider/stone ×10；bone/slider ×6 |
| expert | 2 | 16 | 2:45 | 33 | 10s / 8s（16/16） | 2 / 8 | 0 | bone/slider ×10；bone/slider/stone ×6 |
| expert | 3 | 16 | 4:15 | 41 | 10s / 11s（16/16） | 2 / 7 | 0 | bone/offspring/ripper/slider/stone ×7；bone/floater/ripper/runner/slider ×6；bone/ripper/slider/stone ×3 |
| expert | 4 | 16 | 5:40 | 48 | 9s / 8s（16/16） | 7 / 16 | 0 | bone/floater/ripper/runner/slider/tracer ×8；bone/burrower/ripper/slider ×4；bone/offspring/ripper/slider/spitter ×4 |
| expert | 5 | 15 | 7:31 | 57 | 11s / 10s（15/15） | 11 / 52 | 1 | bone/burrower/offspring/ripper/slider/stone ×7；bone/floater/founder/nest/ripper/runner/slider ×5；burrower/ripper/slider/spitter ×3 |
| expert | 6 | 14 | 8:33 | 62 | 9s / 8s（13/14） | 29 / 163 | 1 | bone/floater/founder/nest/ripper/runner/slider ×5；burrower/ripper/slider/spitter ×4；bone/burrower/offspring/ripper/slider/stone ×2 |
| expert | 7 | 2 | 9:20 | 66 | 10s / 10s（2/2） | 20 / 30 | 0 | burrower/floater/founder/nest/reaper/ripper/runner/slider/tracer ×1；burrower/hulk/ripper/slider/spitter ×1 |
| normal | 1 | 16 | 1:15 | 26 | 10s / 10s（16/16） | 6 / 30 | 0 | bone/slider ×8；bone/slider/stone ×8 |
| normal | 2 | 16 | 2:45 | 33 | 12s / 11s（16/16） | 4 / 23 | 0 | bone/slider/stone ×8；bone/slider ×8 |
| normal | 3 | 16 | 4:23 | 42 | 23s / 21s（16/16） | 10 / 85 | 0 | bone/ripper/slider/stone ×6；bone/floater/ripper/runner/slider ×4；bone/offspring/ripper/slider/stone ×3 |
| normal | 4 | 15 | 5:42 | 48 | 26s / 26s（12/15） | 32 / 155 | 3 | bone/burrower/ripper/slider ×9；bone/offspring/ripper/slider/spitter ×4；bone/floater/ripper/runner/slider/tracer ×2 |
| normal | 5 | 6 | 7:20 | 56 | 19s / 16s（3/6） | 46 / 110 | 3 | burrower/ripper/slider/spitter ×3；bone/burrower/offspring/ripper/slider/stone ×3 |
| normal | 6 | 2 | 8:20 | 61 | 9s / 9s（2/2） | 2 / 4 | 0 | bone/floater/founder/nest/ripper/runner/slider ×1；burrower/ripper/slider/spitter ×1 |

### 按机器人汇总

| 机器人 | 局数 | 胜率 | 平均存活 | 3:30 存活 | 平均终局等级 | 平均击杀 | 目标（胜率 / 存活） | 判定 |
|---|---|---|---|---|---|---|---|---|
| normal | 16 | 6% | 7:09 | 100% | 22.2 | 3287 | 30–55% / 7:00–13:00 | **偏难** |
| expert | 16 | 75% | 10:13 | 100% | 32.5 | 6139 | 70–95% / 9:00–13:00 | **达标** |

### 明细

| 编队 | n | 胜率 | 存活(均/最短) | 托底(次/首次) | Lv 2:00/5:00/8:00/末 | 终Boss剩余 | 精二占比 | 灯火 | 击杀 | 主要伤害来源 | 治疗来源(总量/无人机Lv) | 主要死因 |
|---|---|---|---|---|---|---|---|---|---|---|---|---|
| [expert] logos | 16 | 75% | 10:13 / 7:11 | 0.0 / - | 5 / 16 / 26 / 32 | 9% | 100% | 64 | 6139 | 言 21% 提喻 13% 墓志铭 9% 湮灭 8% | 凯尔希 28% 拾取 15% 塞雷娅 14% (360 / 0.6) | bullet |
| [normal] logos | 16 | 6% | 7:09 / 5:30 | 0.0 / - | 7 / 16 / 25 / 22 | 54% | 14% | 47 | 3287 | 言 13% 提喻 9% 大剑 9% 锚击 7% | 拾取 25% 无人机 23% 流明 16% (226 / 0.4) | bullet |

### 机器人指标（docs/29）

| 机器人 · 开局 | n | 胜率 | 存活 均/最短 | 3:30 存活 | 5:00 存活 | 首次招募 | 首次精一 / 精二 | 中期 Boss 击杀数 / 平均用时 | 受击/分 | 承伤/分 | 低血(<35%)秒 | 熄灯秒 | 静止% | 开局干员 伤害占比 / 每分钟 | 主要死因 |
|---|---|---|---|---|---|---|---|---|---|---|---|---|---|---|---|
| [expert] logos | 16 | 75% | 10:13 / 7:11 | 100% | 100% | 2:09 | 1:38 / 3:07 | 2.5 / 23s | 18.6 | 52 | 1 | 4 | 16 | 59% / 59836 | mire |
| [normal] logos | 16 | 6% | 7:09 / 5:30 | 100% | 100% | 1:18 | 3:29 / 6:00 | 1.3 / 29s | 32.0 | 80 | 16 | 4 | 0 | 37% / 13787 | corrode |

### 藏品（docs/35）

| 机器人 | 开局 | 局数 | 平均藏品数 | 藏品直接伤害 | 各流派 出现 / 拿取 | 无效拿取 |
|---|---|---|---|---|---|---|
| expert | logos | 16 | 27.0 | 2.5% | A 111/33 B 41/19 C 111/45 D 107/23 E 139/52 F 24/14 G 99/32 H 228/65 通用 265/153 | 0 |
| normal | logos | 16 | 12.4 | 0.3% | A 44/13 B 16/6 C 33/14 D 39/15 E 40/12 F 11/4 G 48/15 H 81/33 通用 123/87 | 0 |
| 合计 | | | | | A 155/46 B 57/25 C 144/59 D 146/38 E 179/64 F 35/18 G 147/47 H 309/98 通用 388/240 | |

拿取最多（出现 / 拿取）：“观望” 0/24，“犹疑” 0/22，海潮的气息 0/20，“决心” 0/17，深蓝之心 0/13，镶金骨骰 42/12，演员的首饰盒 28/11，奇渊面具 34/11，洁白的舞鞋 20/11，损坏的左轮弹巢 27/10，舞者手链 32/10，急救药箱 11/10
耗时 281s
写入 build/cloud/logos-rework-base/lr_solo_base_0926_1728.{json,md}
跑 16 局（1 流派 × 2 机器人 × 1 编队 × 8 seed），并行 4（全机上限 4），源文件摘要 5310518217619342
### 最终 Boss（按类型；上面的「终局」列是四种混算）

| 机器人 | 最终 Boss | 结局 | 出场 | 击杀 | 用时 均 / 中 / P90 / 最短–最长（出现起算） | 中 / P90（可受伤起算） | 阶段护盾秒 / 过卡点数 均 | 未击杀时剩余血量 |
|---|---|---|---|---|---|---|---|---|
| expert | 伊莎玛拉 | resolve 3 | 3 | 3 | 39s / 39s / 39s / 39–39s | 39s / 39s | 29.1 / 2.0 | - |
| expert | 最后的骑士 | knight 2 | 2 | 2 | 44s / 44s / 46s / 43–46s | 44s / 46s | 25.9 / 2.0 | - |
| expert | 伊祖米克 | deep 2 | 2 | 2 | 53s / 53s / 57s / 49–57s | 30s / 30s | 23.8 / 2.0 | - |
| expert | 偏执泡影 | standard 1 | 1 | 1 | 39s / 39s / 39s / 39–39s | 39s / 39s | 29.4 / 2.0 | - |
| normal | 伊祖米克 | deep 3 | 3 | 3 | 59s / 57s / 64s / 56–64s | 30s / 30s | 20.7 / 2.0 | - |
| normal | 最后的骑士 | knight 2 | 2 | 2 | 50s / 50s / 58s / 42–58s | 50s / 58s | 19.5 / 2.0 | - |
| normal | 偏执泡影 | standard 2 | 2 | 2 | 39s / 39s / 40s / 39–40s | 40s / 40s | 15.9 / 2.0 | - |
| normal | 伊莎玛拉 | resolve 1 | 1 | 1 | 38s / 38s / 38s / 38–38s | 38s / 38s | 26.4 / 2.0 | - |

### 难度 / 缩圈 / 同屏峰值

#### 前 3 分钟

| 机器人 | 难度 | 局数 | 3:00 前死亡 | 前 3 分钟承伤 均 / 中 | 3:00 时生命 |
|---|---|---|---|---|---|
| expert | 0 | 8 | 0% | 7 / 6 | 100% |
| normal | 0 | 8 | 0% | 8 / 7 | 100% |

#### 死因 × 缩圈阶段 × Boss 在场（失败的局）

| 机器人 | 难度 | 死因 | 缩圈（第几轮 · 阶段） | 圈外 | Boss 在场 | 局数 | 平均死亡时间 |
|---|---|---|---|---|---|---|---|
| expert | 0 | （全部胜利） | | | | 0 | |
| normal | 0 | （全部胜利） | | | | 0 | |

#### 同屏数量峰值（每局峰值的 平均 / 最大）

| 机器人 | 难度 | 局数 | 范围 | 敌人 | 敌方弹幕（含抛射） | 我方子弹 | 特效 | 飘字 |
|---|---|---|---|---|---|---|---|---|
| expert | 0 | 8 | 全程 | 167 / 182 | 40 / 69 | 0 / 0 | 371 / 415 | 48 / 48 |
| expert | 0 | 8 | 8:00–10:00 | 164 / 182 | 28 / 69 | 0 / 0 | 347 / 376 | 46 / 48 |
| normal | 0 | 8 | 全程 | 268 / 378 | 62 / 75 | 0 / 0 | 413 / 461 | 48 / 48 |
| normal | 0 | 8 | 8:00–10:00 | 217 / 282 | 51 / 75 | 0 / 0 | 396 / 446 | 48 / 48 |

### 大群（按第几次）

| 机器人 | 第几次 | 出现 | 时间 | 数量 | 清 80% 用时 均 / 中（清完/出现） | 20 秒内掉血 均 / 最大 | 30 秒内死亡 | 编成 |
|---|---|---|---|---|---|---|---|---|
| expert | 1 | 8 | 1:15 | 26 | 10s / 10s（8/8） | 1 / 3 | 0 | bone/slider/stone ×4；bone/slider ×4 |
| expert | 2 | 8 | 2:45 | 33 | 7s / 8s（8/8） | 1 / 4 | 0 | bone/slider ×4；bone/slider/stone ×4 |
| expert | 3 | 8 | 4:15 | 41 | 8s / 6s（8/8） | 0 / 0 | 0 | bone/ripper/slider/stone ×4；bone/offspring/ripper/slider/stone ×2；bone/floater/ripper/runner/slider ×2 |
| expert | 4 | 8 | 5:40 | 48 | 7s / 7s（8/8） | 7 / 13 | 0 | bone/burrower/ripper/slider ×4；bone/floater/ripper/runner/slider/tracer ×3；bone/offspring/ripper/slider/spitter ×1 |
| expert | 5 | 8 | 7:26 | 57 | 7s / 7s（8/8） | 7 / 19 | 0 | burrower/ripper/slider/spitter ×4；bone/floater/founder/nest/ripper/runner/slider ×2；bone/burrower/offspring/ripper/slider/stone ×2 |
| expert | 6 | 8 | 8:36 | 62 | 6s / 6s（8/8） | 8 / 33 | 0 | bone/floater/founder/nest/ripper/runner/slider ×4；burrower/offspring/ripper/slider/spitter/stone ×2；burrower/ripper/slider/spitter ×1 |
| normal | 1 | 8 | 1:15 | 26 | 8s / 8s（8/8） | 1 / 3 | 0 | bone/slider/stone ×4；bone/slider ×4 |
| normal | 2 | 8 | 2:45 | 33 | 11s / 10s（8/8） | 1 / 4 | 0 | bone/slider ×4；bone/slider/stone ×4 |
| normal | 3 | 8 | 4:16 | 41 | 30s / 23s（8/8） | 3 / 21 | 0 | bone/ripper/slider/stone ×3；bone/floater/ripper/runner/slider ×3；bone/offspring/ripper/slider/stone ×2 |
| normal | 4 | 8 | 5:41 | 48 | 23s / 20s（8/8） | 7 / 18 | 0 | bone/burrower/ripper/slider ×4；bone/offspring/ripper/slider/spitter ×2；bone/floater/ripper/runner/slider/tracer ×2 |
| normal | 5 | 8 | 7:35 | 58 | 15s / 14s（8/8） | 41 / 139 | 0 | bone/floater/founder/nest/ripper/runner/slider ×6；bone/burrower/offspring/ripper/slider/stone ×2 |
| normal | 6 | 8 | 8:25 | 61 | 10s / 10s（8/8） | 19 / 62 | 0 | burrower/ripper/slider/spitter ×4；bone/floater/founder/nest/ripper/runner/slider ×2；bone/burrower/offspring/ripper/slider/stone ×1 |
| normal | 7 | 4 | 9:20 | 66 | 9s / 8s（4/4） | 19 / 62 | 0 | burrower/hulk/ripper/slider/spitter ×3；burrower/offspring/ripper/slider/spitter/stone ×1 |

### 按机器人汇总

| 机器人 | 局数 | 胜率 | 平均存活 | 3:30 存活 | 平均终局等级 | 平均击杀 | 目标（胜率 / 存活） | 判定 |
|---|---|---|---|---|---|---|---|---|
| normal | 8 | 100% | 10:49 | 100% | 33.8 | 6668 | 30–55% / 7:00–13:00 | **偏易** |
| expert | 8 | 100% | 10:43 | 100% | 34.6 | 6606 | 70–95% / 9:00–13:00 | **偏易** |

### 明细

| 编队 | n | 胜率 | 存活(均/最短) | 托底(次/首次) | Lv 2:00/5:00/8:00/末 | 终Boss剩余 | 精二占比 | 灯火 | 击杀 | 主要伤害来源 | 治疗来源(总量/无人机Lv) | 主要死因 |
|---|---|---|---|---|---|---|---|---|---|---|---|---|
| [expert] logos+siege+mizuki | 8 | 100% | 10:43 / 10:39 | 0.0 / - | 7 / 16 / 27 / 35 | - | 96% | 70 | 6606 | 言 23% 触手 19% 提喻 18% 湮灭 12% | 水月 89% 无人机 7% 塞雷娅 1% (333 / 1.4) | mire |
| [normal] logos+siege+mizuki | 8 | 100% | 10:49 / 10:38 | 0.1 / 7:54 | 7 / 16 / 26 / 34 | - | 66% | 82 | 6668 | 言 18% 触手 16% 提喻 15% 伞击 12% | 水月 93% 拾取 5% 无人机 0% (504 / 0.2) | bullet |

### 机器人指标（docs/29）

| 机器人 · 开局 | n | 胜率 | 存活 均/最短 | 3:30 存活 | 5:00 存活 | 首次招募 | 首次精一 / 精二 | 中期 Boss 击杀数 / 平均用时 | 受击/分 | 承伤/分 | 低血(<35%)秒 | 熄灯秒 | 静止% | 开局干员 伤害占比 / 每分钟 | 主要死因 |
|---|---|---|---|---|---|---|---|---|---|---|---|---|---|---|---|
| [expert] logos+siege+mizuki | 8 | 100% | 10:43 / 10:39 | 100% | 100% | 8:50 | 0:56 / 3:07 | 2.6 / 14s | 8.1 | 36 | 0 | 2 | 18 | 67% / 75034 | - |
| [normal] logos+siege+mizuki | 8 | 100% | 10:49 / 10:38 | 100% | 100% | - | 2:29 / 7:27 | 2.5 / 32s | 18.2 | 69 | 0 | 4 | 0 | 53% / 54096 | - |

### 藏品（docs/35）

| 机器人 | 开局 | 局数 | 平均藏品数 | 藏品直接伤害 | 各流派 出现 / 拿取 | 无效拿取 |
|---|---|---|---|---|---|---|
| expert | logos | 8 | 27.6 | 1.7% | A 46/13 B 29/13 C 55/26 D 58/21 E 56/17 F 12/7 G 47/22 H 92/24 通用 162/80 | 0 |
| normal | logos | 8 | 22.6 | 0.2% | A 34/11 B 16/5 C 33/8 D 37/13 E 61/20 F 5/1 G 37/11 H 87/25 通用 139/87 | 0 |
| 合计 | | | | | A 80/24 B 45/18 C 88/34 D 95/34 E 117/37 F 17/8 G 84/33 H 179/49 通用 301/167 | |

拿取最多（出现 / 拿取）：“决心” 0/18，“犹疑” 0/17，“观望” 0/13，“黑夜呢喃” 17/8，“璀璨悲泣” 16/8，老近卫军之锋 21/8，深蓝之心 0/8，损坏的左轮弹巢 18/8，残破合影 24/7，演员的首饰盒 14/7，聚火源石虫 20/7，镶金骨骰 16/7
耗时 171s
写入 build/cloud/logos-rework-base/lr_share_base_0926_1731.{json,md}
跑 56 局（1 流派 × 2 机器人 × 7 编队 × 4 seed），并行 4（全机上限 4），源文件摘要 5310518217619342
### 最终 Boss（按类型；上面的「终局」列是四种混算）

| 机器人 | 最终 Boss | 结局 | 出场 | 击杀 | 用时 均 / 中 / P90 / 最短–最长（出现起算） | 中 / P90（可受伤起算） | 阶段护盾秒 / 过卡点数 均 | 未击杀时剩余血量 |
|---|---|---|---|---|---|---|---|---|
| expert | 伊祖米克 | deep 13 | 13 | 11 | 80s / 81s / 94s / 47–179s | 31s / 66s | 10.9 / 1.8 | 81% |
| expert | 偏执泡影 | standard 5 | 5 | 5 | 50s / 44s / 70s / 39–70s | 44s / 70s | 9.2 / 2.0 | - |
| expert | 伊莎玛拉 | resolve 5 | 5 | 4 | 72s / 47s / 158s / 39–158s | 47s / 158s | 4.3 / 1.4 | 50% |
| expert | 最后的骑士 | knight 5 | 5 | 4 | 60s / 60s / 74s / 47–74s | 60s / 74s | 10.0 / 2.0 | 4% |
| normal | 伊祖米克 | deep 7 | 7 | 5 | 78s / 66s / 143s / 52–143s | 47s / 126s | 5.9 / 1.6 | 71% |
| normal | 偏执泡影 | standard 6 | 6 | 5 | 62s / 49s / 111s / 41–111s | 49s / 111s | 4.8 / 1.7 | 92% |
| normal | 最后的骑士 | knight 3 | 3 | 2 | 58s / 58s / 69s / 48–69s | 58s / 69s | 7.7 / 1.3 | 66% |
| normal | 伊莎玛拉 | resolve 1 | 1 | 1 | 49s / 49s / 49s / 49–49s | 49s / 49s | 17.2 / 2.0 | - |

### 难度 / 缩圈 / 同屏峰值

#### 前 3 分钟

| 机器人 | 难度 | 局数 | 3:00 前死亡 | 前 3 分钟承伤 均 / 中 | 3:00 时生命 |
|---|---|---|---|---|---|
| expert | 0 | 28 | 0% | 21 / 18 | 100% |
| normal | 0 | 28 | 0% | 25 / 18 | 99% |

#### 死因 × 缩圈阶段 × Boss 在场（失败的局）

| 机器人 | 难度 | 死因 | 缩圈（第几轮 · 阶段） | 圈外 | Boss 在场 | 局数 | 平均死亡时间 |
|---|---|---|---|---|---|---|---|
| expert | 0 | bullet | 第 1 轮 · 稳定 | 否 | 是 | 2 | 13:00 |
| expert | 0 | bullet | 第 3 轮 · 收缩 | 否 | 是 | 1 | 13:00 |
| expert | 0 | bullet | 第 2 轮 · 稳定 | 否 | 是 | 1 | 13:00 |
| normal | 0 | mire | 第 5 轮 · 收缩 | 否 | 是 | 2 | 10:28 |
| normal | 0 | corrode | 第 1 轮 · 稳定 | 否 | 是 | 2 | 8:01 |
| normal | 0 | bullet | 第 3 轮 · 稳定 | 否 | 是 | 1 | 7:13 |
| normal | 0 | contact_slider | 第 3 轮 · 收缩 | 否 | 是 | 1 | 7:13 |
| normal | 0 | contact_slider | 第 1 轮 · 稳定 | 否 | 是 | 1 | 6:16 |
| normal | 0 | boss_tracer | 第 3 轮 · 预告 | 否 | 否 | 1 | 6:36 |
| normal | 0 | mire | 第 4 轮 · 稳定 | 否 | 是 | 1 | 10:51 |
| normal | 0 | boss_tracer | 第 2 轮 · 预告 | 否 | 是 | 1 | 13:00 |
| normal | 0 | corrode | 第 3 轮 · 收缩 | 否 | 是 | 1 | 7:58 |
| normal | 0 | corrode | 第 2 轮 · 收缩 | 否 | 是 | 1 | 7:06 |
| normal | 0 | contact_tracer | 第 1 轮 · 稳定 | 否 | 是 | 1 | 5:34 |
| normal | 0 | mire | 第 3 轮 · 预告 | 否 | 是 | 1 | 7:29 |
| normal | 0 | bullet | 第 4 轮 · 稳定 | 否 | 否 | 1 | 9:29 |

#### 同屏数量峰值（每局峰值的 平均 / 最大）

| 机器人 | 难度 | 局数 | 范围 | 敌人 | 敌方弹幕（含抛射） | 我方子弹 | 特效 | 飘字 |
|---|---|---|---|---|---|---|---|---|
| expert | 0 | 28 | 全程 | 268 / 478 | 48 / 92 | 3 / 12 | 397 / 503 | 46 / 48 |
| expert | 0 | 28 | 8:00–10:00 | 241 / 450 | 41 / 68 | 2 / 9 | 367 / 485 | 42 / 48 |
| normal | 0 | 28 | 全程 | 305 / 475 | 46 / 65 | 2 / 11 | 376 / 475 | 44 / 48 |
| normal | 0 | 19 | 8:00–10:00 | 259 / 475 | 45 / 61 | 2 / 11 | 389 / 475 | 46 / 48 |

### 大群（按第几次）

| 机器人 | 第几次 | 出现 | 时间 | 数量 | 清 80% 用时 均 / 中（清完/出现） | 20 秒内掉血 均 / 最大 | 30 秒内死亡 | 编成 |
|---|---|---|---|---|---|---|---|---|
| expert | 1 | 28 | 1:15 | 26 | 16s / 12s（28/28） | 3 / 16 | 0 | bone/slider/stone ×15；bone/slider ×13 |
| expert | 2 | 28 | 2:45 | 33 | 21s / 12s（28/28） | 3 / 8 | 0 | bone/slider ×15；bone/slider/stone ×13 |
| expert | 3 | 28 | 4:37 | 43 | 23s / 16s（28/28） | 9 / 59 | 0 | bone/floater/ripper/runner/slider ×6；bone/burrower/ripper/slider ×6；bone/floater/ripper/runner/slider/tracer ×5 |
| expert | 4 | 28 | 5:52 | 49 | 18s / 13s（28/28） | 8 / 25 | 0 | bone/offspring/ripper/slider/spitter ×11；bone/floater/ripper/runner/slider/tracer ×10；bone/burrower/ripper/slider ×7 |
| expert | 5 | 28 | 7:33 | 57 | 17s / 11s（28/28） | 11 / 50 | 0 | bone/floater/founder/nest/ripper/runner/slider ×13；burrower/ripper/slider/spitter ×8；bone/burrower/offspring/ripper/slider/stone ×7 |
| expert | 6 | 28 | 8:44 | 63 | 15s / 8s（28/28） | 15 / 61 | 0 | burrower/floater/founder/nest/reaper/ripper/runner/slider/tracer ×8；burrower/offspring/ripper/slider/spitter/stone ×5；bone/burrower/offspring/ripper/slider/stone ×4 |
| expert | 7 | 4 | 9:19 | 66 | 10s / 10s（4/4） | 10 / 11 | 0 | burrower/floater/founder/nest/reaper/ripper/runner/slider/tracer ×2；burrower/hulk/ripper/slider/spitter ×1；burrower/offspring/ripper/slider/spitter/stone ×1 |
| normal | 1 | 28 | 1:15 | 26 | 9s / 9s（28/28） | 6 / 30 | 0 | bone/slider/stone ×15；bone/slider ×13 |
| normal | 2 | 28 | 2:45 | 33 | 16s / 14s（28/28） | 7 / 26 | 0 | bone/slider ×15；bone/slider/stone ×13 |
| normal | 3 | 28 | 4:39 | 43 | 28s / 18s（28/28） | 10 / 44 | 0 | bone/floater/ripper/runner/slider/tracer ×9；bone/offspring/ripper/slider/stone ×5；bone/ripper/slider/stone ×5 |
| normal | 4 | 27 | 5:55 | 49 | 28s / 21s（25/27） | 16 / 98 | 1 | bone/offspring/ripper/slider/spitter ×10；bone/burrower/ripper/slider ×9；bone/floater/ripper/runner/slider/tracer ×8 |
| normal | 5 | 20 | 7:34 | 57 | 24s / 15s（18/20） | 26 / 97 | 1 | bone/floater/founder/nest/ripper/runner/slider ×10；burrower/ripper/slider/spitter ×6；bone/burrower/offspring/ripper/slider/stone ×4 |
| normal | 6 | 17 | 8:34 | 62 | 12s / 11s（17/17） | 23 / 114 | 0 | bone/burrower/offspring/ripper/slider/stone ×4；burrower/floater/founder/nest/reaper/ripper/runner/slider/tracer ×4；burrower/ripper/slider/spitter ×4 |
| normal | 7 | 4 | 9:17 | 66 | 12s / 10s（4/4） | 41 / 46 | 0 | burrower/offspring/ripper/slider/spitter/stone ×3；burrower/floater/founder/nest/reaper/ripper/runner/slider/tracer ×1 |

### 按机器人汇总

| 机器人 | 局数 | 胜率 | 平均存活 | 3:30 存活 | 平均终局等级 | 平均击杀 | 目标（胜率 / 存活） | 判定 |
|---|---|---|---|---|---|---|---|---|
| normal | 28 | 46% | 9:39 | 100% | 29.2 | 5521 | 30–55% / 7:00–13:00 | **达标** |
| expert | 28 | 85% | 11:25 | 100% | 34.7 | 7131 | 70–95% / 9:00–13:00 | **达标** |

### 明细

| 编队 | n | 胜率 | 存活(均/最短) | 托底(次/首次) | Lv 2:00/5:00/8:00/末 | 终Boss剩余 | 精二占比 | 灯火 | 击杀 | 主要伤害来源 | 治疗来源(总量/无人机Lv) | 主要死因 |
|---|---|---|---|---|---|---|---|---|---|---|---|---|
| [expert] wisadel | 4 | 100% | 11:16 / 10:52 | 0.0 / - | 7 / 16 / 27 / 36 | - | 100% | 44 | 7095 | 殉爆 22% 余震 19% 饱和炮击 9% 触手 4% | 凯尔希 48% 水月 21% 拾取 19% (391 / 1.0) | bullet |
| [expert] eyjafjalla | 4 | 100% | 10:51 / 10:39 | 0.0 / - | 6 / 16 / 26 / 34 | - | 100% | 78 | 6703 | 火山弹 21% 火山 10% 熔岩天降 8% 锚击 7% | 凯尔希 24% 拾取 24% 塞雷娅 23% (435 / 1.0) | bullet |
| [expert] skadi | 4 | 100% | 11:21 / 10:40 | 0.0 / - | 7 / 14 / 25 / 34 | - | 100% | 82 | 7065 | 大剑 27% Mon3tr 11% 锯刃 7% Mon3tr · 真伤 7% | 凯尔希 38% 塞雷娅 19% 水月 16% (374 / 0.5) | bullet |
| [expert] mizuki | 4 | 100% | 10:47 / 10:39 | 0.0 / - | 7 / 16 / 26 / 34 | - | 100% | 82 | 6637 | 触手 35% 伞击 15% 技能 7% 锯刃 7% | 水月 76% 塞雷娅 19% 铃兰 2% (281 / 0.5) | bullet |
| [expert] saria | 4 | 100% | 11:35 / 10:47 | 0.0 / - | 6 / 16 / 25 / 35 | - | 100% | 75 | 7221 | 大剑 8% Mon3tr 8% 殉爆 7% 余震 6% | 塞雷娅 74% 流明 12% 凯尔希 11% (902 / 0.0) | bullet |
| [expert] kaltsit | 4 | 75% | 11:35 / 10:56 | 0.0 / - | 6 / 16 / 25 / 34 | 64% | 100% | 82 | 7271 | Mon3tr · 真伤 18% Mon3tr 12% 锯刃 8% 藏品 6% | 凯尔希 59% 流明 26% 塞雷娅 9% (747 / 0.0) | bullet |
| [expert] suzuran | 4 | 25% | 12:30 / 11:00 | 0.0 / - | 7 / 14 / 24 / 35 | 51% | 100% | 56 | 7926 | Mon3tr 14% 狐火 13% 藏品 10% Mon3tr · 真伤 9% | 塞雷娅 43% 凯尔希 41% 铃兰 14% (685 / 0.0) | bullet |
| [normal] wisadel | 4 | 25% | 9:04 / 7:13 | 0.0 / - | 7 / 16 / 26 / 28 | 64% | 41% | 68 | 4978 | 余震 22% 殉爆 14% 炮击 13% 火山弹 6% | 流明 48% 拾取 26% 凯尔希 22% (504 / 0.0) | bullet |
| [normal] eyjafjalla | 4 | 0% | 9:10 / 6:16 | 0.0 / - | 7 / 14 / 24 / 26 | 59% | 50% | 51 | 4948 | 火山弹 24% 大剑 8% 余震 8% 炮击 6% | 拾取 46% 无人机 22% 塞雷娅 12% (451 / 0.5) | bullet |
| [normal] skadi | 4 | 50% | 9:54 / 7:58 | 0.0 / - | 6 / 16 / 26 / 31 | 39% | 41% | 52 | 5799 | 大剑 36% 锚击 5% 潮涌斩 5% 殉爆 5% | 拾取 61% 无人机 15% 凯尔希 12% (242 / 0.5) | bullet |
| [normal] mizuki | 4 | 100% | 11:26 / 11:04 | 0.0 / - | 7 / 16 / 25 / 34 | - | 83% | 71 | 7149 | 触手 24% 伞击 18% 大剑 10% 技能 6% | 水月 52% 塞雷娅 16% 流明 15% (860 / 0.8) | bullet |
| [normal] saria | 4 | 50% | 9:18 / 7:06 | 0.0 / - | 6 / 15 / 25 / 28 | 29% | 33% | 40 | 5165 | 大剑 25% 火山弹 8% 拳击 8% 伞击 7% | 塞雷娅 92% 拾取 7% 藏品 0% (759 / 0.2) | bullet |
| [normal] kaltsit | 4 | 75% | 9:49 / 5:34 | 0.0 / - | 7 / 16 / 25 / 30 | 61% | 41% | 53 | 5858 | Mon3tr 49% Mon3tr · 真伤 9% 食腐 5% 火山弹 4% | 凯尔希 69% 水月 9% 流明 8% (1398 / 0.5) | mire |
| [normal] suzuran | 4 | 25% | 8:49 / 7:29 | 0.0 / - | 6 / 15 / 24 / 27 | 59% | 25% | 58 | 4748 | 狐火 25% Mon3tr 13% 大剑 9% 锚击 7% | 凯尔希 30% 流明 21% 铃兰 18% (534 / 0.2) | bullet |

### 机器人指标（docs/29）

| 机器人 · 开局 | n | 胜率 | 存活 均/最短 | 3:30 存活 | 5:00 存活 | 首次招募 | 首次精一 / 精二 | 中期 Boss 击杀数 / 平均用时 | 受击/分 | 承伤/分 | 低血(<35%)秒 | 熄灯秒 | 静止% | 开局干员 伤害占比 / 每分钟 | 主要死因 |
|---|---|---|---|---|---|---|---|---|---|---|---|---|---|---|---|
| [expert] wisadel | 4 | 100% | 11:16 / 10:52 | 100% | 100% | 1:11 | 0:48 / 3:19 | 2.8 / 27s | 8.2 | 46 | 0 | 7 | 13 | 59% / 53868 | - |
| [expert] eyjafjalla | 4 | 100% | 10:51 / 10:39 | 100% | 100% | 1:40 | 0:51 / 2:48 | 2.2 / 34s | 25.4 | 59 | 0 | 0 | 14 | 52% / 49646 | - |
| [expert] skadi | 4 | 100% | 11:21 / 10:40 | 100% | 100% | 1:18 | 0:51 / 3:07 | 2.2 / 113s | 14.2 | 55 | 4 | 0 | 10 | 41% / 40997 | - |
| [expert] mizuki | 4 | 100% | 10:47 / 10:39 | 100% | 100% | 1:18 | 0:51 / 2:41 | 2.0 / 32s | 6.9 | 30 | 0 | 0 | 14 | 61% / 65833 | - |
| [expert] saria | 4 | 100% | 11:35 / 10:47 | 100% | 100% | 1:45 | 0:46 / 3:24 | 1.8 / 74s | 27.2 | 85 | 0 | 14 | 14 | 8% / 8745 | - |
| [expert] kaltsit | 4 | 75% | 11:35 / 10:56 | 100% | 100% | 1:39 | 1:23 / 4:04 | 2.2 / 80s | 21.3 | 72 | 0 | 6 | 14 | 35% / 34628 | bullet |
| [expert] suzuran | 4 | 25% | 12:30 / 11:00 | 100% | 100% | 1:39 | 0:56 / 2:55 | 1.2 / 75s | 23.2 | 68 | 1 | 4 | 12 | 19% / 19277 | bullet |
| [normal] wisadel | 4 | 25% | 9:04 / 7:13 | 100% | 100% | 1:16 | 4:26 / 7:40 | 1.8 / 43s | 39.9 | 99 | 8 | 0 | 0 | 54% / 38087 | mire |
| [normal] eyjafjalla | 4 | 0% | 9:10 / 6:16 | 100% | 100% | 1:16 | 4:32 / 7:09 | 1.0 / 82s | 28.9 | 80 | 34 | 0 | 0 | 41% / 25977 | boss_tracer |
| [normal] skadi | 4 | 50% | 9:54 / 7:58 | 100% | 100% | 1:25 | 3:58 / 6:18 | 2.5 / 36s | 29.8 | 80 | 10 | 3 | 0 | 50% / 34101 | corrode |
| [normal] mizuki | 4 | 100% | 11:26 / 11:04 | 100% | 100% | 1:15 | 2:56 / 6:03 | 2.5 / 64s | 22.0 | 87 | 0 | 4 | 0 | 53% / 45901 | - |
| [normal] saria | 4 | 50% | 9:18 / 7:06 | 100% | 100% | 1:14 | 3:30 / 8:21 | 1.5 / 52s | 37.9 | 103 | 3 | 6 | 0 | 12% / 6646 | corrode |
| [normal] kaltsit | 4 | 75% | 9:49 / 5:34 | 100% | 100% | 1:29 | 3:05 / 8:42 | 2.0 / 61s | 78.2 | 164 | 2 | 30 | 0 | 60% / 48084 | contact_tracer |
| [normal] suzuran | 4 | 25% | 8:49 / 7:29 | 100% | 100% | 1:23 | 4:36 / 7:44 | 1.8 / 68s | 31.2 | 98 | 6 | 5 | 0 | 27% / 15416 | corrode |

### 藏品（docs/35）

| 机器人 | 开局 | 局数 | 平均藏品数 | 藏品直接伤害 | 各流派 出现 / 拿取 | 无效拿取 |
|---|---|---|---|---|---|---|
| expert | eyjafjalla | 4 | 32.0 | 0.5% | A 41/16 B 9/4 C 25/14 D 33/11 E 52/16 F 4/3 G 31/11 H 58/18 通用 88/35 | 0 |
| expert | kaltsit | 4 | 32.2 | 10.0% | A 42/8 B 18/9 C 37/17 D 28/8 E 32/10 F 5/4 G 34/13 H 70/22 通用 81/39 | 0 |
| expert | mizuki | 4 | 33.2 | 4.1% | A 54/24 B 12/10 C 39/21 D 36/9 E 31/8 F 11/7 G 19/6 H 72/16 通用 92/35 | 0 |
| expert | saria | 4 | 29.0 | 5.6% | A 43/9 B 9/6 C 32/19 D 36/6 E 23/2 F 5/0 G 28/13 H 67/20 通用 80/41 | 0 |
| expert | skadi | 4 | 31.5 | 3.7% | A 62/16 B 18/8 C 33/16 D 29/3 E 30/6 F 8/6 G 31/13 H 79/23 通用 101/37 | 0 |
| expert | suzuran | 4 | 30.2 | 17.7% | A 39/4 B 13/6 C 43/22 D 31/2 E 48/11 F 6/4 G 29/13 H 66/19 通用 80/41 | 0 |
| expert | wisadel | 4 | 34.0 | 5.5% | A 32/10 B 21/13 C 21/13 D 50/16 E 39/9 F 13/7 G 26/10 H 59/22 通用 78/40 | 0 |
| normal | eyjafjalla | 4 | 15.0 | 0.7% | A 13/6 B 3/2 C 9/3 D 7/3 E 26/13 F 7/1 G 12/2 H 27/10 通用 35/20 | 0 |
| normal | kaltsit | 4 | 21.0 | 6.0% | A 24/8 B 9/4 C 22/4 D 24/7 E 26/10 F 4/2 G 19/3 H 52/16 通用 63/31 | 0 |
| normal | mizuki | 4 | 29.8 | 1.8% | A 32/10 B 6/0 C 27/2 D 38/11 E 28/11 F 8/4 G 34/10 H 62/20 通用 66/51 | 0 |
| normal | saria | 4 | 19.0 | 0.5% | A 26/12 B 7/0 C 15/4 D 25/9 E 12/2 F 5/1 G 24/8 H 39/11 通用 42/29 | 0 |
| normal | skadi | 4 | 24.5 | 1.1% | A 27/11 B 12/2 C 20/7 D 28/11 E 21/4 F 6/1 G 22/5 H 53/23 通用 70/34 | 0 |
| normal | suzuran | 4 | 19.8 | 1.9% | A 19/7 B 10/2 C 18/3 D 16/7 E 23/11 F 8/3 G 22/7 H 32/13 通用 53/26 | 0 |
| normal | wisadel | 4 | 20.8 | 4.4% | A 22/6 B 6/4 C 21/8 D 15/3 E 24/11 F 6/3 G 17/9 H 34/9 通用 46/31 | 0 |
| 合计 | | | | | A 476/147 B 153/70 C 362/153 D 396/106 E 415/124 F 96/46 G 348/123 H 770/242 通用 975/490 | |

拿取最多（出现 / 拿取）：“观望” 0/49，“犹疑” 0/48，“决心” 0/34，深蓝之心 0/29，显圣吊坠 99/28，老近卫军之锋 87/27，镶金骨骰 92/26，皇帝的恩宠 112/26，“黑夜呢喃” 94/24，损坏的左轮弹巢 87/23，设计师量尺 63/21，制式防暴用具 76/21
耗时 683s
写入 build/cloud/logos-rework-base/lr_starts_base_0926_1742.{json,md}
