跑 56 局（1 流派 × 1 机器人 × 7 编队 × 8 seed），并行 4（全机上限 4），源文件摘要 9972d5adcc56005a
| 编队 | n | 胜率 | 存活(均/最短) | 托底(次/首次) | Lv 2:00/5:00/8:00/末 | 终Boss剩余 | 精二占比 | 灯火 | 击杀 | 主要伤害来源 | 治疗来源(总量/无人机Lv) | 主要死因 |
|---|---|---|---|---|---|---|---|---|---|---|---|---|
| [expert] wisadel | 8 | 87% | 10:10 / 6:19 | 0.0 / - | 7 / 16 / 26 / 32 | - | 95% | 53 | 6121 | 殉爆 22% 余震 20% 炮击 7% 饱和炮击 7% | 凯尔希 29% 塞雷娅 23% 无人机 18% (382 / 0.8) | bullet |
| [expert] eyjafjalla | 8 | 87% | 10:42 / 9:19 | 0.0 / - | 6 / 15 / 26 / 34 | 0% | 96% | 71 | 6502 | 火山弹 22% 火山 10% 熔岩天降 7% Mon3tr 7% | 凯尔希 53% 塞雷娅 17% 流明 12% (670 / 0.2) | bullet |
| [expert] skadi | 8 | 87% | 10:33 / 8:31 | 0.0 / - | 7 / 14 / 25 / 33 | 0% | 100% | 78 | 6229 | 大剑 30% 火山弹 9% Mon3tr 6% 火山 4% | 塞雷娅 40% 流明 21% 凯尔希 18% (674 / 0.1) | bullet |
| [expert] mizuki | 8 | 87% | 10:35 / 9:06 | 0.0 / - | 7 / 16 / 26 / 34 | - | 100% | 65 | 6434 | 触手 27% 伞击 16% 技能 7% 锯刃 6% | 水月 71% 流明 12% 塞雷娅 8% (474 / 0.0) | bullet |
| [expert] saria | 8 | 87% | 10:31 / 9:07 | 0.0 / - | 6 / 15 / 26 / 33 | 0% | 100% | 72 | 6262 | 殉爆 14% 余震 12% 触手 5% 言 5% | 塞雷娅 83% 水月 12% 拾取 2% (635 / 0.0) | bullet |
| [expert] kaltsit | 8 | 100% | 10:43 / 10:31 | 0.0 / - | 6 / 16 / 26 / 34 | - | 100% | 60 | 6582 | Mon3tr · 真伤 12% Mon3tr 10% 火山弹 8% 言 6% | 凯尔希 77% 塞雷娅 17% 拾取 4% (810 / 0.0) | bullet |
| [expert] suzuran | 8 | 87% | 10:40 / 8:32 | 0.0 / - | 6 / 15 / 25 / 33 | 52% | 100% | 69 | 6362 | 狐火 10% Mon3tr 9% 火山弹 7% 触手 7% | 铃兰 24% 凯尔希 20% 水月 18% (737 / 1.4) | bullet |

### 机器人指标（docs/29）

| 机器人 · 开局 | n | 胜率 | 存活 均/最短 | 3:30 存活 | 5:00 存活 | 首次招募 | 首次精一 / 精二 | 中期 Boss 击杀数 / 平均用时 | 受击/分 | 承伤/分 | 低血(<35%)秒 | 熄灯秒 | 静止% | 开局干员 伤害占比 / 每分钟 | 主要死因 |
|---|---|---|---|---|---|---|---|---|---|---|---|---|---|---|---|
| [expert] wisadel | 8 | 87% | 10:10 / 6:19 | 100% | 100% | 1:19 | 0:50 / 3:08 | 2.0 / 31s | 12.6 | 59 | 4 | 0 | 17 | 60% / 65171 | bullet |
| [expert] eyjafjalla | 8 | 87% | 10:42 / 9:19 | 100% | 100% | 1:41 | 0:53 / 3:46 | 2.5 / 52s | 29.3 | 77 | 0 | 5 | 18 | 53% / 57670 | corrode |
| [expert] skadi | 8 | 87% | 10:33 / 8:31 | 100% | 100% | 1:22 | 0:50 / 3:11 | 2.6 / 64s | 26.3 | 89 | 6 | 0 | 16 | 41% / 39536 | shock |
| [expert] mizuki | 8 | 87% | 10:35 / 9:06 | 100% | 100% | 1:22 | 0:51 / 3:14 | 2.5 / 40s | 13.8 | 52 | 0 | 5 | 18 | 54% / 55636 | mire |
| [expert] saria | 8 | 87% | 10:31 / 9:07 | 100% | 100% | 1:52 | 0:48 / 3:37 | 2.8 / 49s | 19.8 | 76 | 0 | 0 | 16 | 5% / 5597 | shock |
| [expert] kaltsit | 8 | 100% | 10:43 / 10:31 | 100% | 100% | 1:49 | 1:28 / 3:03 | 2.5 / 44s | 28.3 | 90 | 0 | 5 | 21 | 25% / 27594 | - |
| [expert] suzuran | 8 | 87% | 10:40 / 8:32 | 100% | 100% | 1:37 | 1:01 / 3:14 | 2.6 / 66s | 29.9 | 86 | 2 | 0 | 20 | 15% / 14870 | boss_tracer |

### 藏品（docs/35）

| 机器人 | 开局 | 局数 | 平均藏品数 | 藏品直接伤害 | 各流派 出现 / 拿取 | 无效拿取 |
|---|---|---|---|---|---|---|
| expert | eyjafjalla | 8 | 29.6 | 1.9% | A 72/18 B 29/14 C 63/32 D 52/15 E 90/28 F 17/10 G 56/14 H 104/30 通用 181/79 | 0 |
| expert | kaltsit | 8 | 29.8 | 5.4% | A 59/12 B 29/9 C 64/26 D 56/10 E 63/19 F 13/9 G 54/24 H 140/60 通用 166/72 | 0 |
| expert | mizuki | 8 | 29.6 | 5.1% | A 73/21 B 28/13 C 58/30 D 64/14 E 55/12 F 18/10 G 55/24 H 110/42 通用 156/73 | 0 |
| expert | saria | 8 | 27.4 | 7.1% | A 70/20 B 30/19 C 55/25 D 49/14 E 47/7 F 14/8 G 49/17 H 123/42 通用 170/69 | 0 |
| expert | skadi | 8 | 28.4 | 2.5% | A 88/21 B 20/10 C 41/16 D 61/18 E 59/10 F 13/9 G 59/22 H 102/43 通用 151/79 | 0 |
| expert | suzuran | 8 | 28.9 | 10.2% | A 62/17 B 32/20 C 45/21 D 67/18 E 95/25 F 9/7 G 71/21 H 137/36 通用 174/68 | 0 |
| expert | wisadel | 8 | 28.8 | 4.8% | A 70/14 B 19/9 C 53/27 D 43/10 E 51/16 F 21/13 G 37/15 H 111/40 通用 141/89 | 0 |
| 合计 | | | | | A 494/123 B 187/94 C 379/177 D 392/99 E 460/117 F 105/66 G 381/137 H 827/293 通用 1139/529 | |

拿取最多（出现 / 拿取）：“犹疑” 0/53，“观望” 0/50，“决心” 0/47，涌动之餐 41/29，深蓝之心 0/29，老蒲扇 53/28，海潮的气息 0/26，阿卡胡拉饭碗 50/25，“黑夜呢喃” 88/24，古高卢银币 47/24，火油与药膏 37/24，支援地雷组 33/23
耗时 711s
写入 build/cloud/early-hp-v1/early_v1_0926_1528.{json,md}
EXIT_CODE=0
